Java HotSpot(TM) 64-Bit Server VM (25.211-b12) for windows-amd64 JRE (1.8.0_211-b12), built on Apr  1 2019 20:53:26 by "java_re" with MS VC++ 10.0 (VS2010)
Memory: 4k page, physical 33424692k(18350424k free), swap 40764724k(20407752k free)
CommandLine flags: -XX:-BytecodeVerificationLocal -XX:-BytecodeVerificationRemote -XX:-CMSClassUnloadingEnabled -XX:CMSInitiatingOccupancyFraction=70 -XX:+CMSParallelRemarkEnabled -XX:-ClassUnloading -XX:-ClassUnloadingWithConcurrentMark -XX:-ExplicitGCInvokesConcurrentAndUnloadsClasses -XX:InitialHeapSize=1073741824 -XX:LargePageSizeInBytes=134217728 -XX:+ManagementServer -XX:MaxHeapSize=1073741824 -XX:MaxNewSize=1073741824 -XX:OldPLABSize=16 -XX:+PrintGC -XX:+PrintGCDateStamps -XX:+PrintGCDetails -XX:+PrintGCTimeStamps -XX:+PrintHeapAtGC -XX:SurvivorRatio=8 -XX:ThreadStackSize=228 -XX:TieredStopAtLevel=1 -XX:+UseCMSInitiatingOccupancyOnly -XX:+UseCompressedClassPointers -XX:+UseCompressedOops -XX:+UseConcMarkSweepGC -XX:+UseFastAccessorMethods -XX:-UseLargePagesIndividualAllocation -XX:+UseParNewGC 
{Heap before GC invocations=0 (full 0):
 par new generation   total 943680K, used 754968K [0x00000000c0000000, 0x00000000ffff0000, 0x00000000ffff0000)
  eden space 838848K,  90% used [0x00000000c0000000, 0x00000000ee146090, 0x00000000f3330000)
  from space 104832K,   0% used [0x00000000f3330000, 0x00000000f3330000, 0x00000000f9990000)
  to   space 104832K,   0% used [0x00000000f9990000, 0x00000000f9990000, 0x00000000ffff0000)
 concurrent mark-sweep generation total 64K, used 0K [0x00000000ffff0000, 0x0000000100000000, 0x0000000100000000)
 Metaspace       used 20118K, capacity 21146K, committed 21296K, reserved 1067008K
  class space    used 2577K, capacity 2897K, committed 2944K, reserved 1048576K
2020-12-16T22:26:59.302+0800: 12.966: [Full GC (Metadata GC Threshold) 2020-12-16T22:26:59.302+0800: 12.966: [CMS: 0K->63K(64K), 0.2199333 secs] 754968K->77026K(943744K), [Metaspace: 20118K->20118K(1067008K)], 0.2200958 secs] [Times: user=0.20 sys=0.02, real=0.22 secs] 
Heap after GC invocations=1 (full 1):
 par new generation   total 943680K, used 76962K [0x00000000c0000000, 0x00000000ffff0000, 0x00000000ffff0000)
  eden space 838848K,   9% used [0x00000000c0000000, 0x00000000c4b28ac0, 0x00000000f3330000)
  from space 104832K,   0% used [0x00000000f3330000, 0x00000000f3330000, 0x00000000f9990000)
  to   space 104832K,   0% used [0x00000000f9990000, 0x00000000f9990000, 0x00000000ffff0000)
 concurrent mark-sweep generation total 64K, used 63K [0x00000000ffff0000, 0x0000000100000000, 0x0000000100000000)
 Metaspace       used 20118K, capacity 21146K, committed 21296K, reserved 1067008K
  class space    used 2577K, capacity 2897K, committed 2944K, reserved 1048576K
}
2020-12-16T22:26:59.523+0800: 13.187: [GC (CMS Initial Mark) [1 CMS-initial-mark: 63K(64K)] 96600K(943744K), 0.0254459 secs] [Times: user=0.03 sys=0.00, real=0.03 secs] 
2020-12-16T22:26:59.548+0800: 13.212: [CMS-concurrent-mark-start]
2020-12-16T22:26:59.549+0800: 13.213: [CMS-concurrent-mark: 0.000/0.000 secs] [Times: user=0.00 sys=0.00, real=0.00 secs] 
2020-12-16T22:26:59.549+0800: 13.213: [CMS-concurrent-preclean-start]
2020-12-16T22:26:59.549+0800: 13.213: [CMS-concurrent-preclean: 0.000/0.000 secs] [Times: user=0.00 sys=0.00, real=0.00 secs] 
2020-12-16T22:26:59.549+0800: 13.213: [CMS-concurrent-abortable-preclean-start]
{Heap before GC invocations=1 (full 2):
 par new generation   total 943680K, used 359545K [0x00000000c0000000, 0x00000000ffff0000, 0x00000000ffff0000)
  eden space 838848K,  42% used [0x00000000c0000000, 0x00000000d5f1e478, 0x00000000f3330000)
  from space 104832K,   0% used [0x00000000f3330000, 0x00000000f3330000, 0x00000000f9990000)
  to   space 104832K,   0% used [0x00000000f9990000, 0x00000000f9990000, 0x00000000ffff0000)
 concurrent mark-sweep generation total 64K, used 63K [0x00000000ffff0000, 0x0000000100000000, 0x0000000100000000)
 Metaspace       used 34012K, capacity 35282K, committed 35456K, reserved 1079296K
  class space    used 4276K, capacity 4621K, committed 4736K, reserved 1048576K
2020-12-16T22:27:00.678+0800: 14.342: [Full GC (Metadata GC Threshold) 2020-12-16T22:27:00.678+0800: 14.342: [CMS2020-12-16T22:27:00.678+0800: 14.342: [CMS-concurrent-abortable-preclean: 0.006/1.129 secs] [Times: user=2.51 sys=0.66, real=1.13 secs] 
 (concurrent mode failure): 63K->63K(64K), 0.1510017 secs] 359609K->86019K(943744K), [Metaspace: 34012K->34012K(1079296K)], 0.1511151 secs] [Times: user=0.16 sys=0.00, real=0.15 secs] 
Heap after GC invocations=2 (full 3):
 par new generation   total 943680K, used 85955K [0x00000000c0000000, 0x00000000ffff0000, 0x00000000ffff0000)
  eden space 838848K,  10% used [0x00000000c0000000, 0x00000000c53f0cc0, 0x00000000f3330000)
  from space 104832K,   0% used [0x00000000f3330000, 0x00000000f3330000, 0x00000000f9990000)
  to   space 104832K,   0% used [0x00000000f9990000, 0x00000000f9990000, 0x00000000ffff0000)
 concurrent mark-sweep generation total 64K, used 63K [0x00000000ffff0000, 0x0000000100000000, 0x0000000100000000)
 Metaspace       used 34012K, capacity 35282K, committed 35456K, reserved 1079296K
  class space    used 4276K, capacity 4621K, committed 4736K, reserved 1048576K
}
2020-12-16T22:27:02.830+0800: 16.494: [GC (CMS Initial Mark) [1 CMS-initial-mark: 63K(64K)] 489840K(943744K), 0.0408816 secs] [Times: user=0.17 sys=0.00, real=0.04 secs] 
2020-12-16T22:27:02.871+0800: 16.535: [CMS-concurrent-mark-start]
2020-12-16T22:27:02.871+0800: 16.535: [CMS-concurrent-mark: 0.000/0.000 secs] [Times: user=0.00 sys=0.00, real=0.00 secs] 
2020-12-16T22:27:02.871+0800: 16.535: [CMS-concurrent-preclean-start]
2020-12-16T22:27:02.872+0800: 16.536: [CMS-concurrent-preclean: 0.001/0.001 secs] [Times: user=0.00 sys=0.00, real=0.00 secs] 
2020-12-16T22:27:02.872+0800: 16.536: [CMS-concurrent-abortable-preclean-start]
{Heap before GC invocations=2 (full 4):
 par new generation   total 943680K, used 607215K [0x00000000c0000000, 0x00000000ffff0000, 0x00000000ffff0000)
  eden space 838848K,  72% used [0x00000000c0000000, 0x00000000e50fbc08, 0x00000000f3330000)
  from space 104832K,   0% used [0x00000000f3330000, 0x00000000f3330000, 0x00000000f9990000)
  to   space 104832K,   0% used [0x00000000f9990000, 0x00000000f9990000, 0x00000000ffff0000)
 concurrent mark-sweep generation total 64K, used 63K [0x00000000ffff0000, 0x0000000100000000, 0x0000000100000000)
 Metaspace       used 56571K, capacity 58986K, committed 59096K, reserved 1101824K
  class space    used 7113K, capacity 7589K, committed 7680K, reserved 1048576K
2020-12-16T22:27:03.919+0800: 17.584: [Full GC (Metadata GC Threshold) 2020-12-16T22:27:03.919+0800: 17.584: [CMS2020-12-16T22:27:03.920+0800: 17.584: [CMS-concurrent-abortable-preclean: 0.009/1.048 secs] [Times: user=1.26 sys=0.24, real=1.05 secs] 
 (concurrent mode failure): 63K->63K(64K), 0.2952789 secs] 607278K->102251K(943744K), [Metaspace: 56571K->56571K(1101824K)], 0.2953581 secs] [Times: user=0.28 sys=0.01, real=0.30 secs] 
Heap after GC invocations=3 (full 5):
 par new generation   total 943680K, used 102187K [0x00000000c0000000, 0x00000000ffff0000, 0x00000000ffff0000)
  eden space 838848K,  12% used [0x00000000c0000000, 0x00000000c63cac40, 0x00000000f3330000)
  from space 104832K,   0% used [0x00000000f3330000, 0x00000000f3330000, 0x00000000f9990000)
  to   space 104832K,   0% used [0x00000000f9990000, 0x00000000f9990000, 0x00000000ffff0000)
 concurrent mark-sweep generation total 64K, used 63K [0x00000000ffff0000, 0x0000000100000000, 0x0000000100000000)
 Metaspace       used 56571K, capacity 58986K, committed 59096K, reserved 1101824K
  class space    used 7113K, capacity 7589K, committed 7680K, reserved 1048576K
}
2020-12-16T22:27:06.215+0800: 19.879: [GC (CMS Initial Mark) [1 CMS-initial-mark: 63K(64K)] 506820K(943744K), 0.0588883 secs] [Times: user=0.19 sys=0.00, real=0.06 secs] 
2020-12-16T22:27:06.274+0800: 19.938: [CMS-concurrent-mark-start]
2020-12-16T22:27:06.274+0800: 19.938: [CMS-concurrent-mark: 0.000/0.000 secs] [Times: user=0.00 sys=0.00, real=0.00 secs] 
2020-12-16T22:27:06.274+0800: 19.938: [CMS-concurrent-preclean-start]
2020-12-16T22:27:06.275+0800: 19.939: [CMS-concurrent-preclean: 0.001/0.001 secs] [Times: user=0.00 sys=0.00, real=0.00 secs] 
2020-12-16T22:27:06.275+0800: 19.939: [CMS-concurrent-abortable-preclean-start]
{Heap before GC invocations=3 (full 6):
 par new generation   total 943680K, used 838848K [0x00000000c0000000, 0x00000000ffff0000, 0x00000000ffff0000)
  eden space 838848K, 100% used [0x00000000c0000000, 0x00000000f3330000, 0x00000000f3330000)
  from space 104832K,   0% used [0x00000000f3330000, 0x00000000f3330000, 0x00000000f9990000)
  to   space 104832K,   0% used [0x00000000f9990000, 0x00000000f9990000, 0x00000000ffff0000)
 concurrent mark-sweep generation total 64K, used 63K [0x00000000ffff0000, 0x0000000100000000, 0x0000000100000000)
 Metaspace       used 74141K, capacity 78418K, committed 78680K, reserved 1118208K
  class space    used 9057K, capacity 9777K, committed 9856K, reserved 1048576K
2020-12-16T22:27:09.592+0800: 23.257: [GC (Allocation Failure) 2020-12-16T22:27:09.592+0800: 23.257: [ParNew2020-12-16T22:27:09.661+0800: 23.325: [CMS-concurrent-abortable-preclean: 0.041/3.385 secs] [Times: user=3.77 sys=0.50, real=3.39 secs] 
 (promotion failed): 838848K->943680K(943680K), 0.1700282 secs]2020-12-16T22:27:09.762+0800: 23.427: [CMS (concurrent mode failure): 63K->63K(64K), 0.3535065 secs] 838911K->111503K(943744K), [Metaspace: 74141K->74141K(1118208K)], 0.5236378 secs] [Times: user=0.88 sys=0.01, real=0.53 secs] 
Heap after GC invocations=4 (full 7):
 par new generation   total 943680K, used 111439K [0x00000000c0000000, 0x00000000ffff0000, 0x00000000ffff0000)
  eden space 838848K,  13% used [0x00000000c0000000, 0x00000000c6cd3d78, 0x00000000f3330000)
  from space 104832K,   0% used [0x00000000f9990000, 0x00000000f9990000, 0x00000000ffff0000)
  to   space 104832K,   0% used [0x00000000f3330000, 0x00000000f3330000, 0x00000000f9990000)
 concurrent mark-sweep generation total 64K, used 63K [0x00000000ffff0000, 0x0000000100000000, 0x0000000100000000)
 Metaspace       used 74141K, capacity 78418K, committed 78680K, reserved 1118208K
  class space    used 9057K, capacity 9777K, committed 9856K, reserved 1048576K
}
2020-12-16T22:27:12.117+0800: 25.781: [GC (CMS Initial Mark) [1 CMS-initial-mark: 63K(64K)] 339313K(943744K), 0.0715007 secs] [Times: user=0.27 sys=0.00, real=0.07 secs] 
2020-12-16T22:27:12.188+0800: 25.852: [CMS-concurrent-mark-start]
2020-12-16T22:27:12.188+0800: 25.853: [CMS-concurrent-mark: 0.000/0.000 secs] [Times: user=0.00 sys=0.00, real=0.00 secs] 
2020-12-16T22:27:12.188+0800: 25.853: [CMS-concurrent-preclean-start]
2020-12-16T22:27:12.189+0800: 25.854: [CMS-concurrent-preclean: 0.001/0.001 secs] [Times: user=0.00 sys=0.00, real=0.00 secs] 
2020-12-16T22:27:12.189+0800: 25.854: [CMS-concurrent-abortable-preclean-start]
 CMS: abort preclean due to time 2020-12-16T22:27:17.249+0800: 30.912: [CMS-concurrent-abortable-preclean: 0.054/5.059 secs] [Times: user=0.03 sys=0.14, real=5.06 secs] 
2020-12-16T22:27:17.249+0800: 30.913: [GC (CMS Final Remark) [YG occupancy: 348337 K (943680 K)]2020-12-16T22:27:17.249+0800: 30.913: [Rescan (parallel) , 0.0882084 secs]2020-12-16T22:27:17.336+0800: 31.001: [weak refs processing, 0.0005337 secs][1 CMS-remark: 63K(64K)] 348401K(943744K), 0.0888220 secs] [Times: user=0.66 sys=0.02, real=0.09 secs] 
2020-12-16T22:27:17.337+0800: 31.002: [CMS-concurrent-sweep-start]
2020-12-16T22:27:17.337+0800: 31.002: [CMS-concurrent-sweep: 0.000/0.000 secs] [Times: user=0.00 sys=0.00, real=0.00 secs] 
2020-12-16T22:27:17.337+0800: 31.002: [CMS-concurrent-reset-start]
2020-12-16T22:27:17.337+0800: 31.002: [CMS-concurrent-reset: 0.000/0.000 secs] [Times: user=0.00 sys=0.00, real=0.00 secs] 
2020-12-16T22:27:19.338+0800: 33.002: [GC (CMS Initial Mark) [1 CMS-initial-mark: 63K(64K)] 349799K(943744K), 0.0579608 secs] [Times: user=0.16 sys=0.00, real=0.06 secs] 
2020-12-16T22:27:19.395+0800: 33.060: [CMS-concurrent-mark-start]
2020-12-16T22:27:19.395+0800: 33.060: [CMS-concurrent-mark: 0.000/0.000 secs] [Times: user=0.00 sys=0.00, real=0.00 secs] 
2020-12-16T22:27:19.395+0800: 33.060: [CMS-concurrent-preclean-start]
2020-12-16T22:27:19.396+0800: 33.061: [CMS-concurrent-preclean: 0.001/0.001 secs] [Times: user=0.00 sys=0.00, real=0.00 secs] 
2020-12-16T22:27:19.396+0800: 33.061: [CMS-concurrent-abortable-preclean-start]
 CMS: abort preclean due to time 2020-12-16T22:27:24.427+0800: 38.092: [CMS-concurrent-abortable-preclean: 0.051/5.031 secs] [Times: user=0.13 sys=0.11, real=5.03 secs] 
2020-12-16T22:27:24.428+0800: 38.092: [GC (CMS Final Remark) [YG occupancy: 354488 K (943680 K)]2020-12-16T22:27:24.428+0800: 38.092: [Rescan (parallel) , 0.0773101 secs]2020-12-16T22:27:24.505+0800: 38.169: [weak refs processing, 0.0005439 secs][1 CMS-remark: 63K(64K)] 354552K(943744K), 0.0779329 secs] [Times: user=0.75 sys=0.00, real=0.08 secs] 
2020-12-16T22:27:24.506+0800: 38.170: [CMS-concurrent-sweep-start]
2020-12-16T22:27:24.506+0800: 38.170: [CMS-concurrent-sweep: 0.000/0.000 secs] [Times: user=0.00 sys=0.00, real=0.00 secs] 
2020-12-16T22:27:24.506+0800: 38.170: [CMS-concurrent-reset-start]
2020-12-16T22:27:24.506+0800: 38.170: [CMS-concurrent-reset: 0.000/0.000 secs] [Times: user=0.00 sys=0.00, real=0.00 secs] 
2020-12-16T22:27:26.506+0800: 40.170: [GC (CMS Initial Mark) [1 CMS-initial-mark: 63K(64K)] 355950K(943744K), 0.0690278 secs] [Times: user=0.22 sys=0.00, real=0.07 secs] 
2020-12-16T22:27:26.575+0800: 40.239: [CMS-concurrent-mark-start]
2020-12-16T22:27:26.575+0800: 40.239: [CMS-concurrent-mark: 0.000/0.000 secs] [Times: user=0.00 sys=0.00, real=0.00 secs] 
2020-12-16T22:27:26.575+0800: 40.239: [CMS-concurrent-preclean-start]
2020-12-16T22:27:26.576+0800: 40.240: [CMS-concurrent-preclean: 0.001/0.001 secs] [Times: user=0.00 sys=0.00, real=0.00 secs] 
2020-12-16T22:27:26.576+0800: 40.240: [CMS-concurrent-abortable-preclean-start]
 CMS: abort preclean due to time 2020-12-16T22:27:31.611+0800: 45.276: [CMS-concurrent-abortable-preclean: 0.051/5.035 secs] [Times: user=0.14 sys=0.09, real=5.04 secs] 
2020-12-16T22:27:31.612+0800: 45.276: [GC (CMS Final Remark) [YG occupancy: 357284 K (943680 K)]2020-12-16T22:27:31.612+0800: 45.276: [Rescan (parallel) , 0.0904125 secs]2020-12-16T22:27:31.702+0800: 45.367: [weak refs processing, 0.0005128 secs][1 CMS-remark: 63K(64K)] 357348K(943744K), 0.0910054 secs] [Times: user=0.88 sys=0.00, real=0.09 secs] 
2020-12-16T22:27:31.703+0800: 45.367: [CMS-concurrent-sweep-start]
2020-12-16T22:27:31.703+0800: 45.367: [CMS-concurrent-sweep: 0.000/0.000 secs] [Times: user=0.00 sys=0.00, real=0.00 secs] 
2020-12-16T22:27:31.703+0800: 45.367: [CMS-concurrent-reset-start]
2020-12-16T22:27:31.703+0800: 45.367: [CMS-concurrent-reset: 0.000/0.000 secs] [Times: user=0.00 sys=0.00, real=0.00 secs] 
2020-12-16T22:27:33.703+0800: 47.367: [GC (CMS Initial Mark) [1 CMS-initial-mark: 63K(64K)] 358746K(943744K), 0.0502134 secs] [Times: user=0.14 sys=0.00, real=0.05 secs] 
2020-12-16T22:27:33.753+0800: 47.418: [CMS-concurrent-mark-start]
2020-12-16T22:27:33.753+0800: 47.418: [CMS-concurrent-mark: 0.000/0.000 secs] [Times: user=0.00 sys=0.00, real=0.00 secs] 
2020-12-16T22:27:33.753+0800: 47.418: [CMS-concurrent-preclean-start]
2020-12-16T22:27:33.754+0800: 47.419: [CMS-concurrent-preclean: 0.001/0.001 secs] [Times: user=0.00 sys=0.00, real=0.00 secs] 
2020-12-16T22:27:33.754+0800: 47.419: [CMS-concurrent-abortable-preclean-start]
 CMS: abort preclean due to time 2020-12-16T22:27:38.822+0800: 52.486: [CMS-concurrent-abortable-preclean: 0.051/5.067 secs] [Times: user=0.16 sys=0.11, real=5.07 secs] 
2020-12-16T22:27:38.822+0800: 52.486: [GC (CMS Final Remark) [YG occupancy: 360081 K (943680 K)]2020-12-16T22:27:38.822+0800: 52.486: [Rescan (parallel) , 0.0880017 secs]2020-12-16T22:27:38.910+0800: 52.574: [weak refs processing, 0.0006077 secs][1 CMS-remark: 63K(64K)] 360145K(943744K), 0.0886978 secs] [Times: user=0.75 sys=0.00, real=0.09 secs] 
2020-12-16T22:27:38.911+0800: 52.575: [CMS-concurrent-sweep-start]
2020-12-16T22:27:38.911+0800: 52.575: [CMS-concurrent-sweep: 0.000/0.000 secs] [Times: user=0.00 sys=0.00, real=0.00 secs] 
2020-12-16T22:27:38.911+0800: 52.575: [CMS-concurrent-reset-start]
2020-12-16T22:27:38.911+0800: 52.575: [CMS-concurrent-reset: 0.000/0.000 secs] [Times: user=0.00 sys=0.00, real=0.00 secs] 
2020-12-16T22:27:40.911+0800: 54.575: [GC (CMS Initial Mark) [1 CMS-initial-mark: 63K(64K)] 361543K(943744K), 0.0699133 secs] [Times: user=0.20 sys=0.00, real=0.07 secs] 
2020-12-16T22:27:40.981+0800: 54.645: [CMS-concurrent-mark-start]
2020-12-16T22:27:40.981+0800: 54.646: [CMS-concurrent-mark: 0.000/0.000 secs] [Times: user=0.00 sys=0.00, real=0.00 secs] 
2020-12-16T22:27:40.981+0800: 54.646: [CMS-concurrent-preclean-start]
2020-12-16T22:27:40.982+0800: 54.647: [CMS-concurrent-preclean: 0.001/0.001 secs] [Times: user=0.00 sys=0.00, real=0.00 secs] 
2020-12-16T22:27:40.982+0800: 54.647: [CMS-concurrent-abortable-preclean-start]
 CMS: abort preclean due to time 2020-12-16T22:27:46.050+0800: 59.715: [CMS-concurrent-abortable-preclean: 0.051/5.068 secs] [Times: user=0.06 sys=0.09, real=5.07 secs] 
2020-12-16T22:27:46.051+0800: 59.715: [GC (CMS Final Remark) [YG occupancy: 362877 K (943680 K)]2020-12-16T22:27:46.051+0800: 59.715: [Rescan (parallel) , 0.0903250 secs]2020-12-16T22:27:46.141+0800: 59.806: [weak refs processing, 0.0006134 secs][1 CMS-remark: 63K(64K)] 362941K(943744K), 0.0910191 secs] [Times: user=0.81 sys=0.02, real=0.09 secs] 
2020-12-16T22:27:46.142+0800: 59.806: [CMS-concurrent-sweep-start]
2020-12-16T22:27:46.142+0800: 59.806: [CMS-concurrent-sweep: 0.000/0.000 secs] [Times: user=0.00 sys=0.00, real=0.00 secs] 
2020-12-16T22:27:46.142+0800: 59.807: [CMS-concurrent-reset-start]
2020-12-16T22:27:46.142+0800: 59.807: [CMS-concurrent-reset: 0.000/0.000 secs] [Times: user=0.00 sys=0.00, real=0.00 secs] 
2020-12-16T22:27:48.143+0800: 61.807: [GC (CMS Initial Mark) [1 CMS-initial-mark: 63K(64K)] 372727K(943744K), 0.0592861 secs] [Times: user=0.20 sys=0.00, real=0.06 secs] 
2020-12-16T22:27:48.202+0800: 61.867: [CMS-concurrent-mark-start]
2020-12-16T22:27:48.202+0800: 61.867: [CMS-concurrent-mark: 0.000/0.000 secs] [Times: user=0.00 sys=0.00, real=0.00 secs] 
2020-12-16T22:27:48.202+0800: 61.867: [CMS-concurrent-preclean-start]
2020-12-16T22:27:48.203+0800: 61.868: [CMS-concurrent-preclean: 0.001/0.001 secs] [Times: user=0.00 sys=0.00, real=0.00 secs] 
2020-12-16T22:27:48.203+0800: 61.868: [CMS-concurrent-abortable-preclean-start]
 CMS: abort preclean due to time 2020-12-16T22:27:53.277+0800: 66.941: [CMS-concurrent-abortable-preclean: 0.053/5.073 secs] [Times: user=0.00 sys=0.13, real=5.07 secs] 
2020-12-16T22:27:53.277+0800: 66.941: [GC (CMS Final Remark) [YG occupancy: 374061 K (943680 K)]2020-12-16T22:27:53.277+0800: 66.941: [Rescan (parallel) , 0.1034626 secs]2020-12-16T22:27:53.381+0800: 67.045: [weak refs processing, 0.0005182 secs][1 CMS-remark: 63K(64K)] 374125K(943744K), 0.1040604 secs] [Times: user=0.76 sys=0.00, real=0.10 secs] 
2020-12-16T22:27:53.382+0800: 67.046: [CMS-concurrent-sweep-start]
2020-12-16T22:27:53.382+0800: 67.046: [CMS-concurrent-sweep: 0.000/0.000 secs] [Times: user=0.00 sys=0.00, real=0.00 secs] 
2020-12-16T22:27:53.382+0800: 67.046: [CMS-concurrent-reset-start]
2020-12-16T22:27:53.382+0800: 67.046: [CMS-concurrent-reset: 0.000/0.000 secs] [Times: user=0.00 sys=0.00, real=0.00 secs] 
2020-12-16T22:27:55.382+0800: 69.046: [GC (CMS Initial Mark) [1 CMS-initial-mark: 63K(64K)] 375523K(943744K), 0.0584904 secs] [Times: user=0.22 sys=0.00, real=0.06 secs] 
2020-12-16T22:27:55.441+0800: 69.105: [CMS-concurrent-mark-start]
2020-12-16T22:27:55.441+0800: 69.105: [CMS-concurrent-mark: 0.000/0.000 secs] [Times: user=0.00 sys=0.00, real=0.00 secs] 
2020-12-16T22:27:55.441+0800: 69.105: [CMS-concurrent-preclean-start]
2020-12-16T22:27:55.442+0800: 69.106: [CMS-concurrent-preclean: 0.001/0.001 secs] [Times: user=0.00 sys=0.00, real=0.00 secs] 
2020-12-16T22:27:55.442+0800: 69.106: [CMS-concurrent-abortable-preclean-start]
 CMS: abort preclean due to time 2020-12-16T22:28:00.459+0800: 74.123: [CMS-concurrent-abortable-preclean: 0.052/5.017 secs] [Times: user=0.09 sys=0.09, real=5.02 secs] 
2020-12-16T22:28:00.459+0800: 74.123: [GC (CMS Final Remark) [YG occupancy: 376858 K (943680 K)]2020-12-16T22:28:00.459+0800: 74.123: [Rescan (parallel) , 0.0932585 secs]2020-12-16T22:28:00.552+0800: 74.217: [weak refs processing, 0.0005243 secs][1 CMS-remark: 63K(64K)] 376922K(943744K), 0.0938688 secs] [Times: user=0.86 sys=0.00, real=0.09 secs] 
2020-12-16T22:28:00.553+0800: 74.217: [CMS-concurrent-sweep-start]
2020-12-16T22:28:00.553+0800: 74.217: [CMS-concurrent-sweep: 0.000/0.000 secs] [Times: user=0.00 sys=0.00, real=0.00 secs] 
2020-12-16T22:28:00.553+0800: 74.217: [CMS-concurrent-reset-start]
2020-12-16T22:28:00.553+0800: 74.217: [CMS-concurrent-reset: 0.000/0.000 secs] [Times: user=0.00 sys=0.00, real=0.00 secs] 
2020-12-16T22:28:02.554+0800: 76.218: [GC (CMS Initial Mark) [1 CMS-initial-mark: 63K(64K)] 378320K(943744K), 0.0548636 secs] [Times: user=0.24 sys=0.00, real=0.06 secs] 
2020-12-16T22:28:02.609+0800: 76.273: [CMS-concurrent-mark-start]
2020-12-16T22:28:02.609+0800: 76.274: [CMS-concurrent-mark: 0.000/0.000 secs] [Times: user=0.00 sys=0.00, real=0.00 secs] 
2020-12-16T22:28:02.609+0800: 76.274: [CMS-concurrent-preclean-start]
2020-12-16T22:28:02.610+0800: 76.275: [CMS-concurrent-preclean: 0.001/0.001 secs] [Times: user=0.00 sys=0.00, real=0.00 secs] 
2020-12-16T22:28:02.610+0800: 76.275: [CMS-concurrent-abortable-preclean-start]
 CMS: abort preclean due to time 2020-12-16T22:28:07.686+0800: 81.350: [CMS-concurrent-abortable-preclean: 0.168/5.075 secs] [Times: user=1.38 sys=0.31, real=5.08 secs] 
2020-12-16T22:28:07.686+0800: 81.350: [GC (CMS Final Remark) [YG occupancy: 473382 K (943680 K)]2020-12-16T22:28:07.686+0800: 81.350: [Rescan (parallel) , 0.0919706 secs]2020-12-16T22:28:07.777+0800: 81.442: [weak refs processing, 0.0005998 secs][1 CMS-remark: 63K(64K)] 473446K(943744K), 0.0926698 secs] [Times: user=0.78 sys=0.02, real=0.09 secs] 
2020-12-16T22:28:07.778+0800: 81.443: [CMS-concurrent-sweep-start]
2020-12-16T22:28:07.778+0800: 81.443: [CMS-concurrent-sweep: 0.000/0.000 secs] [Times: user=0.00 sys=0.00, real=0.00 secs] 
2020-12-16T22:28:07.778+0800: 81.443: [CMS-concurrent-reset-start]
2020-12-16T22:28:07.778+0800: 81.443: [CMS-concurrent-reset: 0.000/0.000 secs] [Times: user=0.00 sys=0.00, real=0.00 secs] 
2020-12-16T22:28:09.779+0800: 83.443: [GC (CMS Initial Mark) [1 CMS-initial-mark: 63K(64K)] 488825K(943744K), 0.0547756 secs] [Times: user=0.19 sys=0.00, real=0.06 secs] 
2020-12-16T22:28:09.834+0800: 83.498: [CMS-concurrent-mark-start]
2020-12-16T22:28:09.834+0800: 83.498: [CMS-concurrent-mark: 0.000/0.000 secs] [Times: user=0.00 sys=0.00, real=0.00 secs] 
2020-12-16T22:28:09.835+0800: 83.498: [CMS-concurrent-preclean-start]
2020-12-16T22:28:09.836+0800: 83.499: [CMS-concurrent-preclean: 0.001/0.001 secs] [Times: user=0.00 sys=0.00, real=0.00 secs] 
2020-12-16T22:28:09.836+0800: 83.500: [CMS-concurrent-abortable-preclean-start]
 CMS: abort preclean due to time 2020-12-16T22:28:14.885+0800: 88.549: [CMS-concurrent-abortable-preclean: 0.073/5.050 secs] [Times: user=0.56 sys=0.14, real=5.05 secs] 
2020-12-16T22:28:14.885+0800: 88.549: [GC (CMS Final Remark) [YG occupancy: 516725 K (943680 K)]2020-12-16T22:28:14.885+0800: 88.550: [Rescan (parallel) , 0.0863221 secs]2020-12-16T22:28:14.971+0800: 88.636: [weak refs processing, 0.0006714 secs][1 CMS-remark: 63K(64K)] 516789K(943744K), 0.0870708 secs] [Times: user=0.67 sys=0.00, real=0.09 secs] 
2020-12-16T22:28:14.972+0800: 88.637: [CMS-concurrent-sweep-start]
2020-12-16T22:28:14.972+0800: 88.637: [CMS-concurrent-sweep: 0.000/0.000 secs] [Times: user=0.00 sys=0.00, real=0.00 secs] 
2020-12-16T22:28:14.972+0800: 88.637: [CMS-concurrent-reset-start]
2020-12-16T22:28:14.972+0800: 88.637: [CMS-concurrent-reset: 0.000/0.000 secs] [Times: user=0.00 sys=0.00, real=0.00 secs] 
2020-12-16T22:28:16.972+0800: 90.636: [GC (CMS Initial Mark) [1 CMS-initial-mark: 63K(64K)] 516789K(943744K), 0.0664377 secs] [Times: user=0.25 sys=0.00, real=0.07 secs] 
2020-12-16T22:28:17.038+0800: 90.703: [CMS-concurrent-mark-start]
2020-12-16T22:28:17.039+0800: 90.703: [CMS-concurrent-mark: 0.000/0.000 secs] [Times: user=0.00 sys=0.00, real=0.00 secs] 
2020-12-16T22:28:17.039+0800: 90.703: [CMS-concurrent-preclean-start]
2020-12-16T22:28:17.040+0800: 90.704: [CMS-concurrent-preclean: 0.001/0.001 secs] [Times: user=0.00 sys=0.00, real=0.00 secs] 
2020-12-16T22:28:17.040+0800: 90.704: [CMS-concurrent-abortable-preclean-start]
 CMS: abort preclean due to time 2020-12-16T22:28:22.109+0800: 95.773: [CMS-concurrent-abortable-preclean: 0.061/5.069 secs] [Times: user=0.31 sys=0.13, real=5.07 secs] 
2020-12-16T22:28:22.109+0800: 95.773: [GC (CMS Final Remark) [YG occupancy: 532104 K (943680 K)]2020-12-16T22:28:22.109+0800: 95.773: [Rescan (parallel) , 0.0831585 secs]2020-12-16T22:28:22.191+0800: 95.856: [weak refs processing, 0.0006696 secs][1 CMS-remark: 63K(64K)] 532168K(943744K), 0.0839087 secs] [Times: user=0.70 sys=0.00, real=0.08 secs] 
2020-12-16T22:28:22.193+0800: 95.857: [CMS-concurrent-sweep-start]
2020-12-16T22:28:22.193+0800: 95.857: [CMS-concurrent-sweep: 0.000/0.000 secs] [Times: user=0.00 sys=0.00, real=0.00 secs] 
2020-12-16T22:28:22.193+0800: 95.857: [CMS-concurrent-reset-start]
2020-12-16T22:28:22.193+0800: 95.857: [CMS-concurrent-reset: 0.000/0.000 secs] [Times: user=0.00 sys=0.00, real=0.00 secs] 
2020-12-16T22:28:24.193+0800: 97.857: [GC (CMS Initial Mark) [1 CMS-initial-mark: 63K(64K)] 532168K(943744K), 0.0599641 secs] [Times: user=0.27 sys=0.00, real=0.06 secs] 
2020-12-16T22:28:24.253+0800: 97.917: [CMS-concurrent-mark-start]
2020-12-16T22:28:24.253+0800: 97.917: [CMS-concurrent-mark: 0.000/0.000 secs] [Times: user=0.00 sys=0.00, real=0.00 secs] 
2020-12-16T22:28:24.253+0800: 97.917: [CMS-concurrent-preclean-start]
2020-12-16T22:28:24.254+0800: 97.919: [CMS-concurrent-preclean: 0.001/0.001 secs] [Times: user=0.00 sys=0.00, real=0.00 secs] 
2020-12-16T22:28:24.254+0800: 97.919: [CMS-concurrent-abortable-preclean-start]
 CMS: abort preclean due to time 2020-12-16T22:28:29.273+0800: 102.937: [CMS-concurrent-abortable-preclean: 0.054/5.019 secs] [Times: user=0.03 sys=0.09, real=5.02 secs] 
2020-12-16T22:28:29.273+0800: 102.937: [GC (CMS Final Remark) [YG occupancy: 534900 K (943680 K)]2020-12-16T22:28:29.273+0800: 102.937: [Rescan (parallel) , 0.0804740 secs]2020-12-16T22:28:29.354+0800: 103.018: [weak refs processing, 0.0005738 secs][1 CMS-remark: 63K(64K)] 534964K(943744K), 0.0811273 secs] [Times: user=0.67 sys=0.00, real=0.08 secs] 
2020-12-16T22:28:29.354+0800: 103.019: [CMS-concurrent-sweep-start]
2020-12-16T22:28:29.354+0800: 103.019: [CMS-concurrent-sweep: 0.000/0.000 secs] [Times: user=0.00 sys=0.00, real=0.00 secs] 
2020-12-16T22:28:29.354+0800: 103.019: [CMS-concurrent-reset-start]
2020-12-16T22:28:29.354+0800: 103.019: [CMS-concurrent-reset: 0.000/0.000 secs] [Times: user=0.00 sys=0.00, real=0.00 secs] 
2020-12-16T22:28:31.355+0800: 105.019: [GC (CMS Initial Mark) [1 CMS-initial-mark: 63K(64K)] 534964K(943744K), 0.0559077 secs] [Times: user=0.22 sys=0.00, real=0.06 secs] 
2020-12-16T22:28:31.411+0800: 105.075: [CMS-concurrent-mark-start]
2020-12-16T22:28:31.411+0800: 105.075: [CMS-concurrent-mark: 0.000/0.000 secs] [Times: user=0.00 sys=0.00, real=0.00 secs] 
2020-12-16T22:28:31.411+0800: 105.075: [CMS-concurrent-preclean-start]
2020-12-16T22:28:31.412+0800: 105.076: [CMS-concurrent-preclean: 0.001/0.001 secs] [Times: user=0.00 sys=0.00, real=0.00 secs] 
2020-12-16T22:28:31.412+0800: 105.076: [CMS-concurrent-abortable-preclean-start]
 CMS: abort preclean due to time 2020-12-16T22:28:36.493+0800: 110.157: [CMS-concurrent-abortable-preclean: 0.059/5.081 secs] [Times: user=0.08 sys=0.09, real=5.08 secs] 
2020-12-16T22:28:36.493+0800: 110.158: [GC (CMS Final Remark) [YG occupancy: 537697 K (943680 K)]2020-12-16T22:28:36.493+0800: 110.158: [Rescan (parallel) , 0.0868667 secs]2020-12-16T22:28:36.581+0800: 110.245: [weak refs processing, 0.0006558 secs][1 CMS-remark: 63K(64K)] 537760K(943744K), 0.0876011 secs] [Times: user=0.83 sys=0.00, real=0.09 secs] 
2020-12-16T22:28:36.581+0800: 110.245: [CMS-concurrent-sweep-start]
2020-12-16T22:28:36.581+0800: 110.246: [CMS-concurrent-sweep: 0.000/0.000 secs] [Times: user=0.00 sys=0.00, real=0.00 secs] 
2020-12-16T22:28:36.581+0800: 110.246: [CMS-concurrent-reset-start]
2020-12-16T22:28:36.582+0800: 110.246: [CMS-concurrent-reset: 0.000/0.000 secs] [Times: user=0.00 sys=0.00, real=0.00 secs] 
2020-12-16T22:28:38.581+0800: 112.245: [GC (CMS Initial Mark) [1 CMS-initial-mark: 63K(64K)] 537760K(943744K), 0.0739201 secs] [Times: user=0.25 sys=0.00, real=0.07 secs] 
2020-12-16T22:28:38.655+0800: 112.319: [CMS-concurrent-mark-start]
2020-12-16T22:28:38.655+0800: 112.320: [CMS-concurrent-mark: 0.000/0.000 secs] [Times: user=0.00 sys=0.00, real=0.00 secs] 
2020-12-16T22:28:38.655+0800: 112.320: [CMS-concurrent-preclean-start]
2020-12-16T22:28:38.656+0800: 112.321: [CMS-concurrent-preclean: 0.001/0.001 secs] [Times: user=0.00 sys=0.00, real=0.00 secs] 
2020-12-16T22:28:38.656+0800: 112.321: [CMS-concurrent-abortable-preclean-start]
 CMS: abort preclean due to time 2020-12-16T22:28:43.680+0800: 117.345: [CMS-concurrent-abortable-preclean: 0.058/5.024 secs] [Times: user=0.17 sys=0.05, real=5.02 secs] 
2020-12-16T22:28:43.697+0800: 117.361: [GC (CMS Final Remark) [YG occupancy: 540493 K (943680 K)]2020-12-16T22:28:43.697+0800: 117.361: [Rescan (parallel) , 0.1311741 secs]2020-12-16T22:28:43.828+0800: 117.493: [weak refs processing, 0.0008803 secs][1 CMS-remark: 63K(64K)] 540557K(943744K), 0.1322119 secs] [Times: user=0.50 sys=0.00, real=0.13 secs] 
2020-12-16T22:28:43.838+0800: 117.502: [CMS-concurrent-sweep-start]
2020-12-16T22:28:43.838+0800: 117.502: [CMS-concurrent-sweep: 0.000/0.000 secs] [Times: user=0.00 sys=0.00, real=0.00 secs] 
2020-12-16T22:28:43.838+0800: 117.502: [CMS-concurrent-reset-start]
2020-12-16T22:28:43.838+0800: 117.502: [CMS-concurrent-reset: 0.000/0.000 secs] [Times: user=0.00 sys=0.00, real=0.00 secs] 
2020-12-16T22:28:45.838+0800: 119.502: [GC (CMS Initial Mark) [1 CMS-initial-mark: 63K(64K)] 540557K(943744K), 0.0664085 secs] [Times: user=0.20 sys=0.00, real=0.07 secs] 
2020-12-16T22:28:45.904+0800: 119.568: [CMS-concurrent-mark-start]
2020-12-16T22:28:45.905+0800: 119.569: [CMS-concurrent-mark: 0.000/0.000 secs] [Times: user=0.00 sys=0.00, real=0.00 secs] 
2020-12-16T22:28:45.905+0800: 119.569: [CMS-concurrent-preclean-start]
2020-12-16T22:28:45.906+0800: 119.570: [CMS-concurrent-preclean: 0.001/0.001 secs] [Times: user=0.00 sys=0.00, real=0.00 secs] 
2020-12-16T22:28:45.906+0800: 119.570: [CMS-concurrent-abortable-preclean-start]
 CMS: abort preclean due to time 2020-12-16T22:28:50.986+0800: 124.650: [CMS-concurrent-abortable-preclean: 0.057/5.080 secs] [Times: user=0.00 sys=0.13, real=5.08 secs] 
2020-12-16T22:28:50.986+0800: 124.650: [GC (CMS Final Remark) [YG occupancy: 543289 K (943680 K)]2020-12-16T22:28:50.986+0800: 124.650: [Rescan (parallel) , 0.0823826 secs]2020-12-16T22:28:51.067+0800: 124.732: [weak refs processing, 0.0007105 secs][1 CMS-remark: 63K(64K)] 543353K(943744K), 0.0831827 secs] [Times: user=0.73 sys=0.02, real=0.08 secs] 
2020-12-16T22:28:51.068+0800: 124.733: [CMS-concurrent-sweep-start]
2020-12-16T22:28:51.068+0800: 124.733: [CMS-concurrent-sweep: 0.000/0.000 secs] [Times: user=0.00 sys=0.00, real=0.00 secs] 
2020-12-16T22:28:51.068+0800: 124.733: [CMS-concurrent-reset-start]
2020-12-16T22:28:51.068+0800: 124.733: [CMS-concurrent-reset: 0.000/0.000 secs] [Times: user=0.00 sys=0.00, real=0.00 secs] 
2020-12-16T22:28:53.069+0800: 126.733: [GC (CMS Initial Mark) [1 CMS-initial-mark: 63K(64K)] 543353K(943744K), 0.0546941 secs] [Times: user=0.30 sys=0.00, real=0.06 secs] 
2020-12-16T22:28:53.124+0800: 126.788: [CMS-concurrent-mark-start]
2020-12-16T22:28:53.124+0800: 126.788: [CMS-concurrent-mark: 0.000/0.000 secs] [Times: user=0.00 sys=0.00, real=0.00 secs] 
2020-12-16T22:28:53.124+0800: 126.788: [CMS-concurrent-preclean-start]
2020-12-16T22:28:53.125+0800: 126.790: [CMS-concurrent-preclean: 0.001/0.001 secs] [Times: user=0.00 sys=0.00, real=0.00 secs] 
2020-12-16T22:28:53.125+0800: 126.790: [CMS-concurrent-abortable-preclean-start]
 CMS: abort preclean due to time 2020-12-16T22:28:58.204+0800: 131.868: [CMS-concurrent-abortable-preclean: 0.057/5.079 secs] [Times: user=0.09 sys=0.08, real=5.08 secs] 
2020-12-16T22:28:58.204+0800: 131.869: [GC (CMS Final Remark) [YG occupancy: 546085 K (943680 K)]2020-12-16T22:28:58.204+0800: 131.869: [Rescan (parallel) , 0.0948373 secs]2020-12-16T22:28:58.299+0800: 131.964: [weak refs processing, 0.0009312 secs][1 CMS-remark: 63K(64K)] 546149K(943744K), 0.0959210 secs] [Times: user=0.52 sys=0.02, real=0.10 secs] 
2020-12-16T22:28:58.301+0800: 131.966: [CMS-concurrent-sweep-start]
2020-12-16T22:28:58.301+0800: 131.966: [CMS-concurrent-sweep: 0.000/0.000 secs] [Times: user=0.00 sys=0.00, real=0.00 secs] 
2020-12-16T22:28:58.302+0800: 131.966: [CMS-concurrent-reset-start]
2020-12-16T22:28:58.302+0800: 131.966: [CMS-concurrent-reset: 0.000/0.000 secs] [Times: user=0.00 sys=0.00, real=0.00 secs] 
2020-12-16T22:29:00.302+0800: 133.966: [GC (CMS Initial Mark) [1 CMS-initial-mark: 63K(64K)] 547547K(943744K), 0.0617283 secs] [Times: user=0.28 sys=0.00, real=0.06 secs] 
2020-12-16T22:29:00.363+0800: 134.028: [CMS-concurrent-mark-start]
2020-12-16T22:29:00.364+0800: 134.028: [CMS-concurrent-mark: 0.000/0.000 secs] [Times: user=0.00 sys=0.00, real=0.00 secs] 
2020-12-16T22:29:00.364+0800: 134.028: [CMS-concurrent-preclean-start]
2020-12-16T22:29:00.365+0800: 134.029: [CMS-concurrent-preclean: 0.001/0.001 secs] [Times: user=0.00 sys=0.00, real=0.00 secs] 
2020-12-16T22:29:00.365+0800: 134.029: [CMS-concurrent-abortable-preclean-start]
 CMS: abort preclean due to time 2020-12-16T22:29:05.447+0800: 139.111: [CMS-concurrent-abortable-preclean: 0.058/5.081 secs] [Times: user=0.05 sys=0.11, real=5.08 secs] 
2020-12-16T22:29:05.447+0800: 139.111: [GC (CMS Final Remark) [YG occupancy: 548881 K (943680 K)]2020-12-16T22:29:05.447+0800: 139.111: [Rescan (parallel) , 0.0791804 secs]2020-12-16T22:29:05.525+0800: 139.190: [weak refs processing, 0.0006700 secs][1 CMS-remark: 63K(64K)] 548945K(943744K), 0.0799295 secs] [Times: user=0.69 sys=0.03, real=0.08 secs] 
2020-12-16T22:29:05.526+0800: 139.191: [CMS-concurrent-sweep-start]
2020-12-16T22:29:05.526+0800: 139.191: [CMS-concurrent-sweep: 0.000/0.000 secs] [Times: user=0.00 sys=0.00, real=0.00 secs] 
2020-12-16T22:29:05.526+0800: 139.191: [CMS-concurrent-reset-start]
2020-12-16T22:29:05.526+0800: 139.191: [CMS-concurrent-reset: 0.000/0.000 secs] [Times: user=0.00 sys=0.00, real=0.00 secs] 
2020-12-16T22:29:07.528+0800: 141.192: [GC (CMS Initial Mark) [1 CMS-initial-mark: 63K(64K)] 550343K(943744K), 0.0629517 secs] [Times: user=0.20 sys=0.00, real=0.06 secs] 
2020-12-16T22:29:07.590+0800: 141.255: [CMS-concurrent-mark-start]
2020-12-16T22:29:07.590+0800: 141.255: [CMS-concurrent-mark: 0.000/0.000 secs] [Times: user=0.00 sys=0.00, real=0.00 secs] 
2020-12-16T22:29:07.590+0800: 141.255: [CMS-concurrent-preclean-start]
2020-12-16T22:29:07.591+0800: 141.256: [CMS-concurrent-preclean: 0.001/0.001 secs] [Times: user=0.00 sys=0.00, real=0.00 secs] 
2020-12-16T22:29:07.591+0800: 141.256: [CMS-concurrent-abortable-preclean-start]
 CMS: abort preclean due to time 2020-12-16T22:29:12.676+0800: 146.340: [CMS-concurrent-abortable-preclean: 0.059/5.084 secs] [Times: user=0.00 sys=0.11, real=5.09 secs] 
2020-12-16T22:29:12.676+0800: 146.340: [GC (CMS Final Remark) [YG occupancy: 551677 K (943680 K)]2020-12-16T22:29:12.676+0800: 146.340: [Rescan (parallel) , 0.0902571 secs]2020-12-16T22:29:12.767+0800: 146.431: [weak refs processing, 0.0005854 secs][1 CMS-remark: 63K(64K)] 551741K(943744K), 0.0909262 secs] [Times: user=0.84 sys=0.00, real=0.09 secs] 
2020-12-16T22:29:12.767+0800: 146.431: [CMS-concurrent-sweep-start]
2020-12-16T22:29:12.767+0800: 146.431: [CMS-concurrent-sweep: 0.000/0.000 secs] [Times: user=0.00 sys=0.00, real=0.00 secs] 
2020-12-16T22:29:12.767+0800: 146.431: [CMS-concurrent-reset-start]
2020-12-16T22:29:12.767+0800: 146.431: [CMS-concurrent-reset: 0.000/0.000 secs] [Times: user=0.00 sys=0.00, real=0.00 secs] 
2020-12-16T22:29:14.767+0800: 148.431: [GC (CMS Initial Mark) [1 CMS-initial-mark: 63K(64K)] 553139K(943744K), 0.0589395 secs] [Times: user=0.23 sys=0.00, real=0.06 secs] 
2020-12-16T22:29:14.825+0800: 148.490: [CMS-concurrent-mark-start]
2020-12-16T22:29:14.825+0800: 148.490: [CMS-concurrent-mark: 0.000/0.000 secs] [Times: user=0.00 sys=0.00, real=0.00 secs] 
2020-12-16T22:29:14.825+0800: 148.490: [CMS-concurrent-preclean-start]
2020-12-16T22:29:14.826+0800: 148.491: [CMS-concurrent-preclean: 0.001/0.001 secs] [Times: user=0.00 sys=0.00, real=0.00 secs] 
2020-12-16T22:29:14.826+0800: 148.491: [CMS-concurrent-abortable-preclean-start]
 CMS: abort preclean due to time 2020-12-16T22:29:19.890+0800: 153.554: [CMS-concurrent-abortable-preclean: 0.062/5.063 secs] [Times: user=0.02 sys=0.14, real=5.06 secs] 
2020-12-16T22:29:19.890+0800: 153.554: [GC (CMS Final Remark) [YG occupancy: 554474 K (943680 K)]2020-12-16T22:29:19.890+0800: 153.554: [Rescan (parallel) , 0.0812792 secs]2020-12-16T22:29:19.971+0800: 153.636: [weak refs processing, 0.0005788 secs][1 CMS-remark: 63K(64K)] 554537K(943744K), 0.0819365 secs] [Times: user=0.72 sys=0.01, real=0.08 secs] 
2020-12-16T22:29:19.972+0800: 153.636: [CMS-concurrent-sweep-start]
2020-12-16T22:29:19.972+0800: 153.636: [CMS-concurrent-sweep: 0.000/0.000 secs] [Times: user=0.00 sys=0.00, real=0.00 secs] 
2020-12-16T22:29:19.972+0800: 153.636: [CMS-concurrent-reset-start]
2020-12-16T22:29:19.972+0800: 153.636: [CMS-concurrent-reset: 0.000/0.000 secs] [Times: user=0.00 sys=0.00, real=0.00 secs] 
2020-12-16T22:29:21.972+0800: 155.636: [GC (CMS Initial Mark) [1 CMS-initial-mark: 63K(64K)] 555936K(943744K), 0.0617892 secs] [Times: user=0.28 sys=0.00, real=0.06 secs] 
2020-12-16T22:29:22.034+0800: 155.698: [CMS-concurrent-mark-start]
2020-12-16T22:29:22.034+0800: 155.698: [CMS-concurrent-mark: 0.000/0.000 secs] [Times: user=0.00 sys=0.00, real=0.00 secs] 
2020-12-16T22:29:22.034+0800: 155.698: [CMS-concurrent-preclean-start]
2020-12-16T22:29:22.035+0800: 155.700: [CMS-concurrent-preclean: 0.001/0.001 secs] [Times: user=0.00 sys=0.00, real=0.00 secs] 
2020-12-16T22:29:22.035+0800: 155.700: [CMS-concurrent-abortable-preclean-start]
 CMS: abort preclean due to time 2020-12-16T22:29:27.071+0800: 160.736: [CMS-concurrent-abortable-preclean: 0.058/5.036 secs] [Times: user=0.00 sys=0.16, real=5.04 secs] 
2020-12-16T22:29:27.071+0800: 160.736: [GC (CMS Final Remark) [YG occupancy: 557270 K (943680 K)]2020-12-16T22:29:27.071+0800: 160.736: [Rescan (parallel) , 0.0898187 secs]2020-12-16T22:29:27.161+0800: 160.826: [weak refs processing, 0.0008595 secs][1 CMS-remark: 63K(64K)] 557334K(943744K), 0.0907778 secs] [Times: user=0.76 sys=0.00, real=0.09 secs] 
2020-12-16T22:29:27.162+0800: 160.827: [CMS-concurrent-sweep-start]
2020-12-16T22:29:27.162+0800: 160.827: [CMS-concurrent-sweep: 0.000/0.000 secs] [Times: user=0.00 sys=0.00, real=0.00 secs] 
2020-12-16T22:29:27.162+0800: 160.827: [CMS-concurrent-reset-start]
2020-12-16T22:29:27.162+0800: 160.827: [CMS-concurrent-reset: 0.000/0.000 secs] [Times: user=0.00 sys=0.00, real=0.00 secs] 
2020-12-16T22:29:29.162+0800: 162.826: [GC (CMS Initial Mark) [1 CMS-initial-mark: 63K(64K)] 558732K(943744K), 0.0601236 secs] [Times: user=0.31 sys=0.00, real=0.06 secs] 
2020-12-16T22:29:29.222+0800: 162.886: [CMS-concurrent-mark-start]
2020-12-16T22:29:29.222+0800: 162.887: [CMS-concurrent-mark: 0.000/0.000 secs] [Times: user=0.00 sys=0.00, real=0.00 secs] 
2020-12-16T22:29:29.222+0800: 162.887: [CMS-concurrent-preclean-start]
2020-12-16T22:29:29.224+0800: 162.888: [CMS-concurrent-preclean: 0.001/0.001 secs] [Times: user=0.00 sys=0.00, real=0.00 secs] 
2020-12-16T22:29:29.224+0800: 162.888: [CMS-concurrent-abortable-preclean-start]
 CMS: abort preclean due to time 2020-12-16T22:29:34.271+0800: 167.935: [CMS-concurrent-abortable-preclean: 0.062/5.047 secs] [Times: user=0.00 sys=0.11, real=5.05 secs] 
2020-12-16T22:29:34.271+0800: 167.935: [GC (CMS Final Remark) [YG occupancy: 560066 K (943680 K)]2020-12-16T22:29:34.271+0800: 167.935: [Rescan (parallel) , 0.0930593 secs]2020-12-16T22:29:34.363+0800: 168.028: [weak refs processing, 0.0006058 secs][1 CMS-remark: 63K(64K)] 560130K(943744K), 0.0937502 secs] [Times: user=0.73 sys=0.02, real=0.09 secs] 
2020-12-16T22:29:34.364+0800: 168.029: [CMS-concurrent-sweep-start]
2020-12-16T22:29:34.364+0800: 168.029: [CMS-concurrent-sweep: 0.000/0.000 secs] [Times: user=0.00 sys=0.00, real=0.00 secs] 
2020-12-16T22:29:34.364+0800: 168.029: [CMS-concurrent-reset-start]
2020-12-16T22:29:34.364+0800: 168.029: [CMS-concurrent-reset: 0.000/0.000 secs] [Times: user=0.00 sys=0.00, real=0.00 secs] 
2020-12-16T22:29:36.364+0800: 170.028: [GC (CMS Initial Mark) [1 CMS-initial-mark: 63K(64K)] 561528K(943744K), 0.0665000 secs] [Times: user=0.33 sys=0.00, real=0.07 secs] 
2020-12-16T22:29:36.430+0800: 170.095: [CMS-concurrent-mark-start]
2020-12-16T22:29:36.430+0800: 170.095: [CMS-concurrent-mark: 0.000/0.000 secs] [Times: user=0.00 sys=0.00, real=0.00 secs] 
2020-12-16T22:29:36.430+0800: 170.095: [CMS-concurrent-preclean-start]
2020-12-16T22:29:36.432+0800: 170.096: [CMS-concurrent-preclean: 0.001/0.001 secs] [Times: user=0.02 sys=0.00, real=0.00 secs] 
2020-12-16T22:29:36.432+0800: 170.096: [CMS-concurrent-abortable-preclean-start]
 CMS: abort preclean due to time 2020-12-16T22:29:41.508+0800: 175.173: [CMS-concurrent-abortable-preclean: 0.055/5.076 secs] [Times: user=0.11 sys=0.13, real=5.08 secs] 
2020-12-16T22:29:41.508+0800: 175.173: [GC (CMS Final Remark) [YG occupancy: 562862 K (943680 K)]2020-12-16T22:29:41.508+0800: 175.173: [Rescan (parallel) , 0.0832370 secs]2020-12-16T22:29:41.592+0800: 175.256: [weak refs processing, 0.0007122 secs][1 CMS-remark: 63K(64K)] 562926K(943744K), 0.0840356 secs] [Times: user=0.80 sys=0.00, real=0.09 secs] 
2020-12-16T22:29:41.593+0800: 175.257: [CMS-concurrent-sweep-start]
2020-12-16T22:29:41.593+0800: 175.257: [CMS-concurrent-sweep: 0.000/0.000 secs] [Times: user=0.00 sys=0.00, real=0.00 secs] 
2020-12-16T22:29:41.593+0800: 175.257: [CMS-concurrent-reset-start]
2020-12-16T22:29:41.593+0800: 175.257: [CMS-concurrent-reset: 0.000/0.000 secs] [Times: user=0.00 sys=0.00, real=0.00 secs] 
2020-12-16T22:29:43.593+0800: 177.257: [GC (CMS Initial Mark) [1 CMS-initial-mark: 63K(64K)] 564324K(943744K), 0.0562710 secs] [Times: user=0.23 sys=0.00, real=0.06 secs] 
2020-12-16T22:29:43.649+0800: 177.314: [CMS-concurrent-mark-start]
2020-12-16T22:29:43.649+0800: 177.314: [CMS-concurrent-mark: 0.000/0.000 secs] [Times: user=0.00 sys=0.00, real=0.00 secs] 
2020-12-16T22:29:43.649+0800: 177.314: [CMS-concurrent-preclean-start]
2020-12-16T22:29:43.651+0800: 177.315: [CMS-concurrent-preclean: 0.001/0.001 secs] [Times: user=0.03 sys=0.02, real=0.00 secs] 
2020-12-16T22:29:43.651+0800: 177.315: [CMS-concurrent-abortable-preclean-start]
 CMS: abort preclean due to time 2020-12-16T22:29:48.733+0800: 182.397: [CMS-concurrent-abortable-preclean: 0.056/5.082 secs] [Times: user=0.03 sys=0.08, real=5.08 secs] 
2020-12-16T22:29:48.733+0800: 182.398: [GC (CMS Final Remark) [YG occupancy: 565658 K (943680 K)]2020-12-16T22:29:48.733+0800: 182.398: [Rescan (parallel) , 0.0917162 secs]2020-12-16T22:29:48.825+0800: 182.490: [weak refs processing, 0.0006393 secs][1 CMS-remark: 63K(64K)] 565722K(943744K), 0.0924766 secs] [Times: user=0.84 sys=0.00, real=0.09 secs] 
2020-12-16T22:29:48.826+0800: 182.490: [CMS-concurrent-sweep-start]
2020-12-16T22:29:48.826+0800: 182.490: [CMS-concurrent-sweep: 0.000/0.000 secs] [Times: user=0.00 sys=0.00, real=0.00 secs] 
2020-12-16T22:29:48.826+0800: 182.490: [CMS-concurrent-reset-start]
2020-12-16T22:29:48.826+0800: 182.490: [CMS-concurrent-reset: 0.000/0.000 secs] [Times: user=0.00 sys=0.00, real=0.00 secs] 
2020-12-16T22:29:50.828+0800: 184.492: [GC (CMS Initial Mark) [1 CMS-initial-mark: 63K(64K)] 567120K(943744K), 0.0604095 secs] [Times: user=0.23 sys=0.00, real=0.06 secs] 
2020-12-16T22:29:50.888+0800: 184.552: [CMS-concurrent-mark-start]
2020-12-16T22:29:50.888+0800: 184.552: [CMS-concurrent-mark: 0.000/0.000 secs] [Times: user=0.00 sys=0.00, real=0.00 secs] 
2020-12-16T22:29:50.888+0800: 184.552: [CMS-concurrent-preclean-start]
2020-12-16T22:29:50.889+0800: 184.553: [CMS-concurrent-preclean: 0.001/0.001 secs] [Times: user=0.00 sys=0.00, real=0.00 secs] 
2020-12-16T22:29:50.889+0800: 184.554: [CMS-concurrent-abortable-preclean-start]
 CMS: abort preclean due to time 2020-12-16T22:29:55.971+0800: 189.635: [CMS-concurrent-abortable-preclean: 0.058/5.081 secs] [Times: user=0.03 sys=0.11, real=5.08 secs] 
2020-12-16T22:29:55.971+0800: 189.635: [GC (CMS Final Remark) [YG occupancy: 569852 K (943680 K)]2020-12-16T22:29:55.971+0800: 189.635: [Rescan (parallel) , 0.0813168 secs]2020-12-16T22:29:56.051+0800: 189.716: [weak refs processing, 0.0006626 secs][1 CMS-remark: 63K(64K)] 569916K(943744K), 0.0820568 secs] [Times: user=0.70 sys=0.00, real=0.08 secs] 
2020-12-16T22:29:56.052+0800: 189.717: [CMS-concurrent-sweep-start]
2020-12-16T22:29:56.052+0800: 189.717: [CMS-concurrent-sweep: 0.000/0.000 secs] [Times: user=0.00 sys=0.00, real=0.00 secs] 
2020-12-16T22:29:56.052+0800: 189.717: [CMS-concurrent-reset-start]
2020-12-16T22:29:56.052+0800: 189.717: [CMS-concurrent-reset: 0.000/0.000 secs] [Times: user=0.00 sys=0.00, real=0.00 secs] 
2020-12-16T22:29:58.053+0800: 191.717: [GC (CMS Initial Mark) [1 CMS-initial-mark: 63K(64K)] 569916K(943744K), 0.0653919 secs] [Times: user=0.30 sys=0.00, real=0.07 secs] 
2020-12-16T22:29:58.118+0800: 191.783: [CMS-concurrent-mark-start]
2020-12-16T22:29:58.119+0800: 191.783: [CMS-concurrent-mark: 0.000/0.000 secs] [Times: user=0.05 sys=0.02, real=0.00 secs] 
2020-12-16T22:29:58.119+0800: 191.783: [CMS-concurrent-preclean-start]
2020-12-16T22:29:58.120+0800: 191.784: [CMS-concurrent-preclean: 0.001/0.001 secs] [Times: user=0.00 sys=0.00, real=0.00 secs] 
2020-12-16T22:29:58.120+0800: 191.784: [CMS-concurrent-abortable-preclean-start]
 CMS: abort preclean due to time 2020-12-16T22:30:03.151+0800: 196.816: [CMS-concurrent-abortable-preclean: 0.056/5.032 secs] [Times: user=0.03 sys=0.09, real=5.03 secs] 
2020-12-16T22:30:03.151+0800: 196.816: [GC (CMS Final Remark) [YG occupancy: 572649 K (943680 K)]2020-12-16T22:30:03.151+0800: 196.816: [Rescan (parallel) , 0.0864132 secs]2020-12-16T22:30:03.239+0800: 196.903: [weak refs processing, 0.0006752 secs][1 CMS-remark: 63K(64K)] 572712K(943744K), 0.0871627 secs] [Times: user=0.69 sys=0.02, real=0.09 secs] 
2020-12-16T22:30:03.240+0800: 196.903: [CMS-concurrent-sweep-start]
2020-12-16T22:30:03.240+0800: 196.903: [CMS-concurrent-sweep: 0.000/0.000 secs] [Times: user=0.00 sys=0.00, real=0.00 secs] 
2020-12-16T22:30:03.240+0800: 196.904: [CMS-concurrent-reset-start]
2020-12-16T22:30:03.240+0800: 196.904: [CMS-concurrent-reset: 0.000/0.000 secs] [Times: user=0.00 sys=0.00, real=0.00 secs] 
2020-12-16T22:30:05.240+0800: 198.904: [GC (CMS Initial Mark) [1 CMS-initial-mark: 63K(64K)] 572712K(943744K), 0.0778171 secs] [Times: user=0.30 sys=0.00, real=0.08 secs] 
2020-12-16T22:30:05.318+0800: 198.982: [CMS-concurrent-mark-start]
2020-12-16T22:30:05.318+0800: 198.982: [CMS-concurrent-mark: 0.000/0.000 secs] [Times: user=0.00 sys=0.00, real=0.00 secs] 
2020-12-16T22:30:05.318+0800: 198.982: [CMS-concurrent-preclean-start]
2020-12-16T22:30:05.319+0800: 198.983: [CMS-concurrent-preclean: 0.001/0.001 secs] [Times: user=0.00 sys=0.00, real=0.00 secs] 
2020-12-16T22:30:05.320+0800: 198.983: [CMS-concurrent-abortable-preclean-start]
 CMS: abort preclean due to time 2020-12-16T22:30:10.337+0800: 204.001: [CMS-concurrent-abortable-preclean: 0.054/5.018 secs] [Times: user=0.02 sys=0.09, real=5.02 secs] 
2020-12-16T22:30:10.337+0800: 204.001: [GC (CMS Final Remark) [YG occupancy: 575445 K (943680 K)]2020-12-16T22:30:10.337+0800: 204.001: [Rescan (parallel) , 0.0871656 secs]2020-12-16T22:30:10.424+0800: 204.089: [weak refs processing, 0.0006661 secs][1 CMS-remark: 63K(64K)] 575509K(943744K), 0.0879085 secs] [Times: user=0.84 sys=0.00, real=0.09 secs] 
2020-12-16T22:30:10.425+0800: 204.089: [CMS-concurrent-sweep-start]
2020-12-16T22:30:10.425+0800: 204.090: [CMS-concurrent-sweep: 0.000/0.000 secs] [Times: user=0.00 sys=0.00, real=0.00 secs] 
2020-12-16T22:30:10.425+0800: 204.090: [CMS-concurrent-reset-start]
2020-12-16T22:30:10.425+0800: 204.090: [CMS-concurrent-reset: 0.000/0.000 secs] [Times: user=0.00 sys=0.00, real=0.00 secs] 
2020-12-16T22:30:12.426+0800: 206.090: [GC (CMS Initial Mark) [1 CMS-initial-mark: 63K(64K)] 575509K(943744K), 0.0573393 secs] [Times: user=0.27 sys=0.00, real=0.06 secs] 
2020-12-16T22:30:12.483+0800: 206.147: [CMS-concurrent-mark-start]
2020-12-16T22:30:12.483+0800: 206.148: [CMS-concurrent-mark: 0.000/0.000 secs] [Times: user=0.00 sys=0.00, real=0.00 secs] 
2020-12-16T22:30:12.483+0800: 206.148: [CMS-concurrent-preclean-start]
2020-12-16T22:30:12.485+0800: 206.149: [CMS-concurrent-preclean: 0.001/0.001 secs] [Times: user=0.00 sys=0.00, real=0.00 secs] 
2020-12-16T22:30:12.485+0800: 206.149: [CMS-concurrent-abortable-preclean-start]
 CMS: abort preclean due to time 2020-12-16T22:30:17.563+0800: 211.227: [CMS-concurrent-abortable-preclean: 0.055/5.078 secs] [Times: user=0.13 sys=0.11, real=5.08 secs] 
2020-12-16T22:30:17.563+0800: 211.227: [GC (CMS Final Remark) [YG occupancy: 578241 K (943680 K)]2020-12-16T22:30:17.563+0800: 211.227: [Rescan (parallel) , 0.0811979 secs]2020-12-16T22:30:17.643+0800: 211.308: [weak refs processing, 0.0006026 secs][1 CMS-remark: 63K(64K)] 578305K(943744K), 0.0818838 secs] [Times: user=0.69 sys=0.02, real=0.08 secs] 
2020-12-16T22:30:17.644+0800: 211.309: [CMS-concurrent-sweep-start]
2020-12-16T22:30:17.644+0800: 211.309: [CMS-concurrent-sweep: 0.000/0.000 secs] [Times: user=0.00 sys=0.00, real=0.00 secs] 
2020-12-16T22:30:17.644+0800: 211.309: [CMS-concurrent-reset-start]
2020-12-16T22:30:17.644+0800: 211.309: [CMS-concurrent-reset: 0.000/0.000 secs] [Times: user=0.00 sys=0.00, real=0.00 secs] 
2020-12-16T22:30:19.646+0800: 213.310: [GC (CMS Initial Mark) [1 CMS-initial-mark: 63K(64K)] 578305K(943744K), 0.0598363 secs] [Times: user=0.28 sys=0.00, real=0.06 secs] 
2020-12-16T22:30:19.706+0800: 213.370: [CMS-concurrent-mark-start]
2020-12-16T22:30:19.706+0800: 213.370: [CMS-concurrent-mark: 0.000/0.000 secs] [Times: user=0.00 sys=0.00, real=0.00 secs] 
2020-12-16T22:30:19.706+0800: 213.370: [CMS-concurrent-preclean-start]
2020-12-16T22:30:19.707+0800: 213.371: [CMS-concurrent-preclean: 0.001/0.001 secs] [Times: user=0.00 sys=0.00, real=0.00 secs] 
2020-12-16T22:30:19.707+0800: 213.371: [CMS-concurrent-abortable-preclean-start]
 CMS: abort preclean due to time 2020-12-16T22:30:24.790+0800: 218.454: [CMS-concurrent-abortable-preclean: 0.055/5.083 secs] [Times: user=0.00 sys=0.11, real=5.08 secs] 
2020-12-16T22:30:24.790+0800: 218.454: [GC (CMS Final Remark) [YG occupancy: 581037 K (943680 K)]2020-12-16T22:30:24.790+0800: 218.454: [Rescan (parallel) , 0.0849561 secs]2020-12-16T22:30:24.875+0800: 218.539: [weak refs processing, 0.0006639 secs][1 CMS-remark: 63K(64K)] 581101K(943744K), 0.0856997 secs] [Times: user=0.80 sys=0.02, real=0.09 secs] 
2020-12-16T22:30:24.875+0800: 218.540: [CMS-concurrent-sweep-start]
2020-12-16T22:30:24.875+0800: 218.540: [CMS-concurrent-sweep: 0.000/0.000 secs] [Times: user=0.00 sys=0.00, real=0.00 secs] 
2020-12-16T22:30:24.875+0800: 218.540: [CMS-concurrent-reset-start]
2020-12-16T22:30:24.875+0800: 218.540: [CMS-concurrent-reset: 0.000/0.000 secs] [Times: user=0.00 sys=0.00, real=0.00 secs] 
2020-12-16T22:30:26.876+0800: 220.540: [GC (CMS Initial Mark) [1 CMS-initial-mark: 63K(64K)] 581101K(943744K), 0.0691771 secs] [Times: user=0.27 sys=0.00, real=0.07 secs] 
2020-12-16T22:30:26.944+0800: 220.609: [CMS-concurrent-mark-start]
2020-12-16T22:30:26.944+0800: 220.609: [CMS-concurrent-mark: 0.000/0.000 secs] [Times: user=0.00 sys=0.00, real=0.00 secs] 
2020-12-16T22:30:26.944+0800: 220.609: [CMS-concurrent-preclean-start]
2020-12-16T22:30:26.945+0800: 220.610: [CMS-concurrent-preclean: 0.001/0.001 secs] [Times: user=0.00 sys=0.00, real=0.00 secs] 
2020-12-16T22:30:26.945+0800: 220.610: [CMS-concurrent-abortable-preclean-start]
 CMS: abort preclean due to time 2020-12-16T22:30:31.966+0800: 225.630: [CMS-concurrent-abortable-preclean: 0.058/5.020 secs] [Times: user=0.05 sys=0.11, real=5.02 secs] 
2020-12-16T22:30:31.966+0800: 225.630: [GC (CMS Final Remark) [YG occupancy: 583833 K (943680 K)]2020-12-16T22:30:31.966+0800: 225.630: [Rescan (parallel) , 0.0915467 secs]2020-12-16T22:30:32.057+0800: 225.722: [weak refs processing, 0.0006558 secs][1 CMS-remark: 63K(64K)] 583897K(943744K), 0.0922890 secs] [Times: user=0.75 sys=0.00, real=0.09 secs] 
2020-12-16T22:30:32.058+0800: 225.723: [CMS-concurrent-sweep-start]
2020-12-16T22:30:32.058+0800: 225.723: [CMS-concurrent-sweep: 0.000/0.000 secs] [Times: user=0.00 sys=0.00, real=0.00 secs] 
2020-12-16T22:30:32.058+0800: 225.723: [CMS-concurrent-reset-start]
2020-12-16T22:30:32.058+0800: 225.723: [CMS-concurrent-reset: 0.000/0.000 secs] [Times: user=0.00 sys=0.00, real=0.00 secs] 
2020-12-16T22:30:34.058+0800: 227.722: [GC (CMS Initial Mark) [1 CMS-initial-mark: 63K(64K)] 583897K(943744K), 0.0647968 secs] [Times: user=0.24 sys=0.00, real=0.06 secs] 
2020-12-16T22:30:34.122+0800: 227.787: [CMS-concurrent-mark-start]
2020-12-16T22:30:34.123+0800: 227.787: [CMS-concurrent-mark: 0.000/0.000 secs] [Times: user=0.00 sys=0.00, real=0.00 secs] 
2020-12-16T22:30:34.123+0800: 227.787: [CMS-concurrent-preclean-start]
2020-12-16T22:30:34.124+0800: 227.788: [CMS-concurrent-preclean: 0.001/0.001 secs] [Times: user=0.00 sys=0.00, real=0.00 secs] 
2020-12-16T22:30:34.124+0800: 227.788: [CMS-concurrent-abortable-preclean-start]
 CMS: abort preclean due to time 2020-12-16T22:30:39.201+0800: 232.865: [CMS-concurrent-abortable-preclean: 0.065/5.077 secs] [Times: user=0.03 sys=0.08, real=5.08 secs] 
2020-12-16T22:30:39.201+0800: 232.865: [GC (CMS Final Remark) [YG occupancy: 586629 K (943680 K)]2020-12-16T22:30:39.201+0800: 232.865: [Rescan (parallel) , 0.0970121 secs]2020-12-16T22:30:39.298+0800: 232.962: [weak refs processing, 0.0006016 secs][1 CMS-remark: 63K(64K)] 586693K(943744K), 0.0977046 secs] [Times: user=0.89 sys=0.00, real=0.10 secs] 
2020-12-16T22:30:39.298+0800: 232.963: [CMS-concurrent-sweep-start]
2020-12-16T22:30:39.298+0800: 232.963: [CMS-concurrent-sweep: 0.000/0.000 secs] [Times: user=0.00 sys=0.00, real=0.00 secs] 
2020-12-16T22:30:39.299+0800: 232.963: [CMS-concurrent-reset-start]
2020-12-16T22:30:39.299+0800: 232.963: [CMS-concurrent-reset: 0.000/0.000 secs] [Times: user=0.00 sys=0.00, real=0.00 secs] 
2020-12-16T22:30:41.299+0800: 234.963: [GC (CMS Initial Mark) [1 CMS-initial-mark: 63K(64K)] 588091K(943744K), 0.0631065 secs] [Times: user=0.27 sys=0.00, real=0.06 secs] 
2020-12-16T22:30:41.362+0800: 235.026: [CMS-concurrent-mark-start]
2020-12-16T22:30:41.362+0800: 235.027: [CMS-concurrent-mark: 0.000/0.000 secs] [Times: user=0.00 sys=0.00, real=0.00 secs] 
2020-12-16T22:30:41.362+0800: 235.027: [CMS-concurrent-preclean-start]
2020-12-16T22:30:41.363+0800: 235.028: [CMS-concurrent-preclean: 0.001/0.001 secs] [Times: user=0.00 sys=0.00, real=0.00 secs] 
2020-12-16T22:30:41.363+0800: 235.028: [CMS-concurrent-abortable-preclean-start]
 CMS: abort preclean due to time 2020-12-16T22:30:46.454+0800: 240.118: [CMS-concurrent-abortable-preclean: 0.066/5.090 secs] [Times: user=0.03 sys=0.05, real=5.09 secs] 
2020-12-16T22:30:46.454+0800: 240.118: [GC (CMS Final Remark) [YG occupancy: 589426 K (943680 K)]2020-12-16T22:30:46.454+0800: 240.118: [Rescan (parallel) , 0.0874767 secs]2020-12-16T22:30:46.541+0800: 240.206: [weak refs processing, 0.0006492 secs][1 CMS-remark: 63K(64K)] 589489K(943744K), 0.0882229 secs] [Times: user=0.73 sys=0.02, real=0.09 secs] 
2020-12-16T22:30:46.542+0800: 240.207: [CMS-concurrent-sweep-start]
2020-12-16T22:30:46.542+0800: 240.207: [CMS-concurrent-sweep: 0.000/0.000 secs] [Times: user=0.00 sys=0.00, real=0.00 secs] 
2020-12-16T22:30:46.542+0800: 240.207: [CMS-concurrent-reset-start]
2020-12-16T22:30:46.542+0800: 240.207: [CMS-concurrent-reset: 0.000/0.000 secs] [Times: user=0.00 sys=0.00, real=0.00 secs] 
2020-12-16T22:30:48.542+0800: 242.206: [GC (CMS Initial Mark) [1 CMS-initial-mark: 63K(64K)] 590888K(943744K), 0.0590427 secs] [Times: user=0.22 sys=0.00, real=0.06 secs] 
2020-12-16T22:30:48.601+0800: 242.265: [CMS-concurrent-mark-start]
2020-12-16T22:30:48.601+0800: 242.266: [CMS-concurrent-mark: 0.000/0.000 secs] [Times: user=0.00 sys=0.00, real=0.00 secs] 
2020-12-16T22:30:48.601+0800: 242.266: [CMS-concurrent-preclean-start]
2020-12-16T22:30:48.602+0800: 242.267: [CMS-concurrent-preclean: 0.001/0.001 secs] [Times: user=0.00 sys=0.00, real=0.00 secs] 
2020-12-16T22:30:48.602+0800: 242.267: [CMS-concurrent-abortable-preclean-start]
 CMS: abort preclean due to time 2020-12-16T22:30:53.692+0800: 247.356: [CMS-concurrent-abortable-preclean: 0.066/5.090 secs] [Times: user=0.13 sys=0.14, real=5.09 secs] 
2020-12-16T22:30:53.692+0800: 247.357: [GC (CMS Final Remark) [YG occupancy: 592222 K (943680 K)]2020-12-16T22:30:53.692+0800: 247.357: [Rescan (parallel) , 0.0818931 secs]2020-12-16T22:30:53.774+0800: 247.439: [weak refs processing, 0.0006617 secs][1 CMS-remark: 63K(64K)] 592286K(943744K), 0.0826990 secs] [Times: user=0.75 sys=0.00, real=0.08 secs] 
2020-12-16T22:30:53.775+0800: 247.440: [CMS-concurrent-sweep-start]
2020-12-16T22:30:53.775+0800: 247.440: [CMS-concurrent-sweep: 0.000/0.000 secs] [Times: user=0.00 sys=0.00, real=0.00 secs] 
2020-12-16T22:30:53.775+0800: 247.440: [CMS-concurrent-reset-start]
2020-12-16T22:30:53.775+0800: 247.440: [CMS-concurrent-reset: 0.000/0.000 secs] [Times: user=0.00 sys=0.00, real=0.00 secs] 
2020-12-16T22:30:55.776+0800: 249.440: [GC (CMS Initial Mark) [1 CMS-initial-mark: 63K(64K)] 593684K(943744K), 0.0580703 secs] [Times: user=0.22 sys=0.00, real=0.06 secs] 
2020-12-16T22:30:55.833+0800: 249.498: [CMS-concurrent-mark-start]
2020-12-16T22:30:55.833+0800: 249.498: [CMS-concurrent-mark: 0.000/0.000 secs] [Times: user=0.00 sys=0.00, real=0.00 secs] 
2020-12-16T22:30:55.833+0800: 249.498: [CMS-concurrent-preclean-start]
2020-12-16T22:30:55.834+0800: 249.499: [CMS-concurrent-preclean: 0.001/0.001 secs] [Times: user=0.00 sys=0.00, real=0.00 secs] 
2020-12-16T22:30:55.834+0800: 249.499: [CMS-concurrent-abortable-preclean-start]
 CMS: abort preclean due to time 2020-12-16T22:31:00.925+0800: 254.589: [CMS-concurrent-abortable-preclean: 0.066/5.090 secs] [Times: user=0.14 sys=0.14, real=5.09 secs] 
2020-12-16T22:31:00.925+0800: 254.589: [GC (CMS Final Remark) [YG occupancy: 595018 K (943680 K)]2020-12-16T22:31:00.925+0800: 254.589: [Rescan (parallel) , 0.0864895 secs]2020-12-16T22:31:01.012+0800: 254.676: [weak refs processing, 0.0006216 secs][1 CMS-remark: 63K(64K)] 595082K(943744K), 0.0872055 secs] [Times: user=0.75 sys=0.00, real=0.09 secs] 
2020-12-16T22:31:01.013+0800: 254.677: [CMS-concurrent-sweep-start]
2020-12-16T22:31:01.013+0800: 254.677: [CMS-concurrent-sweep: 0.000/0.000 secs] [Times: user=0.00 sys=0.00, real=0.00 secs] 
2020-12-16T22:31:01.013+0800: 254.677: [CMS-concurrent-reset-start]
2020-12-16T22:31:01.013+0800: 254.677: [CMS-concurrent-reset: 0.000/0.000 secs] [Times: user=0.00 sys=0.00, real=0.00 secs] 
2020-12-16T22:31:03.012+0800: 256.676: [GC (CMS Initial Mark) [1 CMS-initial-mark: 63K(64K)] 596480K(943744K), 0.0586816 secs] [Times: user=0.22 sys=0.00, real=0.06 secs] 
2020-12-16T22:31:03.071+0800: 256.735: [CMS-concurrent-mark-start]
2020-12-16T22:31:03.071+0800: 256.736: [CMS-concurrent-mark: 0.000/0.000 secs] [Times: user=0.00 sys=0.00, real=0.00 secs] 
2020-12-16T22:31:03.071+0800: 256.736: [CMS-concurrent-preclean-start]
2020-12-16T22:31:03.072+0800: 256.737: [CMS-concurrent-preclean: 0.001/0.001 secs] [Times: user=0.02 sys=0.00, real=0.00 secs] 
2020-12-16T22:31:03.072+0800: 256.737: [CMS-concurrent-abortable-preclean-start]
 CMS: abort preclean due to time 2020-12-16T22:31:08.157+0800: 261.821: [CMS-concurrent-abortable-preclean: 0.063/5.084 secs] [Times: user=0.03 sys=0.09, real=5.09 secs] 
2020-12-16T22:31:08.157+0800: 261.821: [GC (CMS Final Remark) [YG occupancy: 597814 K (943680 K)]2020-12-16T22:31:08.157+0800: 261.821: [Rescan (parallel) , 0.1071510 secs]2020-12-16T22:31:08.264+0800: 261.929: [weak refs processing, 0.0006256 secs][1 CMS-remark: 63K(64K)] 597878K(943744K), 0.1078720 secs] [Times: user=1.05 sys=0.00, real=0.11 secs] 
2020-12-16T22:31:08.265+0800: 261.929: [CMS-concurrent-sweep-start]
2020-12-16T22:31:08.265+0800: 261.929: [CMS-concurrent-sweep: 0.000/0.000 secs] [Times: user=0.00 sys=0.00, real=0.00 secs] 
2020-12-16T22:31:08.265+0800: 261.929: [CMS-concurrent-reset-start]
2020-12-16T22:31:08.265+0800: 261.929: [CMS-concurrent-reset: 0.000/0.000 secs] [Times: user=0.00 sys=0.00, real=0.00 secs] 
2020-12-16T22:31:10.265+0800: 263.929: [GC (CMS Initial Mark) [1 CMS-initial-mark: 63K(64K)] 599276K(943744K), 0.0603351 secs] [Times: user=0.23 sys=0.00, real=0.06 secs] 
2020-12-16T22:31:10.325+0800: 263.990: [CMS-concurrent-mark-start]
2020-12-16T22:31:10.326+0800: 263.990: [CMS-concurrent-mark: 0.000/0.000 secs] [Times: user=0.00 sys=0.00, real=0.00 secs] 
2020-12-16T22:31:10.326+0800: 263.990: [CMS-concurrent-preclean-start]
2020-12-16T22:31:10.327+0800: 263.991: [CMS-concurrent-preclean: 0.001/0.001 secs] [Times: user=0.00 sys=0.00, real=0.00 secs] 
2020-12-16T22:31:10.327+0800: 263.991: [CMS-concurrent-abortable-preclean-start]
 CMS: abort preclean due to time 2020-12-16T22:31:15.329+0800: 268.993: [CMS-concurrent-abortable-preclean: 0.074/5.002 secs] [Times: user=0.19 sys=0.20, real=5.00 secs] 
2020-12-16T22:31:15.330+0800: 268.994: [GC (CMS Final Remark) [YG occupancy: 600610 K (943680 K)]2020-12-16T22:31:15.330+0800: 268.994: [Rescan (parallel) , 0.0947692 secs]2020-12-16T22:31:15.424+0800: 269.089: [weak refs processing, 0.0008822 secs][1 CMS-remark: 63K(64K)] 600674K(943744K), 0.0958020 secs] [Times: user=0.36 sys=0.00, real=0.10 secs] 
2020-12-16T22:31:15.426+0800: 269.090: [CMS-concurrent-sweep-start]
2020-12-16T22:31:15.426+0800: 269.090: [CMS-concurrent-sweep: 0.000/0.000 secs] [Times: user=0.00 sys=0.00, real=0.00 secs] 
2020-12-16T22:31:15.426+0800: 269.090: [CMS-concurrent-reset-start]
2020-12-16T22:31:15.426+0800: 269.090: [CMS-concurrent-reset: 0.000/0.000 secs] [Times: user=0.00 sys=0.00, real=0.00 secs] 
2020-12-16T22:31:17.426+0800: 271.090: [GC (CMS Initial Mark) [1 CMS-initial-mark: 63K(64K)] 602072K(943744K), 0.0554682 secs] [Times: user=0.27 sys=0.00, real=0.05 secs] 
2020-12-16T22:31:17.480+0800: 271.145: [CMS-concurrent-mark-start]
2020-12-16T22:31:17.481+0800: 271.145: [CMS-concurrent-mark: 0.000/0.000 secs] [Times: user=0.00 sys=0.00, real=0.00 secs] 
2020-12-16T22:31:17.481+0800: 271.145: [CMS-concurrent-preclean-start]
2020-12-16T22:31:17.482+0800: 271.146: [CMS-concurrent-preclean: 0.001/0.001 secs] [Times: user=0.00 sys=0.00, real=0.00 secs] 
2020-12-16T22:31:17.482+0800: 271.147: [CMS-concurrent-abortable-preclean-start]
 CMS: abort preclean due to time 2020-12-16T22:31:22.568+0800: 276.232: [CMS-concurrent-abortable-preclean: 0.067/5.085 secs] [Times: user=0.03 sys=0.14, real=5.09 secs] 
2020-12-16T22:31:22.568+0800: 276.232: [GC (CMS Final Remark) [YG occupancy: 603406 K (943680 K)]2020-12-16T22:31:22.568+0800: 276.232: [Rescan (parallel) , 0.0784631 secs]2020-12-16T22:31:22.647+0800: 276.311: [weak refs processing, 0.0005731 secs][1 CMS-remark: 63K(64K)] 603470K(943744K), 0.0791296 secs] [Times: user=0.76 sys=0.00, real=0.08 secs] 
2020-12-16T22:31:22.647+0800: 276.311: [CMS-concurrent-sweep-start]
2020-12-16T22:31:22.647+0800: 276.312: [CMS-concurrent-sweep: 0.000/0.000 secs] [Times: user=0.00 sys=0.00, real=0.00 secs] 
2020-12-16T22:31:22.647+0800: 276.312: [CMS-concurrent-reset-start]
2020-12-16T22:31:22.647+0800: 276.312: [CMS-concurrent-reset: 0.000/0.000 secs] [Times: user=0.00 sys=0.00, real=0.00 secs] 
2020-12-16T22:31:24.648+0800: 278.312: [GC (CMS Initial Mark) [1 CMS-initial-mark: 63K(64K)] 604868K(943744K), 0.0555374 secs] [Times: user=0.34 sys=0.00, real=0.06 secs] 
2020-12-16T22:31:24.703+0800: 278.368: [CMS-concurrent-mark-start]
2020-12-16T22:31:24.704+0800: 278.368: [CMS-concurrent-mark: 0.000/0.000 secs] [Times: user=0.00 sys=0.00, real=0.00 secs] 
2020-12-16T22:31:24.704+0800: 278.368: [CMS-concurrent-preclean-start]
2020-12-16T22:31:24.705+0800: 278.369: [CMS-concurrent-preclean: 0.001/0.001 secs] [Times: user=0.00 sys=0.00, real=0.00 secs] 
2020-12-16T22:31:24.705+0800: 278.369: [CMS-concurrent-abortable-preclean-start]
 CMS: abort preclean due to time 2020-12-16T22:31:29.796+0800: 283.461: [CMS-concurrent-abortable-preclean: 0.069/5.092 secs] [Times: user=0.20 sys=0.13, real=5.09 secs] 
2020-12-16T22:31:29.797+0800: 283.461: [GC (CMS Final Remark) [YG occupancy: 606203 K (943680 K)]2020-12-16T22:31:29.797+0800: 283.461: [Rescan (parallel) , 0.1008021 secs]2020-12-16T22:31:29.898+0800: 283.562: [weak refs processing, 0.0008291 secs][1 CMS-remark: 63K(64K)] 606267K(943744K), 0.1017705 secs] [Times: user=0.51 sys=0.00, real=0.10 secs] 
2020-12-16T22:31:29.899+0800: 283.563: [CMS-concurrent-sweep-start]
2020-12-16T22:31:29.899+0800: 283.563: [CMS-concurrent-sweep: 0.000/0.000 secs] [Times: user=0.00 sys=0.00, real=0.00 secs] 
2020-12-16T22:31:29.899+0800: 283.563: [CMS-concurrent-reset-start]
2020-12-16T22:31:29.899+0800: 283.563: [CMS-concurrent-reset: 0.000/0.000 secs] [Times: user=0.00 sys=0.00, real=0.00 secs] 
2020-12-16T22:31:31.899+0800: 285.563: [GC (CMS Initial Mark) [1 CMS-initial-mark: 63K(64K)] 607665K(943744K), 0.0744604 secs] [Times: user=0.39 sys=0.00, real=0.07 secs] 
2020-12-16T22:31:31.973+0800: 285.637: [CMS-concurrent-mark-start]
2020-12-16T22:31:31.974+0800: 285.638: [CMS-concurrent-mark: 0.000/0.000 secs] [Times: user=0.00 sys=0.00, real=0.00 secs] 
2020-12-16T22:31:31.974+0800: 285.638: [CMS-concurrent-preclean-start]
2020-12-16T22:31:31.975+0800: 285.639: [CMS-concurrent-preclean: 0.001/0.001 secs] [Times: user=0.00 sys=0.00, real=0.00 secs] 
2020-12-16T22:31:31.975+0800: 285.639: [CMS-concurrent-abortable-preclean-start]
 CMS: abort preclean due to time 2020-12-16T22:31:36.976+0800: 290.640: [CMS-concurrent-abortable-preclean: 0.063/5.002 secs] [Times: user=0.16 sys=0.11, real=5.00 secs] 
2020-12-16T22:31:36.976+0800: 290.641: [GC (CMS Final Remark) [YG occupancy: 615989 K (943680 K)]2020-12-16T22:31:36.976+0800: 290.641: [Rescan (parallel) , 0.0883017 secs]2020-12-16T22:31:37.065+0800: 290.729: [weak refs processing, 0.0006487 secs][1 CMS-remark: 63K(64K)] 616053K(943744K), 0.0890448 secs] [Times: user=0.78 sys=0.02, real=0.09 secs] 
2020-12-16T22:31:37.066+0800: 290.730: [CMS-concurrent-sweep-start]
2020-12-16T22:31:37.066+0800: 290.730: [CMS-concurrent-sweep: 0.000/0.000 secs] [Times: user=0.00 sys=0.00, real=0.00 secs] 
2020-12-16T22:31:37.066+0800: 290.730: [CMS-concurrent-reset-start]
2020-12-16T22:31:37.066+0800: 290.730: [CMS-concurrent-reset: 0.000/0.000 secs] [Times: user=0.00 sys=0.00, real=0.00 secs] 
2020-12-16T22:31:39.066+0800: 292.730: [GC (CMS Initial Mark) [1 CMS-initial-mark: 63K(64K)] 634228K(943744K), 0.0683975 secs] [Times: user=0.31 sys=0.00, real=0.07 secs] 
2020-12-16T22:31:39.134+0800: 292.798: [CMS-concurrent-mark-start]
2020-12-16T22:31:39.135+0800: 292.799: [CMS-concurrent-mark: 0.000/0.000 secs] [Times: user=0.05 sys=0.00, real=0.00 secs] 
2020-12-16T22:31:39.135+0800: 292.799: [CMS-concurrent-preclean-start]
2020-12-16T22:31:39.136+0800: 292.800: [CMS-concurrent-preclean: 0.001/0.001 secs] [Times: user=0.00 sys=0.00, real=0.00 secs] 
2020-12-16T22:31:39.136+0800: 292.800: [CMS-concurrent-abortable-preclean-start]
 CMS: abort preclean due to time 2020-12-16T22:31:44.215+0800: 297.879: [CMS-concurrent-abortable-preclean: 0.064/5.080 secs] [Times: user=0.14 sys=0.11, real=5.08 secs] 
2020-12-16T22:31:44.215+0800: 297.880: [GC (CMS Final Remark) [YG occupancy: 636961 K (943680 K)]2020-12-16T22:31:44.215+0800: 297.880: [Rescan (parallel) , 0.0795997 secs]2020-12-16T22:31:44.295+0800: 297.959: [weak refs processing, 0.0006813 secs][1 CMS-remark: 63K(64K)] 637024K(943744K), 0.0803630 secs] [Times: user=0.67 sys=0.00, real=0.08 secs] 
2020-12-16T22:31:44.296+0800: 297.960: [CMS-concurrent-sweep-start]
2020-12-16T22:31:44.296+0800: 297.960: [CMS-concurrent-sweep: 0.000/0.000 secs] [Times: user=0.00 sys=0.00, real=0.00 secs] 
2020-12-16T22:31:44.296+0800: 297.960: [CMS-concurrent-reset-start]
2020-12-16T22:31:44.296+0800: 297.960: [CMS-concurrent-reset: 0.000/0.000 secs] [Times: user=0.00 sys=0.00, real=0.00 secs] 
2020-12-16T22:31:46.296+0800: 299.960: [GC (CMS Initial Mark) [1 CMS-initial-mark: 63K(64K)] 637024K(943744K), 0.0667041 secs] [Times: user=0.34 sys=0.00, real=0.07 secs] 
2020-12-16T22:31:46.363+0800: 300.027: [CMS-concurrent-mark-start]
2020-12-16T22:31:46.363+0800: 300.027: [CMS-concurrent-mark: 0.000/0.000 secs] [Times: user=0.00 sys=0.00, real=0.00 secs] 
2020-12-16T22:31:46.363+0800: 300.027: [CMS-concurrent-preclean-start]
2020-12-16T22:31:46.364+0800: 300.029: [CMS-concurrent-preclean: 0.001/0.001 secs] [Times: user=0.00 sys=0.00, real=0.00 secs] 
2020-12-16T22:31:46.364+0800: 300.029: [CMS-concurrent-abortable-preclean-start]
 CMS: abort preclean due to time 2020-12-16T22:31:51.450+0800: 305.114: [CMS-concurrent-abortable-preclean: 0.065/5.086 secs] [Times: user=0.08 sys=0.14, real=5.09 secs] 
2020-12-16T22:31:51.450+0800: 305.115: [GC (CMS Final Remark) [YG occupancy: 639757 K (943680 K)]2020-12-16T22:31:51.450+0800: 305.115: [Rescan (parallel) , 0.0882410 secs]2020-12-16T22:31:51.539+0800: 305.203: [weak refs processing, 0.0005764 secs][1 CMS-remark: 63K(64K)] 639821K(943744K), 0.0889064 secs] [Times: user=0.73 sys=0.00, real=0.09 secs] 
2020-12-16T22:31:51.540+0800: 305.204: [CMS-concurrent-sweep-start]
2020-12-16T22:31:51.540+0800: 305.204: [CMS-concurrent-sweep: 0.000/0.000 secs] [Times: user=0.00 sys=0.00, real=0.00 secs] 
2020-12-16T22:31:51.540+0800: 305.204: [CMS-concurrent-reset-start]
2020-12-16T22:31:51.540+0800: 305.204: [CMS-concurrent-reset: 0.000/0.000 secs] [Times: user=0.00 sys=0.00, real=0.00 secs] 
2020-12-16T22:31:53.539+0800: 307.203: [GC (CMS Initial Mark) [1 CMS-initial-mark: 63K(64K)] 639821K(943744K), 0.0584969 secs] [Times: user=0.36 sys=0.00, real=0.06 secs] 
2020-12-16T22:31:53.597+0800: 307.262: [CMS-concurrent-mark-start]
2020-12-16T22:31:53.598+0800: 307.262: [CMS-concurrent-mark: 0.000/0.000 secs] [Times: user=0.00 sys=0.00, real=0.00 secs] 
2020-12-16T22:31:53.598+0800: 307.262: [CMS-concurrent-preclean-start]
2020-12-16T22:31:53.599+0800: 307.263: [CMS-concurrent-preclean: 0.001/0.001 secs] [Times: user=0.00 sys=0.00, real=0.00 secs] 
2020-12-16T22:31:53.599+0800: 307.263: [CMS-concurrent-abortable-preclean-start]
 CMS: abort preclean due to time 2020-12-16T22:31:58.681+0800: 312.345: [CMS-concurrent-abortable-preclean: 0.065/5.082 secs] [Times: user=0.06 sys=0.08, real=5.08 secs] 
2020-12-16T22:31:58.681+0800: 312.345: [GC (CMS Final Remark) [YG occupancy: 642553 K (943680 K)]2020-12-16T22:31:58.681+0800: 312.345: [Rescan (parallel) , 0.0831883 secs]2020-12-16T22:31:58.764+0800: 312.429: [weak refs processing, 0.0005716 secs][1 CMS-remark: 63K(64K)] 642617K(943744K), 0.0838454 secs] [Times: user=0.88 sys=0.00, real=0.08 secs] 
2020-12-16T22:31:58.765+0800: 312.429: [CMS-concurrent-sweep-start]
2020-12-16T22:31:58.765+0800: 312.430: [CMS-concurrent-sweep: 0.000/0.000 secs] [Times: user=0.00 sys=0.00, real=0.00 secs] 
2020-12-16T22:31:58.765+0800: 312.430: [CMS-concurrent-reset-start]
2020-12-16T22:31:58.765+0800: 312.430: [CMS-concurrent-reset: 0.000/0.000 secs] [Times: user=0.00 sys=0.00, real=0.00 secs] 
2020-12-16T22:32:00.767+0800: 314.431: [GC (CMS Initial Mark) [1 CMS-initial-mark: 63K(64K)] 645972K(943744K), 0.0591622 secs] [Times: user=0.27 sys=0.00, real=0.06 secs] 
2020-12-16T22:32:00.825+0800: 314.490: [CMS-concurrent-mark-start]
2020-12-16T22:32:00.825+0800: 314.490: [CMS-concurrent-mark: 0.000/0.000 secs] [Times: user=0.00 sys=0.00, real=0.00 secs] 
2020-12-16T22:32:00.825+0800: 314.490: [CMS-concurrent-preclean-start]
2020-12-16T22:32:00.826+0800: 314.491: [CMS-concurrent-preclean: 0.001/0.001 secs] [Times: user=0.00 sys=0.00, real=0.00 secs] 
2020-12-16T22:32:00.826+0800: 314.491: [CMS-concurrent-abortable-preclean-start]
 CMS: abort preclean due to time 2020-12-16T22:32:05.916+0800: 319.580: [CMS-concurrent-abortable-preclean: 0.070/5.089 secs] [Times: user=0.09 sys=0.11, real=5.09 secs] 
2020-12-16T22:32:05.916+0800: 319.580: [GC (CMS Final Remark) [YG occupancy: 648704 K (943680 K)]2020-12-16T22:32:05.916+0800: 319.580: [Rescan (parallel) , 0.0814213 secs]2020-12-16T22:32:05.998+0800: 319.662: [weak refs processing, 0.0006759 secs][1 CMS-remark: 63K(64K)] 648768K(943744K), 0.0822350 secs] [Times: user=0.76 sys=0.02, real=0.08 secs] 
2020-12-16T22:32:05.999+0800: 319.663: [CMS-concurrent-sweep-start]
2020-12-16T22:32:05.999+0800: 319.663: [CMS-concurrent-sweep: 0.000/0.000 secs] [Times: user=0.00 sys=0.00, real=0.00 secs] 
2020-12-16T22:32:05.999+0800: 319.663: [CMS-concurrent-reset-start]
2020-12-16T22:32:05.999+0800: 319.663: [CMS-concurrent-reset: 0.000/0.000 secs] [Times: user=0.00 sys=0.00, real=0.00 secs] 
2020-12-16T22:32:07.999+0800: 321.663: [GC (CMS Initial Mark) [1 CMS-initial-mark: 63K(64K)] 648768K(943744K), 0.0574634 secs] [Times: user=0.26 sys=0.00, real=0.06 secs] 
2020-12-16T22:32:08.057+0800: 321.721: [CMS-concurrent-mark-start]
2020-12-16T22:32:08.057+0800: 321.721: [CMS-concurrent-mark: 0.000/0.000 secs] [Times: user=0.00 sys=0.00, real=0.00 secs] 
2020-12-16T22:32:08.057+0800: 321.721: [CMS-concurrent-preclean-start]
2020-12-16T22:32:08.058+0800: 321.722: [CMS-concurrent-preclean: 0.001/0.001 secs] [Times: user=0.00 sys=0.00, real=0.00 secs] 
2020-12-16T22:32:08.058+0800: 321.722: [CMS-concurrent-abortable-preclean-start]
 CMS: abort preclean due to time 2020-12-16T22:32:13.140+0800: 326.804: [CMS-concurrent-abortable-preclean: 0.067/5.082 secs] [Times: user=0.02 sys=0.11, real=5.08 secs] 
2020-12-16T22:32:13.140+0800: 326.804: [GC (CMS Final Remark) [YG occupancy: 651501 K (943680 K)]2020-12-16T22:32:13.140+0800: 326.804: [Rescan (parallel) , 0.0950418 secs]2020-12-16T22:32:13.235+0800: 326.899: [weak refs processing, 0.0006848 secs][1 CMS-remark: 63K(64K)] 651564K(943744K), 0.0958146 secs] [Times: user=0.81 sys=0.03, real=0.09 secs] 
2020-12-16T22:32:13.235+0800: 326.900: [CMS-concurrent-sweep-start]
2020-12-16T22:32:13.236+0800: 326.900: [CMS-concurrent-sweep: 0.000/0.000 secs] [Times: user=0.00 sys=0.00, real=0.00 secs] 
2020-12-16T22:32:13.236+0800: 326.900: [CMS-concurrent-reset-start]
2020-12-16T22:32:13.236+0800: 326.900: [CMS-concurrent-reset: 0.000/0.000 secs] [Times: user=0.00 sys=0.00, real=0.00 secs] 
2020-12-16T22:32:15.235+0800: 328.899: [GC (CMS Initial Mark) [1 CMS-initial-mark: 63K(64K)] 651564K(943744K), 0.0754593 secs] [Times: user=0.41 sys=0.00, real=0.08 secs] 
2020-12-16T22:32:15.310+0800: 328.975: [CMS-concurrent-mark-start]
2020-12-16T22:32:15.311+0800: 328.975: [CMS-concurrent-mark: 0.000/0.000 secs] [Times: user=0.00 sys=0.00, real=0.00 secs] 
2020-12-16T22:32:15.311+0800: 328.975: [CMS-concurrent-preclean-start]
2020-12-16T22:32:15.312+0800: 328.976: [CMS-concurrent-preclean: 0.001/0.001 secs] [Times: user=0.00 sys=0.00, real=0.00 secs] 
2020-12-16T22:32:15.312+0800: 328.976: [CMS-concurrent-abortable-preclean-start]
 CMS: abort preclean due to time 2020-12-16T22:32:20.396+0800: 334.060: [CMS-concurrent-abortable-preclean: 0.066/5.084 secs] [Times: user=0.09 sys=0.17, real=5.08 secs] 
2020-12-16T22:32:20.396+0800: 334.061: [GC (CMS Final Remark) [YG occupancy: 654297 K (943680 K)]2020-12-16T22:32:20.396+0800: 334.061: [Rescan (parallel) , 0.0824590 secs]2020-12-16T22:32:20.479+0800: 334.143: [weak refs processing, 0.0006753 secs][1 CMS-remark: 63K(64K)] 654361K(943744K), 0.0832153 secs] [Times: user=0.80 sys=0.00, real=0.08 secs] 
2020-12-16T22:32:20.480+0800: 334.144: [CMS-concurrent-sweep-start]
2020-12-16T22:32:20.480+0800: 334.144: [CMS-concurrent-sweep: 0.000/0.000 secs] [Times: user=0.00 sys=0.00, real=0.00 secs] 
2020-12-16T22:32:20.480+0800: 334.144: [CMS-concurrent-reset-start]
2020-12-16T22:32:20.480+0800: 334.144: [CMS-concurrent-reset: 0.000/0.000 secs] [Times: user=0.00 sys=0.00, real=0.00 secs] 
2020-12-16T22:32:22.479+0800: 336.143: [GC (CMS Initial Mark) [1 CMS-initial-mark: 63K(64K)] 654361K(943744K), 0.0703182 secs] [Times: user=0.22 sys=0.00, real=0.07 secs] 
2020-12-16T22:32:22.549+0800: 336.214: [CMS-concurrent-mark-start]
2020-12-16T22:32:22.549+0800: 336.214: [CMS-concurrent-mark: 0.000/0.000 secs] [Times: user=0.00 sys=0.00, real=0.00 secs] 
2020-12-16T22:32:22.549+0800: 336.214: [CMS-concurrent-preclean-start]
2020-12-16T22:32:22.550+0800: 336.215: [CMS-concurrent-preclean: 0.001/0.001 secs] [Times: user=0.00 sys=0.00, real=0.00 secs] 
2020-12-16T22:32:22.550+0800: 336.215: [CMS-concurrent-abortable-preclean-start]
 CMS: abort preclean due to time 2020-12-16T22:32:27.643+0800: 341.307: [CMS-concurrent-abortable-preclean: 0.065/5.092 secs] [Times: user=0.13 sys=0.08, real=5.09 secs] 
2020-12-16T22:32:27.643+0800: 341.307: [GC (CMS Final Remark) [YG occupancy: 657093 K (943680 K)]2020-12-16T22:32:27.643+0800: 341.307: [Rescan (parallel) , 0.0804132 secs]2020-12-16T22:32:27.724+0800: 341.387: [weak refs processing, 0.0005708 secs][1 CMS-remark: 63K(64K)] 657157K(943744K), 0.0810685 secs] [Times: user=0.74 sys=0.01, real=0.08 secs] 
2020-12-16T22:32:27.724+0800: 341.388: [CMS-concurrent-sweep-start]
2020-12-16T22:32:27.724+0800: 341.388: [CMS-concurrent-sweep: 0.000/0.000 secs] [Times: user=0.00 sys=0.00, real=0.00 secs] 
2020-12-16T22:32:27.724+0800: 341.388: [CMS-concurrent-reset-start]
2020-12-16T22:32:27.724+0800: 341.388: [CMS-concurrent-reset: 0.000/0.000 secs] [Times: user=0.00 sys=0.00, real=0.00 secs] 
2020-12-16T22:32:29.725+0800: 343.389: [GC (CMS Initial Mark) [1 CMS-initial-mark: 63K(64K)] 658555K(943744K), 0.0606377 secs] [Times: user=0.33 sys=0.00, real=0.06 secs] 
2020-12-16T22:32:29.785+0800: 343.449: [CMS-concurrent-mark-start]
2020-12-16T22:32:29.785+0800: 343.449: [CMS-concurrent-mark: 0.000/0.000 secs] [Times: user=0.00 sys=0.00, real=0.00 secs] 
2020-12-16T22:32:29.785+0800: 343.449: [CMS-concurrent-preclean-start]
2020-12-16T22:32:29.786+0800: 343.450: [CMS-concurrent-preclean: 0.001/0.001 secs] [Times: user=0.00 sys=0.00, real=0.00 secs] 
2020-12-16T22:32:29.786+0800: 343.451: [CMS-concurrent-abortable-preclean-start]
 CMS: abort preclean due to time 2020-12-16T22:32:34.872+0800: 348.536: [CMS-concurrent-abortable-preclean: 0.062/5.085 secs] [Times: user=0.05 sys=0.14, real=5.09 secs] 
2020-12-16T22:32:34.872+0800: 348.536: [GC (CMS Final Remark) [YG occupancy: 659889 K (943680 K)]2020-12-16T22:32:34.872+0800: 348.536: [Rescan (parallel) , 0.1007390 secs]2020-12-16T22:32:34.973+0800: 348.637: [weak refs processing, 0.0007145 secs][1 CMS-remark: 63K(64K)] 659953K(943744K), 0.1015531 secs] [Times: user=0.86 sys=0.00, real=0.10 secs] 
2020-12-16T22:32:34.974+0800: 348.638: [CMS-concurrent-sweep-start]
2020-12-16T22:32:34.974+0800: 348.638: [CMS-concurrent-sweep: 0.000/0.000 secs] [Times: user=0.00 sys=0.00, real=0.00 secs] 
2020-12-16T22:32:34.974+0800: 348.638: [CMS-concurrent-reset-start]
2020-12-16T22:32:34.974+0800: 348.638: [CMS-concurrent-reset: 0.000/0.000 secs] [Times: user=0.00 sys=0.00, real=0.00 secs] 
2020-12-16T22:32:36.975+0800: 350.639: [GC (CMS Initial Mark) [1 CMS-initial-mark: 63K(64K)] 661351K(943744K), 0.0822007 secs] [Times: user=0.36 sys=0.00, real=0.08 secs] 
2020-12-16T22:32:37.057+0800: 350.721: [CMS-concurrent-mark-start]
2020-12-16T22:32:37.058+0800: 350.722: [CMS-concurrent-mark: 0.000/0.000 secs] [Times: user=0.00 sys=0.00, real=0.00 secs] 
2020-12-16T22:32:37.058+0800: 350.722: [CMS-concurrent-preclean-start]
2020-12-16T22:32:37.059+0800: 350.723: [CMS-concurrent-preclean: 0.001/0.001 secs] [Times: user=0.00 sys=0.00, real=0.00 secs] 
2020-12-16T22:32:37.059+0800: 350.723: [CMS-concurrent-abortable-preclean-start]
 CMS: abort preclean due to time 2020-12-16T22:32:42.150+0800: 355.814: [CMS-concurrent-abortable-preclean: 0.071/5.091 secs] [Times: user=0.19 sys=0.14, real=5.09 secs] 
2020-12-16T22:32:42.150+0800: 355.815: [GC (CMS Final Remark) [YG occupancy: 675268 K (943680 K)]2020-12-16T22:32:42.151+0800: 355.815: [Rescan (parallel) , 0.1227386 secs]2020-12-16T22:32:42.274+0800: 355.938: [weak refs processing, 0.0007070 secs][1 CMS-remark: 63K(64K)] 675332K(943744K), 0.1235984 secs] [Times: user=1.00 sys=0.03, real=0.12 secs] 
2020-12-16T22:32:42.274+0800: 355.939: [CMS-concurrent-sweep-start]
2020-12-16T22:32:42.275+0800: 355.939: [CMS-concurrent-sweep: 0.000/0.000 secs] [Times: user=0.00 sys=0.00, real=0.00 secs] 
2020-12-16T22:32:42.275+0800: 355.939: [CMS-concurrent-reset-start]
2020-12-16T22:32:42.275+0800: 355.939: [CMS-concurrent-reset: 0.000/0.000 secs] [Times: user=0.00 sys=0.00, real=0.00 secs] 
2020-12-16T22:32:44.274+0800: 357.938: [GC (CMS Initial Mark) [1 CMS-initial-mark: 63K(64K)] 676730K(943744K), 0.0700519 secs] [Times: user=0.36 sys=0.00, real=0.07 secs] 
2020-12-16T22:32:44.344+0800: 358.008: [CMS-concurrent-mark-start]
2020-12-16T22:32:44.344+0800: 358.009: [CMS-concurrent-mark: 0.000/0.000 secs] [Times: user=0.00 sys=0.00, real=0.00 secs] 
2020-12-16T22:32:44.344+0800: 358.009: [CMS-concurrent-preclean-start]
2020-12-16T22:32:44.345+0800: 358.010: [CMS-concurrent-preclean: 0.001/0.001 secs] [Times: user=0.00 sys=0.00, real=0.00 secs] 
2020-12-16T22:32:44.345+0800: 358.010: [CMS-concurrent-abortable-preclean-start]
 CMS: abort preclean due to time 2020-12-16T22:32:49.429+0800: 363.093: [CMS-concurrent-abortable-preclean: 0.066/5.084 secs] [Times: user=0.11 sys=0.16, real=5.08 secs] 
2020-12-16T22:32:49.429+0800: 363.094: [GC (CMS Final Remark) [YG occupancy: 678064 K (943680 K)]2020-12-16T22:32:49.429+0800: 363.094: [Rescan (parallel) , 0.0866007 secs]2020-12-16T22:32:49.516+0800: 363.180: [weak refs processing, 0.0007176 secs][1 CMS-remark: 63K(64K)] 678128K(943744K), 0.0874032 secs] [Times: user=0.86 sys=0.00, real=0.09 secs] 
2020-12-16T22:32:49.517+0800: 363.181: [CMS-concurrent-sweep-start]
2020-12-16T22:32:49.517+0800: 363.181: [CMS-concurrent-sweep: 0.000/0.000 secs] [Times: user=0.00 sys=0.00, real=0.00 secs] 
2020-12-16T22:32:49.517+0800: 363.181: [CMS-concurrent-reset-start]
2020-12-16T22:32:49.517+0800: 363.181: [CMS-concurrent-reset: 0.000/0.000 secs] [Times: user=0.00 sys=0.00, real=0.00 secs] 
2020-12-16T22:32:51.517+0800: 365.181: [GC (CMS Initial Mark) [1 CMS-initial-mark: 63K(64K)] 679526K(943744K), 0.1341998 secs] [Times: user=0.91 sys=0.00, real=0.13 secs] 
2020-12-16T22:32:51.651+0800: 365.315: [CMS-concurrent-mark-start]
2020-12-16T22:32:51.651+0800: 365.316: [CMS-concurrent-mark: 0.000/0.000 secs] [Times: user=0.00 sys=0.00, real=0.00 secs] 
2020-12-16T22:32:51.651+0800: 365.316: [CMS-concurrent-preclean-start]
2020-12-16T22:32:51.653+0800: 365.317: [CMS-concurrent-preclean: 0.001/0.001 secs] [Times: user=0.00 sys=0.00, real=0.00 secs] 
2020-12-16T22:32:51.653+0800: 365.317: [CMS-concurrent-abortable-preclean-start]
 CMS: abort preclean due to time 2020-12-16T22:32:56.742+0800: 370.406: [CMS-concurrent-abortable-preclean: 0.070/5.089 secs] [Times: user=0.05 sys=0.09, real=5.09 secs] 
2020-12-16T22:32:56.742+0800: 370.406: [GC (CMS Final Remark) [YG occupancy: 680861 K (943680 K)]2020-12-16T22:32:56.742+0800: 370.407: [Rescan (parallel) , 0.0795902 secs]2020-12-16T22:32:56.822+0800: 370.486: [weak refs processing, 0.0006241 secs][1 CMS-remark: 63K(64K)] 680924K(943744K), 0.0803137 secs] [Times: user=0.72 sys=0.00, real=0.08 secs] 
2020-12-16T22:32:56.823+0800: 370.487: [CMS-concurrent-sweep-start]
2020-12-16T22:32:56.823+0800: 370.487: [CMS-concurrent-sweep: 0.000/0.000 secs] [Times: user=0.00 sys=0.00, real=0.00 secs] 
2020-12-16T22:32:56.823+0800: 370.487: [CMS-concurrent-reset-start]
2020-12-16T22:32:56.823+0800: 370.487: [CMS-concurrent-reset: 0.000/0.000 secs] [Times: user=0.00 sys=0.00, real=0.00 secs] 
2020-12-16T22:32:58.822+0800: 372.486: [GC (CMS Initial Mark) [1 CMS-initial-mark: 63K(64K)] 682323K(943744K), 0.0607173 secs] [Times: user=0.22 sys=0.00, real=0.06 secs] 
2020-12-16T22:32:58.883+0800: 372.547: [CMS-concurrent-mark-start]
2020-12-16T22:32:58.883+0800: 372.547: [CMS-concurrent-mark: 0.000/0.000 secs] [Times: user=0.00 sys=0.00, real=0.00 secs] 
2020-12-16T22:32:58.883+0800: 372.547: [CMS-concurrent-preclean-start]
2020-12-16T22:32:58.884+0800: 372.548: [CMS-concurrent-preclean: 0.001/0.001 secs] [Times: user=0.00 sys=0.00, real=0.00 secs] 
2020-12-16T22:32:58.884+0800: 372.548: [CMS-concurrent-abortable-preclean-start]
 CMS: abort preclean due to time 2020-12-16T22:33:03.973+0800: 377.637: [CMS-concurrent-abortable-preclean: 0.071/5.088 secs] [Times: user=0.11 sys=0.13, real=5.09 secs] 
2020-12-16T22:33:03.973+0800: 377.637: [GC (CMS Final Remark) [YG occupancy: 683657 K (943680 K)]2020-12-16T22:33:03.973+0800: 377.637: [Rescan (parallel) , 0.0811437 secs]2020-12-16T22:33:04.054+0800: 377.718: [weak refs processing, 0.0005867 secs][1 CMS-remark: 63K(64K)] 683721K(943744K), 0.0818222 secs] [Times: user=0.72 sys=0.00, real=0.08 secs] 
2020-12-16T22:33:04.055+0800: 377.719: [CMS-concurrent-sweep-start]
2020-12-16T22:33:04.055+0800: 377.719: [CMS-concurrent-sweep: 0.000/0.000 secs] [Times: user=0.00 sys=0.00, real=0.00 secs] 
2020-12-16T22:33:04.055+0800: 377.719: [CMS-concurrent-reset-start]
2020-12-16T22:33:04.055+0800: 377.719: [CMS-concurrent-reset: 0.000/0.000 secs] [Times: user=0.00 sys=0.00, real=0.00 secs] 
2020-12-16T22:33:06.055+0800: 379.719: [GC (CMS Initial Mark) [1 CMS-initial-mark: 63K(64K)] 685119K(943744K), 0.0741778 secs] [Times: user=0.41 sys=0.00, real=0.07 secs] 
2020-12-16T22:33:06.129+0800: 379.793: [CMS-concurrent-mark-start]
2020-12-16T22:33:06.130+0800: 379.794: [CMS-concurrent-mark: 0.000/0.000 secs] [Times: user=0.00 sys=0.00, real=0.00 secs] 
2020-12-16T22:33:06.130+0800: 379.794: [CMS-concurrent-preclean-start]
2020-12-16T22:33:06.131+0800: 379.795: [CMS-concurrent-preclean: 0.001/0.001 secs] [Times: user=0.00 sys=0.00, real=0.00 secs] 
2020-12-16T22:33:06.131+0800: 379.795: [CMS-concurrent-abortable-preclean-start]
 CMS: abort preclean due to time 2020-12-16T22:33:11.214+0800: 384.878: [CMS-concurrent-abortable-preclean: 0.063/5.084 secs] [Times: user=0.08 sys=0.17, real=5.08 secs] 
2020-12-16T22:33:11.214+0800: 384.879: [GC (CMS Final Remark) [YG occupancy: 686453 K (943680 K)]2020-12-16T22:33:11.214+0800: 384.879: [Rescan (parallel) , 0.0972857 secs]2020-12-16T22:33:11.312+0800: 384.976: [weak refs processing, 0.0006699 secs][1 CMS-remark: 63K(64K)] 686517K(943744K), 0.0980431 secs] [Times: user=0.86 sys=0.00, real=0.10 secs] 
2020-12-16T22:33:11.313+0800: 384.977: [CMS-concurrent-sweep-start]
2020-12-16T22:33:11.313+0800: 384.977: [CMS-concurrent-sweep: 0.000/0.000 secs] [Times: user=0.00 sys=0.00, real=0.00 secs] 
2020-12-16T22:33:11.313+0800: 384.977: [CMS-concurrent-reset-start]
2020-12-16T22:33:11.313+0800: 384.977: [CMS-concurrent-reset: 0.000/0.000 secs] [Times: user=0.00 sys=0.00, real=0.00 secs] 
2020-12-16T22:33:13.312+0800: 386.976: [GC (CMS Initial Mark) [1 CMS-initial-mark: 63K(64K)] 687915K(943744K), 0.0579111 secs] [Times: user=0.27 sys=0.00, real=0.06 secs] 
2020-12-16T22:33:13.370+0800: 387.034: [CMS-concurrent-mark-start]
2020-12-16T22:33:13.370+0800: 387.035: [CMS-concurrent-mark: 0.000/0.000 secs] [Times: user=0.00 sys=0.00, real=0.00 secs] 
2020-12-16T22:33:13.370+0800: 387.035: [CMS-concurrent-preclean-start]
2020-12-16T22:33:13.371+0800: 387.036: [CMS-concurrent-preclean: 0.001/0.001 secs] [Times: user=0.00 sys=0.00, real=0.00 secs] 
2020-12-16T22:33:13.371+0800: 387.036: [CMS-concurrent-abortable-preclean-start]
 CMS: abort preclean due to time 2020-12-16T22:33:18.451+0800: 392.115: [CMS-concurrent-abortable-preclean: 0.065/5.079 secs] [Times: user=0.03 sys=0.08, real=5.08 secs] 
2020-12-16T22:33:18.451+0800: 392.116: [GC (CMS Final Remark) [YG occupancy: 689249 K (943680 K)]2020-12-16T22:33:18.451+0800: 392.116: [Rescan (parallel) , 0.1172261 secs]2020-12-16T22:33:18.569+0800: 392.233: [weak refs processing, 0.0005890 secs][1 CMS-remark: 63K(64K)] 689313K(943744K), 0.1179651 secs] [Times: user=1.03 sys=0.00, real=0.12 secs] 
2020-12-16T22:33:18.570+0800: 392.234: [CMS-concurrent-sweep-start]
2020-12-16T22:33:18.570+0800: 392.234: [CMS-concurrent-sweep: 0.000/0.000 secs] [Times: user=0.00 sys=0.00, real=0.00 secs] 
2020-12-16T22:33:18.570+0800: 392.234: [CMS-concurrent-reset-start]
2020-12-16T22:33:18.570+0800: 392.234: [CMS-concurrent-reset: 0.000/0.000 secs] [Times: user=0.00 sys=0.00, real=0.00 secs] 
2020-12-16T22:33:20.570+0800: 394.234: [GC (CMS Initial Mark) [1 CMS-initial-mark: 63K(64K)] 690711K(943744K), 0.0571632 secs] [Times: user=0.34 sys=0.00, real=0.06 secs] 
2020-12-16T22:33:20.627+0800: 394.291: [CMS-concurrent-mark-start]
2020-12-16T22:33:20.627+0800: 394.291: [CMS-concurrent-mark: 0.000/0.000 secs] [Times: user=0.00 sys=0.00, real=0.00 secs] 
2020-12-16T22:33:20.627+0800: 394.291: [CMS-concurrent-preclean-start]
2020-12-16T22:33:20.628+0800: 394.292: [CMS-concurrent-preclean: 0.001/0.001 secs] [Times: user=0.00 sys=0.00, real=0.00 secs] 
2020-12-16T22:33:20.628+0800: 394.292: [CMS-concurrent-abortable-preclean-start]
 CMS: abort preclean due to time 2020-12-16T22:33:25.713+0800: 399.376: [CMS-concurrent-abortable-preclean: 0.069/5.084 secs] [Times: user=0.03 sys=0.09, real=5.09 secs] 
2020-12-16T22:33:25.713+0800: 399.377: [GC (CMS Final Remark) [YG occupancy: 693443 K (943680 K)]2020-12-16T22:33:25.713+0800: 399.377: [Rescan (parallel) , 0.0806603 secs]2020-12-16T22:33:25.793+0800: 399.457: [weak refs processing, 0.0006831 secs][1 CMS-remark: 63K(64K)] 693507K(943744K), 0.0814310 secs] [Times: user=0.84 sys=0.01, real=0.08 secs] 
2020-12-16T22:33:25.794+0800: 399.458: [CMS-concurrent-sweep-start]
2020-12-16T22:33:25.794+0800: 399.458: [CMS-concurrent-sweep: 0.000/0.000 secs] [Times: user=0.00 sys=0.00, real=0.00 secs] 
2020-12-16T22:33:25.794+0800: 399.458: [CMS-concurrent-reset-start]
2020-12-16T22:33:25.794+0800: 399.458: [CMS-concurrent-reset: 0.000/0.000 secs] [Times: user=0.00 sys=0.00, real=0.00 secs] 
2020-12-16T22:33:27.794+0800: 401.458: [GC (CMS Initial Mark) [1 CMS-initial-mark: 63K(64K)] 693507K(943744K), 0.0797287 secs] [Times: user=0.42 sys=0.00, real=0.08 secs] 
2020-12-16T22:33:27.874+0800: 401.538: [CMS-concurrent-mark-start]
2020-12-16T22:33:27.874+0800: 401.538: [CMS-concurrent-mark: 0.000/0.000 secs] [Times: user=0.00 sys=0.00, real=0.00 secs] 
2020-12-16T22:33:27.874+0800: 401.538: [CMS-concurrent-preclean-start]
2020-12-16T22:33:27.875+0800: 401.539: [CMS-concurrent-preclean: 0.001/0.001 secs] [Times: user=0.00 sys=0.00, real=0.00 secs] 
2020-12-16T22:33:27.875+0800: 401.539: [CMS-concurrent-abortable-preclean-start]
 CMS: abort preclean due to time 2020-12-16T22:33:32.963+0800: 406.627: [CMS-concurrent-abortable-preclean: 0.068/5.087 secs] [Times: user=0.09 sys=0.06, real=5.09 secs] 
2020-12-16T22:33:32.963+0800: 406.627: [GC (CMS Final Remark) [YG occupancy: 696239 K (943680 K)]2020-12-16T22:33:32.963+0800: 406.627: [Rescan (parallel) , 0.0901589 secs]2020-12-16T22:33:33.053+0800: 406.717: [weak refs processing, 0.0006886 secs][1 CMS-remark: 63K(64K)] 696303K(943744K), 0.0909414 secs] [Times: user=0.89 sys=0.01, real=0.09 secs] 
2020-12-16T22:33:33.053+0800: 406.718: [CMS-concurrent-sweep-start]
2020-12-16T22:33:33.053+0800: 406.718: [CMS-concurrent-sweep: 0.000/0.000 secs] [Times: user=0.00 sys=0.00, real=0.00 secs] 
2020-12-16T22:33:33.054+0800: 406.718: [CMS-concurrent-reset-start]
2020-12-16T22:33:33.054+0800: 406.718: [CMS-concurrent-reset: 0.000/0.000 secs] [Times: user=0.00 sys=0.00, real=0.00 secs] 
2020-12-16T22:33:35.054+0800: 408.718: [GC (CMS Initial Mark) [1 CMS-initial-mark: 63K(64K)] 696303K(943744K), 0.0644386 secs] [Times: user=0.36 sys=0.00, real=0.06 secs] 
2020-12-16T22:33:35.118+0800: 408.783: [CMS-concurrent-mark-start]
2020-12-16T22:33:35.119+0800: 408.783: [CMS-concurrent-mark: 0.000/0.000 secs] [Times: user=0.00 sys=0.00, real=0.00 secs] 
2020-12-16T22:33:35.119+0800: 408.783: [CMS-concurrent-preclean-start]
2020-12-16T22:33:35.120+0800: 408.784: [CMS-concurrent-preclean: 0.001/0.001 secs] [Times: user=0.02 sys=0.02, real=0.00 secs] 
2020-12-16T22:33:35.120+0800: 408.784: [CMS-concurrent-abortable-preclean-start]
 CMS: abort preclean due to time 2020-12-16T22:33:40.203+0800: 413.867: [CMS-concurrent-abortable-preclean: 0.066/5.083 secs] [Times: user=0.05 sys=0.09, real=5.08 secs] 
2020-12-16T22:33:40.203+0800: 413.867: [GC (CMS Final Remark) [YG occupancy: 699036 K (943680 K)]2020-12-16T22:33:40.203+0800: 413.867: [Rescan (parallel) , 0.0915671 secs]2020-12-16T22:33:40.295+0800: 413.959: [weak refs processing, 0.0006997 secs][1 CMS-remark: 63K(64K)] 699100K(943744K), 0.0923644 secs] [Times: user=0.84 sys=0.00, real=0.09 secs] 
2020-12-16T22:33:40.296+0800: 413.960: [CMS-concurrent-sweep-start]
2020-12-16T22:33:40.296+0800: 413.960: [CMS-concurrent-sweep: 0.000/0.000 secs] [Times: user=0.00 sys=0.00, real=0.00 secs] 
2020-12-16T22:33:40.296+0800: 413.960: [CMS-concurrent-reset-start]
2020-12-16T22:33:40.296+0800: 413.960: [CMS-concurrent-reset: 0.000/0.000 secs] [Times: user=0.00 sys=0.00, real=0.00 secs] 
2020-12-16T22:33:42.295+0800: 415.959: [GC (CMS Initial Mark) [1 CMS-initial-mark: 63K(64K)] 699100K(943744K), 0.0605950 secs] [Times: user=0.26 sys=0.00, real=0.06 secs] 
2020-12-16T22:33:42.356+0800: 416.020: [CMS-concurrent-mark-start]
2020-12-16T22:33:42.356+0800: 416.020: [CMS-concurrent-mark: 0.000/0.000 secs] [Times: user=0.00 sys=0.00, real=0.00 secs] 
2020-12-16T22:33:42.356+0800: 416.020: [CMS-concurrent-preclean-start]
2020-12-16T22:33:42.357+0800: 416.021: [CMS-concurrent-preclean: 0.001/0.001 secs] [Times: user=0.00 sys=0.00, real=0.00 secs] 
2020-12-16T22:33:42.357+0800: 416.021: [CMS-concurrent-abortable-preclean-start]
 CMS: abort preclean due to time 2020-12-16T22:33:47.441+0800: 421.105: [CMS-concurrent-abortable-preclean: 0.068/5.084 secs] [Times: user=0.08 sys=0.14, real=5.08 secs] 
2020-12-16T22:33:47.441+0800: 421.105: [GC (CMS Final Remark) [YG occupancy: 701832 K (943680 K)]2020-12-16T22:33:47.441+0800: 421.105: [Rescan (parallel) , 0.0805864 secs]2020-12-16T22:33:47.522+0800: 421.186: [weak refs processing, 0.0006738 secs][1 CMS-remark: 63K(64K)] 701896K(943744K), 0.0813422 secs] [Times: user=0.70 sys=0.01, real=0.08 secs] 
2020-12-16T22:33:47.523+0800: 421.187: [CMS-concurrent-sweep-start]
2020-12-16T22:33:47.523+0800: 421.187: [CMS-concurrent-sweep: 0.000/0.000 secs] [Times: user=0.00 sys=0.00, real=0.00 secs] 
2020-12-16T22:33:47.523+0800: 421.187: [CMS-concurrent-reset-start]
2020-12-16T22:33:47.523+0800: 421.187: [CMS-concurrent-reset: 0.000/0.000 secs] [Times: user=0.00 sys=0.00, real=0.00 secs] 
2020-12-16T22:33:49.522+0800: 423.186: [GC (CMS Initial Mark) [1 CMS-initial-mark: 63K(64K)] 701896K(943744K), 0.0616795 secs] [Times: user=0.34 sys=0.00, real=0.06 secs] 
2020-12-16T22:33:49.584+0800: 423.248: [CMS-concurrent-mark-start]
2020-12-16T22:33:49.584+0800: 423.248: [CMS-concurrent-mark: 0.000/0.000 secs] [Times: user=0.00 sys=0.00, real=0.00 secs] 
2020-12-16T22:33:49.584+0800: 423.248: [CMS-concurrent-preclean-start]
2020-12-16T22:33:49.585+0800: 423.250: [CMS-concurrent-preclean: 0.001/0.001 secs] [Times: user=0.00 sys=0.00, real=0.00 secs] 
2020-12-16T22:33:49.585+0800: 423.250: [CMS-concurrent-abortable-preclean-start]
 CMS: abort preclean due to time 2020-12-16T22:33:54.676+0800: 428.340: [CMS-concurrent-abortable-preclean: 0.069/5.091 secs] [Times: user=0.11 sys=0.09, real=5.09 secs] 
2020-12-16T22:33:54.676+0800: 428.340: [GC (CMS Final Remark) [YG occupancy: 704628 K (943680 K)]2020-12-16T22:33:54.676+0800: 428.340: [Rescan (parallel) , 0.0828657 secs]2020-12-16T22:33:54.759+0800: 428.423: [weak refs processing, 0.0006679 secs][1 CMS-remark: 63K(64K)] 704692K(943744K), 0.0836214 secs] [Times: user=0.67 sys=0.00, real=0.08 secs] 
2020-12-16T22:33:54.760+0800: 428.424: [CMS-concurrent-sweep-start]
2020-12-16T22:33:54.760+0800: 428.424: [CMS-concurrent-sweep: 0.000/0.000 secs] [Times: user=0.00 sys=0.00, real=0.00 secs] 
2020-12-16T22:33:54.760+0800: 428.424: [CMS-concurrent-reset-start]
2020-12-16T22:33:54.760+0800: 428.424: [CMS-concurrent-reset: 0.000/0.000 secs] [Times: user=0.00 sys=0.00, real=0.00 secs] 
2020-12-16T22:33:56.760+0800: 430.424: [GC (CMS Initial Mark) [1 CMS-initial-mark: 63K(64K)] 704692K(943744K), 0.0647296 secs] [Times: user=0.27 sys=0.00, real=0.07 secs] 
2020-12-16T22:33:56.825+0800: 430.489: [CMS-concurrent-mark-start]
2020-12-16T22:33:56.825+0800: 430.490: [CMS-concurrent-mark: 0.000/0.000 secs] [Times: user=0.00 sys=0.00, real=0.00 secs] 
2020-12-16T22:33:56.825+0800: 430.490: [CMS-concurrent-preclean-start]
2020-12-16T22:33:56.826+0800: 430.491: [CMS-concurrent-preclean: 0.001/0.001 secs] [Times: user=0.00 sys=0.00, real=0.00 secs] 
2020-12-16T22:33:56.826+0800: 430.491: [CMS-concurrent-abortable-preclean-start]
 CMS: abort preclean due to time 2020-12-16T22:34:01.910+0800: 435.574: [CMS-concurrent-abortable-preclean: 0.066/5.083 secs] [Times: user=0.03 sys=0.11, real=5.08 secs] 
2020-12-16T22:34:01.910+0800: 435.574: [GC (CMS Final Remark) [YG occupancy: 707424 K (943680 K)]2020-12-16T22:34:01.910+0800: 435.574: [Rescan (parallel) , 0.0923235 secs]2020-12-16T22:34:02.003+0800: 435.667: [weak refs processing, 0.0006441 secs][1 CMS-remark: 63K(64K)] 707488K(943744K), 0.0930568 secs] [Times: user=0.84 sys=0.02, real=0.09 secs] 
2020-12-16T22:34:02.003+0800: 435.667: [CMS-concurrent-sweep-start]
2020-12-16T22:34:02.003+0800: 435.667: [CMS-concurrent-sweep: 0.000/0.000 secs] [Times: user=0.00 sys=0.00, real=0.00 secs] 
2020-12-16T22:34:02.003+0800: 435.667: [CMS-concurrent-reset-start]
2020-12-16T22:34:02.003+0800: 435.667: [CMS-concurrent-reset: 0.000/0.000 secs] [Times: user=0.00 sys=0.00, real=0.00 secs] 
2020-12-16T22:34:04.003+0800: 437.667: [GC (CMS Initial Mark) [1 CMS-initial-mark: 63K(64K)] 707488K(943744K), 0.0620020 secs] [Times: user=0.34 sys=0.00, real=0.06 secs] 
2020-12-16T22:34:04.065+0800: 437.729: [CMS-concurrent-mark-start]
2020-12-16T22:34:04.065+0800: 437.729: [CMS-concurrent-mark: 0.000/0.000 secs] [Times: user=0.00 sys=0.00, real=0.00 secs] 
2020-12-16T22:34:04.065+0800: 437.729: [CMS-concurrent-preclean-start]
2020-12-16T22:34:04.066+0800: 437.730: [CMS-concurrent-preclean: 0.001/0.001 secs] [Times: user=0.00 sys=0.00, real=0.00 secs] 
2020-12-16T22:34:04.066+0800: 437.730: [CMS-concurrent-abortable-preclean-start]
 CMS: abort preclean due to time 2020-12-16T22:34:09.148+0800: 442.812: [CMS-concurrent-abortable-preclean: 0.061/5.082 secs] [Times: user=0.00 sys=0.11, real=5.08 secs] 
2020-12-16T22:34:09.148+0800: 442.813: [GC (CMS Final Remark) [YG occupancy: 710220 K (943680 K)]2020-12-16T22:34:09.148+0800: 442.813: [Rescan (parallel) , 0.0834186 secs]2020-12-16T22:34:09.232+0800: 442.896: [weak refs processing, 0.0006593 secs][1 CMS-remark: 63K(64K)] 710284K(943744K), 0.0841888 secs] [Times: user=0.81 sys=0.00, real=0.08 secs] 
2020-12-16T22:34:09.232+0800: 442.897: [CMS-concurrent-sweep-start]
2020-12-16T22:34:09.233+0800: 442.897: [CMS-concurrent-sweep: 0.000/0.000 secs] [Times: user=0.00 sys=0.00, real=0.00 secs] 
2020-12-16T22:34:09.233+0800: 442.897: [CMS-concurrent-reset-start]
2020-12-16T22:34:09.233+0800: 442.897: [CMS-concurrent-reset: 0.000/0.000 secs] [Times: user=0.00 sys=0.00, real=0.00 secs] 
2020-12-16T22:34:11.234+0800: 444.898: [GC (CMS Initial Mark) [1 CMS-initial-mark: 63K(64K)] 711682K(943744K), 0.0782778 secs] [Times: user=0.42 sys=0.00, real=0.08 secs] 
2020-12-16T22:34:11.312+0800: 444.976: [CMS-concurrent-mark-start]
2020-12-16T22:34:11.312+0800: 444.977: [CMS-concurrent-mark: 0.000/0.000 secs] [Times: user=0.00 sys=0.00, real=0.00 secs] 
2020-12-16T22:34:11.312+0800: 444.977: [CMS-concurrent-preclean-start]
2020-12-16T22:34:11.313+0800: 444.978: [CMS-concurrent-preclean: 0.001/0.001 secs] [Times: user=0.00 sys=0.00, real=0.00 secs] 
2020-12-16T22:34:11.314+0800: 444.978: [CMS-concurrent-abortable-preclean-start]
 CMS: abort preclean due to time 2020-12-16T22:34:16.395+0800: 450.059: [CMS-concurrent-abortable-preclean: 0.066/5.081 secs] [Times: user=0.09 sys=0.09, real=5.08 secs] 
2020-12-16T22:34:16.395+0800: 450.060: [GC (CMS Final Remark) [YG occupancy: 713016 K (943680 K)]2020-12-16T22:34:16.395+0800: 450.060: [Rescan (parallel) , 0.1116946 secs]2020-12-16T22:34:16.507+0800: 450.172: [weak refs processing, 0.0006764 secs][1 CMS-remark: 63K(64K)] 713080K(943744K), 0.1125150 secs] [Times: user=1.03 sys=0.02, real=0.11 secs] 
2020-12-16T22:34:16.508+0800: 450.173: [CMS-concurrent-sweep-start]
2020-12-16T22:34:16.508+0800: 450.173: [CMS-concurrent-sweep: 0.000/0.000 secs] [Times: user=0.00 sys=0.00, real=0.00 secs] 
2020-12-16T22:34:16.508+0800: 450.173: [CMS-concurrent-reset-start]
2020-12-16T22:34:16.508+0800: 450.173: [CMS-concurrent-reset: 0.000/0.000 secs] [Times: user=0.00 sys=0.00, real=0.00 secs] 
2020-12-16T22:34:18.509+0800: 452.174: [GC (CMS Initial Mark) [1 CMS-initial-mark: 63K(64K)] 714478K(943744K), 0.0656357 secs] [Times: user=0.42 sys=0.00, real=0.07 secs] 
2020-12-16T22:34:18.575+0800: 452.239: [CMS-concurrent-mark-start]
2020-12-16T22:34:18.576+0800: 452.240: [CMS-concurrent-mark: 0.001/0.001 secs] [Times: user=0.00 sys=0.00, real=0.00 secs] 
2020-12-16T22:34:18.576+0800: 452.240: [CMS-concurrent-preclean-start]
2020-12-16T22:34:18.578+0800: 452.242: [CMS-concurrent-preclean: 0.001/0.001 secs] [Times: user=0.00 sys=0.00, real=0.00 secs] 
2020-12-16T22:34:18.578+0800: 452.242: [CMS-concurrent-abortable-preclean-start]
 CMS: abort preclean due to time 2020-12-16T22:34:23.658+0800: 457.322: [CMS-concurrent-abortable-preclean: 0.063/5.080 secs] [Times: user=0.00 sys=0.14, real=5.08 secs] 
2020-12-16T22:34:23.658+0800: 457.322: [GC (CMS Final Remark) [YG occupancy: 715813 K (943680 K)]2020-12-16T22:34:23.658+0800: 457.322: [Rescan (parallel) , 0.0834348 secs]2020-12-16T22:34:23.742+0800: 457.405: [weak refs processing, 0.0006308 secs][1 CMS-remark: 63K(64K)] 715876K(943744K), 0.0841578 secs] [Times: user=0.69 sys=0.02, real=0.08 secs] 
2020-12-16T22:34:23.742+0800: 457.406: [CMS-concurrent-sweep-start]
2020-12-16T22:34:23.742+0800: 457.406: [CMS-concurrent-sweep: 0.000/0.000 secs] [Times: user=0.00 sys=0.00, real=0.00 secs] 
2020-12-16T22:34:23.742+0800: 457.406: [CMS-concurrent-reset-start]
2020-12-16T22:34:23.742+0800: 457.406: [CMS-concurrent-reset: 0.000/0.000 secs] [Times: user=0.00 sys=0.00, real=0.00 secs] 
2020-12-16T22:34:25.742+0800: 459.407: [GC (CMS Initial Mark) [1 CMS-initial-mark: 63K(64K)] 717275K(943744K), 0.0663742 secs] [Times: user=0.36 sys=0.00, real=0.07 secs] 
2020-12-16T22:34:25.808+0800: 459.473: [CMS-concurrent-mark-start]
2020-12-16T22:34:25.809+0800: 459.473: [CMS-concurrent-mark: 0.000/0.000 secs] [Times: user=0.00 sys=0.00, real=0.00 secs] 
2020-12-16T22:34:25.809+0800: 459.473: [CMS-concurrent-preclean-start]
2020-12-16T22:34:25.810+0800: 459.475: [CMS-concurrent-preclean: 0.002/0.002 secs] [Times: user=0.00 sys=0.00, real=0.00 secs] 
2020-12-16T22:34:25.810+0800: 459.475: [CMS-concurrent-abortable-preclean-start]
 CMS: abort preclean due to time 2020-12-16T22:34:30.844+0800: 464.508: [CMS-concurrent-abortable-preclean: 0.066/5.033 secs] [Times: user=0.06 sys=0.08, real=5.03 secs] 
2020-12-16T22:34:30.844+0800: 464.509: [GC (CMS Final Remark) [YG occupancy: 718609 K (943680 K)]2020-12-16T22:34:30.844+0800: 464.509: [Rescan (parallel) , 0.0949987 secs]2020-12-16T22:34:30.940+0800: 464.604: [weak refs processing, 0.0006712 secs][1 CMS-remark: 63K(64K)] 718673K(943744K), 0.0957595 secs] [Times: user=0.91 sys=0.00, real=0.10 secs] 
2020-12-16T22:34:30.940+0800: 464.605: [CMS-concurrent-sweep-start]
2020-12-16T22:34:30.940+0800: 464.605: [CMS-concurrent-sweep: 0.000/0.000 secs] [Times: user=0.00 sys=0.00, real=0.00 secs] 
2020-12-16T22:34:30.941+0800: 464.605: [CMS-concurrent-reset-start]
2020-12-16T22:34:30.941+0800: 464.605: [CMS-concurrent-reset: 0.000/0.000 secs] [Times: user=0.00 sys=0.00, real=0.00 secs] 
2020-12-16T22:34:32.941+0800: 466.605: [GC (CMS Initial Mark) [1 CMS-initial-mark: 63K(64K)] 720071K(943744K), 0.0615674 secs] [Times: user=0.30 sys=0.00, real=0.06 secs] 
2020-12-16T22:34:33.001+0800: 466.666: [CMS-concurrent-mark-start]
2020-12-16T22:34:33.002+0800: 466.667: [CMS-concurrent-mark: 0.001/0.001 secs] [Times: user=0.00 sys=0.00, real=0.00 secs] 
2020-12-16T22:34:33.002+0800: 466.667: [CMS-concurrent-preclean-start]
2020-12-16T22:34:33.003+0800: 466.668: [CMS-concurrent-preclean: 0.001/0.001 secs] [Times: user=0.00 sys=0.00, real=0.00 secs] 
2020-12-16T22:34:33.003+0800: 466.668: [CMS-concurrent-abortable-preclean-start]
 CMS: abort preclean due to time 2020-12-16T22:34:38.087+0800: 471.751: [CMS-concurrent-abortable-preclean: 0.066/5.083 secs] [Times: user=0.08 sys=0.09, real=5.08 secs] 
2020-12-16T22:34:38.087+0800: 471.751: [GC (CMS Final Remark) [YG occupancy: 721405 K (943680 K)]2020-12-16T22:34:38.087+0800: 471.751: [Rescan (parallel) , 0.0893481 secs]2020-12-16T22:34:38.177+0800: 471.841: [weak refs processing, 0.0005835 secs][1 CMS-remark: 63K(64K)] 721469K(943744K), 0.0900252 secs] [Times: user=0.70 sys=0.03, real=0.09 secs] 
2020-12-16T22:34:38.177+0800: 471.841: [CMS-concurrent-sweep-start]
2020-12-16T22:34:38.177+0800: 471.841: [CMS-concurrent-sweep: 0.000/0.000 secs] [Times: user=0.00 sys=0.00, real=0.00 secs] 
2020-12-16T22:34:38.177+0800: 471.841: [CMS-concurrent-reset-start]
2020-12-16T22:34:38.177+0800: 471.841: [CMS-concurrent-reset: 0.000/0.000 secs] [Times: user=0.00 sys=0.00, real=0.00 secs] 
2020-12-16T22:34:40.177+0800: 473.841: [GC (CMS Initial Mark) [1 CMS-initial-mark: 63K(64K)] 722867K(943744K), 0.0587618 secs] [Times: user=0.34 sys=0.00, real=0.06 secs] 
2020-12-16T22:34:40.236+0800: 473.900: [CMS-concurrent-mark-start]
2020-12-16T22:34:40.236+0800: 473.900: [CMS-concurrent-mark: 0.000/0.000 secs] [Times: user=0.00 sys=0.00, real=0.00 secs] 
2020-12-16T22:34:40.236+0800: 473.900: [CMS-concurrent-preclean-start]
2020-12-16T22:34:40.237+0800: 473.901: [CMS-concurrent-preclean: 0.001/0.001 secs] [Times: user=0.00 sys=0.00, real=0.00 secs] 
2020-12-16T22:34:40.237+0800: 473.901: [CMS-concurrent-abortable-preclean-start]
 CMS: abort preclean due to time 2020-12-16T22:34:45.320+0800: 478.984: [CMS-concurrent-abortable-preclean: 0.066/5.083 secs] [Times: user=0.06 sys=0.13, real=5.08 secs] 
2020-12-16T22:34:45.320+0800: 478.985: [GC (CMS Final Remark) [YG occupancy: 724201 K (943680 K)]2020-12-16T22:34:45.320+0800: 478.985: [Rescan (parallel) , 0.1159700 secs]2020-12-16T22:34:45.437+0800: 479.101: [weak refs processing, 0.0005760 secs][1 CMS-remark: 63K(64K)] 724265K(943744K), 0.1166949 secs] [Times: user=1.20 sys=0.02, real=0.12 secs] 
2020-12-16T22:34:45.437+0800: 479.102: [CMS-concurrent-sweep-start]
2020-12-16T22:34:45.437+0800: 479.102: [CMS-concurrent-sweep: 0.000/0.000 secs] [Times: user=0.00 sys=0.00, real=0.00 secs] 
2020-12-16T22:34:45.437+0800: 479.102: [CMS-concurrent-reset-start]
2020-12-16T22:34:45.437+0800: 479.102: [CMS-concurrent-reset: 0.000/0.000 secs] [Times: user=0.00 sys=0.00, real=0.00 secs] 
2020-12-16T22:34:47.438+0800: 481.102: [GC (CMS Initial Mark) [1 CMS-initial-mark: 63K(64K)] 725663K(943744K), 0.0588445 secs] [Times: user=0.30 sys=0.00, real=0.06 secs] 
2020-12-16T22:34:47.497+0800: 481.161: [CMS-concurrent-mark-start]
2020-12-16T22:34:47.497+0800: 481.161: [CMS-concurrent-mark: 0.000/0.000 secs] [Times: user=0.00 sys=0.00, real=0.00 secs] 
2020-12-16T22:34:47.497+0800: 481.161: [CMS-concurrent-preclean-start]
2020-12-16T22:34:47.498+0800: 481.162: [CMS-concurrent-preclean: 0.001/0.001 secs] [Times: user=0.00 sys=0.00, real=0.00 secs] 
2020-12-16T22:34:47.498+0800: 481.162: [CMS-concurrent-abortable-preclean-start]
 CMS: abort preclean due to time 2020-12-16T22:34:52.587+0800: 486.251: [CMS-concurrent-abortable-preclean: 0.070/5.089 secs] [Times: user=0.13 sys=0.08, real=5.09 secs] 
2020-12-16T22:34:52.587+0800: 486.251: [GC (CMS Final Remark) [YG occupancy: 726997 K (943680 K)]2020-12-16T22:34:52.587+0800: 486.251: [Rescan (parallel) , 0.0885754 secs]2020-12-16T22:34:52.675+0800: 486.340: [weak refs processing, 0.0005906 secs][1 CMS-remark: 63K(64K)] 727061K(943744K), 0.0892540 secs] [Times: user=0.83 sys=0.00, real=0.09 secs] 
2020-12-16T22:34:52.676+0800: 486.341: [CMS-concurrent-sweep-start]
2020-12-16T22:34:52.676+0800: 486.341: [CMS-concurrent-sweep: 0.000/0.000 secs] [Times: user=0.00 sys=0.00, real=0.00 secs] 
2020-12-16T22:34:52.676+0800: 486.341: [CMS-concurrent-reset-start]
2020-12-16T22:34:52.676+0800: 486.341: [CMS-concurrent-reset: 0.000/0.000 secs] [Times: user=0.00 sys=0.00, real=0.00 secs] 
2020-12-16T22:34:54.678+0800: 488.342: [GC (CMS Initial Mark) [1 CMS-initial-mark: 63K(64K)] 728459K(943744K), 0.0613579 secs] [Times: user=0.34 sys=0.00, real=0.06 secs] 
2020-12-16T22:34:54.739+0800: 488.403: [CMS-concurrent-mark-start]
2020-12-16T22:34:54.740+0800: 488.403: [CMS-concurrent-mark: 0.000/0.000 secs] [Times: user=0.00 sys=0.00, real=0.00 secs] 
2020-12-16T22:34:54.740+0800: 488.404: [CMS-concurrent-preclean-start]
2020-12-16T22:34:54.741+0800: 488.405: [CMS-concurrent-preclean: 0.001/0.001 secs] [Times: user=0.00 sys=0.00, real=0.00 secs] 
2020-12-16T22:34:54.741+0800: 488.405: [CMS-concurrent-abortable-preclean-start]
 CMS: abort preclean due to time 2020-12-16T22:34:59.824+0800: 493.488: [CMS-concurrent-abortable-preclean: 0.065/5.083 secs] [Times: user=0.11 sys=0.11, real=5.08 secs] 
2020-12-16T22:34:59.824+0800: 493.488: [GC (CMS Final Remark) [YG occupancy: 729793 K (943680 K)]2020-12-16T22:34:59.824+0800: 493.488: [Rescan (parallel) , 0.0784664 secs]2020-12-16T22:34:59.902+0800: 493.566: [weak refs processing, 0.0005693 secs][1 CMS-remark: 63K(64K)] 729857K(943744K), 0.0791233 secs] [Times: user=0.69 sys=0.02, real=0.08 secs] 
2020-12-16T22:34:59.903+0800: 493.567: [CMS-concurrent-sweep-start]
2020-12-16T22:34:59.903+0800: 493.567: [CMS-concurrent-sweep: 0.000/0.000 secs] [Times: user=0.00 sys=0.00, real=0.00 secs] 
2020-12-16T22:34:59.903+0800: 493.567: [CMS-concurrent-reset-start]
2020-12-16T22:34:59.903+0800: 493.567: [CMS-concurrent-reset: 0.000/0.000 secs] [Times: user=0.00 sys=0.00, real=0.00 secs] 
2020-12-16T22:35:01.903+0800: 495.567: [GC (CMS Initial Mark) [1 CMS-initial-mark: 63K(64K)] 731255K(943744K), 0.0599497 secs] [Times: user=0.25 sys=0.00, real=0.06 secs] 
2020-12-16T22:35:01.963+0800: 495.627: [CMS-concurrent-mark-start]
2020-12-16T22:35:01.963+0800: 495.628: [CMS-concurrent-mark: 0.000/0.000 secs] [Times: user=0.00 sys=0.00, real=0.00 secs] 
2020-12-16T22:35:01.963+0800: 495.628: [CMS-concurrent-preclean-start]
2020-12-16T22:35:01.964+0800: 495.629: [CMS-concurrent-preclean: 0.001/0.001 secs] [Times: user=0.00 sys=0.00, real=0.00 secs] 
2020-12-16T22:35:01.964+0800: 495.629: [CMS-concurrent-abortable-preclean-start]
 CMS: abort preclean due to time 2020-12-16T22:35:07.049+0800: 500.713: [CMS-concurrent-abortable-preclean: 0.060/5.085 secs] [Times: user=0.05 sys=0.06, real=5.09 secs] 
2020-12-16T22:35:07.049+0800: 500.714: [GC (CMS Final Remark) [YG occupancy: 733988 K (943680 K)]2020-12-16T22:35:07.049+0800: 500.714: [Rescan (parallel) , 0.0804610 secs]2020-12-16T22:35:07.130+0800: 500.794: [weak refs processing, 0.0006557 secs][1 CMS-remark: 63K(64K)] 734052K(943744K), 0.0812018 secs] [Times: user=0.73 sys=0.00, real=0.08 secs] 
2020-12-16T22:35:07.130+0800: 500.795: [CMS-concurrent-sweep-start]
2020-12-16T22:35:07.131+0800: 500.795: [CMS-concurrent-sweep: 0.000/0.000 secs] [Times: user=0.00 sys=0.00, real=0.00 secs] 
2020-12-16T22:35:07.131+0800: 500.795: [CMS-concurrent-reset-start]
2020-12-16T22:35:07.131+0800: 500.795: [CMS-concurrent-reset: 0.000/0.000 secs] [Times: user=0.00 sys=0.00, real=0.00 secs] 
2020-12-16T22:35:09.132+0800: 502.796: [GC (CMS Initial Mark) [1 CMS-initial-mark: 63K(64K)] 734052K(943744K), 0.0683123 secs] [Times: user=0.42 sys=0.00, real=0.07 secs] 
2020-12-16T22:35:09.200+0800: 502.864: [CMS-concurrent-mark-start]
2020-12-16T22:35:09.201+0800: 502.864: [CMS-concurrent-mark: 0.000/0.000 secs] [Times: user=0.00 sys=0.00, real=0.00 secs] 
2020-12-16T22:35:09.201+0800: 502.864: [CMS-concurrent-preclean-start]
2020-12-16T22:35:09.202+0800: 502.866: [CMS-concurrent-preclean: 0.001/0.001 secs] [Times: user=0.00 sys=0.00, real=0.00 secs] 
2020-12-16T22:35:09.202+0800: 502.866: [CMS-concurrent-abortable-preclean-start]
 CMS: abort preclean due to time 2020-12-16T22:35:14.285+0800: 507.949: [CMS-concurrent-abortable-preclean: 0.064/5.083 secs] [Times: user=0.19 sys=0.09, real=5.08 secs] 
2020-12-16T22:35:14.285+0800: 507.949: [GC (CMS Final Remark) [YG occupancy: 736784 K (943680 K)]2020-12-16T22:35:14.285+0800: 507.949: [Rescan (parallel) , 0.0818552 secs]2020-12-16T22:35:14.367+0800: 508.031: [weak refs processing, 0.0006757 secs][1 CMS-remark: 63K(64K)] 736848K(943744K), 0.0826150 secs] [Times: user=0.67 sys=0.00, real=0.08 secs] 
2020-12-16T22:35:14.367+0800: 508.032: [CMS-concurrent-sweep-start]
2020-12-16T22:35:14.368+0800: 508.032: [CMS-concurrent-sweep: 0.000/0.000 secs] [Times: user=0.00 sys=0.00, real=0.00 secs] 
2020-12-16T22:35:14.368+0800: 508.032: [CMS-concurrent-reset-start]
2020-12-16T22:35:14.368+0800: 508.032: [CMS-concurrent-reset: 0.000/0.000 secs] [Times: user=0.00 sys=0.00, real=0.00 secs] 
2020-12-16T22:35:16.368+0800: 510.032: [GC (CMS Initial Mark) [1 CMS-initial-mark: 63K(64K)] 736848K(943744K), 0.0732076 secs] [Times: user=0.39 sys=0.00, real=0.07 secs] 
2020-12-16T22:35:16.441+0800: 510.105: [CMS-concurrent-mark-start]
2020-12-16T22:35:16.441+0800: 510.105: [CMS-concurrent-mark: 0.000/0.000 secs] [Times: user=0.00 sys=0.00, real=0.00 secs] 
2020-12-16T22:35:16.441+0800: 510.105: [CMS-concurrent-preclean-start]
2020-12-16T22:35:16.442+0800: 510.106: [CMS-concurrent-preclean: 0.001/0.001 secs] [Times: user=0.00 sys=0.00, real=0.00 secs] 
2020-12-16T22:35:16.442+0800: 510.106: [CMS-concurrent-abortable-preclean-start]
 CMS: abort preclean due to time 2020-12-16T22:35:21.525+0800: 515.188: [CMS-concurrent-abortable-preclean: 0.063/5.082 secs] [Times: user=0.02 sys=0.11, real=5.08 secs] 
2020-12-16T22:35:21.525+0800: 515.189: [GC (CMS Final Remark) [YG occupancy: 739580 K (943680 K)]2020-12-16T22:35:21.525+0800: 515.189: [Rescan (parallel) , 0.0826019 secs]2020-12-16T22:35:21.607+0800: 515.271: [weak refs processing, 0.0007066 secs][1 CMS-remark: 63K(64K)] 739644K(943744K), 0.0833980 secs] [Times: user=0.80 sys=0.02, real=0.08 secs] 
2020-12-16T22:35:21.608+0800: 515.272: [CMS-concurrent-sweep-start]
2020-12-16T22:35:21.608+0800: 515.272: [CMS-concurrent-sweep: 0.000/0.000 secs] [Times: user=0.00 sys=0.00, real=0.00 secs] 
2020-12-16T22:35:21.608+0800: 515.272: [CMS-concurrent-reset-start]
2020-12-16T22:35:21.608+0800: 515.272: [CMS-concurrent-reset: 0.000/0.000 secs] [Times: user=0.00 sys=0.00, real=0.00 secs] 
2020-12-16T22:35:23.609+0800: 517.273: [GC (CMS Initial Mark) [1 CMS-initial-mark: 63K(64K)] 739644K(943744K), 0.0680266 secs] [Times: user=0.34 sys=0.00, real=0.07 secs] 
2020-12-16T22:35:23.676+0800: 517.341: [CMS-concurrent-mark-start]
2020-12-16T22:35:23.677+0800: 517.341: [CMS-concurrent-mark: 0.000/0.000 secs] [Times: user=0.00 sys=0.00, real=0.00 secs] 
2020-12-16T22:35:23.677+0800: 517.341: [CMS-concurrent-preclean-start]
2020-12-16T22:35:23.678+0800: 517.342: [CMS-concurrent-preclean: 0.001/0.001 secs] [Times: user=0.00 sys=0.00, real=0.00 secs] 
2020-12-16T22:35:23.678+0800: 517.342: [CMS-concurrent-abortable-preclean-start]
 CMS: abort preclean due to time 2020-12-16T22:35:28.761+0800: 522.425: [CMS-concurrent-abortable-preclean: 0.064/5.083 secs] [Times: user=0.05 sys=0.11, real=5.08 secs] 
2020-12-16T22:35:28.761+0800: 522.425: [GC (CMS Final Remark) [YG occupancy: 742376 K (943680 K)]2020-12-16T22:35:28.761+0800: 522.425: [Rescan (parallel) , 0.0780000 secs]2020-12-16T22:35:28.839+0800: 522.503: [weak refs processing, 0.0005920 secs][1 CMS-remark: 63K(64K)] 742440K(943744K), 0.0786718 secs] [Times: user=0.75 sys=0.00, real=0.08 secs] 
2020-12-16T22:35:28.840+0800: 522.504: [CMS-concurrent-sweep-start]
2020-12-16T22:35:28.840+0800: 522.504: [CMS-concurrent-sweep: 0.000/0.000 secs] [Times: user=0.00 sys=0.00, real=0.00 secs] 
2020-12-16T22:35:28.840+0800: 522.504: [CMS-concurrent-reset-start]
2020-12-16T22:35:28.840+0800: 522.504: [CMS-concurrent-reset: 0.000/0.000 secs] [Times: user=0.00 sys=0.00, real=0.00 secs] 
2020-12-16T22:35:30.841+0800: 524.505: [GC (CMS Initial Mark) [1 CMS-initial-mark: 63K(64K)] 742440K(943744K), 0.0588926 secs] [Times: user=0.27 sys=0.00, real=0.06 secs] 
2020-12-16T22:35:30.900+0800: 524.564: [CMS-concurrent-mark-start]
2020-12-16T22:35:30.900+0800: 524.564: [CMS-concurrent-mark: 0.000/0.000 secs] [Times: user=0.00 sys=0.00, real=0.00 secs] 
2020-12-16T22:35:30.900+0800: 524.564: [CMS-concurrent-preclean-start]
2020-12-16T22:35:30.901+0800: 524.566: [CMS-concurrent-preclean: 0.001/0.001 secs] [Times: user=0.01 sys=0.02, real=0.00 secs] 
2020-12-16T22:35:30.901+0800: 524.566: [CMS-concurrent-abortable-preclean-start]
 CMS: abort preclean due to time 2020-12-16T22:35:35.984+0800: 529.648: [CMS-concurrent-abortable-preclean: 0.064/5.083 secs] [Times: user=0.08 sys=0.08, real=5.08 secs] 
2020-12-16T22:35:35.984+0800: 529.649: [GC (CMS Final Remark) [YG occupancy: 745172 K (943680 K)]2020-12-16T22:35:35.984+0800: 529.649: [Rescan (parallel) , 0.1280397 secs]2020-12-16T22:35:36.113+0800: 529.777: [weak refs processing, 0.0006491 secs][1 CMS-remark: 63K(64K)] 745236K(943744K), 0.1287835 secs] [Times: user=1.20 sys=0.02, real=0.13 secs] 
2020-12-16T22:35:36.114+0800: 529.777: [CMS-concurrent-sweep-start]
2020-12-16T22:35:36.114+0800: 529.778: [CMS-concurrent-sweep: 0.000/0.000 secs] [Times: user=0.00 sys=0.00, real=0.00 secs] 
2020-12-16T22:35:36.114+0800: 529.778: [CMS-concurrent-reset-start]
2020-12-16T22:35:36.114+0800: 529.778: [CMS-concurrent-reset: 0.000/0.000 secs] [Times: user=0.00 sys=0.00, real=0.00 secs] 
2020-12-16T22:35:38.113+0800: 531.777: [GC (CMS Initial Mark) [1 CMS-initial-mark: 63K(64K)] 745236K(943744K), 0.0621435 secs] [Times: user=0.34 sys=0.00, real=0.06 secs] 
2020-12-16T22:35:38.175+0800: 531.840: [CMS-concurrent-mark-start]
2020-12-16T22:35:38.175+0800: 531.840: [CMS-concurrent-mark: 0.000/0.000 secs] [Times: user=0.00 sys=0.00, real=0.00 secs] 
2020-12-16T22:35:38.175+0800: 531.840: [CMS-concurrent-preclean-start]
2020-12-16T22:35:38.176+0800: 531.841: [CMS-concurrent-preclean: 0.001/0.001 secs] [Times: user=0.00 sys=0.00, real=0.00 secs] 
2020-12-16T22:35:38.176+0800: 531.841: [CMS-concurrent-abortable-preclean-start]
 CMS: abort preclean due to time 2020-12-16T22:35:43.259+0800: 536.923: [CMS-concurrent-abortable-preclean: 0.062/5.082 secs] [Times: user=0.01 sys=0.11, real=5.08 secs] 
2020-12-16T22:35:43.259+0800: 536.923: [GC (CMS Final Remark) [YG occupancy: 747969 K (943680 K)]2020-12-16T22:35:43.259+0800: 536.923: [Rescan (parallel) , 0.0846459 secs]2020-12-16T22:35:43.344+0800: 537.008: [weak refs processing, 0.0005790 secs][1 CMS-remark: 63K(64K)] 748032K(943744K), 0.0853119 secs] [Times: user=0.83 sys=0.00, real=0.09 secs] 
2020-12-16T22:35:43.345+0800: 537.009: [CMS-concurrent-sweep-start]
2020-12-16T22:35:43.345+0800: 537.009: [CMS-concurrent-sweep: 0.000/0.000 secs] [Times: user=0.00 sys=0.00, real=0.00 secs] 
2020-12-16T22:35:43.345+0800: 537.009: [CMS-concurrent-reset-start]
2020-12-16T22:35:43.345+0800: 537.009: [CMS-concurrent-reset: 0.000/0.000 secs] [Times: user=0.00 sys=0.00, real=0.00 secs] 
2020-12-16T22:35:45.346+0800: 539.010: [GC (CMS Initial Mark) [1 CMS-initial-mark: 63K(64K)] 748032K(943744K), 0.0605950 secs] [Times: user=0.34 sys=0.00, real=0.06 secs] 
2020-12-16T22:35:45.406+0800: 539.070: [CMS-concurrent-mark-start]
2020-12-16T22:35:45.407+0800: 539.071: [CMS-concurrent-mark: 0.000/0.000 secs] [Times: user=0.00 sys=0.00, real=0.00 secs] 
2020-12-16T22:35:45.407+0800: 539.071: [CMS-concurrent-preclean-start]
2020-12-16T22:35:45.408+0800: 539.072: [CMS-concurrent-preclean: 0.001/0.001 secs] [Times: user=0.00 sys=0.00, real=0.00 secs] 
2020-12-16T22:35:45.408+0800: 539.072: [CMS-concurrent-abortable-preclean-start]
 CMS: abort preclean due to time 2020-12-16T22:35:50.494+0800: 544.158: [CMS-concurrent-abortable-preclean: 0.070/5.087 secs] [Times: user=0.11 sys=0.11, real=5.09 secs] 
2020-12-16T22:35:50.494+0800: 544.159: [GC (CMS Final Remark) [YG occupancy: 750765 K (943680 K)]2020-12-16T22:35:50.495+0800: 544.159: [Rescan (parallel) , 0.0825669 secs]2020-12-16T22:35:50.577+0800: 544.241: [weak refs processing, 0.0005826 secs][1 CMS-remark: 63K(64K)] 750829K(943744K), 0.0832469 secs] [Times: user=0.69 sys=0.00, real=0.08 secs] 
2020-12-16T22:35:50.578+0800: 544.242: [CMS-concurrent-sweep-start]
2020-12-16T22:35:50.578+0800: 544.242: [CMS-concurrent-sweep: 0.000/0.000 secs] [Times: user=0.00 sys=0.00, real=0.00 secs] 
2020-12-16T22:35:50.578+0800: 544.242: [CMS-concurrent-reset-start]
2020-12-16T22:35:50.578+0800: 544.242: [CMS-concurrent-reset: 0.000/0.000 secs] [Times: user=0.00 sys=0.00, real=0.00 secs] 
2020-12-16T22:35:52.578+0800: 546.242: [GC (CMS Initial Mark) [1 CMS-initial-mark: 63K(64K)] 752227K(943744K), 0.0588637 secs] [Times: user=0.31 sys=0.00, real=0.06 secs] 
2020-12-16T22:35:52.637+0800: 546.301: [CMS-concurrent-mark-start]
2020-12-16T22:35:52.637+0800: 546.301: [CMS-concurrent-mark: 0.000/0.000 secs] [Times: user=0.00 sys=0.00, real=0.00 secs] 
2020-12-16T22:35:52.637+0800: 546.301: [CMS-concurrent-preclean-start]
2020-12-16T22:35:52.638+0800: 546.302: [CMS-concurrent-preclean: 0.001/0.001 secs] [Times: user=0.00 sys=0.00, real=0.00 secs] 
2020-12-16T22:35:52.638+0800: 546.302: [CMS-concurrent-abortable-preclean-start]
 CMS: abort preclean due to time 2020-12-16T22:35:57.725+0800: 551.389: [CMS-concurrent-abortable-preclean: 0.067/5.087 secs] [Times: user=0.09 sys=0.11, real=5.09 secs] 
2020-12-16T22:35:57.725+0800: 551.390: [GC (CMS Final Remark) [YG occupancy: 753561 K (943680 K)]2020-12-16T22:35:57.725+0800: 551.390: [Rescan (parallel) , 0.0842795 secs]2020-12-16T22:35:57.810+0800: 551.474: [weak refs processing, 0.0006843 secs][1 CMS-remark: 63K(64K)] 753625K(943744K), 0.0850533 secs] [Times: user=0.84 sys=0.02, real=0.09 secs] 
2020-12-16T22:35:57.810+0800: 551.475: [CMS-concurrent-sweep-start]
2020-12-16T22:35:57.810+0800: 551.475: [CMS-concurrent-sweep: 0.000/0.000 secs] [Times: user=0.00 sys=0.00, real=0.00 secs] 
2020-12-16T22:35:57.811+0800: 551.475: [CMS-concurrent-reset-start]
2020-12-16T22:35:57.811+0800: 551.475: [CMS-concurrent-reset: 0.000/0.000 secs] [Times: user=0.00 sys=0.00, real=0.00 secs] 
2020-12-16T22:35:59.812+0800: 553.476: [GC (CMS Initial Mark) [1 CMS-initial-mark: 63K(64K)] 755023K(943744K), 0.0631703 secs] [Times: user=0.34 sys=0.00, real=0.06 secs] 
2020-12-16T22:35:59.874+0800: 553.539: [CMS-concurrent-mark-start]
2020-12-16T22:35:59.874+0800: 553.539: [CMS-concurrent-mark: 0.000/0.000 secs] [Times: user=0.00 sys=0.00, real=0.00 secs] 
2020-12-16T22:35:59.874+0800: 553.539: [CMS-concurrent-preclean-start]
2020-12-16T22:35:59.875+0800: 553.540: [CMS-concurrent-preclean: 0.001/0.001 secs] [Times: user=0.00 sys=0.00, real=0.00 secs] 
2020-12-16T22:35:59.875+0800: 553.540: [CMS-concurrent-abortable-preclean-start]
 CMS: abort preclean due to time 2020-12-16T22:36:04.965+0800: 558.629: [CMS-concurrent-abortable-preclean: 0.067/5.089 secs] [Times: user=0.05 sys=0.09, real=5.09 secs] 
2020-12-16T22:36:04.965+0800: 558.629: [GC (CMS Final Remark) [YG occupancy: 756357 K (943680 K)]2020-12-16T22:36:04.965+0800: 558.629: [Rescan (parallel) , 0.0781096 secs]2020-12-16T22:36:05.044+0800: 558.708: [weak refs processing, 0.0005724 secs][1 CMS-remark: 63K(64K)] 756421K(943744K), 0.0787666 secs] [Times: user=0.67 sys=0.00, real=0.08 secs] 
2020-12-16T22:36:05.044+0800: 558.708: [CMS-concurrent-sweep-start]
2020-12-16T22:36:05.044+0800: 558.708: [CMS-concurrent-sweep: 0.000/0.000 secs] [Times: user=0.00 sys=0.00, real=0.00 secs] 
2020-12-16T22:36:05.045+0800: 558.708: [CMS-concurrent-reset-start]
2020-12-16T22:36:05.045+0800: 558.709: [CMS-concurrent-reset: 0.000/0.000 secs] [Times: user=0.00 sys=0.00, real=0.00 secs] 
2020-12-16T22:36:07.045+0800: 560.709: [GC (CMS Initial Mark) [1 CMS-initial-mark: 63K(64K)] 757819K(943744K), 0.0656394 secs] [Times: user=0.34 sys=0.00, real=0.07 secs] 
2020-12-16T22:36:07.111+0800: 560.775: [CMS-concurrent-mark-start]
2020-12-16T22:36:07.111+0800: 560.775: [CMS-concurrent-mark: 0.000/0.000 secs] [Times: user=0.00 sys=0.00, real=0.00 secs] 
2020-12-16T22:36:07.111+0800: 560.775: [CMS-concurrent-preclean-start]
2020-12-16T22:36:07.112+0800: 560.776: [CMS-concurrent-preclean: 0.001/0.001 secs] [Times: user=0.00 sys=0.00, real=0.00 secs] 
2020-12-16T22:36:07.112+0800: 560.776: [CMS-concurrent-abortable-preclean-start]
 CMS: abort preclean due to time 2020-12-16T22:36:12.197+0800: 565.861: [CMS-concurrent-abortable-preclean: 0.064/5.085 secs] [Times: user=0.05 sys=0.16, real=5.09 secs] 
2020-12-16T22:36:12.197+0800: 565.862: [GC (CMS Final Remark) [YG occupancy: 759153 K (943680 K)]2020-12-16T22:36:12.197+0800: 565.862: [Rescan (parallel) , 0.0905007 secs]2020-12-16T22:36:12.288+0800: 565.952: [weak refs processing, 0.0006718 secs][1 CMS-remark: 63K(64K)] 759217K(943744K), 0.0912594 secs] [Times: user=0.67 sys=0.02, real=0.09 secs] 
2020-12-16T22:36:12.289+0800: 565.953: [CMS-concurrent-sweep-start]
2020-12-16T22:36:12.289+0800: 565.953: [CMS-concurrent-sweep: 0.000/0.000 secs] [Times: user=0.00 sys=0.00, real=0.00 secs] 
2020-12-16T22:36:12.289+0800: 565.953: [CMS-concurrent-reset-start]
2020-12-16T22:36:12.289+0800: 565.953: [CMS-concurrent-reset: 0.000/0.000 secs] [Times: user=0.00 sys=0.00, real=0.00 secs] 
2020-12-16T22:36:14.290+0800: 567.954: [GC (CMS Initial Mark) [1 CMS-initial-mark: 63K(64K)] 760615K(943744K), 0.0740885 secs] [Times: user=0.44 sys=0.00, real=0.07 secs] 
2020-12-16T22:36:14.364+0800: 568.028: [CMS-concurrent-mark-start]
2020-12-16T22:36:14.364+0800: 568.029: [CMS-concurrent-mark: 0.000/0.000 secs] [Times: user=0.00 sys=0.00, real=0.00 secs] 
2020-12-16T22:36:14.364+0800: 568.029: [CMS-concurrent-preclean-start]
2020-12-16T22:36:14.366+0800: 568.030: [CMS-concurrent-preclean: 0.001/0.001 secs] [Times: user=0.00 sys=0.00, real=0.00 secs] 
2020-12-16T22:36:14.366+0800: 568.030: [CMS-concurrent-abortable-preclean-start]
 CMS: abort preclean due to time 2020-12-16T22:36:19.449+0800: 573.113: [CMS-concurrent-abortable-preclean: 0.062/5.083 secs] [Times: user=0.06 sys=0.11, real=5.08 secs] 
2020-12-16T22:36:19.449+0800: 573.113: [GC (CMS Final Remark) [YG occupancy: 761949 K (943680 K)]2020-12-16T22:36:19.449+0800: 573.113: [Rescan (parallel) , 0.0966672 secs]2020-12-16T22:36:19.545+0800: 573.210: [weak refs processing, 0.0005757 secs][1 CMS-remark: 63K(64K)] 762013K(943744K), 0.0973219 secs] [Times: user=0.83 sys=0.00, real=0.10 secs] 
2020-12-16T22:36:19.546+0800: 573.211: [CMS-concurrent-sweep-start]
2020-12-16T22:36:19.546+0800: 573.211: [CMS-concurrent-sweep: 0.000/0.000 secs] [Times: user=0.00 sys=0.00, real=0.00 secs] 
2020-12-16T22:36:19.546+0800: 573.211: [CMS-concurrent-reset-start]
2020-12-16T22:36:19.546+0800: 573.211: [CMS-concurrent-reset: 0.000/0.000 secs] [Times: user=0.00 sys=0.00, real=0.00 secs] 
2020-12-16T22:36:21.547+0800: 575.211: [GC (CMS Initial Mark) [1 CMS-initial-mark: 63K(64K)] 763411K(943744K), 0.0609900 secs] [Times: user=0.34 sys=0.00, real=0.06 secs] 
2020-12-16T22:36:21.608+0800: 575.272: [CMS-concurrent-mark-start]
2020-12-16T22:36:21.608+0800: 575.272: [CMS-concurrent-mark: 0.000/0.000 secs] [Times: user=0.00 sys=0.00, real=0.00 secs] 
2020-12-16T22:36:21.608+0800: 575.272: [CMS-concurrent-preclean-start]
2020-12-16T22:36:21.609+0800: 575.273: [CMS-concurrent-preclean: 0.001/0.001 secs] [Times: user=0.00 sys=0.00, real=0.00 secs] 
2020-12-16T22:36:21.609+0800: 575.273: [CMS-concurrent-abortable-preclean-start]
 CMS: abort preclean due to time 2020-12-16T22:36:26.692+0800: 580.356: [CMS-concurrent-abortable-preclean: 0.064/5.083 secs] [Times: user=0.08 sys=0.09, real=5.08 secs] 
2020-12-16T22:36:26.692+0800: 580.356: [GC (CMS Final Remark) [YG occupancy: 764745 K (943680 K)]2020-12-16T22:36:26.692+0800: 580.357: [Rescan (parallel) , 0.0851698 secs]2020-12-16T22:36:26.777+0800: 580.442: [weak refs processing, 0.0006086 secs][1 CMS-remark: 63K(64K)] 764809K(943744K), 0.0858682 secs] [Times: user=0.75 sys=0.02, real=0.09 secs] 
2020-12-16T22:36:26.778+0800: 580.442: [CMS-concurrent-sweep-start]
2020-12-16T22:36:26.778+0800: 580.443: [CMS-concurrent-sweep: 0.000/0.000 secs] [Times: user=0.00 sys=0.00, real=0.00 secs] 
2020-12-16T22:36:26.778+0800: 580.443: [CMS-concurrent-reset-start]
2020-12-16T22:36:26.778+0800: 580.443: [CMS-concurrent-reset: 0.000/0.000 secs] [Times: user=0.00 sys=0.00, real=0.00 secs] 
2020-12-16T22:36:28.779+0800: 582.443: [GC (CMS Initial Mark) [1 CMS-initial-mark: 63K(64K)] 766207K(943744K), 0.0636133 secs] [Times: user=0.30 sys=0.00, real=0.06 secs] 
2020-12-16T22:36:28.842+0800: 582.507: [CMS-concurrent-mark-start]
2020-12-16T22:36:28.842+0800: 582.507: [CMS-concurrent-mark: 0.000/0.000 secs] [Times: user=0.00 sys=0.00, real=0.00 secs] 
2020-12-16T22:36:28.842+0800: 582.507: [CMS-concurrent-preclean-start]
2020-12-16T22:36:28.844+0800: 582.508: [CMS-concurrent-preclean: 0.001/0.001 secs] [Times: user=0.00 sys=0.00, real=0.00 secs] 
2020-12-16T22:36:28.844+0800: 582.508: [CMS-concurrent-abortable-preclean-start]
 CMS: abort preclean due to time 2020-12-16T22:36:33.921+0800: 587.585: [CMS-concurrent-abortable-preclean: 0.064/5.077 secs] [Times: user=0.00 sys=0.16, real=5.08 secs] 
2020-12-16T22:36:33.921+0800: 587.586: [GC (CMS Final Remark) [YG occupancy: 767542 K (943680 K)]2020-12-16T22:36:33.921+0800: 587.586: [Rescan (parallel) , 0.0856422 secs]2020-12-16T22:36:34.007+0800: 587.671: [weak refs processing, 0.0006713 secs][1 CMS-remark: 63K(64K)] 767606K(943744K), 0.0863983 secs] [Times: user=0.75 sys=0.00, real=0.09 secs] 
2020-12-16T22:36:34.008+0800: 587.672: [CMS-concurrent-sweep-start]
2020-12-16T22:36:34.008+0800: 587.672: [CMS-concurrent-sweep: 0.000/0.000 secs] [Times: user=0.00 sys=0.00, real=0.00 secs] 
2020-12-16T22:36:34.008+0800: 587.672: [CMS-concurrent-reset-start]
2020-12-16T22:36:34.008+0800: 587.672: [CMS-concurrent-reset: 0.000/0.000 secs] [Times: user=0.00 sys=0.00, real=0.00 secs] 
2020-12-16T22:36:36.009+0800: 589.673: [GC (CMS Initial Mark) [1 CMS-initial-mark: 63K(64K)] 769004K(943744K), 0.0594540 secs] [Times: user=0.36 sys=0.00, real=0.06 secs] 
2020-12-16T22:36:36.067+0800: 589.732: [CMS-concurrent-mark-start]
2020-12-16T22:36:36.068+0800: 589.732: [CMS-concurrent-mark: 0.000/0.000 secs] [Times: user=0.00 sys=0.00, real=0.00 secs] 
2020-12-16T22:36:36.068+0800: 589.732: [CMS-concurrent-preclean-start]
2020-12-16T22:36:36.069+0800: 589.734: [CMS-concurrent-preclean: 0.001/0.001 secs] [Times: user=0.00 sys=0.00, real=0.00 secs] 
2020-12-16T22:36:36.069+0800: 589.734: [CMS-concurrent-abortable-preclean-start]
 CMS: abort preclean due to time 2020-12-16T22:36:41.147+0800: 594.811: [CMS-concurrent-abortable-preclean: 0.060/5.077 secs] [Times: user=0.03 sys=0.09, real=5.08 secs] 
2020-12-16T22:36:41.147+0800: 594.811: [GC (CMS Final Remark) [YG occupancy: 770338 K (943680 K)]2020-12-16T22:36:41.147+0800: 594.811: [Rescan (parallel) , 0.0732991 secs]2020-12-16T22:36:41.221+0800: 594.885: [weak refs processing, 0.0006654 secs][1 CMS-remark: 63K(64K)] 770402K(943744K), 0.0740493 secs] [Times: user=0.72 sys=0.00, real=0.07 secs] 
2020-12-16T22:36:41.222+0800: 594.885: [CMS-concurrent-sweep-start]
2020-12-16T22:36:41.222+0800: 594.885: [CMS-concurrent-sweep: 0.000/0.000 secs] [Times: user=0.00 sys=0.00, real=0.00 secs] 
2020-12-16T22:36:41.222+0800: 594.885: [CMS-concurrent-reset-start]
2020-12-16T22:36:41.222+0800: 594.885: [CMS-concurrent-reset: 0.000/0.000 secs] [Times: user=0.00 sys=0.00, real=0.00 secs] 
2020-12-16T22:36:43.222+0800: 596.886: [GC (CMS Initial Mark) [1 CMS-initial-mark: 63K(64K)] 771800K(943744K), 0.0672226 secs] [Times: user=0.34 sys=0.00, real=0.07 secs] 
2020-12-16T22:36:43.289+0800: 596.953: [CMS-concurrent-mark-start]
2020-12-16T22:36:43.289+0800: 596.953: [CMS-concurrent-mark: 0.000/0.000 secs] [Times: user=0.00 sys=0.00, real=0.00 secs] 
2020-12-16T22:36:43.289+0800: 596.953: [CMS-concurrent-preclean-start]
2020-12-16T22:36:43.290+0800: 596.954: [CMS-concurrent-preclean: 0.001/0.001 secs] [Times: user=0.00 sys=0.00, real=0.00 secs] 
2020-12-16T22:36:43.290+0800: 596.955: [CMS-concurrent-abortable-preclean-start]
 CMS: abort preclean due to time 2020-12-16T22:36:48.372+0800: 602.036: [CMS-concurrent-abortable-preclean: 0.063/5.082 secs] [Times: user=0.05 sys=0.11, real=5.08 secs] 
2020-12-16T22:36:48.372+0800: 602.037: [GC (CMS Final Remark) [YG occupancy: 773134 K (943680 K)]2020-12-16T22:36:48.372+0800: 602.037: [Rescan (parallel) , 0.1352468 secs]2020-12-16T22:36:48.508+0800: 602.172: [weak refs processing, 0.0006756 secs][1 CMS-remark: 63K(64K)] 773198K(943744K), 0.1360712 secs] [Times: user=1.14 sys=0.03, real=0.14 secs] 
2020-12-16T22:36:48.509+0800: 602.173: [CMS-concurrent-sweep-start]
2020-12-16T22:36:48.509+0800: 602.173: [CMS-concurrent-sweep: 0.000/0.000 secs] [Times: user=0.00 sys=0.00, real=0.00 secs] 
2020-12-16T22:36:48.509+0800: 602.173: [CMS-concurrent-reset-start]
2020-12-16T22:36:48.509+0800: 602.173: [CMS-concurrent-reset: 0.000/0.000 secs] [Times: user=0.00 sys=0.00, real=0.00 secs] 
2020-12-16T22:36:50.509+0800: 604.173: [GC (CMS Initial Mark) [1 CMS-initial-mark: 63K(64K)] 774596K(943744K), 0.0600426 secs] [Times: user=0.33 sys=0.00, real=0.06 secs] 
2020-12-16T22:36:50.569+0800: 604.233: [CMS-concurrent-mark-start]
2020-12-16T22:36:50.569+0800: 604.233: [CMS-concurrent-mark: 0.000/0.000 secs] [Times: user=0.00 sys=0.00, real=0.00 secs] 
2020-12-16T22:36:50.569+0800: 604.233: [CMS-concurrent-preclean-start]
2020-12-16T22:36:50.570+0800: 604.234: [CMS-concurrent-preclean: 0.001/0.001 secs] [Times: user=0.00 sys=0.00, real=0.00 secs] 
2020-12-16T22:36:50.570+0800: 604.234: [CMS-concurrent-abortable-preclean-start]
 CMS: abort preclean due to time 2020-12-16T22:36:55.657+0800: 609.321: [CMS-concurrent-abortable-preclean: 0.069/5.087 secs] [Times: user=0.11 sys=0.13, real=5.09 secs] 
2020-12-16T22:36:55.657+0800: 609.321: [GC (CMS Final Remark) [YG occupancy: 777328 K (943680 K)]2020-12-16T22:36:55.657+0800: 609.321: [Rescan (parallel) , 0.0775630 secs]2020-12-16T22:36:55.735+0800: 609.399: [weak refs processing, 0.0005883 secs][1 CMS-remark: 63K(64K)] 777392K(943744K), 0.0782404 secs] [Times: user=0.63 sys=0.00, real=0.08 secs] 
2020-12-16T22:36:55.735+0800: 609.400: [CMS-concurrent-sweep-start]
2020-12-16T22:36:55.735+0800: 609.400: [CMS-concurrent-sweep: 0.000/0.000 secs] [Times: user=0.00 sys=0.00, real=0.00 secs] 
2020-12-16T22:36:55.736+0800: 609.400: [CMS-concurrent-reset-start]
2020-12-16T22:36:55.736+0800: 609.400: [CMS-concurrent-reset: 0.000/0.000 secs] [Times: user=0.00 sys=0.00, real=0.00 secs] 
2020-12-16T22:36:57.737+0800: 611.401: [GC (CMS Initial Mark) [1 CMS-initial-mark: 63K(64K)] 777392K(943744K), 0.0839596 secs] [Times: user=0.50 sys=0.00, real=0.08 secs] 
2020-12-16T22:36:57.820+0800: 611.485: [CMS-concurrent-mark-start]
2020-12-16T22:36:57.821+0800: 611.485: [CMS-concurrent-mark: 0.000/0.000 secs] [Times: user=0.00 sys=0.00, real=0.00 secs] 
2020-12-16T22:36:57.821+0800: 611.485: [CMS-concurrent-preclean-start]
2020-12-16T22:36:57.822+0800: 611.486: [CMS-concurrent-preclean: 0.001/0.001 secs] [Times: user=0.00 sys=0.00, real=0.00 secs] 
2020-12-16T22:36:57.822+0800: 611.486: [CMS-concurrent-abortable-preclean-start]
 CMS: abort preclean due to time 2020-12-16T22:37:02.906+0800: 616.570: [CMS-concurrent-abortable-preclean: 0.066/5.084 secs] [Times: user=0.08 sys=0.19, real=5.08 secs] 
2020-12-16T22:37:02.906+0800: 616.570: [GC (CMS Final Remark) [YG occupancy: 780125 K (943680 K)]2020-12-16T22:37:02.906+0800: 616.570: [Rescan (parallel) , 0.0833024 secs]2020-12-16T22:37:02.990+0800: 616.654: [weak refs processing, 0.0006740 secs][1 CMS-remark: 63K(64K)] 780188K(943744K), 0.0840636 secs] [Times: user=0.67 sys=0.00, real=0.08 secs] 
2020-12-16T22:37:02.991+0800: 616.654: [CMS-concurrent-sweep-start]
2020-12-16T22:37:02.991+0800: 616.655: [CMS-concurrent-sweep: 0.000/0.000 secs] [Times: user=0.00 sys=0.00, real=0.00 secs] 
2020-12-16T22:37:02.991+0800: 616.655: [CMS-concurrent-reset-start]
2020-12-16T22:37:02.991+0800: 616.655: [CMS-concurrent-reset: 0.000/0.000 secs] [Times: user=0.00 sys=0.00, real=0.00 secs] 
2020-12-16T22:37:04.990+0800: 618.654: [GC (CMS Initial Mark) [1 CMS-initial-mark: 63K(64K)] 780188K(943744K), 0.0612062 secs] [Times: user=0.38 sys=0.00, real=0.06 secs] 
2020-12-16T22:37:05.051+0800: 618.716: [CMS-concurrent-mark-start]
2020-12-16T22:37:05.052+0800: 618.716: [CMS-concurrent-mark: 0.000/0.000 secs] [Times: user=0.00 sys=0.00, real=0.00 secs] 
2020-12-16T22:37:05.052+0800: 618.716: [CMS-concurrent-preclean-start]
2020-12-16T22:37:05.053+0800: 618.717: [CMS-concurrent-preclean: 0.001/0.001 secs] [Times: user=0.00 sys=0.00, real=0.00 secs] 
2020-12-16T22:37:05.053+0800: 618.717: [CMS-concurrent-abortable-preclean-start]
 CMS: abort preclean due to time 2020-12-16T22:37:10.144+0800: 623.808: [CMS-concurrent-abortable-preclean: 0.071/5.091 secs] [Times: user=0.13 sys=0.13, real=5.09 secs] 
2020-12-16T22:37:10.144+0800: 623.808: [GC (CMS Final Remark) [YG occupancy: 782921 K (943680 K)]2020-12-16T22:37:10.144+0800: 623.808: [Rescan (parallel) , 0.0904639 secs]2020-12-16T22:37:10.235+0800: 623.899: [weak refs processing, 0.0008235 secs][1 CMS-remark: 63K(64K)] 782985K(943744K), 0.0913943 secs] [Times: user=0.86 sys=0.02, real=0.09 secs] 
2020-12-16T22:37:10.236+0800: 623.900: [CMS-concurrent-sweep-start]
2020-12-16T22:37:10.236+0800: 623.900: [CMS-concurrent-sweep: 0.000/0.000 secs] [Times: user=0.00 sys=0.00, real=0.00 secs] 
2020-12-16T22:37:10.236+0800: 623.900: [CMS-concurrent-reset-start]
2020-12-16T22:37:10.236+0800: 623.900: [CMS-concurrent-reset: 0.000/0.000 secs] [Times: user=0.00 sys=0.00, real=0.00 secs] 
2020-12-16T22:37:12.235+0800: 625.899: [GC (CMS Initial Mark) [1 CMS-initial-mark: 63K(64K)] 808150K(943744K), 0.0699624 secs] [Times: user=0.34 sys=0.00, real=0.07 secs] 
2020-12-16T22:37:12.304+0800: 625.969: [CMS-concurrent-mark-start]
2020-12-16T22:37:12.305+0800: 625.969: [CMS-concurrent-mark: 0.000/0.000 secs] [Times: user=0.00 sys=0.00, real=0.00 secs] 
2020-12-16T22:37:12.305+0800: 625.969: [CMS-concurrent-preclean-start]
2020-12-16T22:37:12.306+0800: 625.970: [CMS-concurrent-preclean: 0.001/0.001 secs] [Times: user=0.00 sys=0.00, real=0.00 secs] 
2020-12-16T22:37:12.306+0800: 625.970: [CMS-concurrent-abortable-preclean-start]
 CMS: abort preclean due to time 2020-12-16T22:37:17.397+0800: 631.061: [CMS-concurrent-abortable-preclean: 0.071/5.091 secs] [Times: user=0.13 sys=0.16, real=5.09 secs] 
2020-12-16T22:37:17.397+0800: 631.061: [GC (CMS Final Remark) [YG occupancy: 810882 K (943680 K)]2020-12-16T22:37:17.397+0800: 631.061: [Rescan (parallel) , 0.0885620 secs]2020-12-16T22:37:17.486+0800: 631.150: [weak refs processing, 0.0005940 secs][1 CMS-remark: 63K(64K)] 810946K(943744K), 0.0892425 secs] [Times: user=0.84 sys=0.02, real=0.09 secs] 
2020-12-16T22:37:17.486+0800: 631.151: [CMS-concurrent-sweep-start]
2020-12-16T22:37:17.486+0800: 631.151: [CMS-concurrent-sweep: 0.000/0.000 secs] [Times: user=0.00 sys=0.00, real=0.00 secs] 
2020-12-16T22:37:17.486+0800: 631.151: [CMS-concurrent-reset-start]
2020-12-16T22:37:17.486+0800: 631.151: [CMS-concurrent-reset: 0.000/0.000 secs] [Times: user=0.00 sys=0.00, real=0.00 secs] 
2020-12-16T22:37:19.488+0800: 633.152: [GC (CMS Initial Mark) [1 CMS-initial-mark: 63K(64K)] 810946K(943744K), 0.0612307 secs] [Times: user=0.34 sys=0.00, real=0.06 secs] 
2020-12-16T22:37:19.549+0800: 633.213: [CMS-concurrent-mark-start]
2020-12-16T22:37:19.549+0800: 633.213: [CMS-concurrent-mark: 0.000/0.000 secs] [Times: user=0.00 sys=0.00, real=0.00 secs] 
2020-12-16T22:37:19.549+0800: 633.213: [CMS-concurrent-preclean-start]
2020-12-16T22:37:19.550+0800: 633.215: [CMS-concurrent-preclean: 0.001/0.001 secs] [Times: user=0.00 sys=0.00, real=0.00 secs] 
2020-12-16T22:37:19.550+0800: 633.215: [CMS-concurrent-abortable-preclean-start]
 CMS: abort preclean due to time 2020-12-16T22:37:24.633+0800: 638.297: [CMS-concurrent-abortable-preclean: 0.068/5.083 secs] [Times: user=0.01 sys=0.13, real=5.08 secs] 
2020-12-16T22:37:24.633+0800: 638.298: [GC (CMS Final Remark) [YG occupancy: 813679 K (943680 K)]2020-12-16T22:37:24.633+0800: 638.298: [Rescan (parallel) , 0.0909384 secs]2020-12-16T22:37:24.724+0800: 638.389: [weak refs processing, 0.0005727 secs][1 CMS-remark: 63K(64K)] 813743K(943744K), 0.0915914 secs] [Times: user=0.78 sys=0.00, real=0.09 secs] 
2020-12-16T22:37:24.725+0800: 638.389: [CMS-concurrent-sweep-start]
2020-12-16T22:37:24.725+0800: 638.390: [CMS-concurrent-sweep: 0.000/0.000 secs] [Times: user=0.00 sys=0.00, real=0.00 secs] 
2020-12-16T22:37:24.725+0800: 638.390: [CMS-concurrent-reset-start]
2020-12-16T22:37:24.725+0800: 638.390: [CMS-concurrent-reset: 0.000/0.000 secs] [Times: user=0.00 sys=0.00, real=0.00 secs] 
2020-12-16T22:37:26.725+0800: 640.389: [GC (CMS Initial Mark) [1 CMS-initial-mark: 63K(64K)] 813743K(943744K), 0.0664564 secs] [Times: user=0.47 sys=0.00, real=0.07 secs] 
2020-12-16T22:37:26.791+0800: 640.456: [CMS-concurrent-mark-start]
2020-12-16T22:37:26.792+0800: 640.456: [CMS-concurrent-mark: 0.000/0.000 secs] [Times: user=0.00 sys=0.00, real=0.00 secs] 
2020-12-16T22:37:26.792+0800: 640.456: [CMS-concurrent-preclean-start]
2020-12-16T22:37:26.793+0800: 640.457: [CMS-concurrent-preclean: 0.001/0.001 secs] [Times: user=0.00 sys=0.00, real=0.00 secs] 
2020-12-16T22:37:26.793+0800: 640.457: [CMS-concurrent-abortable-preclean-start]
 CMS: abort preclean due to time 2020-12-16T22:37:31.881+0800: 645.545: [CMS-concurrent-abortable-preclean: 0.067/5.088 secs] [Times: user=0.01 sys=0.13, real=5.09 secs] 
2020-12-16T22:37:31.881+0800: 645.545: [GC (CMS Final Remark) [YG occupancy: 816475 K (943680 K)]2020-12-16T22:37:31.881+0800: 645.545: [Rescan (parallel) , 0.0813020 secs]2020-12-16T22:37:31.962+0800: 645.626: [weak refs processing, 0.0005919 secs][1 CMS-remark: 63K(64K)] 816539K(943744K), 0.0819738 secs] [Times: user=0.77 sys=0.00, real=0.08 secs] 
2020-12-16T22:37:31.963+0800: 645.627: [CMS-concurrent-sweep-start]
2020-12-16T22:37:31.963+0800: 645.627: [CMS-concurrent-sweep: 0.000/0.000 secs] [Times: user=0.00 sys=0.00, real=0.00 secs] 
2020-12-16T22:37:31.963+0800: 645.627: [CMS-concurrent-reset-start]
2020-12-16T22:37:31.963+0800: 645.627: [CMS-concurrent-reset: 0.000/0.000 secs] [Times: user=0.00 sys=0.00, real=0.00 secs] 
2020-12-16T22:37:33.964+0800: 647.628: [GC (CMS Initial Mark) [1 CMS-initial-mark: 63K(64K)] 816539K(943744K), 0.0983518 secs] [Times: user=0.66 sys=0.00, real=0.10 secs] 
2020-12-16T22:37:34.062+0800: 647.726: [CMS-concurrent-mark-start]
2020-12-16T22:37:34.062+0800: 647.727: [CMS-concurrent-mark: 0.000/0.000 secs] [Times: user=0.00 sys=0.00, real=0.00 secs] 
2020-12-16T22:37:34.062+0800: 647.727: [CMS-concurrent-preclean-start]
2020-12-16T22:37:34.063+0800: 647.728: [CMS-concurrent-preclean: 0.001/0.001 secs] [Times: user=0.00 sys=0.00, real=0.00 secs] 
2020-12-16T22:37:34.063+0800: 647.728: [CMS-concurrent-abortable-preclean-start]
 CMS: abort preclean due to time 2020-12-16T22:37:39.153+0800: 652.817: [CMS-concurrent-abortable-preclean: 0.073/5.090 secs] [Times: user=0.06 sys=0.14, real=5.09 secs] 
2020-12-16T22:37:39.153+0800: 652.818: [GC (CMS Final Remark) [YG occupancy: 819271 K (943680 K)]2020-12-16T22:37:39.153+0800: 652.818: [Rescan (parallel) , 0.0800257 secs]2020-12-16T22:37:39.233+0800: 652.898: [weak refs processing, 0.0005707 secs][1 CMS-remark: 63K(64K)] 819335K(943744K), 0.0806786 secs] [Times: user=0.69 sys=0.00, real=0.08 secs] 
2020-12-16T22:37:39.234+0800: 652.898: [CMS-concurrent-sweep-start]
2020-12-16T22:37:39.234+0800: 652.899: [CMS-concurrent-sweep: 0.000/0.000 secs] [Times: user=0.00 sys=0.00, real=0.00 secs] 
2020-12-16T22:37:39.234+0800: 652.899: [CMS-concurrent-reset-start]
2020-12-16T22:37:39.234+0800: 652.899: [CMS-concurrent-reset: 0.000/0.000 secs] [Times: user=0.00 sys=0.00, real=0.00 secs] 
2020-12-16T22:37:41.234+0800: 654.898: [GC (CMS Initial Mark) [1 CMS-initial-mark: 63K(64K)] 820733K(943744K), 0.0791540 secs] [Times: user=0.50 sys=0.00, real=0.08 secs] 
2020-12-16T22:37:41.313+0800: 654.977: [CMS-concurrent-mark-start]
2020-12-16T22:37:41.314+0800: 654.977: [CMS-concurrent-mark: 0.000/0.000 secs] [Times: user=0.00 sys=0.00, real=0.00 secs] 
2020-12-16T22:37:41.314+0800: 654.978: [CMS-concurrent-preclean-start]
2020-12-16T22:37:41.315+0800: 654.979: [CMS-concurrent-preclean: 0.001/0.001 secs] [Times: user=0.00 sys=0.00, real=0.00 secs] 
2020-12-16T22:37:41.315+0800: 654.979: [CMS-concurrent-abortable-preclean-start]
 CMS: abort preclean due to time 2020-12-16T22:37:46.407+0800: 660.071: [CMS-concurrent-abortable-preclean: 0.070/5.092 secs] [Times: user=0.03 sys=0.08, real=5.09 secs] 
2020-12-16T22:37:46.407+0800: 660.072: [GC (CMS Final Remark) [YG occupancy: 822067 K (943680 K)]2020-12-16T22:37:46.407+0800: 660.072: [Rescan (parallel) , 0.1176664 secs]2020-12-16T22:37:46.525+0800: 660.189: [weak refs processing, 0.0005835 secs][1 CMS-remark: 63K(64K)] 822131K(943744K), 0.1184051 secs] [Times: user=1.00 sys=0.00, real=0.12 secs] 
2020-12-16T22:37:46.526+0800: 660.190: [CMS-concurrent-sweep-start]
2020-12-16T22:37:46.526+0800: 660.190: [CMS-concurrent-sweep: 0.000/0.000 secs] [Times: user=0.00 sys=0.00, real=0.00 secs] 
2020-12-16T22:37:46.526+0800: 660.190: [CMS-concurrent-reset-start]
2020-12-16T22:37:46.526+0800: 660.190: [CMS-concurrent-reset: 0.000/0.000 secs] [Times: user=0.00 sys=0.00, real=0.00 secs] 
2020-12-16T22:37:48.526+0800: 662.190: [GC (CMS Initial Mark) [1 CMS-initial-mark: 63K(64K)] 823529K(943744K), 0.0646641 secs] [Times: user=0.34 sys=0.00, real=0.06 secs] 
2020-12-16T22:37:48.590+0800: 662.254: [CMS-concurrent-mark-start]
2020-12-16T22:37:48.590+0800: 662.255: [CMS-concurrent-mark: 0.000/0.000 secs] [Times: user=0.00 sys=0.00, real=0.00 secs] 
2020-12-16T22:37:48.590+0800: 662.255: [CMS-concurrent-preclean-start]
2020-12-16T22:37:48.591+0800: 662.256: [CMS-concurrent-preclean: 0.001/0.001 secs] [Times: user=0.00 sys=0.00, real=0.00 secs] 
2020-12-16T22:37:48.591+0800: 662.256: [CMS-concurrent-abortable-preclean-start]
 CMS: abort preclean due to time 2020-12-16T22:37:53.677+0800: 667.341: [CMS-concurrent-abortable-preclean: 0.071/5.085 secs] [Times: user=0.09 sys=0.20, real=5.09 secs] 
2020-12-16T22:37:53.677+0800: 667.342: [GC (CMS Final Remark) [YG occupancy: 824863 K (943680 K)]2020-12-16T22:37:53.677+0800: 667.342: [Rescan (parallel) , 0.0831091 secs]2020-12-16T22:37:53.760+0800: 667.425: [weak refs processing, 0.0006629 secs][1 CMS-remark: 63K(64K)] 824927K(943744K), 0.0838554 secs] [Times: user=0.78 sys=0.02, real=0.08 secs] 
2020-12-16T22:37:53.761+0800: 667.426: [CMS-concurrent-sweep-start]
2020-12-16T22:37:53.761+0800: 667.426: [CMS-concurrent-sweep: 0.000/0.000 secs] [Times: user=0.00 sys=0.00, real=0.00 secs] 
2020-12-16T22:37:53.761+0800: 667.426: [CMS-concurrent-reset-start]
2020-12-16T22:37:53.761+0800: 667.426: [CMS-concurrent-reset: 0.000/0.000 secs] [Times: user=0.00 sys=0.00, real=0.00 secs] 
2020-12-16T22:37:55.762+0800: 669.426: [GC (CMS Initial Mark) [1 CMS-initial-mark: 63K(64K)] 826325K(943744K), 0.1044739 secs] [Times: user=0.72 sys=0.00, real=0.10 secs] 
2020-12-16T22:37:55.866+0800: 669.531: [CMS-concurrent-mark-start]
2020-12-16T22:37:55.867+0800: 669.531: [CMS-concurrent-mark: 0.000/0.000 secs] [Times: user=0.00 sys=0.00, real=0.00 secs] 
2020-12-16T22:37:55.867+0800: 669.531: [CMS-concurrent-preclean-start]
2020-12-16T22:37:55.868+0800: 669.532: [CMS-concurrent-preclean: 0.001/0.001 secs] [Times: user=0.00 sys=0.00, real=0.00 secs] 
2020-12-16T22:37:55.868+0800: 669.532: [CMS-concurrent-abortable-preclean-start]
 CMS: abort preclean due to time 2020-12-16T22:38:00.948+0800: 674.612: [CMS-concurrent-abortable-preclean: 0.067/5.080 secs] [Times: user=0.17 sys=0.09, real=5.08 secs] 
2020-12-16T22:38:00.948+0800: 674.613: [GC (CMS Final Remark) [YG occupancy: 827659 K (943680 K)]2020-12-16T22:38:00.948+0800: 674.613: [Rescan (parallel) , 0.1222518 secs]2020-12-16T22:38:01.071+0800: 674.735: [weak refs processing, 0.0006926 secs][1 CMS-remark: 63K(64K)] 827723K(943744K), 0.1230925 secs] [Times: user=1.01 sys=0.02, real=0.12 secs] 
2020-12-16T22:38:01.072+0800: 674.736: [CMS-concurrent-sweep-start]
2020-12-16T22:38:01.072+0800: 674.736: [CMS-concurrent-sweep: 0.000/0.000 secs] [Times: user=0.00 sys=0.00, real=0.00 secs] 
2020-12-16T22:38:01.072+0800: 674.736: [CMS-concurrent-reset-start]
2020-12-16T22:38:01.072+0800: 674.736: [CMS-concurrent-reset: 0.000/0.000 secs] [Times: user=0.00 sys=0.00, real=0.00 secs] 
{Heap before GC invocations=4 (full 97):
 par new generation   total 943680K, used 838848K [0x00000000c0000000, 0x00000000ffff0000, 0x00000000ffff0000)
  eden space 838848K, 100% used [0x00000000c0000000, 0x00000000f3330000, 0x00000000f3330000)
  from space 104832K,   0% used [0x00000000f9990000, 0x00000000f9990000, 0x00000000ffff0000)
  to   space 104832K,   0% used [0x00000000f3330000, 0x00000000f3330000, 0x00000000f9990000)
 concurrent mark-sweep generation total 64K, used 63K [0x00000000ffff0000, 0x0000000100000000, 0x0000000100000000)
 Metaspace       used 88748K, capacity 95428K, committed 95704K, reserved 1132544K
  class space    used 10868K, capacity 11935K, committed 12032K, reserved 1048576K
2020-12-16T22:38:02.802+0800: 676.466: [GC (Allocation Failure) 2020-12-16T22:38:02.802+0800: 676.466: [ParNew (promotion failed): 838848K->943680K(943680K), 0.1958049 secs]2020-12-16T22:38:02.997+0800: 676.662: [CMS: 63K->63K(64K), 0.3964613 secs] 838911K->112371K(943744K), [Metaspace: 88748K->88748K(1132544K)], 0.5924106 secs] [Times: user=0.98 sys=0.03, real=0.59 secs] 
Heap after GC invocations=5 (full 98):
 par new generation   total 943680K, used 112307K [0x00000000c0000000, 0x00000000ffff0000, 0x00000000ffff0000)
  eden space 838848K,  13% used [0x00000000c0000000, 0x00000000c6dacd30, 0x00000000f3330000)
  from space 104832K,   0% used [0x00000000f3330000, 0x00000000f3330000, 0x00000000f9990000)
  to   space 104832K,   0% used [0x00000000f9990000, 0x00000000f9990000, 0x00000000ffff0000)
 concurrent mark-sweep generation total 64K, used 63K [0x00000000ffff0000, 0x0000000100000000, 0x0000000100000000)
 Metaspace       used 88748K, capacity 95428K, committed 95704K, reserved 1132544K
  class space    used 10868K, capacity 11935K, committed 12032K, reserved 1048576K
}
2020-12-16T22:38:03.394+0800: 677.059: [GC (CMS Initial Mark) [1 CMS-initial-mark: 63K(64K)] 116847K(943744K), 0.0500143 secs] [Times: user=0.05 sys=0.00, real=0.05 secs] 
2020-12-16T22:38:03.445+0800: 677.109: [CMS-concurrent-mark-start]
2020-12-16T22:38:03.445+0800: 677.109: [CMS-concurrent-mark: 0.000/0.000 secs] [Times: user=0.00 sys=0.00, real=0.00 secs] 
2020-12-16T22:38:03.445+0800: 677.109: [CMS-concurrent-preclean-start]
2020-12-16T22:38:03.446+0800: 677.110: [CMS-concurrent-preclean: 0.001/0.001 secs] [Times: user=0.00 sys=0.00, real=0.00 secs] 
2020-12-16T22:38:03.446+0800: 677.110: [CMS-concurrent-abortable-preclean-start]
 CMS: abort preclean due to time 2020-12-16T22:38:08.449+0800: 682.113: [CMS-concurrent-abortable-preclean: 0.074/5.003 secs] [Times: user=0.30 sys=0.17, real=5.00 secs] 
2020-12-16T22:38:08.449+0800: 682.114: [GC (CMS Final Remark) [YG occupancy: 167241 K (943680 K)]2020-12-16T22:38:08.449+0800: 682.114: [Rescan (parallel) , 0.0880960 secs]2020-12-16T22:38:08.538+0800: 682.202: [weak refs processing, 0.0006087 secs][1 CMS-remark: 63K(64K)] 167305K(943744K), 0.0887905 secs] [Times: user=0.59 sys=0.02, real=0.09 secs] 
2020-12-16T22:38:08.538+0800: 682.203: [CMS-concurrent-sweep-start]
2020-12-16T22:38:08.538+0800: 682.203: [CMS-concurrent-sweep: 0.000/0.000 secs] [Times: user=0.00 sys=0.00, real=0.00 secs] 
2020-12-16T22:38:08.538+0800: 682.203: [CMS-concurrent-reset-start]
2020-12-16T22:38:08.538+0800: 682.203: [CMS-concurrent-reset: 0.000/0.000 secs] [Times: user=0.00 sys=0.00, real=0.00 secs] 
2020-12-16T22:38:10.538+0800: 684.202: [GC (CMS Initial Mark) [1 CMS-initial-mark: 63K(64K)] 167305K(943744K), 0.0507689 secs] [Times: user=0.11 sys=0.00, real=0.05 secs] 
2020-12-16T22:38:10.589+0800: 684.253: [CMS-concurrent-mark-start]
2020-12-16T22:38:10.589+0800: 684.253: [CMS-concurrent-mark: 0.000/0.000 secs] [Times: user=0.00 sys=0.00, real=0.00 secs] 
2020-12-16T22:38:10.589+0800: 684.253: [CMS-concurrent-preclean-start]
2020-12-16T22:38:10.590+0800: 684.254: [CMS-concurrent-preclean: 0.001/0.001 secs] [Times: user=0.00 sys=0.00, real=0.00 secs] 
2020-12-16T22:38:10.590+0800: 684.254: [CMS-concurrent-abortable-preclean-start]
 CMS: abort preclean due to time 2020-12-16T22:38:15.677+0800: 689.340: [CMS-concurrent-abortable-preclean: 0.067/5.086 secs] [Times: user=0.09 sys=0.14, real=5.09 secs] 
2020-12-16T22:38:15.677+0800: 689.341: [GC (CMS Final Remark) [YG occupancy: 170540 K (943680 K)]2020-12-16T22:38:15.677+0800: 689.341: [Rescan (parallel) , 0.0784221 secs]2020-12-16T22:38:15.755+0800: 689.419: [weak refs processing, 0.0007126 secs][1 CMS-remark: 63K(64K)] 170604K(943744K), 0.0792215 secs] [Times: user=0.69 sys=0.00, real=0.08 secs] 
2020-12-16T22:38:15.755+0800: 689.420: [CMS-concurrent-sweep-start]
2020-12-16T22:38:15.755+0800: 689.420: [CMS-concurrent-sweep: 0.000/0.000 secs] [Times: user=0.00 sys=0.00, real=0.00 secs] 
2020-12-16T22:38:15.755+0800: 689.420: [CMS-concurrent-reset-start]
2020-12-16T22:38:15.755+0800: 689.420: [CMS-concurrent-reset: 0.000/0.000 secs] [Times: user=0.00 sys=0.00, real=0.00 secs] 
2020-12-16T22:38:17.756+0800: 691.420: [GC (CMS Initial Mark) [1 CMS-initial-mark: 63K(64K)] 170604K(943744K), 0.0807976 secs] [Times: user=0.24 sys=0.00, real=0.08 secs] 
2020-12-16T22:38:17.837+0800: 691.501: [CMS-concurrent-mark-start]
2020-12-16T22:38:17.837+0800: 691.501: [CMS-concurrent-mark: 0.000/0.000 secs] [Times: user=0.00 sys=0.00, real=0.00 secs] 
2020-12-16T22:38:17.837+0800: 691.502: [CMS-concurrent-preclean-start]
2020-12-16T22:38:17.838+0800: 691.503: [CMS-concurrent-preclean: 0.001/0.001 secs] [Times: user=0.01 sys=0.00, real=0.00 secs] 
2020-12-16T22:38:17.838+0800: 691.503: [CMS-concurrent-abortable-preclean-start]
 CMS: abort preclean due to time 2020-12-16T22:38:22.924+0800: 696.588: [CMS-concurrent-abortable-preclean: 0.070/5.085 secs] [Times: user=0.09 sys=0.19, real=5.09 secs] 
2020-12-16T22:38:22.924+0800: 696.588: [GC (CMS Final Remark) [YG occupancy: 173840 K (943680 K)]2020-12-16T22:38:22.924+0800: 696.588: [Rescan (parallel) , 0.0772923 secs]2020-12-16T22:38:23.001+0800: 696.665: [weak refs processing, 0.0006561 secs][1 CMS-remark: 63K(64K)] 173904K(943744K), 0.0780370 secs] [Times: user=0.66 sys=0.00, real=0.08 secs] 
2020-12-16T22:38:23.002+0800: 696.666: [CMS-concurrent-sweep-start]
2020-12-16T22:38:23.002+0800: 696.666: [CMS-concurrent-sweep: 0.000/0.000 secs] [Times: user=0.00 sys=0.00, real=0.00 secs] 
2020-12-16T22:38:23.002+0800: 696.666: [CMS-concurrent-reset-start]
2020-12-16T22:38:23.002+0800: 696.666: [CMS-concurrent-reset: 0.000/0.000 secs] [Times: user=0.00 sys=0.00, real=0.00 secs] 
2020-12-16T22:38:25.003+0800: 698.667: [GC (CMS Initial Mark) [1 CMS-initial-mark: 63K(64K)] 173904K(943744K), 0.0871538 secs] [Times: user=0.19 sys=0.00, real=0.09 secs] 
2020-12-16T22:38:25.090+0800: 698.754: [CMS-concurrent-mark-start]
2020-12-16T22:38:25.091+0800: 698.755: [CMS-concurrent-mark: 0.000/0.000 secs] [Times: user=0.00 sys=0.00, real=0.00 secs] 
2020-12-16T22:38:25.091+0800: 698.755: [CMS-concurrent-preclean-start]
2020-12-16T22:38:25.092+0800: 698.756: [CMS-concurrent-preclean: 0.001/0.001 secs] [Times: user=0.00 sys=0.00, real=0.00 secs] 
2020-12-16T22:38:25.092+0800: 698.756: [CMS-concurrent-abortable-preclean-start]
 CMS: abort preclean due to time 2020-12-16T22:38:30.176+0800: 703.840: [CMS-concurrent-abortable-preclean: 0.068/5.084 secs] [Times: user=0.08 sys=0.11, real=5.08 secs] 
2020-12-16T22:38:30.176+0800: 703.840: [GC (CMS Final Remark) [YG occupancy: 177139 K (943680 K)]2020-12-16T22:38:30.176+0800: 703.840: [Rescan (parallel) , 0.1207312 secs]2020-12-16T22:38:30.297+0800: 703.961: [weak refs processing, 0.0006033 secs][1 CMS-remark: 63K(64K)] 177203K(943744K), 0.1214811 secs] [Times: user=1.06 sys=0.03, real=0.12 secs] 
2020-12-16T22:38:30.297+0800: 703.962: [CMS-concurrent-sweep-start]
2020-12-16T22:38:30.297+0800: 703.962: [CMS-concurrent-sweep: 0.000/0.000 secs] [Times: user=0.00 sys=0.00, real=0.00 secs] 
2020-12-16T22:38:30.297+0800: 703.962: [CMS-concurrent-reset-start]
2020-12-16T22:38:30.297+0800: 703.962: [CMS-concurrent-reset: 0.000/0.000 secs] [Times: user=0.00 sys=0.00, real=0.00 secs] 
2020-12-16T22:38:32.298+0800: 705.962: [GC (CMS Initial Mark) [1 CMS-initial-mark: 63K(64K)] 177902K(943744K), 0.0507529 secs] [Times: user=0.05 sys=0.00, real=0.05 secs] 
2020-12-16T22:38:32.349+0800: 706.013: [CMS-concurrent-mark-start]
2020-12-16T22:38:32.349+0800: 706.013: [CMS-concurrent-mark: 0.000/0.000 secs] [Times: user=0.00 sys=0.00, real=0.00 secs] 
2020-12-16T22:38:32.349+0800: 706.013: [CMS-concurrent-preclean-start]
2020-12-16T22:38:32.350+0800: 706.014: [CMS-concurrent-preclean: 0.001/0.001 secs] [Times: user=0.00 sys=0.00, real=0.00 secs] 
2020-12-16T22:38:32.350+0800: 706.014: [CMS-concurrent-abortable-preclean-start]
 CMS: abort preclean due to time 2020-12-16T22:38:37.407+0800: 711.071: [CMS-concurrent-abortable-preclean: 0.073/5.056 secs] [Times: user=0.28 sys=0.13, real=5.06 secs] 
2020-12-16T22:38:37.407+0800: 711.071: [GC (CMS Final Remark) [YG occupancy: 193048 K (943680 K)]2020-12-16T22:38:37.407+0800: 711.071: [Rescan (parallel) , 0.0818590 secs]2020-12-16T22:38:37.489+0800: 711.153: [weak refs processing, 0.0006704 secs][1 CMS-remark: 63K(64K)] 193112K(943744K), 0.0826159 secs] [Times: user=0.66 sys=0.01, real=0.08 secs] 
2020-12-16T22:38:37.490+0800: 711.154: [CMS-concurrent-sweep-start]
2020-12-16T22:38:37.490+0800: 711.154: [CMS-concurrent-sweep: 0.000/0.000 secs] [Times: user=0.00 sys=0.00, real=0.00 secs] 
2020-12-16T22:38:37.490+0800: 711.154: [CMS-concurrent-reset-start]
2020-12-16T22:38:37.490+0800: 711.154: [CMS-concurrent-reset: 0.000/0.000 secs] [Times: user=0.00 sys=0.00, real=0.00 secs] 
2020-12-16T22:38:39.491+0800: 713.155: [GC (CMS Initial Mark) [1 CMS-initial-mark: 63K(64K)] 193112K(943744K), 0.0511965 secs] [Times: user=0.11 sys=0.00, real=0.07 secs] 
2020-12-16T22:38:39.558+0800: 713.222: [CMS-concurrent-mark-start]
2020-12-16T22:38:39.558+0800: 713.222: [CMS-concurrent-mark: 0.000/0.000 secs] [Times: user=0.00 sys=0.00, real=0.00 secs] 
2020-12-16T22:38:39.558+0800: 713.222: [CMS-concurrent-preclean-start]
2020-12-16T22:38:39.559+0800: 713.224: [CMS-concurrent-preclean: 0.001/0.001 secs] [Times: user=0.00 sys=0.00, real=0.00 secs] 
2020-12-16T22:38:39.559+0800: 713.224: [CMS-concurrent-abortable-preclean-start]
 CMS: abort preclean due to time 2020-12-16T22:38:44.609+0800: 718.273: [CMS-concurrent-abortable-preclean: 0.069/5.049 secs] [Times: user=0.23 sys=0.11, real=5.05 secs] 
2020-12-16T22:38:44.609+0800: 718.273: [GC (CMS Final Remark) [YG occupancy: 208672 K (943680 K)]2020-12-16T22:38:44.609+0800: 718.273: [Rescan (parallel) , 0.0845749 secs]2020-12-16T22:38:44.694+0800: 718.358: [weak refs processing, 0.0005825 secs][1 CMS-remark: 63K(64K)] 208736K(943744K), 0.0852380 secs] [Times: user=0.69 sys=0.00, real=0.09 secs] 
2020-12-16T22:38:44.694+0800: 718.358: [CMS-concurrent-sweep-start]
2020-12-16T22:38:44.694+0800: 718.358: [CMS-concurrent-sweep: 0.000/0.000 secs] [Times: user=0.00 sys=0.00, real=0.00 secs] 
2020-12-16T22:38:44.695+0800: 718.358: [CMS-concurrent-reset-start]
2020-12-16T22:38:44.695+0800: 718.358: [CMS-concurrent-reset: 0.000/0.000 secs] [Times: user=0.00 sys=0.00, real=0.00 secs] 
2020-12-16T22:38:46.694+0800: 720.358: [GC (CMS Initial Mark) [1 CMS-initial-mark: 63K(64K)] 214189K(943744K), 0.0536513 secs] [Times: user=0.17 sys=0.00, real=0.05 secs] 
2020-12-16T22:38:46.748+0800: 720.412: [CMS-concurrent-mark-start]
2020-12-16T22:38:46.748+0800: 720.412: [CMS-concurrent-mark: 0.000/0.000 secs] [Times: user=0.00 sys=0.00, real=0.00 secs] 
2020-12-16T22:38:46.748+0800: 720.412: [CMS-concurrent-preclean-start]
2020-12-16T22:38:46.749+0800: 720.414: [CMS-concurrent-preclean: 0.001/0.001 secs] [Times: user=0.00 sys=0.00, real=0.00 secs] 
2020-12-16T22:38:46.749+0800: 720.414: [CMS-concurrent-abortable-preclean-start]
 CMS: abort preclean due to time 2020-12-16T22:38:51.808+0800: 725.472: [CMS-concurrent-abortable-preclean: 0.068/5.059 secs] [Times: user=1.41 sys=1.25, real=5.06 secs] 
2020-12-16T22:38:51.808+0800: 725.473: [GC (CMS Final Remark) [YG occupancy: 241538 K (943680 K)]2020-12-16T22:38:51.808+0800: 725.473: [Rescan (parallel) , 0.0738116 secs]2020-12-16T22:38:51.882+0800: 725.546: [weak refs processing, 0.0006708 secs][1 CMS-remark: 63K(64K)] 241602K(943744K), 0.0745688 secs] [Times: user=0.52 sys=0.05, real=0.07 secs] 
2020-12-16T22:38:51.883+0800: 725.547: [CMS-concurrent-sweep-start]
2020-12-16T22:38:51.883+0800: 725.547: [CMS-concurrent-sweep: 0.000/0.000 secs] [Times: user=0.00 sys=0.00, real=0.00 secs] 
2020-12-16T22:38:51.883+0800: 725.547: [CMS-concurrent-reset-start]
2020-12-16T22:38:51.883+0800: 725.547: [CMS-concurrent-reset: 0.000/0.000 secs] [Times: user=0.00 sys=0.00, real=0.00 secs] 
2020-12-16T22:38:53.884+0800: 727.548: [GC (CMS Initial Mark) [1 CMS-initial-mark: 63K(64K)] 241602K(943744K), 0.0532233 secs] [Times: user=0.20 sys=0.00, real=0.05 secs] 
2020-12-16T22:38:53.937+0800: 727.601: [CMS-concurrent-mark-start]
2020-12-16T22:38:53.938+0800: 727.602: [CMS-concurrent-mark: 0.000/0.000 secs] [Times: user=0.00 sys=0.00, real=0.00 secs] 
2020-12-16T22:38:53.938+0800: 727.602: [CMS-concurrent-preclean-start]
2020-12-16T22:38:53.939+0800: 727.603: [CMS-concurrent-preclean: 0.001/0.001 secs] [Times: user=0.00 sys=0.00, real=0.00 secs] 
2020-12-16T22:38:53.939+0800: 727.603: [CMS-concurrent-abortable-preclean-start]
 CMS: abort preclean due to time 2020-12-16T22:38:58.965+0800: 732.629: [CMS-concurrent-abortable-preclean: 0.151/5.026 secs] [Times: user=1.69 sys=0.20, real=5.03 secs] 
2020-12-16T22:38:58.965+0800: 732.629: [GC (CMS Final Remark) [YG occupancy: 315351 K (943680 K)]2020-12-16T22:38:58.965+0800: 732.629: [Rescan (parallel) , 0.1539355 secs]2020-12-16T22:38:59.119+0800: 732.783: [weak refs processing, 0.0006022 secs][1 CMS-remark: 63K(64K)] 315415K(943744K), 0.1546898 secs] [Times: user=1.19 sys=0.03, real=0.15 secs] 
2020-12-16T22:38:59.120+0800: 732.784: [CMS-concurrent-sweep-start]
2020-12-16T22:38:59.120+0800: 732.784: [CMS-concurrent-sweep: 0.000/0.000 secs] [Times: user=0.00 sys=0.00, real=0.00 secs] 
2020-12-16T22:38:59.120+0800: 732.784: [CMS-concurrent-reset-start]
2020-12-16T22:38:59.120+0800: 732.784: [CMS-concurrent-reset: 0.000/0.000 secs] [Times: user=0.00 sys=0.00, real=0.00 secs] 
2020-12-16T22:39:01.120+0800: 734.785: [GC (CMS Initial Mark) [1 CMS-initial-mark: 63K(64K)] 328768K(943744K), 0.0514242 secs] [Times: user=0.05 sys=0.00, real=0.05 secs] 
2020-12-16T22:39:01.172+0800: 734.836: [CMS-concurrent-mark-start]
2020-12-16T22:39:01.172+0800: 734.836: [CMS-concurrent-mark: 0.000/0.000 secs] [Times: user=0.00 sys=0.00, real=0.00 secs] 
2020-12-16T22:39:01.172+0800: 734.836: [CMS-concurrent-preclean-start]
2020-12-16T22:39:01.173+0800: 734.838: [CMS-concurrent-preclean: 0.001/0.001 secs] [Times: user=0.00 sys=0.00, real=0.00 secs] 
2020-12-16T22:39:01.173+0800: 734.838: [CMS-concurrent-abortable-preclean-start]
 CMS: abort preclean due to time 2020-12-16T22:39:06.269+0800: 739.933: [CMS-concurrent-abortable-preclean: 0.214/5.095 secs] [Times: user=1.11 sys=0.11, real=5.10 secs] 
2020-12-16T22:39:06.269+0800: 739.933: [GC (CMS Final Remark) [YG occupancy: 332787 K (943680 K)]2020-12-16T22:39:06.269+0800: 739.933: [Rescan (parallel) , 0.0844332 secs]2020-12-16T22:39:06.354+0800: 740.018: [weak refs processing, 0.0006983 secs][1 CMS-remark: 63K(64K)] 332850K(943744K), 0.0852134 secs] [Times: user=0.72 sys=0.00, real=0.09 secs] 
2020-12-16T22:39:06.354+0800: 740.019: [CMS-concurrent-sweep-start]
2020-12-16T22:39:06.354+0800: 740.019: [CMS-concurrent-sweep: 0.000/0.000 secs] [Times: user=0.00 sys=0.00, real=0.00 secs] 
2020-12-16T22:39:06.355+0800: 740.019: [CMS-concurrent-reset-start]
2020-12-16T22:39:06.355+0800: 740.019: [CMS-concurrent-reset: 0.000/0.000 secs] [Times: user=0.00 sys=0.00, real=0.00 secs] 
2020-12-16T22:39:08.354+0800: 742.018: [GC (CMS Initial Mark) [1 CMS-initial-mark: 63K(64K)] 332850K(943744K), 0.0533681 secs] [Times: user=0.05 sys=0.00, real=0.05 secs] 
2020-12-16T22:39:08.408+0800: 742.072: [CMS-concurrent-mark-start]
2020-12-16T22:39:08.408+0800: 742.072: [CMS-concurrent-mark: 0.000/0.000 secs] [Times: user=0.00 sys=0.00, real=0.00 secs] 
2020-12-16T22:39:08.408+0800: 742.072: [CMS-concurrent-preclean-start]
2020-12-16T22:39:08.409+0800: 742.073: [CMS-concurrent-preclean: 0.001/0.001 secs] [Times: user=0.00 sys=0.00, real=0.00 secs] 
2020-12-16T22:39:08.409+0800: 742.073: [CMS-concurrent-abortable-preclean-start]
 CMS: abort preclean due to time 2020-12-16T22:39:13.414+0800: 747.078: [CMS-concurrent-abortable-preclean: 0.083/5.004 secs] [Times: user=0.23 sys=0.05, real=5.01 secs] 
2020-12-16T22:39:13.414+0800: 747.078: [GC (CMS Final Remark) [YG occupancy: 338134 K (943680 K)]2020-12-16T22:39:13.414+0800: 747.078: [Rescan (parallel) , 0.0817001 secs]2020-12-16T22:39:13.495+0800: 747.160: [weak refs processing, 0.0006957 secs][1 CMS-remark: 63K(64K)] 338198K(943744K), 0.0825172 secs] [Times: user=0.81 sys=0.01, real=0.08 secs] 
2020-12-16T22:39:13.496+0800: 747.161: [CMS-concurrent-sweep-start]
2020-12-16T22:39:13.496+0800: 747.161: [CMS-concurrent-sweep: 0.000/0.000 secs] [Times: user=0.00 sys=0.00, real=0.00 secs] 
2020-12-16T22:39:13.496+0800: 747.161: [CMS-concurrent-reset-start]
2020-12-16T22:39:13.496+0800: 747.161: [CMS-concurrent-reset: 0.000/0.000 secs] [Times: user=0.00 sys=0.00, real=0.00 secs] 
2020-12-16T22:39:15.498+0800: 749.162: [GC (CMS Initial Mark) [1 CMS-initial-mark: 63K(64K)] 338198K(943744K), 0.0983123 secs] [Times: user=0.39 sys=0.00, real=0.10 secs] 
2020-12-16T22:39:15.596+0800: 749.260: [CMS-concurrent-mark-start]
2020-12-16T22:39:15.596+0800: 749.260: [CMS-concurrent-mark: 0.000/0.000 secs] [Times: user=0.00 sys=0.00, real=0.00 secs] 
2020-12-16T22:39:15.596+0800: 749.260: [CMS-concurrent-preclean-start]
2020-12-16T22:39:15.597+0800: 749.262: [CMS-concurrent-preclean: 0.001/0.001 secs] [Times: user=0.00 sys=0.00, real=0.00 secs] 
2020-12-16T22:39:15.597+0800: 749.262: [CMS-concurrent-abortable-preclean-start]
 CMS: abort preclean due to time 2020-12-16T22:39:20.677+0800: 754.341: [CMS-concurrent-abortable-preclean: 0.064/5.079 secs] [Times: user=0.09 sys=0.09, real=5.08 secs] 
2020-12-16T22:39:20.677+0800: 754.341: [GC (CMS Final Remark) [YG occupancy: 341433 K (943680 K)]2020-12-16T22:39:20.678+0800: 754.341: [Rescan (parallel) , 0.0772033 secs]2020-12-16T22:39:20.754+0800: 754.419: [weak refs processing, 0.0007071 secs][1 CMS-remark: 63K(64K)] 341497K(943744K), 0.0781064 secs] [Times: user=0.67 sys=0.02, real=0.08 secs] 
2020-12-16T22:39:20.755+0800: 754.420: [CMS-concurrent-sweep-start]
2020-12-16T22:39:20.755+0800: 754.420: [CMS-concurrent-sweep: 0.000/0.000 secs] [Times: user=0.00 sys=0.00, real=0.00 secs] 
2020-12-16T22:39:20.755+0800: 754.420: [CMS-concurrent-reset-start]
2020-12-16T22:39:20.755+0800: 754.420: [CMS-concurrent-reset: 0.000/0.000 secs] [Times: user=0.00 sys=0.00, real=0.00 secs] 
2020-12-16T22:39:22.755+0800: 756.419: [GC (CMS Initial Mark) [1 CMS-initial-mark: 63K(64K)] 341497K(943744K), 0.0518393 secs] [Times: user=0.20 sys=0.00, real=0.05 secs] 
2020-12-16T22:39:22.807+0800: 756.471: [CMS-concurrent-mark-start]
2020-12-16T22:39:22.807+0800: 756.471: [CMS-concurrent-mark: 0.000/0.000 secs] [Times: user=0.00 sys=0.00, real=0.00 secs] 
2020-12-16T22:39:22.807+0800: 756.471: [CMS-concurrent-preclean-start]
2020-12-16T22:39:22.808+0800: 756.473: [CMS-concurrent-preclean: 0.001/0.001 secs] [Times: user=0.00 sys=0.00, real=0.00 secs] 
2020-12-16T22:39:22.808+0800: 756.473: [CMS-concurrent-abortable-preclean-start]
 CMS: abort preclean due to time 2020-12-16T22:39:27.890+0800: 761.554: [CMS-concurrent-abortable-preclean: 0.070/5.082 secs] [Times: user=0.13 sys=0.13, real=5.08 secs] 
2020-12-16T22:39:27.890+0800: 761.555: [GC (CMS Final Remark) [YG occupancy: 341433 K (943680 K)]2020-12-16T22:39:27.890+0800: 761.555: [Rescan (parallel) , 0.0809970 secs]2020-12-16T22:39:27.971+0800: 761.636: [weak refs processing, 0.0006786 secs][1 CMS-remark: 63K(64K)] 341497K(943744K), 0.0817654 secs] [Times: user=0.75 sys=0.00, real=0.08 secs] 
2020-12-16T22:39:27.972+0800: 761.636: [CMS-concurrent-sweep-start]
2020-12-16T22:39:27.972+0800: 761.637: [CMS-concurrent-sweep: 0.000/0.000 secs] [Times: user=0.00 sys=0.00, real=0.00 secs] 
2020-12-16T22:39:27.972+0800: 761.637: [CMS-concurrent-reset-start]
2020-12-16T22:39:27.972+0800: 761.637: [CMS-concurrent-reset: 0.000/0.000 secs] [Times: user=0.00 sys=0.00, real=0.00 secs] 
2020-12-16T22:39:29.972+0800: 763.636: [GC (CMS Initial Mark) [1 CMS-initial-mark: 63K(64K)] 344796K(943744K), 0.0516539 secs] [Times: user=0.19 sys=0.00, real=0.05 secs] 
2020-12-16T22:39:30.024+0800: 763.688: [CMS-concurrent-mark-start]
2020-12-16T22:39:30.024+0800: 763.688: [CMS-concurrent-mark: 0.000/0.000 secs] [Times: user=0.00 sys=0.00, real=0.00 secs] 
2020-12-16T22:39:30.024+0800: 763.688: [CMS-concurrent-preclean-start]
2020-12-16T22:39:30.025+0800: 763.690: [CMS-concurrent-preclean: 0.001/0.001 secs] [Times: user=0.00 sys=0.00, real=0.00 secs] 
2020-12-16T22:39:30.025+0800: 763.690: [CMS-concurrent-abortable-preclean-start]
 CMS: abort preclean due to time 2020-12-16T22:39:35.079+0800: 768.743: [CMS-concurrent-abortable-preclean: 0.071/5.053 secs] [Times: user=0.08 sys=0.16, real=5.05 secs] 
2020-12-16T22:39:35.079+0800: 768.743: [GC (CMS Final Remark) [YG occupancy: 344733 K (943680 K)]2020-12-16T22:39:35.079+0800: 768.743: [Rescan (parallel) , 0.0761672 secs]2020-12-16T22:39:35.155+0800: 768.819: [weak refs processing, 0.0006996 secs][1 CMS-remark: 63K(64K)] 344796K(943744K), 0.0769477 secs] [Times: user=0.64 sys=0.02, real=0.08 secs] 
2020-12-16T22:39:35.156+0800: 768.820: [CMS-concurrent-sweep-start]
2020-12-16T22:39:35.156+0800: 768.820: [CMS-concurrent-sweep: 0.000/0.000 secs] [Times: user=0.00 sys=0.00, real=0.00 secs] 
2020-12-16T22:39:35.156+0800: 768.820: [CMS-concurrent-reset-start]
2020-12-16T22:39:35.156+0800: 768.820: [CMS-concurrent-reset: 0.000/0.000 secs] [Times: user=0.00 sys=0.00, real=0.00 secs] 
2020-12-16T22:39:37.157+0800: 770.821: [GC (CMS Initial Mark) [1 CMS-initial-mark: 63K(64K)] 348096K(943744K), 0.0552793 secs] [Times: user=0.19 sys=0.00, real=0.05 secs] 
2020-12-16T22:39:37.212+0800: 770.876: [CMS-concurrent-mark-start]
2020-12-16T22:39:37.212+0800: 770.876: [CMS-concurrent-mark: 0.000/0.000 secs] [Times: user=0.00 sys=0.00, real=0.00 secs] 
2020-12-16T22:39:37.212+0800: 770.877: [CMS-concurrent-preclean-start]
2020-12-16T22:39:37.213+0800: 770.878: [CMS-concurrent-preclean: 0.001/0.001 secs] [Times: user=0.02 sys=0.00, real=0.00 secs] 
2020-12-16T22:39:37.214+0800: 770.878: [CMS-concurrent-abortable-preclean-start]
 CMS: abort preclean due to time 2020-12-16T22:39:42.300+0800: 775.964: [CMS-concurrent-abortable-preclean: 0.068/5.086 secs] [Times: user=0.08 sys=0.11, real=5.09 secs] 
2020-12-16T22:39:42.300+0800: 775.964: [GC (CMS Final Remark) [YG occupancy: 348032 K (943680 K)]2020-12-16T22:39:42.300+0800: 775.964: [Rescan (parallel) , 0.0763121 secs]2020-12-16T22:39:42.376+0800: 776.041: [weak refs processing, 0.0006159 secs][1 CMS-remark: 63K(64K)] 348096K(943744K), 0.0770132 secs] [Times: user=0.64 sys=0.00, real=0.08 secs] 
2020-12-16T22:39:42.377+0800: 776.041: [CMS-concurrent-sweep-start]
2020-12-16T22:39:42.377+0800: 776.041: [CMS-concurrent-sweep: 0.000/0.000 secs] [Times: user=0.00 sys=0.00, real=0.00 secs] 
2020-12-16T22:39:42.377+0800: 776.041: [CMS-concurrent-reset-start]
2020-12-16T22:39:42.377+0800: 776.041: [CMS-concurrent-reset: 0.000/0.000 secs] [Times: user=0.00 sys=0.00, real=0.00 secs] 
2020-12-16T22:39:44.378+0800: 778.041: [GC (CMS Initial Mark) [1 CMS-initial-mark: 63K(64K)] 348096K(943744K), 0.0544016 secs] [Times: user=0.19 sys=0.00, real=0.05 secs] 
2020-12-16T22:39:44.431+0800: 778.096: [CMS-concurrent-mark-start]
2020-12-16T22:39:44.432+0800: 778.096: [CMS-concurrent-mark: 0.000/0.000 secs] [Times: user=0.05 sys=0.00, real=0.00 secs] 
2020-12-16T22:39:44.432+0800: 778.096: [CMS-concurrent-preclean-start]
2020-12-16T22:39:44.433+0800: 778.097: [CMS-concurrent-preclean: 0.001/0.001 secs] [Times: user=0.00 sys=0.00, real=0.00 secs] 
2020-12-16T22:39:44.433+0800: 778.097: [CMS-concurrent-abortable-preclean-start]
 CMS: abort preclean due to time 2020-12-16T22:39:49.515+0800: 783.179: [CMS-concurrent-abortable-preclean: 0.067/5.081 secs] [Times: user=0.03 sys=0.09, real=5.08 secs] 
2020-12-16T22:39:49.515+0800: 783.179: [GC (CMS Final Remark) [YG occupancy: 351331 K (943680 K)]2020-12-16T22:39:49.515+0800: 783.179: [Rescan (parallel) , 0.0779904 secs]2020-12-16T22:39:49.593+0800: 783.257: [weak refs processing, 0.0006289 secs][1 CMS-remark: 63K(64K)] 351395K(943744K), 0.0787052 secs] [Times: user=0.70 sys=0.02, real=0.08 secs] 
2020-12-16T22:39:49.594+0800: 783.258: [CMS-concurrent-sweep-start]
2020-12-16T22:39:49.594+0800: 783.258: [CMS-concurrent-sweep: 0.000/0.000 secs] [Times: user=0.00 sys=0.00, real=0.00 secs] 
2020-12-16T22:39:49.594+0800: 783.258: [CMS-concurrent-reset-start]
2020-12-16T22:39:49.594+0800: 783.258: [CMS-concurrent-reset: 0.000/0.000 secs] [Times: user=0.00 sys=0.00, real=0.00 secs] 
2020-12-16T22:39:51.593+0800: 785.258: [GC (CMS Initial Mark) [1 CMS-initial-mark: 63K(64K)] 351395K(943744K), 0.0865815 secs] [Times: user=0.38 sys=0.00, real=0.09 secs] 
2020-12-16T22:39:51.680+0800: 785.344: [CMS-concurrent-mark-start]
2020-12-16T22:39:51.680+0800: 785.345: [CMS-concurrent-mark: 0.000/0.000 secs] [Times: user=0.00 sys=0.00, real=0.00 secs] 
2020-12-16T22:39:51.680+0800: 785.345: [CMS-concurrent-preclean-start]
2020-12-16T22:39:51.681+0800: 785.346: [CMS-concurrent-preclean: 0.001/0.001 secs] [Times: user=0.00 sys=0.00, real=0.00 secs] 
2020-12-16T22:39:51.681+0800: 785.346: [CMS-concurrent-abortable-preclean-start]
 CMS: abort preclean due to time 2020-12-16T22:39:56.716+0800: 790.380: [CMS-concurrent-abortable-preclean: 0.069/5.034 secs] [Times: user=0.05 sys=0.13, real=5.04 secs] 
2020-12-16T22:39:56.716+0800: 790.381: [GC (CMS Final Remark) [YG occupancy: 354630 K (943680 K)]2020-12-16T22:39:56.716+0800: 790.381: [Rescan (parallel) , 0.0775634 secs]2020-12-16T22:39:56.794+0800: 790.458: [weak refs processing, 0.0006769 secs][1 CMS-remark: 63K(64K)] 354694K(943744K), 0.0783259 secs] [Times: user=0.69 sys=0.02, real=0.08 secs] 
2020-12-16T22:39:56.794+0800: 790.459: [CMS-concurrent-sweep-start]
2020-12-16T22:39:56.795+0800: 790.459: [CMS-concurrent-sweep: 0.000/0.000 secs] [Times: user=0.00 sys=0.00, real=0.00 secs] 
2020-12-16T22:39:56.795+0800: 790.459: [CMS-concurrent-reset-start]
2020-12-16T22:39:56.795+0800: 790.459: [CMS-concurrent-reset: 0.000/0.000 secs] [Times: user=0.00 sys=0.00, real=0.00 secs] 
2020-12-16T22:39:58.794+0800: 792.458: [GC (CMS Initial Mark) [1 CMS-initial-mark: 63K(64K)] 354694K(943744K), 0.0600799 secs] [Times: user=0.09 sys=0.00, real=0.06 secs] 
2020-12-16T22:39:58.854+0800: 792.519: [CMS-concurrent-mark-start]
2020-12-16T22:39:58.854+0800: 792.519: [CMS-concurrent-mark: 0.000/0.000 secs] [Times: user=0.00 sys=0.00, real=0.00 secs] 
2020-12-16T22:39:58.854+0800: 792.519: [CMS-concurrent-preclean-start]
2020-12-16T22:39:58.855+0800: 792.520: [CMS-concurrent-preclean: 0.001/0.001 secs] [Times: user=0.00 sys=0.00, real=0.00 secs] 
2020-12-16T22:39:58.855+0800: 792.520: [CMS-concurrent-abortable-preclean-start]
 CMS: abort preclean due to time 2020-12-16T22:40:03.872+0800: 797.536: [CMS-concurrent-abortable-preclean: 0.062/5.016 secs] [Times: user=0.08 sys=0.08, real=5.02 secs] 
2020-12-16T22:40:03.872+0800: 797.536: [GC (CMS Final Remark) [YG occupancy: 357930 K (943680 K)]2020-12-16T22:40:03.872+0800: 797.536: [Rescan (parallel) , 0.0842345 secs]2020-12-16T22:40:03.957+0800: 797.621: [weak refs processing, 0.0005974 secs][1 CMS-remark: 63K(64K)] 357994K(943744K), 0.0849167 secs] [Times: user=0.72 sys=0.00, real=0.09 secs] 
2020-12-16T22:40:03.958+0800: 797.621: [CMS-concurrent-sweep-start]
2020-12-16T22:40:03.958+0800: 797.621: [CMS-concurrent-sweep: 0.000/0.000 secs] [Times: user=0.00 sys=0.00, real=0.00 secs] 
2020-12-16T22:40:03.958+0800: 797.622: [CMS-concurrent-reset-start]
2020-12-16T22:40:03.958+0800: 797.622: [CMS-concurrent-reset: 0.000/0.000 secs] [Times: user=0.00 sys=0.00, real=0.00 secs] 
2020-12-16T22:40:05.957+0800: 799.621: [GC (CMS Initial Mark) [1 CMS-initial-mark: 63K(64K)] 357994K(943744K), 0.0620187 secs] [Times: user=0.20 sys=0.00, real=0.06 secs] 
2020-12-16T22:40:06.019+0800: 799.683: [CMS-concurrent-mark-start]
2020-12-16T22:40:06.019+0800: 799.683: [CMS-concurrent-mark: 0.000/0.000 secs] [Times: user=0.00 sys=0.00, real=0.00 secs] 
2020-12-16T22:40:06.019+0800: 799.683: [CMS-concurrent-preclean-start]
2020-12-16T22:40:06.020+0800: 799.684: [CMS-concurrent-preclean: 0.001/0.001 secs] [Times: user=0.00 sys=0.00, real=0.00 secs] 
2020-12-16T22:40:06.020+0800: 799.684: [CMS-concurrent-abortable-preclean-start]
 CMS: abort preclean due to time 2020-12-16T22:40:11.088+0800: 804.753: [CMS-concurrent-abortable-preclean: 0.068/5.068 secs] [Times: user=0.08 sys=0.11, real=5.07 secs] 
2020-12-16T22:40:11.088+0800: 804.753: [GC (CMS Final Remark) [YG occupancy: 361229 K (943680 K)]2020-12-16T22:40:11.088+0800: 804.753: [Rescan (parallel) , 0.0792550 secs]2020-12-16T22:40:11.168+0800: 804.832: [weak refs processing, 0.0007165 secs][1 CMS-remark: 63K(64K)] 361293K(943744K), 0.0800723 secs] [Times: user=0.67 sys=0.02, real=0.08 secs] 
2020-12-16T22:40:11.169+0800: 804.833: [CMS-concurrent-sweep-start]
2020-12-16T22:40:11.169+0800: 804.833: [CMS-concurrent-sweep: 0.000/0.000 secs] [Times: user=0.00 sys=0.00, real=0.00 secs] 
2020-12-16T22:40:11.169+0800: 804.833: [CMS-concurrent-reset-start]
2020-12-16T22:40:11.169+0800: 804.833: [CMS-concurrent-reset: 0.000/0.000 secs] [Times: user=0.00 sys=0.00, real=0.00 secs] 
2020-12-16T22:40:13.169+0800: 806.833: [GC (CMS Initial Mark) [1 CMS-initial-mark: 63K(64K)] 361293K(943744K), 0.0525190 secs] [Times: user=0.08 sys=0.00, real=0.05 secs] 
2020-12-16T22:40:13.222+0800: 806.886: [CMS-concurrent-mark-start]
2020-12-16T22:40:13.222+0800: 806.886: [CMS-concurrent-mark: 0.000/0.000 secs] [Times: user=0.00 sys=0.00, real=0.00 secs] 
2020-12-16T22:40:13.222+0800: 806.886: [CMS-concurrent-preclean-start]
2020-12-16T22:40:13.223+0800: 806.887: [CMS-concurrent-preclean: 0.001/0.001 secs] [Times: user=0.00 sys=0.00, real=0.00 secs] 
2020-12-16T22:40:13.223+0800: 806.887: [CMS-concurrent-abortable-preclean-start]
 CMS: abort preclean due to time 2020-12-16T22:40:18.313+0800: 811.977: [CMS-concurrent-abortable-preclean: 0.073/5.090 secs] [Times: user=0.16 sys=0.08, real=5.09 secs] 
2020-12-16T22:40:18.313+0800: 811.977: [GC (CMS Final Remark) [YG occupancy: 364528 K (943680 K)]2020-12-16T22:40:18.313+0800: 811.977: [Rescan (parallel) , 0.1147722 secs]2020-12-16T22:40:18.427+0800: 812.092: [weak refs processing, 0.0007215 secs][1 CMS-remark: 63K(64K)] 364592K(943744K), 0.1156532 secs] [Times: user=1.03 sys=0.00, real=0.12 secs] 
2020-12-16T22:40:18.428+0800: 812.093: [CMS-concurrent-sweep-start]
2020-12-16T22:40:18.428+0800: 812.093: [CMS-concurrent-sweep: 0.000/0.000 secs] [Times: user=0.00 sys=0.00, real=0.00 secs] 
2020-12-16T22:40:18.428+0800: 812.093: [CMS-concurrent-reset-start]
2020-12-16T22:40:18.428+0800: 812.093: [CMS-concurrent-reset: 0.000/0.000 secs] [Times: user=0.00 sys=0.00, real=0.00 secs] 
2020-12-16T22:40:20.430+0800: 814.094: [GC (CMS Initial Mark) [1 CMS-initial-mark: 63K(64K)] 364592K(943744K), 0.0976838 secs] [Times: user=0.45 sys=0.00, real=0.10 secs] 
2020-12-16T22:40:20.527+0800: 814.192: [CMS-concurrent-mark-start]
2020-12-16T22:40:20.528+0800: 814.192: [CMS-concurrent-mark: 0.000/0.000 secs] [Times: user=0.00 sys=0.00, real=0.00 secs] 
2020-12-16T22:40:20.528+0800: 814.192: [CMS-concurrent-preclean-start]
2020-12-16T22:40:20.529+0800: 814.193: [CMS-concurrent-preclean: 0.001/0.001 secs] [Times: user=0.00 sys=0.00, real=0.00 secs] 
2020-12-16T22:40:20.529+0800: 814.193: [CMS-concurrent-abortable-preclean-start]
 CMS: abort preclean due to time 2020-12-16T22:40:25.618+0800: 819.283: [CMS-concurrent-abortable-preclean: 0.069/5.089 secs] [Times: user=0.08 sys=0.06, real=5.09 secs] 
2020-12-16T22:40:25.618+0800: 819.283: [GC (CMS Final Remark) [YG occupancy: 364528 K (943680 K)]2020-12-16T22:40:25.619+0800: 819.283: [Rescan (parallel) , 0.0959881 secs]2020-12-16T22:40:25.715+0800: 819.379: [weak refs processing, 0.0005958 secs][1 CMS-remark: 63K(64K)] 364592K(943744K), 0.0967471 secs] [Times: user=0.86 sys=0.01, real=0.10 secs] 
2020-12-16T22:40:25.716+0800: 819.380: [CMS-concurrent-sweep-start]
2020-12-16T22:40:25.716+0800: 819.380: [CMS-concurrent-sweep: 0.000/0.000 secs] [Times: user=0.00 sys=0.00, real=0.00 secs] 
2020-12-16T22:40:25.716+0800: 819.380: [CMS-concurrent-reset-start]
2020-12-16T22:40:25.716+0800: 819.380: [CMS-concurrent-reset: 0.000/0.000 secs] [Times: user=0.00 sys=0.00, real=0.00 secs] 
2020-12-16T22:40:27.716+0800: 821.380: [GC (CMS Initial Mark) [1 CMS-initial-mark: 63K(64K)] 367891K(943744K), 0.0547233 secs] [Times: user=0.08 sys=0.02, real=0.05 secs] 
2020-12-16T22:40:27.771+0800: 821.435: [CMS-concurrent-mark-start]
2020-12-16T22:40:27.771+0800: 821.435: [CMS-concurrent-mark: 0.000/0.000 secs] [Times: user=0.00 sys=0.00, real=0.00 secs] 
2020-12-16T22:40:27.771+0800: 821.435: [CMS-concurrent-preclean-start]
2020-12-16T22:40:27.772+0800: 821.436: [CMS-concurrent-preclean: 0.001/0.001 secs] [Times: user=0.00 sys=0.00, real=0.00 secs] 
2020-12-16T22:40:27.772+0800: 821.436: [CMS-concurrent-abortable-preclean-start]
 CMS: abort preclean due to time 2020-12-16T22:40:32.793+0800: 826.457: [CMS-concurrent-abortable-preclean: 0.070/5.021 secs] [Times: user=0.13 sys=0.20, real=5.02 secs] 
2020-12-16T22:40:32.793+0800: 826.457: [GC (CMS Final Remark) [YG occupancy: 367828 K (943680 K)]2020-12-16T22:40:32.793+0800: 826.457: [Rescan (parallel) , 0.0816664 secs]2020-12-16T22:40:32.874+0800: 826.539: [weak refs processing, 0.0006426 secs][1 CMS-remark: 63K(64K)] 367891K(943744K), 0.0824253 secs] [Times: user=0.70 sys=0.02, real=0.08 secs] 
2020-12-16T22:40:32.875+0800: 826.540: [CMS-concurrent-sweep-start]
2020-12-16T22:40:32.875+0800: 826.540: [CMS-concurrent-sweep: 0.000/0.000 secs] [Times: user=0.00 sys=0.00, real=0.00 secs] 
2020-12-16T22:40:32.875+0800: 826.540: [CMS-concurrent-reset-start]
2020-12-16T22:40:32.875+0800: 826.540: [CMS-concurrent-reset: 0.000/0.000 secs] [Times: user=0.00 sys=0.00, real=0.00 secs] 
2020-12-16T22:40:34.875+0800: 828.539: [GC (CMS Initial Mark) [1 CMS-initial-mark: 63K(64K)] 371191K(943744K), 0.0530646 secs] [Times: user=0.14 sys=0.00, real=0.05 secs] 
2020-12-16T22:40:34.928+0800: 828.593: [CMS-concurrent-mark-start]
2020-12-16T22:40:34.928+0800: 828.593: [CMS-concurrent-mark: 0.000/0.000 secs] [Times: user=0.00 sys=0.00, real=0.00 secs] 
2020-12-16T22:40:34.928+0800: 828.593: [CMS-concurrent-preclean-start]
2020-12-16T22:40:34.929+0800: 828.594: [CMS-concurrent-preclean: 0.001/0.001 secs] [Times: user=0.00 sys=0.00, real=0.00 secs] 
2020-12-16T22:40:34.929+0800: 828.594: [CMS-concurrent-abortable-preclean-start]
 CMS: abort preclean due to time 2020-12-16T22:40:40.008+0800: 833.672: [CMS-concurrent-abortable-preclean: 0.067/5.078 secs] [Times: user=0.03 sys=0.11, real=5.08 secs] 
2020-12-16T22:40:40.008+0800: 833.672: [GC (CMS Final Remark) [YG occupancy: 371127 K (943680 K)]2020-12-16T22:40:40.008+0800: 833.672: [Rescan (parallel) , 0.0784488 secs]2020-12-16T22:40:40.087+0800: 833.751: [weak refs processing, 0.0006051 secs][1 CMS-remark: 63K(64K)] 371191K(943744K), 0.0791398 secs] [Times: user=0.61 sys=0.02, real=0.08 secs] 
2020-12-16T22:40:40.088+0800: 833.752: [CMS-concurrent-sweep-start]
2020-12-16T22:40:40.088+0800: 833.752: [CMS-concurrent-sweep: 0.000/0.000 secs] [Times: user=0.00 sys=0.00, real=0.00 secs] 
2020-12-16T22:40:40.088+0800: 833.752: [CMS-concurrent-reset-start]
2020-12-16T22:40:40.088+0800: 833.752: [CMS-concurrent-reset: 0.000/0.000 secs] [Times: user=0.00 sys=0.00, real=0.00 secs] 
2020-12-16T22:40:42.087+0800: 835.751: [GC (CMS Initial Mark) [1 CMS-initial-mark: 63K(64K)] 371191K(943744K), 0.0897302 secs] [Times: user=0.34 sys=0.00, real=0.09 secs] 
2020-12-16T22:40:42.177+0800: 835.841: [CMS-concurrent-mark-start]
2020-12-16T22:40:42.177+0800: 835.841: [CMS-concurrent-mark: 0.000/0.000 secs] [Times: user=0.00 sys=0.00, real=0.00 secs] 
2020-12-16T22:40:42.177+0800: 835.841: [CMS-concurrent-preclean-start]
2020-12-16T22:40:42.178+0800: 835.843: [CMS-concurrent-preclean: 0.001/0.001 secs] [Times: user=0.00 sys=0.00, real=0.00 secs] 
2020-12-16T22:40:42.178+0800: 835.843: [CMS-concurrent-abortable-preclean-start]
 CMS: abort preclean due to time 2020-12-16T22:40:47.261+0800: 840.925: [CMS-concurrent-abortable-preclean: 0.071/5.082 secs] [Times: user=0.08 sys=0.16, real=5.08 secs] 
2020-12-16T22:40:47.261+0800: 840.925: [GC (CMS Final Remark) [YG occupancy: 374426 K (943680 K)]2020-12-16T22:40:47.261+0800: 840.925: [Rescan (parallel) , 0.0761963 secs]2020-12-16T22:40:47.337+0800: 841.002: [weak refs processing, 0.0006952 secs][1 CMS-remark: 63K(64K)] 374490K(943744K), 0.0769791 secs] [Times: user=0.55 sys=0.00, real=0.08 secs] 
2020-12-16T22:40:47.338+0800: 841.002: [CMS-concurrent-sweep-start]
2020-12-16T22:40:47.338+0800: 841.003: [CMS-concurrent-sweep: 0.000/0.000 secs] [Times: user=0.00 sys=0.00, real=0.00 secs] 
2020-12-16T22:40:47.338+0800: 841.003: [CMS-concurrent-reset-start]
2020-12-16T22:40:47.338+0800: 841.003: [CMS-concurrent-reset: 0.000/0.000 secs] [Times: user=0.00 sys=0.00, real=0.00 secs] 
2020-12-16T22:40:49.338+0800: 843.002: [GC (CMS Initial Mark) [1 CMS-initial-mark: 63K(64K)] 374490K(943744K), 0.0562396 secs] [Times: user=0.06 sys=0.00, real=0.06 secs] 
2020-12-16T22:40:49.394+0800: 843.058: [CMS-concurrent-mark-start]
2020-12-16T22:40:49.395+0800: 843.059: [CMS-concurrent-mark: 0.000/0.000 secs] [Times: user=0.00 sys=0.00, real=0.00 secs] 
2020-12-16T22:40:49.395+0800: 843.059: [CMS-concurrent-preclean-start]
2020-12-16T22:40:49.396+0800: 843.060: [CMS-concurrent-preclean: 0.001/0.001 secs] [Times: user=0.00 sys=0.00, real=0.00 secs] 
2020-12-16T22:40:49.396+0800: 843.060: [CMS-concurrent-abortable-preclean-start]
 CMS: abort preclean due to time 2020-12-16T22:40:54.486+0800: 848.150: [CMS-concurrent-abortable-preclean: 0.067/5.090 secs] [Times: user=0.03 sys=0.09, real=5.09 secs] 
2020-12-16T22:40:54.486+0800: 848.150: [GC (CMS Final Remark) [YG occupancy: 377725 K (943680 K)]2020-12-16T22:40:54.486+0800: 848.150: [Rescan (parallel) , 0.0790628 secs]2020-12-16T22:40:54.565+0800: 848.229: [weak refs processing, 0.0005967 secs][1 CMS-remark: 63K(64K)] 377789K(943744K), 0.0797415 secs] [Times: user=0.70 sys=0.00, real=0.08 secs] 
2020-12-16T22:40:54.565+0800: 848.230: [CMS-concurrent-sweep-start]
2020-12-16T22:40:54.565+0800: 848.230: [CMS-concurrent-sweep: 0.000/0.000 secs] [Times: user=0.00 sys=0.00, real=0.00 secs] 
2020-12-16T22:40:54.566+0800: 848.230: [CMS-concurrent-reset-start]
2020-12-16T22:40:54.566+0800: 848.230: [CMS-concurrent-reset: 0.000/0.000 secs] [Times: user=0.00 sys=0.00, real=0.00 secs] 
2020-12-16T22:40:56.565+0800: 850.230: [GC (CMS Initial Mark) [1 CMS-initial-mark: 63K(64K)] 377789K(943744K), 0.0862621 secs] [Times: user=0.39 sys=0.02, real=0.09 secs] 
2020-12-16T22:40:56.651+0800: 850.316: [CMS-concurrent-mark-start]
2020-12-16T22:40:56.652+0800: 850.316: [CMS-concurrent-mark: 0.000/0.000 secs] [Times: user=0.00 sys=0.00, real=0.00 secs] 
2020-12-16T22:40:56.652+0800: 850.316: [CMS-concurrent-preclean-start]
2020-12-16T22:40:56.653+0800: 850.317: [CMS-concurrent-preclean: 0.001/0.001 secs] [Times: user=0.00 sys=0.00, real=0.00 secs] 
2020-12-16T22:40:56.653+0800: 850.317: [CMS-concurrent-abortable-preclean-start]
 CMS: abort preclean due to time 2020-12-16T22:41:01.655+0800: 855.319: [CMS-concurrent-abortable-preclean: 0.071/5.002 secs] [Times: user=0.08 sys=0.13, real=5.00 secs] 
2020-12-16T22:41:01.655+0800: 855.320: [GC (CMS Final Remark) [YG occupancy: 381025 K (943680 K)]2020-12-16T22:41:01.655+0800: 855.320: [Rescan (parallel) , 0.0846100 secs]2020-12-16T22:41:01.740+0800: 855.404: [weak refs processing, 0.0005960 secs][1 CMS-remark: 63K(64K)] 381089K(943744K), 0.0852963 secs] [Times: user=0.59 sys=0.00, real=0.09 secs] 
2020-12-16T22:41:01.741+0800: 855.405: [CMS-concurrent-sweep-start]
2020-12-16T22:41:01.741+0800: 855.405: [CMS-concurrent-sweep: 0.000/0.000 secs] [Times: user=0.00 sys=0.00, real=0.00 secs] 
2020-12-16T22:41:01.741+0800: 855.405: [CMS-concurrent-reset-start]
2020-12-16T22:41:01.741+0800: 855.405: [CMS-concurrent-reset: 0.000/0.000 secs] [Times: user=0.00 sys=0.00, real=0.00 secs] 
2020-12-16T22:41:03.742+0800: 857.406: [GC (CMS Initial Mark) [1 CMS-initial-mark: 63K(64K)] 381089K(943744K), 0.0537502 secs] [Times: user=0.22 sys=0.00, real=0.05 secs] 
2020-12-16T22:41:03.796+0800: 857.460: [CMS-concurrent-mark-start]
2020-12-16T22:41:03.796+0800: 857.460: [CMS-concurrent-mark: 0.000/0.000 secs] [Times: user=0.00 sys=0.00, real=0.00 secs] 
2020-12-16T22:41:03.796+0800: 857.460: [CMS-concurrent-preclean-start]
2020-12-16T22:41:03.797+0800: 857.461: [CMS-concurrent-preclean: 0.001/0.001 secs] [Times: user=0.00 sys=0.00, real=0.00 secs] 
2020-12-16T22:41:03.798+0800: 857.461: [CMS-concurrent-abortable-preclean-start]
 CMS: abort preclean due to time 2020-12-16T22:41:08.877+0800: 862.541: [CMS-concurrent-abortable-preclean: 0.066/5.080 secs] [Times: user=0.16 sys=0.09, real=5.08 secs] 
2020-12-16T22:41:08.877+0800: 862.542: [GC (CMS Final Remark) [YG occupancy: 384324 K (943680 K)]2020-12-16T22:41:08.877+0800: 862.542: [Rescan (parallel) , 0.0800914 secs]2020-12-16T22:41:08.957+0800: 862.622: [weak refs processing, 0.0007011 secs][1 CMS-remark: 63K(64K)] 384388K(943744K), 0.0808779 secs] [Times: user=0.69 sys=0.00, real=0.08 secs] 
2020-12-16T22:41:08.958+0800: 862.623: [CMS-concurrent-sweep-start]
2020-12-16T22:41:08.958+0800: 862.623: [CMS-concurrent-sweep: 0.000/0.000 secs] [Times: user=0.00 sys=0.00, real=0.00 secs] 
2020-12-16T22:41:08.958+0800: 862.623: [CMS-concurrent-reset-start]
2020-12-16T22:41:08.958+0800: 862.623: [CMS-concurrent-reset: 0.000/0.000 secs] [Times: user=0.00 sys=0.00, real=0.00 secs] 
2020-12-16T22:41:10.960+0800: 864.624: [GC (CMS Initial Mark) [1 CMS-initial-mark: 63K(64K)] 384388K(943744K), 0.0802656 secs] [Times: user=0.16 sys=0.00, real=0.08 secs] 
2020-12-16T22:41:11.040+0800: 864.704: [CMS-concurrent-mark-start]
2020-12-16T22:41:11.044+0800: 864.709: [CMS-concurrent-mark: 0.004/0.004 secs] [Times: user=0.00 sys=0.00, real=0.00 secs] 
2020-12-16T22:41:11.044+0800: 864.709: [CMS-concurrent-preclean-start]
2020-12-16T22:41:11.046+0800: 864.710: [CMS-concurrent-preclean: 0.001/0.001 secs] [Times: user=0.00 sys=0.00, real=0.00 secs] 
2020-12-16T22:41:11.046+0800: 864.710: [CMS-concurrent-abortable-preclean-start]
 CMS: abort preclean due to time 2020-12-16T22:41:16.137+0800: 869.802: [CMS-concurrent-abortable-preclean: 0.065/5.091 secs] [Times: user=0.05 sys=0.16, real=5.09 secs] 
2020-12-16T22:41:16.137+0800: 869.802: [GC (CMS Final Remark) [YG occupancy: 387623 K (943680 K)]2020-12-16T22:41:16.137+0800: 869.802: [Rescan (parallel) , 0.0826821 secs]2020-12-16T22:41:16.220+0800: 869.885: [weak refs processing, 0.0005781 secs][1 CMS-remark: 63K(64K)] 387687K(943744K), 0.0833435 secs] [Times: user=0.70 sys=0.00, real=0.08 secs] 
2020-12-16T22:41:16.221+0800: 869.885: [CMS-concurrent-sweep-start]
2020-12-16T22:41:16.221+0800: 869.885: [CMS-concurrent-sweep: 0.000/0.000 secs] [Times: user=0.00 sys=0.00, real=0.00 secs] 
2020-12-16T22:41:16.221+0800: 869.885: [CMS-concurrent-reset-start]
2020-12-16T22:41:16.221+0800: 869.885: [CMS-concurrent-reset: 0.000/0.000 secs] [Times: user=0.00 sys=0.00, real=0.00 secs] 
2020-12-16T22:41:18.222+0800: 871.886: [GC (CMS Initial Mark) [1 CMS-initial-mark: 63K(64K)] 387687K(943744K), 0.0582173 secs] [Times: user=0.20 sys=0.00, real=0.06 secs] 
2020-12-16T22:41:18.279+0800: 871.944: [CMS-concurrent-mark-start]
2020-12-16T22:41:18.279+0800: 871.944: [CMS-concurrent-mark: 0.000/0.000 secs] [Times: user=0.00 sys=0.00, real=0.00 secs] 
2020-12-16T22:41:18.279+0800: 871.944: [CMS-concurrent-preclean-start]
2020-12-16T22:41:18.281+0800: 871.945: [CMS-concurrent-preclean: 0.001/0.001 secs] [Times: user=0.00 sys=0.00, real=0.00 secs] 
2020-12-16T22:41:18.281+0800: 871.945: [CMS-concurrent-abortable-preclean-start]
 CMS: abort preclean due to time 2020-12-16T22:41:23.354+0800: 877.018: [CMS-concurrent-abortable-preclean: 0.063/5.072 secs] [Times: user=0.14 sys=0.16, real=5.07 secs] 
2020-12-16T22:41:23.354+0800: 877.018: [GC (CMS Final Remark) [YG occupancy: 393500 K (943680 K)]2020-12-16T22:41:23.354+0800: 877.018: [Rescan (parallel) , 0.0867490 secs]2020-12-16T22:41:23.441+0800: 877.105: [weak refs processing, 0.0006014 secs][1 CMS-remark: 63K(64K)] 393564K(943744K), 0.0874373 secs] [Times: user=0.69 sys=0.00, real=0.09 secs] 
2020-12-16T22:41:23.442+0800: 877.106: [CMS-concurrent-sweep-start]
2020-12-16T22:41:23.442+0800: 877.106: [CMS-concurrent-sweep: 0.000/0.000 secs] [Times: user=0.00 sys=0.00, real=0.00 secs] 
2020-12-16T22:41:23.442+0800: 877.106: [CMS-concurrent-reset-start]
2020-12-16T22:41:23.442+0800: 877.106: [CMS-concurrent-reset: 0.000/0.000 secs] [Times: user=0.00 sys=0.00, real=0.00 secs] 
2020-12-16T22:41:25.442+0800: 879.106: [GC (CMS Initial Mark) [1 CMS-initial-mark: 63K(64K)] 393564K(943744K), 0.0623737 secs] [Times: user=0.20 sys=0.00, real=0.06 secs] 
2020-12-16T22:41:25.503+0800: 879.168: [CMS-concurrent-mark-start]
2020-12-16T22:41:25.504+0800: 879.168: [CMS-concurrent-mark: 0.000/0.000 secs] [Times: user=0.00 sys=0.00, real=0.00 secs] 
2020-12-16T22:41:25.504+0800: 879.168: [CMS-concurrent-preclean-start]
2020-12-16T22:41:25.505+0800: 879.170: [CMS-concurrent-preclean: 0.001/0.001 secs] [Times: user=0.00 sys=0.00, real=0.00 secs] 
2020-12-16T22:41:25.505+0800: 879.170: [CMS-concurrent-abortable-preclean-start]
 CMS: abort preclean due to time 2020-12-16T22:41:30.551+0800: 884.215: [CMS-concurrent-abortable-preclean: 0.059/5.046 secs] [Times: user=0.11 sys=0.05, real=5.05 secs] 
2020-12-16T22:41:30.551+0800: 884.216: [GC (CMS Final Remark) [YG occupancy: 396799 K (943680 K)]2020-12-16T22:41:30.551+0800: 884.216: [Rescan (parallel) , 0.0814866 secs]2020-12-16T22:41:30.632+0800: 884.297: [weak refs processing, 0.0006999 secs][1 CMS-remark: 63K(64K)] 396863K(943744K), 0.0822687 secs] [Times: user=0.61 sys=0.00, real=0.08 secs] 
2020-12-16T22:41:30.633+0800: 884.298: [CMS-concurrent-sweep-start]
2020-12-16T22:41:30.634+0800: 884.298: [CMS-concurrent-sweep: 0.000/0.000 secs] [Times: user=0.00 sys=0.00, real=0.00 secs] 
2020-12-16T22:41:30.634+0800: 884.298: [CMS-concurrent-reset-start]
2020-12-16T22:41:30.634+0800: 884.298: [CMS-concurrent-reset: 0.000/0.000 secs] [Times: user=0.00 sys=0.00, real=0.00 secs] 
2020-12-16T22:41:32.634+0800: 886.298: [GC (CMS Initial Mark) [1 CMS-initial-mark: 63K(64K)] 431668K(943744K), 0.0587463 secs] [Times: user=0.22 sys=0.00, real=0.06 secs] 
2020-12-16T22:41:32.692+0800: 886.357: [CMS-concurrent-mark-start]
2020-12-16T22:41:32.693+0800: 886.357: [CMS-concurrent-mark: 0.000/0.000 secs] [Times: user=0.00 sys=0.00, real=0.00 secs] 
2020-12-16T22:41:32.693+0800: 886.357: [CMS-concurrent-preclean-start]
2020-12-16T22:41:32.694+0800: 886.358: [CMS-concurrent-preclean: 0.001/0.001 secs] [Times: user=0.00 sys=0.00, real=0.00 secs] 
2020-12-16T22:41:32.694+0800: 886.358: [CMS-concurrent-abortable-preclean-start]
 CMS: abort preclean due to time 2020-12-16T22:41:37.779+0800: 891.443: [CMS-concurrent-abortable-preclean: 0.068/5.085 secs] [Times: user=0.08 sys=0.11, real=5.09 secs] 
2020-12-16T22:41:37.779+0800: 891.444: [GC (CMS Final Remark) [YG occupancy: 431604 K (943680 K)]2020-12-16T22:41:37.779+0800: 891.444: [Rescan (parallel) , 0.0856058 secs]2020-12-16T22:41:37.865+0800: 891.529: [weak refs processing, 0.0007473 secs][1 CMS-remark: 63K(64K)] 431668K(943744K), 0.0864450 secs] [Times: user=0.73 sys=0.00, real=0.09 secs] 
2020-12-16T22:41:37.866+0800: 891.530: [CMS-concurrent-sweep-start]
2020-12-16T22:41:37.866+0800: 891.530: [CMS-concurrent-sweep: 0.000/0.000 secs] [Times: user=0.00 sys=0.00, real=0.00 secs] 
2020-12-16T22:41:37.866+0800: 891.530: [CMS-concurrent-reset-start]
2020-12-16T22:41:37.866+0800: 891.530: [CMS-concurrent-reset: 0.000/0.000 secs] [Times: user=0.00 sys=0.00, real=0.00 secs] 
2020-12-16T22:41:39.867+0800: 893.532: [GC (CMS Initial Mark) [1 CMS-initial-mark: 63K(64K)] 434968K(943744K), 0.0560096 secs] [Times: user=0.23 sys=0.00, real=0.06 secs] 
2020-12-16T22:41:39.923+0800: 893.588: [CMS-concurrent-mark-start]
2020-12-16T22:41:39.923+0800: 893.588: [CMS-concurrent-mark: 0.000/0.000 secs] [Times: user=0.00 sys=0.00, real=0.00 secs] 
2020-12-16T22:41:39.923+0800: 893.588: [CMS-concurrent-preclean-start]
2020-12-16T22:41:39.924+0800: 893.589: [CMS-concurrent-preclean: 0.001/0.001 secs] [Times: user=0.00 sys=0.00, real=0.00 secs] 
2020-12-16T22:41:39.924+0800: 893.589: [CMS-concurrent-abortable-preclean-start]
 CMS: abort preclean due to time 2020-12-16T22:41:45.005+0800: 898.669: [CMS-concurrent-abortable-preclean: 0.061/5.080 secs] [Times: user=0.00 sys=0.20, real=5.08 secs] 
2020-12-16T22:41:45.005+0800: 898.669: [GC (CMS Final Remark) [YG occupancy: 434904 K (943680 K)]2020-12-16T22:41:45.005+0800: 898.669: [Rescan (parallel) , 0.0845611 secs]2020-12-16T22:41:45.090+0800: 898.754: [weak refs processing, 0.0007183 secs][1 CMS-remark: 63K(64K)] 434968K(943744K), 0.0853642 secs] [Times: user=0.83 sys=0.00, real=0.08 secs] 
2020-12-16T22:41:45.091+0800: 898.755: [CMS-concurrent-sweep-start]
2020-12-16T22:41:45.091+0800: 898.755: [CMS-concurrent-sweep: 0.000/0.000 secs] [Times: user=0.00 sys=0.00, real=0.00 secs] 
2020-12-16T22:41:45.091+0800: 898.755: [CMS-concurrent-reset-start]
2020-12-16T22:41:45.091+0800: 898.755: [CMS-concurrent-reset: 0.000/0.000 secs] [Times: user=0.00 sys=0.00, real=0.00 secs] 
2020-12-16T22:41:47.091+0800: 900.755: [GC (CMS Initial Mark) [1 CMS-initial-mark: 63K(64K)] 438267K(943744K), 0.0542610 secs] [Times: user=0.14 sys=0.00, real=0.05 secs] 
2020-12-16T22:41:47.145+0800: 900.809: [CMS-concurrent-mark-start]
2020-12-16T22:41:47.145+0800: 900.809: [CMS-concurrent-mark: 0.000/0.000 secs] [Times: user=0.00 sys=0.00, real=0.00 secs] 
2020-12-16T22:41:47.145+0800: 900.809: [CMS-concurrent-preclean-start]
2020-12-16T22:41:47.147+0800: 900.810: [CMS-concurrent-preclean: 0.001/0.001 secs] [Times: user=0.00 sys=0.00, real=0.00 secs] 
2020-12-16T22:41:47.147+0800: 900.810: [CMS-concurrent-abortable-preclean-start]
 CMS: abort preclean due to time 2020-12-16T22:41:52.229+0800: 905.893: [CMS-concurrent-abortable-preclean: 0.065/5.083 secs] [Times: user=0.13 sys=0.08, real=5.08 secs] 
2020-12-16T22:41:52.229+0800: 905.893: [GC (CMS Final Remark) [YG occupancy: 438203 K (943680 K)]2020-12-16T22:41:52.229+0800: 905.893: [Rescan (parallel) , 0.0837334 secs]2020-12-16T22:41:52.313+0800: 905.977: [weak refs processing, 0.0007901 secs][1 CMS-remark: 63K(64K)] 438267K(943744K), 0.0846529 secs] [Times: user=0.50 sys=0.00, real=0.08 secs] 
2020-12-16T22:41:52.314+0800: 905.978: [CMS-concurrent-sweep-start]
2020-12-16T22:41:52.314+0800: 905.978: [CMS-concurrent-sweep: 0.000/0.000 secs] [Times: user=0.00 sys=0.00, real=0.00 secs] 
2020-12-16T22:41:52.314+0800: 905.978: [CMS-concurrent-reset-start]
2020-12-16T22:41:52.314+0800: 905.978: [CMS-concurrent-reset: 0.000/0.000 secs] [Times: user=0.00 sys=0.00, real=0.00 secs] 
2020-12-16T22:41:54.313+0800: 907.978: [GC (CMS Initial Mark) [1 CMS-initial-mark: 63K(64K)] 441566K(943744K), 0.0631976 secs] [Times: user=0.23 sys=0.00, real=0.06 secs] 
2020-12-16T22:41:54.376+0800: 908.041: [CMS-concurrent-mark-start]
2020-12-16T22:41:54.377+0800: 908.041: [CMS-concurrent-mark: 0.000/0.000 secs] [Times: user=0.00 sys=0.00, real=0.00 secs] 
2020-12-16T22:41:54.377+0800: 908.041: [CMS-concurrent-preclean-start]
2020-12-16T22:41:54.378+0800: 908.042: [CMS-concurrent-preclean: 0.001/0.001 secs] [Times: user=0.00 sys=0.00, real=0.00 secs] 
2020-12-16T22:41:54.378+0800: 908.042: [CMS-concurrent-abortable-preclean-start]
 CMS: abort preclean due to time 2020-12-16T22:41:59.459+0800: 913.123: [CMS-concurrent-abortable-preclean: 0.065/5.081 secs] [Times: user=0.09 sys=0.09, real=5.08 secs] 
2020-12-16T22:41:59.459+0800: 913.124: [GC (CMS Final Remark) [YG occupancy: 441502 K (943680 K)]2020-12-16T22:41:59.459+0800: 913.124: [Rescan (parallel) , 0.0778854 secs]2020-12-16T22:41:59.537+0800: 913.202: [weak refs processing, 0.0006020 secs][1 CMS-remark: 63K(64K)] 441566K(943744K), 0.0785710 secs] [Times: user=0.70 sys=0.02, real=0.08 secs] 
2020-12-16T22:41:59.538+0800: 913.202: [CMS-concurrent-sweep-start]
2020-12-16T22:41:59.538+0800: 913.202: [CMS-concurrent-sweep: 0.000/0.000 secs] [Times: user=0.00 sys=0.00, real=0.00 secs] 
2020-12-16T22:41:59.538+0800: 913.203: [CMS-concurrent-reset-start]
2020-12-16T22:41:59.538+0800: 913.203: [CMS-concurrent-reset: 0.000/0.000 secs] [Times: user=0.00 sys=0.00, real=0.00 secs] 
2020-12-16T22:42:01.538+0800: 915.202: [GC (CMS Initial Mark) [1 CMS-initial-mark: 63K(64K)] 452331K(943744K), 0.0573011 secs] [Times: user=0.24 sys=0.00, real=0.06 secs] 
2020-12-16T22:42:01.595+0800: 915.259: [CMS-concurrent-mark-start]
2020-12-16T22:42:01.595+0800: 915.260: [CMS-concurrent-mark: 0.000/0.000 secs] [Times: user=0.00 sys=0.00, real=0.00 secs] 
2020-12-16T22:42:01.596+0800: 915.260: [CMS-concurrent-preclean-start]
2020-12-16T22:42:01.597+0800: 915.261: [CMS-concurrent-preclean: 0.001/0.001 secs] [Times: user=0.00 sys=0.00, real=0.00 secs] 
2020-12-16T22:42:01.597+0800: 915.261: [CMS-concurrent-abortable-preclean-start]
 CMS: abort preclean due to time 2020-12-16T22:42:06.612+0800: 920.276: [CMS-concurrent-abortable-preclean: 0.064/5.016 secs] [Times: user=0.03 sys=0.13, real=5.02 secs] 
2020-12-16T22:42:06.612+0800: 920.277: [GC (CMS Final Remark) [YG occupancy: 455567 K (943680 K)]2020-12-16T22:42:06.612+0800: 920.277: [Rescan (parallel) , 0.0863613 secs]2020-12-16T22:42:06.699+0800: 920.363: [weak refs processing, 0.0006018 secs][1 CMS-remark: 63K(64K)] 455631K(943744K), 0.0870451 secs] [Times: user=0.75 sys=0.00, real=0.09 secs] 
2020-12-16T22:42:06.699+0800: 920.364: [CMS-concurrent-sweep-start]
2020-12-16T22:42:06.699+0800: 920.364: [CMS-concurrent-sweep: 0.000/0.000 secs] [Times: user=0.00 sys=0.00, real=0.00 secs] 
2020-12-16T22:42:06.699+0800: 920.364: [CMS-concurrent-reset-start]
2020-12-16T22:42:06.699+0800: 920.364: [CMS-concurrent-reset: 0.000/0.000 secs] [Times: user=0.00 sys=0.00, real=0.00 secs] 
2020-12-16T22:42:08.700+0800: 922.364: [GC (CMS Initial Mark) [1 CMS-initial-mark: 63K(64K)] 455631K(943744K), 0.0609922 secs] [Times: user=0.22 sys=0.00, real=0.06 secs] 
2020-12-16T22:42:08.761+0800: 922.425: [CMS-concurrent-mark-start]
2020-12-16T22:42:08.761+0800: 922.426: [CMS-concurrent-mark: 0.000/0.000 secs] [Times: user=0.00 sys=0.00, real=0.00 secs] 
2020-12-16T22:42:08.761+0800: 922.426: [CMS-concurrent-preclean-start]
2020-12-16T22:42:08.763+0800: 922.427: [CMS-concurrent-preclean: 0.001/0.001 secs] [Times: user=0.00 sys=0.00, real=0.00 secs] 
2020-12-16T22:42:08.763+0800: 922.427: [CMS-concurrent-abortable-preclean-start]
 CMS: abort preclean due to time 2020-12-16T22:42:13.781+0800: 927.446: [CMS-concurrent-abortable-preclean: 0.068/5.019 secs] [Times: user=0.05 sys=0.14, real=5.02 secs] 
2020-12-16T22:42:13.781+0800: 927.446: [GC (CMS Final Remark) [YG occupancy: 458866 K (943680 K)]2020-12-16T22:42:13.781+0800: 927.446: [Rescan (parallel) , 0.1187500 secs]2020-12-16T22:42:13.901+0800: 927.565: [weak refs processing, 0.0007037 secs][1 CMS-remark: 63K(64K)] 458930K(943744K), 0.1195960 secs] [Times: user=1.05 sys=0.02, real=0.12 secs] 
2020-12-16T22:42:13.901+0800: 927.566: [CMS-concurrent-sweep-start]
2020-12-16T22:42:13.901+0800: 927.566: [CMS-concurrent-sweep: 0.000/0.000 secs] [Times: user=0.00 sys=0.00, real=0.00 secs] 
2020-12-16T22:42:13.902+0800: 927.566: [CMS-concurrent-reset-start]
2020-12-16T22:42:13.902+0800: 927.566: [CMS-concurrent-reset: 0.000/0.000 secs] [Times: user=0.00 sys=0.00, real=0.00 secs] 
2020-12-16T22:42:15.902+0800: 929.566: [GC (CMS Initial Mark) [1 CMS-initial-mark: 63K(64K)] 458930K(943744K), 0.0556758 secs] [Times: user=0.14 sys=0.00, real=0.06 secs] 
2020-12-16T22:42:15.958+0800: 929.622: [CMS-concurrent-mark-start]
2020-12-16T22:42:15.958+0800: 929.622: [CMS-concurrent-mark: 0.000/0.000 secs] [Times: user=0.00 sys=0.00, real=0.00 secs] 
2020-12-16T22:42:15.958+0800: 929.622: [CMS-concurrent-preclean-start]
2020-12-16T22:42:15.959+0800: 929.623: [CMS-concurrent-preclean: 0.001/0.001 secs] [Times: user=0.00 sys=0.00, real=0.00 secs] 
2020-12-16T22:42:15.959+0800: 929.623: [CMS-concurrent-abortable-preclean-start]
 CMS: abort preclean due to time 2020-12-16T22:42:21.042+0800: 934.706: [CMS-concurrent-abortable-preclean: 0.072/5.083 secs] [Times: user=0.14 sys=0.09, real=5.08 secs] 
2020-12-16T22:42:21.042+0800: 934.706: [GC (CMS Final Remark) [YG occupancy: 462165 K (943680 K)]2020-12-16T22:42:21.042+0800: 934.706: [Rescan (parallel) , 0.0788402 secs]2020-12-16T22:42:21.121+0800: 934.785: [weak refs processing, 0.0006961 secs][1 CMS-remark: 63K(64K)] 462229K(943744K), 0.0796242 secs] [Times: user=0.70 sys=0.00, real=0.08 secs] 
2020-12-16T22:42:21.122+0800: 934.786: [CMS-concurrent-sweep-start]
2020-12-16T22:42:21.122+0800: 934.786: [CMS-concurrent-sweep: 0.000/0.000 secs] [Times: user=0.00 sys=0.00, real=0.00 secs] 
2020-12-16T22:42:21.122+0800: 934.786: [CMS-concurrent-reset-start]
2020-12-16T22:42:21.122+0800: 934.786: [CMS-concurrent-reset: 0.000/0.000 secs] [Times: user=0.00 sys=0.00, real=0.00 secs] 
2020-12-16T22:42:23.122+0800: 936.786: [GC (CMS Initial Mark) [1 CMS-initial-mark: 63K(64K)] 462229K(943744K), 0.0637257 secs] [Times: user=0.20 sys=0.00, real=0.06 secs] 
2020-12-16T22:42:23.185+0800: 936.850: [CMS-concurrent-mark-start]
2020-12-16T22:42:23.186+0800: 936.850: [CMS-concurrent-mark: 0.000/0.000 secs] [Times: user=0.00 sys=0.00, real=0.00 secs] 
2020-12-16T22:42:23.186+0800: 936.850: [CMS-concurrent-preclean-start]
2020-12-16T22:42:23.187+0800: 936.851: [CMS-concurrent-preclean: 0.001/0.001 secs] [Times: user=0.00 sys=0.00, real=0.00 secs] 
2020-12-16T22:42:23.187+0800: 936.851: [CMS-concurrent-abortable-preclean-start]
 CMS: abort preclean due to time 2020-12-16T22:42:28.189+0800: 941.853: [CMS-concurrent-abortable-preclean: 0.067/5.002 secs] [Times: user=0.08 sys=0.09, real=5.00 secs] 
2020-12-16T22:42:28.189+0800: 941.853: [GC (CMS Final Remark) [YG occupancy: 465465 K (943680 K)]2020-12-16T22:42:28.189+0800: 941.853: [Rescan (parallel) , 0.0866448 secs]2020-12-16T22:42:28.276+0800: 941.940: [weak refs processing, 0.0006259 secs][1 CMS-remark: 63K(64K)] 465529K(943744K), 0.0873566 secs] [Times: user=0.74 sys=0.00, real=0.09 secs] 
2020-12-16T22:42:28.277+0800: 941.941: [CMS-concurrent-sweep-start]
2020-12-16T22:42:28.277+0800: 941.941: [CMS-concurrent-sweep: 0.000/0.000 secs] [Times: user=0.00 sys=0.00, real=0.00 secs] 
2020-12-16T22:42:28.277+0800: 941.941: [CMS-concurrent-reset-start]
2020-12-16T22:42:28.277+0800: 941.941: [CMS-concurrent-reset: 0.000/0.000 secs] [Times: user=0.00 sys=0.00, real=0.00 secs] 
2020-12-16T22:42:30.278+0800: 943.942: [GC (CMS Initial Mark) [1 CMS-initial-mark: 63K(64K)] 465529K(943744K), 0.0516956 secs] [Times: user=0.13 sys=0.00, real=0.05 secs] 
2020-12-16T22:42:30.330+0800: 943.994: [CMS-concurrent-mark-start]
2020-12-16T22:42:30.330+0800: 943.994: [CMS-concurrent-mark: 0.000/0.000 secs] [Times: user=0.00 sys=0.00, real=0.00 secs] 
2020-12-16T22:42:30.330+0800: 943.994: [CMS-concurrent-preclean-start]
2020-12-16T22:42:30.331+0800: 943.995: [CMS-concurrent-preclean: 0.001/0.001 secs] [Times: user=0.00 sys=0.00, real=0.00 secs] 
2020-12-16T22:42:30.331+0800: 943.995: [CMS-concurrent-abortable-preclean-start]
 CMS: abort preclean due to time 2020-12-16T22:42:35.380+0800: 949.044: [CMS-concurrent-abortable-preclean: 0.061/5.049 secs] [Times: user=0.08 sys=0.19, real=5.05 secs] 
2020-12-16T22:42:35.380+0800: 949.045: [GC (CMS Final Remark) [YG occupancy: 478551 K (943680 K)]2020-12-16T22:42:35.380+0800: 949.045: [Rescan (parallel) , 0.0805945 secs]2020-12-16T22:42:35.461+0800: 949.125: [weak refs processing, 0.0005995 secs][1 CMS-remark: 63K(64K)] 478615K(943744K), 0.0812826 secs] [Times: user=0.70 sys=0.00, real=0.08 secs] 
2020-12-16T22:42:35.462+0800: 949.126: [CMS-concurrent-sweep-start]
2020-12-16T22:42:35.462+0800: 949.126: [CMS-concurrent-sweep: 0.000/0.000 secs] [Times: user=0.00 sys=0.00, real=0.00 secs] 
2020-12-16T22:42:35.462+0800: 949.126: [CMS-concurrent-reset-start]
2020-12-16T22:42:35.462+0800: 949.126: [CMS-concurrent-reset: 0.000/0.000 secs] [Times: user=0.00 sys=0.00, real=0.00 secs] 
2020-12-16T22:42:37.463+0800: 951.127: [GC (CMS Initial Mark) [1 CMS-initial-mark: 63K(64K)] 478615K(943744K), 0.0546167 secs] [Times: user=0.11 sys=0.00, real=0.05 secs] 
2020-12-16T22:42:37.518+0800: 951.182: [CMS-concurrent-mark-start]
2020-12-16T22:42:37.518+0800: 951.182: [CMS-concurrent-mark: 0.000/0.000 secs] [Times: user=0.00 sys=0.00, real=0.00 secs] 
2020-12-16T22:42:37.518+0800: 951.182: [CMS-concurrent-preclean-start]
2020-12-16T22:42:37.519+0800: 951.183: [CMS-concurrent-preclean: 0.001/0.001 secs] [Times: user=0.00 sys=0.00, real=0.00 secs] 
2020-12-16T22:42:37.519+0800: 951.183: [CMS-concurrent-abortable-preclean-start]
 CMS: abort preclean due to time 2020-12-16T22:42:42.602+0800: 956.266: [CMS-concurrent-abortable-preclean: 0.068/5.083 secs] [Times: user=0.14 sys=0.09, real=5.08 secs] 
2020-12-16T22:42:42.602+0800: 956.266: [GC (CMS Final Remark) [YG occupancy: 478551 K (943680 K)]2020-12-16T22:42:42.602+0800: 956.266: [Rescan (parallel) , 0.0830028 secs]2020-12-16T22:42:42.685+0800: 956.349: [weak refs processing, 0.0006184 secs][1 CMS-remark: 63K(64K)] 478615K(943744K), 0.0837126 secs] [Times: user=0.81 sys=0.02, real=0.08 secs] 
2020-12-16T22:42:42.686+0800: 956.350: [CMS-concurrent-sweep-start]
2020-12-16T22:42:42.686+0800: 956.350: [CMS-concurrent-sweep: 0.000/0.000 secs] [Times: user=0.00 sys=0.00, real=0.00 secs] 
2020-12-16T22:42:42.686+0800: 956.350: [CMS-concurrent-reset-start]
2020-12-16T22:42:42.686+0800: 956.350: [CMS-concurrent-reset: 0.000/0.000 secs] [Times: user=0.00 sys=0.00, real=0.00 secs] 
2020-12-16T22:42:44.686+0800: 958.350: [GC (CMS Initial Mark) [1 CMS-initial-mark: 63K(64K)] 481914K(943744K), 0.0529864 secs] [Times: user=0.19 sys=0.00, real=0.05 secs] 
2020-12-16T22:42:44.739+0800: 958.403: [CMS-concurrent-mark-start]
2020-12-16T22:42:44.739+0800: 958.404: [CMS-concurrent-mark: 0.000/0.000 secs] [Times: user=0.00 sys=0.00, real=0.00 secs] 
2020-12-16T22:42:44.739+0800: 958.404: [CMS-concurrent-preclean-start]
2020-12-16T22:42:44.740+0800: 958.405: [CMS-concurrent-preclean: 0.001/0.001 secs] [Times: user=0.00 sys=0.00, real=0.00 secs] 
2020-12-16T22:42:44.740+0800: 958.405: [CMS-concurrent-abortable-preclean-start]
 CMS: abort preclean due to time 2020-12-16T22:42:49.827+0800: 963.491: [CMS-concurrent-abortable-preclean: 0.071/5.086 secs] [Times: user=0.05 sys=0.13, real=5.09 secs] 
2020-12-16T22:42:49.827+0800: 963.491: [GC (CMS Final Remark) [YG occupancy: 481850 K (943680 K)]2020-12-16T22:42:49.827+0800: 963.491: [Rescan (parallel) , 0.0757461 secs]2020-12-16T22:42:49.903+0800: 963.567: [weak refs processing, 0.0005997 secs][1 CMS-remark: 63K(64K)] 481914K(943744K), 0.0764257 secs] [Times: user=0.55 sys=0.00, real=0.08 secs] 
2020-12-16T22:42:49.903+0800: 963.568: [CMS-concurrent-sweep-start]
2020-12-16T22:42:49.903+0800: 963.568: [CMS-concurrent-sweep: 0.000/0.000 secs] [Times: user=0.00 sys=0.00, real=0.00 secs] 
2020-12-16T22:42:49.903+0800: 963.568: [CMS-concurrent-reset-start]
2020-12-16T22:42:49.903+0800: 963.568: [CMS-concurrent-reset: 0.000/0.000 secs] [Times: user=0.00 sys=0.00, real=0.00 secs] 
2020-12-16T22:42:51.903+0800: 965.567: [GC (CMS Initial Mark) [1 CMS-initial-mark: 63K(64K)] 485213K(943744K), 0.0556859 secs] [Times: user=0.14 sys=0.00, real=0.05 secs] 
2020-12-16T22:42:51.958+0800: 965.623: [CMS-concurrent-mark-start]
2020-12-16T22:42:51.958+0800: 965.623: [CMS-concurrent-mark: 0.000/0.000 secs] [Times: user=0.00 sys=0.00, real=0.00 secs] 
2020-12-16T22:42:51.958+0800: 965.623: [CMS-concurrent-preclean-start]
2020-12-16T22:42:51.959+0800: 965.624: [CMS-concurrent-preclean: 0.001/0.001 secs] [Times: user=0.00 sys=0.00, real=0.00 secs] 
2020-12-16T22:42:51.959+0800: 965.624: [CMS-concurrent-abortable-preclean-start]
 CMS: abort preclean due to time 2020-12-16T22:42:57.047+0800: 970.712: [CMS-concurrent-abortable-preclean: 0.070/5.088 secs] [Times: user=0.08 sys=0.09, real=5.09 secs] 
2020-12-16T22:42:57.047+0800: 970.712: [GC (CMS Final Remark) [YG occupancy: 485149 K (943680 K)]2020-12-16T22:42:57.047+0800: 970.712: [Rescan (parallel) , 0.0920610 secs]2020-12-16T22:42:57.140+0800: 970.804: [weak refs processing, 0.0007043 secs][1 CMS-remark: 63K(64K)] 485213K(943744K), 0.0928587 secs] [Times: user=0.84 sys=0.00, real=0.09 secs] 
2020-12-16T22:42:57.141+0800: 970.805: [CMS-concurrent-sweep-start]
2020-12-16T22:42:57.141+0800: 970.805: [CMS-concurrent-sweep: 0.000/0.000 secs] [Times: user=0.00 sys=0.00, real=0.00 secs] 
2020-12-16T22:42:57.141+0800: 970.805: [CMS-concurrent-reset-start]
2020-12-16T22:42:57.141+0800: 970.805: [CMS-concurrent-reset: 0.000/0.000 secs] [Times: user=0.00 sys=0.00, real=0.00 secs] 
2020-12-16T22:42:59.142+0800: 972.806: [GC (CMS Initial Mark) [1 CMS-initial-mark: 63K(64K)] 485213K(943744K), 0.0538976 secs] [Times: user=0.19 sys=0.00, real=0.05 secs] 
2020-12-16T22:42:59.196+0800: 972.860: [CMS-concurrent-mark-start]
2020-12-16T22:42:59.196+0800: 972.860: [CMS-concurrent-mark: 0.000/0.000 secs] [Times: user=0.00 sys=0.00, real=0.00 secs] 
2020-12-16T22:42:59.196+0800: 972.860: [CMS-concurrent-preclean-start]
2020-12-16T22:42:59.197+0800: 972.861: [CMS-concurrent-preclean: 0.001/0.001 secs] [Times: user=0.00 sys=0.00, real=0.00 secs] 
2020-12-16T22:42:59.197+0800: 972.861: [CMS-concurrent-abortable-preclean-start]
 CMS: abort preclean due to time 2020-12-16T22:43:04.251+0800: 977.915: [CMS-concurrent-abortable-preclean: 0.067/5.054 secs] [Times: user=0.20 sys=0.09, real=5.05 secs] 
2020-12-16T22:43:04.251+0800: 977.915: [GC (CMS Final Remark) [YG occupancy: 488448 K (943680 K)]2020-12-16T22:43:04.251+0800: 977.915: [Rescan (parallel) , 0.0759822 secs]2020-12-16T22:43:04.327+0800: 977.991: [weak refs processing, 0.0007017 secs][1 CMS-remark: 63K(64K)] 488512K(943744K), 0.0767701 secs] [Times: user=0.70 sys=0.00, real=0.08 secs] 
2020-12-16T22:43:04.328+0800: 977.992: [CMS-concurrent-sweep-start]
2020-12-16T22:43:04.328+0800: 977.992: [CMS-concurrent-sweep: 0.000/0.000 secs] [Times: user=0.00 sys=0.00, real=0.00 secs] 
2020-12-16T22:43:04.328+0800: 977.992: [CMS-concurrent-reset-start]
2020-12-16T22:43:04.328+0800: 977.992: [CMS-concurrent-reset: 0.000/0.000 secs] [Times: user=0.00 sys=0.00, real=0.00 secs] 
2020-12-16T22:43:06.328+0800: 979.991: [GC (CMS Initial Mark) [1 CMS-initial-mark: 63K(64K)] 488512K(943744K), 0.0528316 secs] [Times: user=0.19 sys=0.00, real=0.05 secs] 
2020-12-16T22:43:06.380+0800: 980.044: [CMS-concurrent-mark-start]
2020-12-16T22:43:06.380+0800: 980.045: [CMS-concurrent-mark: 0.000/0.000 secs] [Times: user=0.00 sys=0.00, real=0.00 secs] 
2020-12-16T22:43:06.380+0800: 980.045: [CMS-concurrent-preclean-start]
2020-12-16T22:43:06.381+0800: 980.046: [CMS-concurrent-preclean: 0.001/0.001 secs] [Times: user=0.00 sys=0.00, real=0.00 secs] 
2020-12-16T22:43:06.381+0800: 980.046: [CMS-concurrent-abortable-preclean-start]
 CMS: abort preclean due to time 2020-12-16T22:43:11.469+0800: 985.133: [CMS-concurrent-abortable-preclean: 0.067/5.087 secs] [Times: user=0.13 sys=0.16, real=5.09 secs] 
2020-12-16T22:43:11.469+0800: 985.133: [GC (CMS Final Remark) [YG occupancy: 491748 K (943680 K)]2020-12-16T22:43:11.469+0800: 985.133: [Rescan (parallel) , 0.0846455 secs]2020-12-16T22:43:11.554+0800: 985.218: [weak refs processing, 0.0007580 secs][1 CMS-remark: 63K(64K)] 491812K(943744K), 0.0855264 secs] [Times: user=0.49 sys=0.00, real=0.08 secs] 
2020-12-16T22:43:11.555+0800: 985.219: [CMS-concurrent-sweep-start]
2020-12-16T22:43:11.555+0800: 985.219: [CMS-concurrent-sweep: 0.000/0.000 secs] [Times: user=0.00 sys=0.00, real=0.00 secs] 
2020-12-16T22:43:11.555+0800: 985.219: [CMS-concurrent-reset-start]
2020-12-16T22:43:11.555+0800: 985.219: [CMS-concurrent-reset: 0.000/0.000 secs] [Times: user=0.00 sys=0.00, real=0.00 secs] 
2020-12-16T22:43:13.554+0800: 987.218: [GC (CMS Initial Mark) [1 CMS-initial-mark: 63K(64K)] 491812K(943744K), 0.0544254 secs] [Times: user=0.24 sys=0.00, real=0.06 secs] 
2020-12-16T22:43:13.609+0800: 987.273: [CMS-concurrent-mark-start]
2020-12-16T22:43:13.609+0800: 987.273: [CMS-concurrent-mark: 0.000/0.000 secs] [Times: user=0.00 sys=0.00, real=0.00 secs] 
2020-12-16T22:43:13.609+0800: 987.273: [CMS-concurrent-preclean-start]
2020-12-16T22:43:13.610+0800: 987.274: [CMS-concurrent-preclean: 0.001/0.001 secs] [Times: user=0.00 sys=0.00, real=0.00 secs] 
2020-12-16T22:43:13.610+0800: 987.274: [CMS-concurrent-abortable-preclean-start]
 CMS: abort preclean due to time 2020-12-16T22:43:18.692+0800: 992.356: [CMS-concurrent-abortable-preclean: 0.067/5.082 secs] [Times: user=0.11 sys=0.14, real=5.08 secs] 
2020-12-16T22:43:18.692+0800: 992.357: [GC (CMS Final Remark) [YG occupancy: 495047 K (943680 K)]2020-12-16T22:43:18.692+0800: 992.357: [Rescan (parallel) , 0.0790139 secs]2020-12-16T22:43:18.771+0800: 992.436: [weak refs processing, 0.0007096 secs][1 CMS-remark: 63K(64K)] 495111K(943744K), 0.0798077 secs] [Times: user=0.70 sys=0.00, real=0.08 secs] 
2020-12-16T22:43:18.772+0800: 992.437: [CMS-concurrent-sweep-start]
2020-12-16T22:43:18.772+0800: 992.437: [CMS-concurrent-sweep: 0.000/0.000 secs] [Times: user=0.00 sys=0.00, real=0.00 secs] 
2020-12-16T22:43:18.772+0800: 992.437: [CMS-concurrent-reset-start]
2020-12-16T22:43:18.772+0800: 992.437: [CMS-concurrent-reset: 0.000/0.000 secs] [Times: user=0.00 sys=0.00, real=0.00 secs] 
2020-12-16T22:43:20.772+0800: 994.437: [GC (CMS Initial Mark) [1 CMS-initial-mark: 63K(64K)] 495111K(943744K), 0.0835451 secs] [Times: user=0.50 sys=0.00, real=0.08 secs] 
2020-12-16T22:43:20.856+0800: 994.520: [CMS-concurrent-mark-start]
2020-12-16T22:43:20.856+0800: 994.521: [CMS-concurrent-mark: 0.000/0.000 secs] [Times: user=0.00 sys=0.00, real=0.00 secs] 
2020-12-16T22:43:20.856+0800: 994.521: [CMS-concurrent-preclean-start]
2020-12-16T22:43:20.857+0800: 994.522: [CMS-concurrent-preclean: 0.001/0.001 secs] [Times: user=0.00 sys=0.00, real=0.00 secs] 
2020-12-16T22:43:20.857+0800: 994.522: [CMS-concurrent-abortable-preclean-start]
 CMS: abort preclean due to time 2020-12-16T22:43:25.898+0800: 999.562: [CMS-concurrent-abortable-preclean: 0.068/5.040 secs] [Times: user=0.08 sys=0.11, real=5.04 secs] 
2020-12-16T22:43:25.899+0800: 999.563: [GC (CMS Final Remark) [YG occupancy: 498346 K (943680 K)]2020-12-16T22:43:25.899+0800: 999.563: [Rescan (parallel) , 0.1493565 secs]2020-12-16T22:43:26.049+0800: 999.712: [weak refs processing, 0.0007400 secs][1 CMS-remark: 63K(64K)] 498410K(943744K), 0.1502902 secs] [Times: user=1.13 sys=0.00, real=0.15 secs] 
2020-12-16T22:43:26.049+0800: 999.713: [CMS-concurrent-sweep-start]
2020-12-16T22:43:26.050+0800: 999.713: [CMS-concurrent-sweep: 0.000/0.000 secs] [Times: user=0.00 sys=0.00, real=0.00 secs] 
2020-12-16T22:43:26.050+0800: 999.713: [CMS-concurrent-reset-start]
2020-12-16T22:43:26.050+0800: 999.713: [CMS-concurrent-reset: 0.000/0.000 secs] [Times: user=0.00 sys=0.00, real=0.00 secs] 
2020-12-16T22:43:28.049+0800: 1001.713: [GC (CMS Initial Mark) [1 CMS-initial-mark: 63K(64K)] 498410K(943744K), 0.0864566 secs] [Times: user=0.47 sys=0.00, real=0.09 secs] 
2020-12-16T22:43:28.135+0800: 1001.799: [CMS-concurrent-mark-start]
2020-12-16T22:43:28.135+0800: 1001.800: [CMS-concurrent-mark: 0.000/0.000 secs] [Times: user=0.00 sys=0.00, real=0.00 secs] 
2020-12-16T22:43:28.135+0800: 1001.800: [CMS-concurrent-preclean-start]
2020-12-16T22:43:28.136+0800: 1001.801: [CMS-concurrent-preclean: 0.001/0.001 secs] [Times: user=0.00 sys=0.00, real=0.00 secs] 
2020-12-16T22:43:28.136+0800: 1001.801: [CMS-concurrent-abortable-preclean-start]
 CMS: abort preclean due to time 2020-12-16T22:43:33.170+0800: 1006.834: [CMS-concurrent-abortable-preclean: 0.063/5.033 secs] [Times: user=0.02 sys=0.14, real=5.03 secs] 
2020-12-16T22:43:33.170+0800: 1006.835: [GC (CMS Final Remark) [YG occupancy: 501646 K (943680 K)]2020-12-16T22:43:33.170+0800: 1006.835: [Rescan (parallel) , 0.0927832 secs]2020-12-16T22:43:33.263+0800: 1006.927: [weak refs processing, 0.0006199 secs][1 CMS-remark: 63K(64K)] 501710K(943744K), 0.0935050 secs] [Times: user=0.83 sys=0.02, real=0.09 secs] 
2020-12-16T22:43:33.264+0800: 1006.928: [CMS-concurrent-sweep-start]
2020-12-16T22:43:33.264+0800: 1006.928: [CMS-concurrent-sweep: 0.000/0.000 secs] [Times: user=0.00 sys=0.00, real=0.00 secs] 
2020-12-16T22:43:33.264+0800: 1006.928: [CMS-concurrent-reset-start]
2020-12-16T22:43:33.264+0800: 1006.928: [CMS-concurrent-reset: 0.000/0.000 secs] [Times: user=0.00 sys=0.00, real=0.00 secs] 
2020-12-16T22:43:35.264+0800: 1008.928: [GC (CMS Initial Mark) [1 CMS-initial-mark: 63K(64K)] 501710K(943744K), 0.0632485 secs] [Times: user=0.19 sys=0.00, real=0.06 secs] 
2020-12-16T22:43:35.328+0800: 1008.992: [CMS-concurrent-mark-start]
2020-12-16T22:43:35.328+0800: 1008.992: [CMS-concurrent-mark: 0.000/0.000 secs] [Times: user=0.00 sys=0.00, real=0.00 secs] 
2020-12-16T22:43:35.328+0800: 1008.992: [CMS-concurrent-preclean-start]
2020-12-16T22:43:35.329+0800: 1008.993: [CMS-concurrent-preclean: 0.001/0.001 secs] [Times: user=0.00 sys=0.00, real=0.00 secs] 
2020-12-16T22:43:35.329+0800: 1008.993: [CMS-concurrent-abortable-preclean-start]
 CMS: abort preclean due to time 2020-12-16T22:43:40.414+0800: 1014.078: [CMS-concurrent-abortable-preclean: 0.065/5.085 secs] [Times: user=0.09 sys=0.11, real=5.09 secs] 
2020-12-16T22:43:40.414+0800: 1014.078: [GC (CMS Final Remark) [YG occupancy: 501646 K (943680 K)]2020-12-16T22:43:40.414+0800: 1014.078: [Rescan (parallel) , 0.0802764 secs]2020-12-16T22:43:40.494+0800: 1014.158: [weak refs processing, 0.0007264 secs][1 CMS-remark: 63K(64K)] 501710K(943744K), 0.0810985 secs] [Times: user=0.69 sys=0.02, real=0.08 secs] 
2020-12-16T22:43:40.495+0800: 1014.159: [CMS-concurrent-sweep-start]
2020-12-16T22:43:40.495+0800: 1014.159: [CMS-concurrent-sweep: 0.000/0.000 secs] [Times: user=0.00 sys=0.00, real=0.00 secs] 
2020-12-16T22:43:40.495+0800: 1014.159: [CMS-concurrent-reset-start]
2020-12-16T22:43:40.495+0800: 1014.159: [CMS-concurrent-reset: 0.000/0.000 secs] [Times: user=0.00 sys=0.00, real=0.00 secs] 
2020-12-16T22:43:42.495+0800: 1016.159: [GC (CMS Initial Mark) [1 CMS-initial-mark: 63K(64K)] 505009K(943744K), 0.0565888 secs] [Times: user=0.13 sys=0.00, real=0.06 secs] 
2020-12-16T22:43:42.552+0800: 1016.216: [CMS-concurrent-mark-start]
2020-12-16T22:43:42.552+0800: 1016.216: [CMS-concurrent-mark: 0.000/0.000 secs] [Times: user=0.00 sys=0.00, real=0.00 secs] 
2020-12-16T22:43:42.552+0800: 1016.216: [CMS-concurrent-preclean-start]
2020-12-16T22:43:42.553+0800: 1016.217: [CMS-concurrent-preclean: 0.001/0.001 secs] [Times: user=0.00 sys=0.00, real=0.00 secs] 
2020-12-16T22:43:42.553+0800: 1016.217: [CMS-concurrent-abortable-preclean-start]
 CMS: abort preclean due to time 2020-12-16T22:43:47.633+0800: 1021.296: [CMS-concurrent-abortable-preclean: 0.067/5.079 secs] [Times: user=0.11 sys=0.13, real=5.08 secs] 
2020-12-16T22:43:47.633+0800: 1021.297: [GC (CMS Final Remark) [YG occupancy: 504945 K (943680 K)]2020-12-16T22:43:47.633+0800: 1021.297: [Rescan (parallel) , 0.0753344 secs]2020-12-16T22:43:47.708+0800: 1021.372: [weak refs processing, 0.0007334 secs][1 CMS-remark: 63K(64K)] 505009K(943744K), 0.0761598 secs] [Times: user=0.70 sys=0.01, real=0.08 secs] 
2020-12-16T22:43:47.708+0800: 1021.373: [CMS-concurrent-sweep-start]
2020-12-16T22:43:47.708+0800: 1021.373: [CMS-concurrent-sweep: 0.000/0.000 secs] [Times: user=0.00 sys=0.00, real=0.00 secs] 
2020-12-16T22:43:47.709+0800: 1021.373: [CMS-concurrent-reset-start]
2020-12-16T22:43:47.709+0800: 1021.373: [CMS-concurrent-reset: 0.000/0.000 secs] [Times: user=0.00 sys=0.00, real=0.00 secs] 
2020-12-16T22:43:49.709+0800: 1023.373: [GC (CMS Initial Mark) [1 CMS-initial-mark: 63K(64K)] 508308K(943744K), 0.1030656 secs] [Times: user=0.61 sys=0.00, real=0.10 secs] 
2020-12-16T22:43:49.812+0800: 1023.476: [CMS-concurrent-mark-start]
2020-12-16T22:43:49.813+0800: 1023.477: [CMS-concurrent-mark: 0.000/0.000 secs] [Times: user=0.00 sys=0.00, real=0.00 secs] 
2020-12-16T22:43:49.813+0800: 1023.477: [CMS-concurrent-preclean-start]
2020-12-16T22:43:49.814+0800: 1023.478: [CMS-concurrent-preclean: 0.001/0.001 secs] [Times: user=0.00 sys=0.00, real=0.00 secs] 
2020-12-16T22:43:49.814+0800: 1023.478: [CMS-concurrent-abortable-preclean-start]
 CMS: abort preclean due to time 2020-12-16T22:43:54.891+0800: 1028.555: [CMS-concurrent-abortable-preclean: 0.064/5.078 secs] [Times: user=0.16 sys=0.14, real=5.08 secs] 
2020-12-16T22:43:54.891+0800: 1028.556: [GC (CMS Final Remark) [YG occupancy: 508244 K (943680 K)]2020-12-16T22:43:54.891+0800: 1028.556: [Rescan (parallel) , 0.0874646 secs]2020-12-16T22:43:54.979+0800: 1028.643: [weak refs processing, 0.0006053 secs][1 CMS-remark: 63K(64K)] 508308K(943744K), 0.0881580 secs] [Times: user=0.70 sys=0.02, real=0.09 secs] 
2020-12-16T22:43:54.979+0800: 1028.644: [CMS-concurrent-sweep-start]
2020-12-16T22:43:54.979+0800: 1028.644: [CMS-concurrent-sweep: 0.000/0.000 secs] [Times: user=0.00 sys=0.00, real=0.00 secs] 
2020-12-16T22:43:54.980+0800: 1028.644: [CMS-concurrent-reset-start]
2020-12-16T22:43:54.980+0800: 1028.644: [CMS-concurrent-reset: 0.000/0.000 secs] [Times: user=0.00 sys=0.00, real=0.00 secs] 
2020-12-16T22:43:56.980+0800: 1030.644: [GC (CMS Initial Mark) [1 CMS-initial-mark: 63K(64K)] 508308K(943744K), 0.0568590 secs] [Times: user=0.16 sys=0.00, real=0.06 secs] 
2020-12-16T22:43:57.037+0800: 1030.701: [CMS-concurrent-mark-start]
2020-12-16T22:43:57.037+0800: 1030.701: [CMS-concurrent-mark: 0.000/0.000 secs] [Times: user=0.00 sys=0.00, real=0.00 secs] 
2020-12-16T22:43:57.037+0800: 1030.701: [CMS-concurrent-preclean-start]
2020-12-16T22:43:57.038+0800: 1030.702: [CMS-concurrent-preclean: 0.001/0.001 secs] [Times: user=0.00 sys=0.00, real=0.00 secs] 
2020-12-16T22:43:57.038+0800: 1030.702: [CMS-concurrent-abortable-preclean-start]
 CMS: abort preclean due to time 2020-12-16T22:44:02.124+0800: 1035.788: [CMS-concurrent-abortable-preclean: 0.070/5.086 secs] [Times: user=0.09 sys=0.11, real=5.09 secs] 
2020-12-16T22:44:02.124+0800: 1035.789: [GC (CMS Final Remark) [YG occupancy: 511543 K (943680 K)]2020-12-16T22:44:02.124+0800: 1035.789: [Rescan (parallel) , 0.0780225 secs]2020-12-16T22:44:02.202+0800: 1035.867: [weak refs processing, 0.0006310 secs][1 CMS-remark: 63K(64K)] 511607K(943744K), 0.0787423 secs] [Times: user=0.69 sys=0.00, real=0.08 secs] 
2020-12-16T22:44:02.203+0800: 1035.868: [CMS-concurrent-sweep-start]
2020-12-16T22:44:02.203+0800: 1035.868: [CMS-concurrent-sweep: 0.000/0.000 secs] [Times: user=0.00 sys=0.00, real=0.00 secs] 
2020-12-16T22:44:02.203+0800: 1035.868: [CMS-concurrent-reset-start]
2020-12-16T22:44:02.203+0800: 1035.868: [CMS-concurrent-reset: 0.000/0.000 secs] [Times: user=0.00 sys=0.00, real=0.00 secs] 
2020-12-16T22:44:04.204+0800: 1037.868: [GC (CMS Initial Mark) [1 CMS-initial-mark: 63K(64K)] 511607K(943744K), 0.0593813 secs] [Times: user=0.22 sys=0.00, real=0.06 secs] 
2020-12-16T22:44:04.263+0800: 1037.927: [CMS-concurrent-mark-start]
2020-12-16T22:44:04.264+0800: 1037.927: [CMS-concurrent-mark: 0.000/0.000 secs] [Times: user=0.00 sys=0.00, real=0.00 secs] 
2020-12-16T22:44:04.264+0800: 1037.927: [CMS-concurrent-preclean-start]
2020-12-16T22:44:04.265+0800: 1037.929: [CMS-concurrent-preclean: 0.001/0.001 secs] [Times: user=0.00 sys=0.00, real=0.00 secs] 
2020-12-16T22:44:04.265+0800: 1037.929: [CMS-concurrent-abortable-preclean-start]
 CMS: abort preclean due to time 2020-12-16T22:44:09.347+0800: 1043.011: [CMS-concurrent-abortable-preclean: 0.068/5.083 secs] [Times: user=0.25 sys=0.09, real=5.08 secs] 
2020-12-16T22:44:09.347+0800: 1043.011: [GC (CMS Final Remark) [YG occupancy: 514843 K (943680 K)]2020-12-16T22:44:09.347+0800: 1043.011: [Rescan (parallel) , 0.0773068 secs]2020-12-16T22:44:09.424+0800: 1043.089: [weak refs processing, 0.0006180 secs][1 CMS-remark: 63K(64K)] 514907K(943744K), 0.0780153 secs] [Times: user=0.70 sys=0.00, real=0.08 secs] 
2020-12-16T22:44:09.425+0800: 1043.090: [CMS-concurrent-sweep-start]
2020-12-16T22:44:09.425+0800: 1043.090: [CMS-concurrent-sweep: 0.000/0.000 secs] [Times: user=0.00 sys=0.00, real=0.00 secs] 
2020-12-16T22:44:09.425+0800: 1043.090: [CMS-concurrent-reset-start]
2020-12-16T22:44:09.425+0800: 1043.090: [CMS-concurrent-reset: 0.000/0.000 secs] [Times: user=0.00 sys=0.00, real=0.00 secs] 
2020-12-16T22:44:11.426+0800: 1045.090: [GC (CMS Initial Mark) [1 CMS-initial-mark: 63K(64K)] 514907K(943744K), 0.0547022 secs] [Times: user=0.25 sys=0.00, real=0.05 secs] 
2020-12-16T22:44:11.481+0800: 1045.145: [CMS-concurrent-mark-start]
2020-12-16T22:44:11.481+0800: 1045.145: [CMS-concurrent-mark: 0.000/0.000 secs] [Times: user=0.00 sys=0.00, real=0.00 secs] 
2020-12-16T22:44:11.481+0800: 1045.145: [CMS-concurrent-preclean-start]
2020-12-16T22:44:11.482+0800: 1045.146: [CMS-concurrent-preclean: 0.001/0.001 secs] [Times: user=0.00 sys=0.00, real=0.00 secs] 
2020-12-16T22:44:11.482+0800: 1045.146: [CMS-concurrent-abortable-preclean-start]
 CMS: abort preclean due to time 2020-12-16T22:44:16.571+0800: 1050.236: [CMS-concurrent-abortable-preclean: 0.069/5.089 secs] [Times: user=0.09 sys=0.08, real=5.09 secs] 
2020-12-16T22:44:16.571+0800: 1050.236: [GC (CMS Final Remark) [YG occupancy: 518142 K (943680 K)]2020-12-16T22:44:16.571+0800: 1050.236: [Rescan (parallel) , 0.0885841 secs]2020-12-16T22:44:16.661+0800: 1050.325: [weak refs processing, 0.0008779 secs][1 CMS-remark: 63K(64K)] 518206K(943744K), 0.0895930 secs] [Times: user=0.61 sys=0.01, real=0.09 secs] 
2020-12-16T22:44:16.663+0800: 1050.327: [CMS-concurrent-sweep-start]
2020-12-16T22:44:16.663+0800: 1050.327: [CMS-concurrent-sweep: 0.000/0.000 secs] [Times: user=0.00 sys=0.00, real=0.00 secs] 
2020-12-16T22:44:16.663+0800: 1050.327: [CMS-concurrent-reset-start]
2020-12-16T22:44:16.663+0800: 1050.327: [CMS-concurrent-reset: 0.000/0.000 secs] [Times: user=0.00 sys=0.00, real=0.00 secs] 
2020-12-16T22:44:18.662+0800: 1052.327: [GC (CMS Initial Mark) [1 CMS-initial-mark: 63K(64K)] 518206K(943744K), 0.0647170 secs] [Times: user=0.25 sys=0.00, real=0.07 secs] 
2020-12-16T22:44:18.727+0800: 1052.391: [CMS-concurrent-mark-start]
2020-12-16T22:44:18.727+0800: 1052.392: [CMS-concurrent-mark: 0.000/0.000 secs] [Times: user=0.00 sys=0.00, real=0.00 secs] 
2020-12-16T22:44:18.727+0800: 1052.392: [CMS-concurrent-preclean-start]
2020-12-16T22:44:18.729+0800: 1052.393: [CMS-concurrent-preclean: 0.001/0.001 secs] [Times: user=0.00 sys=0.00, real=0.00 secs] 
2020-12-16T22:44:18.729+0800: 1052.393: [CMS-concurrent-abortable-preclean-start]
 CMS: abort preclean due to time 2020-12-16T22:44:23.812+0800: 1057.476: [CMS-concurrent-abortable-preclean: 0.068/5.083 secs] [Times: user=0.09 sys=0.11, real=5.08 secs] 
2020-12-16T22:44:23.812+0800: 1057.476: [GC (CMS Final Remark) [YG occupancy: 521441 K (943680 K)]2020-12-16T22:44:23.812+0800: 1057.476: [Rescan (parallel) , 0.0868994 secs]2020-12-16T22:44:23.899+0800: 1057.563: [weak refs processing, 0.0008401 secs][1 CMS-remark: 63K(64K)] 521505K(943744K), 0.0878714 secs] [Times: user=0.52 sys=0.02, real=0.09 secs] 
2020-12-16T22:44:23.900+0800: 1057.564: [CMS-concurrent-sweep-start]
2020-12-16T22:44:23.900+0800: 1057.565: [CMS-concurrent-sweep: 0.000/0.000 secs] [Times: user=0.00 sys=0.00, real=0.00 secs] 
2020-12-16T22:44:23.900+0800: 1057.565: [CMS-concurrent-reset-start]
2020-12-16T22:44:23.900+0800: 1057.565: [CMS-concurrent-reset: 0.000/0.000 secs] [Times: user=0.00 sys=0.00, real=0.00 secs] 
2020-12-16T22:44:25.900+0800: 1059.564: [GC (CMS Initial Mark) [1 CMS-initial-mark: 63K(64K)] 521505K(943744K), 0.0736596 secs] [Times: user=0.19 sys=0.00, real=0.07 secs] 
2020-12-16T22:44:25.974+0800: 1059.638: [CMS-concurrent-mark-start]
2020-12-16T22:44:25.974+0800: 1059.638: [CMS-concurrent-mark: 0.000/0.000 secs] [Times: user=0.00 sys=0.00, real=0.00 secs] 
2020-12-16T22:44:25.974+0800: 1059.638: [CMS-concurrent-preclean-start]
2020-12-16T22:44:25.975+0800: 1059.639: [CMS-concurrent-preclean: 0.001/0.001 secs] [Times: user=0.00 sys=0.00, real=0.00 secs] 
2020-12-16T22:44:25.975+0800: 1059.639: [CMS-concurrent-abortable-preclean-start]
 CMS: abort preclean due to time 2020-12-16T22:44:30.979+0800: 1064.643: [CMS-concurrent-abortable-preclean: 0.090/5.004 secs] [Times: user=0.59 sys=0.13, real=5.00 secs] 
2020-12-16T22:44:30.979+0800: 1064.643: [GC (CMS Final Remark) [YG occupancy: 539205 K (943680 K)]2020-12-16T22:44:30.979+0800: 1064.643: [Rescan (parallel) , 0.0815321 secs]2020-12-16T22:44:31.061+0800: 1064.725: [weak refs processing, 0.0006953 secs][1 CMS-remark: 63K(64K)] 539269K(943744K), 0.0823328 secs] [Times: user=0.63 sys=0.02, real=0.08 secs] 
2020-12-16T22:44:31.062+0800: 1064.726: [CMS-concurrent-sweep-start]
2020-12-16T22:44:31.062+0800: 1064.726: [CMS-concurrent-sweep: 0.000/0.000 secs] [Times: user=0.00 sys=0.00, real=0.00 secs] 
2020-12-16T22:44:31.062+0800: 1064.726: [CMS-concurrent-reset-start]
2020-12-16T22:44:31.062+0800: 1064.726: [CMS-concurrent-reset: 0.000/0.000 secs] [Times: user=0.00 sys=0.00, real=0.00 secs] 
2020-12-16T22:44:33.063+0800: 1066.727: [GC (CMS Initial Mark) [1 CMS-initial-mark: 63K(64K)] 539269K(943744K), 0.1053258 secs] [Times: user=0.61 sys=0.00, real=0.11 secs] 
2020-12-16T22:44:33.168+0800: 1066.832: [CMS-concurrent-mark-start]
2020-12-16T22:44:33.168+0800: 1066.833: [CMS-concurrent-mark: 0.000/0.000 secs] [Times: user=0.00 sys=0.00, real=0.00 secs] 
2020-12-16T22:44:33.168+0800: 1066.833: [CMS-concurrent-preclean-start]
2020-12-16T22:44:33.169+0800: 1066.834: [CMS-concurrent-preclean: 0.001/0.001 secs] [Times: user=0.00 sys=0.00, real=0.00 secs] 
2020-12-16T22:44:33.169+0800: 1066.834: [CMS-concurrent-abortable-preclean-start]
 CMS: abort preclean due to time 2020-12-16T22:44:38.253+0800: 1071.918: [CMS-concurrent-abortable-preclean: 0.067/5.084 secs] [Times: user=0.09 sys=0.11, real=5.08 secs] 
2020-12-16T22:44:38.253+0800: 1071.918: [GC (CMS Final Remark) [YG occupancy: 539205 K (943680 K)]2020-12-16T22:44:38.253+0800: 1071.918: [Rescan (parallel) , 0.0922053 secs]2020-12-16T22:44:38.346+0800: 1072.010: [weak refs processing, 0.0005939 secs][1 CMS-remark: 63K(64K)] 539269K(943744K), 0.0928841 secs] [Times: user=0.88 sys=0.00, real=0.09 secs] 
2020-12-16T22:44:38.346+0800: 1072.011: [CMS-concurrent-sweep-start]
2020-12-16T22:44:38.346+0800: 1072.011: [CMS-concurrent-sweep: 0.000/0.000 secs] [Times: user=0.00 sys=0.00, real=0.00 secs] 
2020-12-16T22:44:38.347+0800: 1072.011: [CMS-concurrent-reset-start]
2020-12-16T22:44:38.347+0800: 1072.011: [CMS-concurrent-reset: 0.000/0.000 secs] [Times: user=0.00 sys=0.00, real=0.00 secs] 
2020-12-16T22:44:40.347+0800: 1074.011: [GC (CMS Initial Mark) [1 CMS-initial-mark: 63K(64K)] 542568K(943744K), 0.0591016 secs] [Times: user=0.25 sys=0.00, real=0.06 secs] 
2020-12-16T22:44:40.406+0800: 1074.070: [CMS-concurrent-mark-start]
2020-12-16T22:44:40.406+0800: 1074.070: [CMS-concurrent-mark: 0.000/0.000 secs] [Times: user=0.00 sys=0.00, real=0.00 secs] 
2020-12-16T22:44:40.406+0800: 1074.070: [CMS-concurrent-preclean-start]
2020-12-16T22:44:40.407+0800: 1074.072: [CMS-concurrent-preclean: 0.001/0.001 secs] [Times: user=0.00 sys=0.00, real=0.00 secs] 
2020-12-16T22:44:40.407+0800: 1074.072: [CMS-concurrent-abortable-preclean-start]
 CMS: abort preclean due to time 2020-12-16T22:44:45.490+0800: 1079.154: [CMS-concurrent-abortable-preclean: 0.064/5.082 secs] [Times: user=0.09 sys=0.14, real=5.08 secs] 
2020-12-16T22:44:45.490+0800: 1079.154: [GC (CMS Final Remark) [YG occupancy: 542504 K (943680 K)]2020-12-16T22:44:45.490+0800: 1079.154: [Rescan (parallel) , 0.0893865 secs]2020-12-16T22:44:45.580+0800: 1079.244: [weak refs processing, 0.0005933 secs][1 CMS-remark: 63K(64K)] 542568K(943744K), 0.0900670 secs] [Times: user=0.84 sys=0.02, real=0.09 secs] 
2020-12-16T22:44:45.580+0800: 1079.244: [CMS-concurrent-sweep-start]
2020-12-16T22:44:45.581+0800: 1079.244: [CMS-concurrent-sweep: 0.000/0.000 secs] [Times: user=0.00 sys=0.00, real=0.00 secs] 
2020-12-16T22:44:45.581+0800: 1079.244: [CMS-concurrent-reset-start]
2020-12-16T22:44:45.581+0800: 1079.244: [CMS-concurrent-reset: 0.000/0.000 secs] [Times: user=0.00 sys=0.00, real=0.00 secs] 
2020-12-16T22:44:47.580+0800: 1081.244: [GC (CMS Initial Mark) [1 CMS-initial-mark: 63K(64K)] 545867K(943744K), 0.0593665 secs] [Times: user=0.24 sys=0.00, real=0.06 secs] 
2020-12-16T22:44:47.639+0800: 1081.304: [CMS-concurrent-mark-start]
2020-12-16T22:44:47.640+0800: 1081.304: [CMS-concurrent-mark: 0.000/0.000 secs] [Times: user=0.00 sys=0.00, real=0.00 secs] 
2020-12-16T22:44:47.640+0800: 1081.304: [CMS-concurrent-preclean-start]
2020-12-16T22:44:47.641+0800: 1081.305: [CMS-concurrent-preclean: 0.001/0.001 secs] [Times: user=0.00 sys=0.00, real=0.00 secs] 
2020-12-16T22:44:47.641+0800: 1081.305: [CMS-concurrent-abortable-preclean-start]
 CMS: abort preclean due to time 2020-12-16T22:44:52.725+0800: 1086.389: [CMS-concurrent-abortable-preclean: 0.063/5.084 secs] [Times: user=0.06 sys=0.13, real=5.08 secs] 
2020-12-16T22:44:52.725+0800: 1086.389: [GC (CMS Final Remark) [YG occupancy: 545803 K (943680 K)]2020-12-16T22:44:52.725+0800: 1086.389: [Rescan (parallel) , 0.0737502 secs]2020-12-16T22:44:52.798+0800: 1086.463: [weak refs processing, 0.0006018 secs][1 CMS-remark: 63K(64K)] 545867K(943744K), 0.0744398 secs] [Times: user=0.66 sys=0.01, real=0.07 secs] 
2020-12-16T22:44:52.799+0800: 1086.464: [CMS-concurrent-sweep-start]
2020-12-16T22:44:52.799+0800: 1086.464: [CMS-concurrent-sweep: 0.000/0.000 secs] [Times: user=0.00 sys=0.00, real=0.00 secs] 
2020-12-16T22:44:52.799+0800: 1086.464: [CMS-concurrent-reset-start]
2020-12-16T22:44:52.799+0800: 1086.464: [CMS-concurrent-reset: 0.000/0.000 secs] [Times: user=0.00 sys=0.00, real=0.00 secs] 
2020-12-16T22:44:54.800+0800: 1088.464: [GC (CMS Initial Mark) [1 CMS-initial-mark: 63K(64K)] 545867K(943744K), 0.0589895 secs] [Times: user=0.23 sys=0.00, real=0.06 secs] 
2020-12-16T22:44:54.858+0800: 1088.523: [CMS-concurrent-mark-start]
2020-12-16T22:44:54.859+0800: 1088.523: [CMS-concurrent-mark: 0.000/0.000 secs] [Times: user=0.00 sys=0.00, real=0.00 secs] 
2020-12-16T22:44:54.859+0800: 1088.523: [CMS-concurrent-preclean-start]
2020-12-16T22:44:54.860+0800: 1088.525: [CMS-concurrent-preclean: 0.001/0.001 secs] [Times: user=0.00 sys=0.00, real=0.00 secs] 
2020-12-16T22:44:54.860+0800: 1088.525: [CMS-concurrent-abortable-preclean-start]
 CMS: abort preclean due to time 2020-12-16T22:44:59.950+0800: 1093.614: [CMS-concurrent-abortable-preclean: 0.072/5.089 secs] [Times: user=0.13 sys=0.17, real=5.09 secs] 
2020-12-16T22:44:59.950+0800: 1093.614: [GC (CMS Final Remark) [YG occupancy: 549102 K (943680 K)]2020-12-16T22:44:59.950+0800: 1093.614: [Rescan (parallel) , 0.0902722 secs]2020-12-16T22:45:00.040+0800: 1093.704: [weak refs processing, 0.0007177 secs][1 CMS-remark: 63K(64K)] 549166K(943744K), 0.0910687 secs] [Times: user=0.69 sys=0.02, real=0.09 secs] 
2020-12-16T22:45:00.040+0800: 1093.705: [CMS-concurrent-sweep-start]
2020-12-16T22:45:00.041+0800: 1093.705: [CMS-concurrent-sweep: 0.000/0.000 secs] [Times: user=0.03 sys=0.00, real=0.00 secs] 
2020-12-16T22:45:00.041+0800: 1093.705: [CMS-concurrent-reset-start]
2020-12-16T22:45:00.041+0800: 1093.705: [CMS-concurrent-reset: 0.000/0.000 secs] [Times: user=0.00 sys=0.00, real=0.00 secs] 
2020-12-16T22:45:02.041+0800: 1095.705: [GC (CMS Initial Mark) [1 CMS-initial-mark: 63K(64K)] 549166K(943744K), 0.0603762 secs] [Times: user=0.16 sys=0.00, real=0.06 secs] 
2020-12-16T22:45:02.101+0800: 1095.766: [CMS-concurrent-mark-start]
2020-12-16T22:45:02.102+0800: 1095.766: [CMS-concurrent-mark: 0.000/0.000 secs] [Times: user=0.00 sys=0.00, real=0.00 secs] 
2020-12-16T22:45:02.102+0800: 1095.766: [CMS-concurrent-preclean-start]
2020-12-16T22:45:02.103+0800: 1095.767: [CMS-concurrent-preclean: 0.001/0.001 secs] [Times: user=0.00 sys=0.00, real=0.00 secs] 
2020-12-16T22:45:02.103+0800: 1095.767: [CMS-concurrent-abortable-preclean-start]
 CMS: abort preclean due to time 2020-12-16T22:45:07.104+0800: 1100.769: [CMS-concurrent-abortable-preclean: 0.057/5.002 secs] [Times: user=0.26 sys=0.13, real=5.00 secs] 
2020-12-16T22:45:07.104+0800: 1100.769: [GC (CMS Final Remark) [YG occupancy: 554706 K (943680 K)]2020-12-16T22:45:07.104+0800: 1100.769: [Rescan (parallel) , 0.0834495 secs]2020-12-16T22:45:07.188+0800: 1100.852: [weak refs processing, 0.0009458 secs][1 CMS-remark: 63K(64K)] 554770K(943744K), 0.0844941 secs] [Times: user=0.67 sys=0.00, real=0.08 secs] 
2020-12-16T22:45:07.189+0800: 1100.853: [CMS-concurrent-sweep-start]
2020-12-16T22:45:07.190+0800: 1100.853: [CMS-concurrent-sweep: 0.000/0.000 secs] [Times: user=0.00 sys=0.00, real=0.00 secs] 
2020-12-16T22:45:07.190+0800: 1100.853: [CMS-concurrent-reset-start]
2020-12-16T22:45:07.190+0800: 1100.853: [CMS-concurrent-reset: 0.000/0.000 secs] [Times: user=0.00 sys=0.00, real=0.00 secs] 
2020-12-16T22:45:09.189+0800: 1102.853: [GC (CMS Initial Mark) [1 CMS-initial-mark: 63K(64K)] 558314K(943744K), 0.0584395 secs] [Times: user=0.28 sys=0.00, real=0.06 secs] 
2020-12-16T22:45:09.248+0800: 1102.912: [CMS-concurrent-mark-start]
2020-12-16T22:45:09.248+0800: 1102.912: [CMS-concurrent-mark: 0.000/0.000 secs] [Times: user=0.00 sys=0.00, real=0.00 secs] 
2020-12-16T22:45:09.248+0800: 1102.912: [CMS-concurrent-preclean-start]
2020-12-16T22:45:09.249+0800: 1102.913: [CMS-concurrent-preclean: 0.001/0.001 secs] [Times: user=0.00 sys=0.00, real=0.00 secs] 
2020-12-16T22:45:09.249+0800: 1102.913: [CMS-concurrent-abortable-preclean-start]
 CMS: abort preclean due to time 2020-12-16T22:45:14.328+0800: 1107.992: [CMS-concurrent-abortable-preclean: 0.061/5.079 secs] [Times: user=0.03 sys=0.09, real=5.08 secs] 
2020-12-16T22:45:14.328+0800: 1107.993: [GC (CMS Final Remark) [YG occupancy: 563229 K (943680 K)]2020-12-16T22:45:14.328+0800: 1107.993: [Rescan (parallel) , 0.0899147 secs]2020-12-16T22:45:14.418+0800: 1108.083: [weak refs processing, 0.0006010 secs][1 CMS-remark: 63K(64K)] 563293K(943744K), 0.0906016 secs] [Times: user=0.84 sys=0.02, real=0.09 secs] 
2020-12-16T22:45:14.419+0800: 1108.084: [CMS-concurrent-sweep-start]
2020-12-16T22:45:14.419+0800: 1108.084: [CMS-concurrent-sweep: 0.000/0.000 secs] [Times: user=0.00 sys=0.00, real=0.00 secs] 
2020-12-16T22:45:14.419+0800: 1108.084: [CMS-concurrent-reset-start]
2020-12-16T22:45:14.419+0800: 1108.084: [CMS-concurrent-reset: 0.000/0.000 secs] [Times: user=0.00 sys=0.00, real=0.00 secs] 
2020-12-16T22:45:16.420+0800: 1110.084: [GC (CMS Initial Mark) [1 CMS-initial-mark: 63K(64K)] 563293K(943744K), 0.0677807 secs] [Times: user=0.22 sys=0.00, real=0.07 secs] 
2020-12-16T22:45:16.488+0800: 1110.152: [CMS-concurrent-mark-start]
2020-12-16T22:45:16.488+0800: 1110.152: [CMS-concurrent-mark: 0.000/0.000 secs] [Times: user=0.00 sys=0.00, real=0.00 secs] 
2020-12-16T22:45:16.488+0800: 1110.152: [CMS-concurrent-preclean-start]
2020-12-16T22:45:16.489+0800: 1110.154: [CMS-concurrent-preclean: 0.001/0.001 secs] [Times: user=0.00 sys=0.00, real=0.00 secs] 
2020-12-16T22:45:16.489+0800: 1110.154: [CMS-concurrent-abortable-preclean-start]
 CMS: abort preclean due to time 2020-12-16T22:45:21.575+0800: 1115.239: [CMS-concurrent-abortable-preclean: 0.067/5.086 secs] [Times: user=0.05 sys=0.13, real=5.09 secs] 
2020-12-16T22:45:21.575+0800: 1115.240: [GC (CMS Final Remark) [YG occupancy: 566528 K (943680 K)]2020-12-16T22:45:21.575+0800: 1115.240: [Rescan (parallel) , 0.0853857 secs]2020-12-16T22:45:21.661+0800: 1115.325: [weak refs processing, 0.0006085 secs][1 CMS-remark: 63K(64K)] 566592K(943744K), 0.0860794 secs] [Times: user=0.69 sys=0.00, real=0.09 secs] 
2020-12-16T22:45:21.661+0800: 1115.326: [CMS-concurrent-sweep-start]
2020-12-16T22:45:21.661+0800: 1115.326: [CMS-concurrent-sweep: 0.000/0.000 secs] [Times: user=0.00 sys=0.00, real=0.00 secs] 
2020-12-16T22:45:21.661+0800: 1115.326: [CMS-concurrent-reset-start]
2020-12-16T22:45:21.661+0800: 1115.326: [CMS-concurrent-reset: 0.000/0.000 secs] [Times: user=0.00 sys=0.00, real=0.00 secs] 
2020-12-16T22:45:23.663+0800: 1117.327: [GC (CMS Initial Mark) [1 CMS-initial-mark: 63K(64K)] 566592K(943744K), 0.1510478 secs] [Times: user=0.81 sys=0.00, real=0.15 secs] 
2020-12-16T22:45:23.814+0800: 1117.478: [CMS-concurrent-mark-start]
2020-12-16T22:45:23.814+0800: 1117.479: [CMS-concurrent-mark: 0.000/0.000 secs] [Times: user=0.00 sys=0.00, real=0.00 secs] 
2020-12-16T22:45:23.814+0800: 1117.479: [CMS-concurrent-preclean-start]
2020-12-16T22:45:23.815+0800: 1117.480: [CMS-concurrent-preclean: 0.001/0.001 secs] [Times: user=0.00 sys=0.00, real=0.00 secs] 
2020-12-16T22:45:23.815+0800: 1117.480: [CMS-concurrent-abortable-preclean-start]
 CMS: abort preclean due to time 2020-12-16T22:45:28.836+0800: 1122.500: [CMS-concurrent-abortable-preclean: 0.068/5.020 secs] [Times: user=0.05 sys=0.09, real=5.02 secs] 
2020-12-16T22:45:28.836+0800: 1122.500: [GC (CMS Final Remark) [YG occupancy: 569827 K (943680 K)]2020-12-16T22:45:28.836+0800: 1122.500: [Rescan (parallel) , 0.0831416 secs]2020-12-16T22:45:28.918+0800: 1122.583: [weak refs processing, 0.0007283 secs][1 CMS-remark: 63K(64K)] 569891K(943744K), 0.0839671 secs] [Times: user=0.78 sys=0.02, real=0.08 secs] 
2020-12-16T22:45:28.919+0800: 1122.584: [CMS-concurrent-sweep-start]
2020-12-16T22:45:28.919+0800: 1122.584: [CMS-concurrent-sweep: 0.000/0.000 secs] [Times: user=0.00 sys=0.00, real=0.00 secs] 
2020-12-16T22:45:28.919+0800: 1122.584: [CMS-concurrent-reset-start]
2020-12-16T22:45:28.919+0800: 1122.584: [CMS-concurrent-reset: 0.000/0.000 secs] [Times: user=0.00 sys=0.00, real=0.00 secs] 
2020-12-16T22:45:30.920+0800: 1124.584: [GC (CMS Initial Mark) [1 CMS-initial-mark: 63K(64K)] 569891K(943744K), 0.0660167 secs] [Times: user=0.22 sys=0.00, real=0.06 secs] 
2020-12-16T22:45:30.985+0800: 1124.650: [CMS-concurrent-mark-start]
2020-12-16T22:45:30.986+0800: 1124.650: [CMS-concurrent-mark: 0.000/0.000 secs] [Times: user=0.00 sys=0.00, real=0.00 secs] 
2020-12-16T22:45:30.986+0800: 1124.650: [CMS-concurrent-preclean-start]
2020-12-16T22:45:30.987+0800: 1124.651: [CMS-concurrent-preclean: 0.001/0.001 secs] [Times: user=0.00 sys=0.00, real=0.00 secs] 
2020-12-16T22:45:30.987+0800: 1124.651: [CMS-concurrent-abortable-preclean-start]
 CMS: abort preclean due to time 2020-12-16T22:45:36.051+0800: 1129.715: [CMS-concurrent-abortable-preclean: 0.080/5.063 secs] [Times: user=0.33 sys=0.20, real=5.06 secs] 
2020-12-16T22:45:36.051+0800: 1129.715: [GC (CMS Final Remark) [YG occupancy: 611658 K (943680 K)]2020-12-16T22:45:36.051+0800: 1129.715: [Rescan (parallel) , 0.0821118 secs]2020-12-16T22:45:36.132+0800: 1129.797: [weak refs processing, 0.0007831 secs][1 CMS-remark: 63K(64K)] 611722K(943744K), 0.0830003 secs] [Times: user=0.70 sys=0.00, real=0.08 secs] 
2020-12-16T22:45:36.133+0800: 1129.798: [CMS-concurrent-sweep-start]
2020-12-16T22:45:36.133+0800: 1129.798: [CMS-concurrent-sweep: 0.000/0.000 secs] [Times: user=0.00 sys=0.00, real=0.00 secs] 
2020-12-16T22:45:36.133+0800: 1129.798: [CMS-concurrent-reset-start]
2020-12-16T22:45:36.133+0800: 1129.798: [CMS-concurrent-reset: 0.000/0.000 secs] [Times: user=0.00 sys=0.00, real=0.00 secs] 
2020-12-16T22:45:38.134+0800: 1131.799: [GC (CMS Initial Mark) [1 CMS-initial-mark: 63K(64K)] 611722K(943744K), 0.0860399 secs] [Times: user=0.53 sys=0.02, real=0.09 secs] 
2020-12-16T22:45:38.220+0800: 1131.885: [CMS-concurrent-mark-start]
2020-12-16T22:45:38.221+0800: 1131.885: [CMS-concurrent-mark: 0.000/0.000 secs] [Times: user=0.00 sys=0.00, real=0.00 secs] 
2020-12-16T22:45:38.221+0800: 1131.885: [CMS-concurrent-preclean-start]
2020-12-16T22:45:38.222+0800: 1131.886: [CMS-concurrent-preclean: 0.001/0.001 secs] [Times: user=0.00 sys=0.00, real=0.00 secs] 
2020-12-16T22:45:38.222+0800: 1131.886: [CMS-concurrent-abortable-preclean-start]
 CMS: abort preclean due to time 2020-12-16T22:45:43.311+0800: 1136.975: [CMS-concurrent-abortable-preclean: 0.073/5.088 secs] [Times: user=0.09 sys=0.13, real=5.09 secs] 
2020-12-16T22:45:43.311+0800: 1136.975: [GC (CMS Final Remark) [YG occupancy: 612203 K (943680 K)]2020-12-16T22:45:43.311+0800: 1136.975: [Rescan (parallel) , 0.0855808 secs]2020-12-16T22:45:43.396+0800: 1137.061: [weak refs processing, 0.0006802 secs][1 CMS-remark: 63K(64K)] 612267K(943744K), 0.0863602 secs] [Times: user=0.66 sys=0.02, real=0.09 secs] 
2020-12-16T22:45:43.397+0800: 1137.061: [CMS-concurrent-sweep-start]
2020-12-16T22:45:43.397+0800: 1137.062: [CMS-concurrent-sweep: 0.000/0.000 secs] [Times: user=0.00 sys=0.00, real=0.00 secs] 
2020-12-16T22:45:43.397+0800: 1137.062: [CMS-concurrent-reset-start]
2020-12-16T22:45:43.397+0800: 1137.062: [CMS-concurrent-reset: 0.000/0.000 secs] [Times: user=0.00 sys=0.00, real=0.00 secs] 
2020-12-16T22:45:45.398+0800: 1139.062: [GC (CMS Initial Mark) [1 CMS-initial-mark: 63K(64K)] 615567K(943744K), 0.1369438 secs] [Times: user=0.88 sys=0.00, real=0.14 secs] 
2020-12-16T22:45:45.534+0800: 1139.199: [CMS-concurrent-mark-start]
2020-12-16T22:45:45.535+0800: 1139.199: [CMS-concurrent-mark: 0.000/0.000 secs] [Times: user=0.00 sys=0.00, real=0.00 secs] 
2020-12-16T22:45:45.535+0800: 1139.199: [CMS-concurrent-preclean-start]
2020-12-16T22:45:45.536+0800: 1139.201: [CMS-concurrent-preclean: 0.001/0.001 secs] [Times: user=0.00 sys=0.00, real=0.00 secs] 
2020-12-16T22:45:45.536+0800: 1139.201: [CMS-concurrent-abortable-preclean-start]
 CMS: abort preclean due to time 2020-12-16T22:45:50.627+0800: 1144.291: [CMS-concurrent-abortable-preclean: 0.072/5.091 secs] [Times: user=0.16 sys=0.14, real=5.09 secs] 
2020-12-16T22:45:50.627+0800: 1144.292: [GC (CMS Final Remark) [YG occupancy: 615503 K (943680 K)]2020-12-16T22:45:50.628+0800: 1144.292: [Rescan (parallel) , 0.1262174 secs]2020-12-16T22:45:50.754+0800: 1144.418: [weak refs processing, 0.0006050 secs][1 CMS-remark: 63K(64K)] 615567K(943744K), 0.1269889 secs] [Times: user=1.19 sys=0.00, real=0.13 secs] 
2020-12-16T22:45:50.754+0800: 1144.419: [CMS-concurrent-sweep-start]
2020-12-16T22:45:50.754+0800: 1144.419: [CMS-concurrent-sweep: 0.000/0.000 secs] [Times: user=0.00 sys=0.00, real=0.00 secs] 
2020-12-16T22:45:50.754+0800: 1144.419: [CMS-concurrent-reset-start]
2020-12-16T22:45:50.754+0800: 1144.419: [CMS-concurrent-reset: 0.000/0.000 secs] [Times: user=0.00 sys=0.00, real=0.00 secs] 
2020-12-16T22:45:52.756+0800: 1146.420: [GC (CMS Initial Mark) [1 CMS-initial-mark: 63K(64K)] 618866K(943744K), 0.0898785 secs] [Times: user=0.63 sys=0.00, real=0.09 secs] 
2020-12-16T22:45:52.846+0800: 1146.510: [CMS-concurrent-mark-start]
2020-12-16T22:45:52.846+0800: 1146.510: [CMS-concurrent-mark: 0.000/0.000 secs] [Times: user=0.00 sys=0.00, real=0.00 secs] 
2020-12-16T22:45:52.846+0800: 1146.510: [CMS-concurrent-preclean-start]
2020-12-16T22:45:52.848+0800: 1146.512: [CMS-concurrent-preclean: 0.001/0.001 secs] [Times: user=0.00 sys=0.00, real=0.00 secs] 
2020-12-16T22:45:52.848+0800: 1146.512: [CMS-concurrent-abortable-preclean-start]
 CMS: abort preclean due to time 2020-12-16T22:45:57.864+0800: 1151.528: [CMS-concurrent-abortable-preclean: 0.066/5.017 secs] [Times: user=0.17 sys=0.08, real=5.02 secs] 
2020-12-16T22:45:57.864+0800: 1151.529: [GC (CMS Final Remark) [YG occupancy: 618802 K (943680 K)]2020-12-16T22:45:57.864+0800: 1151.529: [Rescan (parallel) , 0.1136039 secs]2020-12-16T22:45:57.978+0800: 1151.643: [weak refs processing, 0.0007014 secs][1 CMS-remark: 63K(64K)] 618866K(943744K), 0.1144540 secs] [Times: user=1.03 sys=0.00, real=0.12 secs] 
2020-12-16T22:45:57.979+0800: 1151.643: [CMS-concurrent-sweep-start]
2020-12-16T22:45:57.979+0800: 1151.643: [CMS-concurrent-sweep: 0.000/0.000 secs] [Times: user=0.00 sys=0.00, real=0.00 secs] 
2020-12-16T22:45:57.979+0800: 1151.644: [CMS-concurrent-reset-start]
2020-12-16T22:45:57.979+0800: 1151.644: [CMS-concurrent-reset: 0.000/0.000 secs] [Times: user=0.00 sys=0.00, real=0.00 secs] 
2020-12-16T22:45:59.981+0800: 1153.645: [GC (CMS Initial Mark) [1 CMS-initial-mark: 63K(64K)] 618866K(943744K), 0.0605508 secs] [Times: user=0.20 sys=0.00, real=0.06 secs] 
2020-12-16T22:46:00.041+0800: 1153.705: [CMS-concurrent-mark-start]
2020-12-16T22:46:00.041+0800: 1153.706: [CMS-concurrent-mark: 0.000/0.000 secs] [Times: user=0.00 sys=0.00, real=0.00 secs] 
2020-12-16T22:46:00.041+0800: 1153.706: [CMS-concurrent-preclean-start]
2020-12-16T22:46:00.042+0800: 1153.707: [CMS-concurrent-preclean: 0.001/0.001 secs] [Times: user=0.00 sys=0.00, real=0.00 secs] 
2020-12-16T22:46:00.042+0800: 1153.707: [CMS-concurrent-abortable-preclean-start]
 CMS: abort preclean due to time 2020-12-16T22:46:05.128+0800: 1158.792: [CMS-concurrent-abortable-preclean: 0.069/5.085 secs] [Times: user=0.14 sys=0.06, real=5.09 secs] 
2020-12-16T22:46:05.128+0800: 1158.793: [GC (CMS Final Remark) [YG occupancy: 622101 K (943680 K)]2020-12-16T22:46:05.128+0800: 1158.793: [Rescan (parallel) , 0.1238791 secs]2020-12-16T22:46:05.253+0800: 1158.917: [weak refs processing, 0.0007404 secs][1 CMS-remark: 63K(64K)] 622165K(943744K), 0.1247696 secs] [Times: user=1.09 sys=0.02, real=0.13 secs] 
2020-12-16T22:46:05.254+0800: 1158.918: [CMS-concurrent-sweep-start]
2020-12-16T22:46:05.254+0800: 1158.918: [CMS-concurrent-sweep: 0.000/0.000 secs] [Times: user=0.00 sys=0.00, real=0.00 secs] 
2020-12-16T22:46:05.254+0800: 1158.918: [CMS-concurrent-reset-start]
2020-12-16T22:46:05.254+0800: 1158.918: [CMS-concurrent-reset: 0.000/0.000 secs] [Times: user=0.00 sys=0.00, real=0.00 secs] 
2020-12-16T22:46:07.253+0800: 1160.917: [GC (CMS Initial Mark) [1 CMS-initial-mark: 63K(64K)] 622165K(943744K), 0.0583427 secs] [Times: user=0.31 sys=0.00, real=0.06 secs] 
2020-12-16T22:46:07.311+0800: 1160.976: [CMS-concurrent-mark-start]
2020-12-16T22:46:07.312+0800: 1160.976: [CMS-concurrent-mark: 0.000/0.000 secs] [Times: user=0.00 sys=0.00, real=0.00 secs] 
2020-12-16T22:46:07.312+0800: 1160.976: [CMS-concurrent-preclean-start]
2020-12-16T22:46:07.313+0800: 1160.977: [CMS-concurrent-preclean: 0.001/0.001 secs] [Times: user=0.00 sys=0.00, real=0.00 secs] 
2020-12-16T22:46:07.313+0800: 1160.977: [CMS-concurrent-abortable-preclean-start]
 CMS: abort preclean due to time 2020-12-16T22:46:12.399+0800: 1166.063: [CMS-concurrent-abortable-preclean: 0.073/5.086 secs] [Times: user=0.03 sys=0.09, real=5.09 secs] 
2020-12-16T22:46:12.399+0800: 1166.064: [GC (CMS Final Remark) [YG occupancy: 625401 K (943680 K)]2020-12-16T22:46:12.400+0800: 1166.064: [Rescan (parallel) , 0.1639272 secs]2020-12-16T22:46:12.563+0800: 1166.228: [weak refs processing, 0.0006311 secs][1 CMS-remark: 63K(64K)] 625465K(943744K), 0.1647125 secs] [Times: user=1.61 sys=0.02, real=0.16 secs] 
2020-12-16T22:46:12.564+0800: 1166.228: [CMS-concurrent-sweep-start]
2020-12-16T22:46:12.564+0800: 1166.229: [CMS-concurrent-sweep: 0.000/0.000 secs] [Times: user=0.00 sys=0.00, real=0.00 secs] 
2020-12-16T22:46:12.564+0800: 1166.229: [CMS-concurrent-reset-start]
2020-12-16T22:46:12.564+0800: 1166.229: [CMS-concurrent-reset: 0.000/0.000 secs] [Times: user=0.00 sys=0.00, real=0.00 secs] 
2020-12-16T22:46:14.564+0800: 1168.228: [GC (CMS Initial Mark) [1 CMS-initial-mark: 63K(64K)] 625465K(943744K), 0.0549533 secs] [Times: user=0.20 sys=0.00, real=0.06 secs] 
2020-12-16T22:46:14.619+0800: 1168.283: [CMS-concurrent-mark-start]
2020-12-16T22:46:14.619+0800: 1168.283: [CMS-concurrent-mark: 0.000/0.000 secs] [Times: user=0.00 sys=0.00, real=0.00 secs] 
2020-12-16T22:46:14.619+0800: 1168.283: [CMS-concurrent-preclean-start]
2020-12-16T22:46:14.621+0800: 1168.284: [CMS-concurrent-preclean: 0.001/0.001 secs] [Times: user=0.02 sys=0.00, real=0.00 secs] 
2020-12-16T22:46:14.621+0800: 1168.284: [CMS-concurrent-abortable-preclean-start]
 CMS: abort preclean due to time 2020-12-16T22:46:19.711+0800: 1173.375: [CMS-concurrent-abortable-preclean: 0.073/5.091 secs] [Times: user=0.11 sys=0.09, real=5.09 secs] 
2020-12-16T22:46:19.711+0800: 1173.376: [GC (CMS Final Remark) [YG occupancy: 628700 K (943680 K)]2020-12-16T22:46:19.711+0800: 1173.376: [Rescan (parallel) , 0.0888837 secs]2020-12-16T22:46:19.800+0800: 1173.465: [weak refs processing, 0.0006548 secs][1 CMS-remark: 63K(64K)] 628764K(943744K), 0.0896379 secs] [Times: user=0.80 sys=0.00, real=0.09 secs] 
2020-12-16T22:46:19.801+0800: 1173.465: [CMS-concurrent-sweep-start]
2020-12-16T22:46:19.801+0800: 1173.465: [CMS-concurrent-sweep: 0.000/0.000 secs] [Times: user=0.00 sys=0.00, real=0.00 secs] 
2020-12-16T22:46:19.801+0800: 1173.465: [CMS-concurrent-reset-start]
2020-12-16T22:46:19.801+0800: 1173.465: [CMS-concurrent-reset: 0.000/0.000 secs] [Times: user=0.00 sys=0.00, real=0.00 secs] 
2020-12-16T22:46:21.802+0800: 1175.466: [GC (CMS Initial Mark) [1 CMS-initial-mark: 63K(64K)] 628764K(943744K), 0.0555172 secs] [Times: user=0.30 sys=0.00, real=0.05 secs] 
2020-12-16T22:46:21.856+0800: 1175.521: [CMS-concurrent-mark-start]
2020-12-16T22:46:21.857+0800: 1175.521: [CMS-concurrent-mark: 0.000/0.000 secs] [Times: user=0.00 sys=0.00, real=0.00 secs] 
2020-12-16T22:46:21.857+0800: 1175.521: [CMS-concurrent-preclean-start]
2020-12-16T22:46:21.858+0800: 1175.523: [CMS-concurrent-preclean: 0.001/0.001 secs] [Times: user=0.00 sys=0.00, real=0.00 secs] 
2020-12-16T22:46:21.858+0800: 1175.523: [CMS-concurrent-abortable-preclean-start]
 CMS: abort preclean due to time 2020-12-16T22:46:26.956+0800: 1180.620: [CMS-concurrent-abortable-preclean: 0.079/5.097 secs] [Times: user=0.08 sys=0.14, real=5.10 secs] 
2020-12-16T22:46:26.956+0800: 1180.620: [GC (CMS Final Remark) [YG occupancy: 631999 K (943680 K)]2020-12-16T22:46:26.956+0800: 1180.620: [Rescan (parallel) , 0.0789376 secs]2020-12-16T22:46:27.035+0800: 1180.699: [weak refs processing, 0.0007528 secs][1 CMS-remark: 63K(64K)] 632063K(943744K), 0.0797813 secs] [Times: user=0.66 sys=0.00, real=0.08 secs] 
2020-12-16T22:46:27.036+0800: 1180.700: [CMS-concurrent-sweep-start]
2020-12-16T22:46:27.036+0800: 1180.700: [CMS-concurrent-sweep: 0.000/0.000 secs] [Times: user=0.00 sys=0.00, real=0.00 secs] 
2020-12-16T22:46:27.036+0800: 1180.700: [CMS-concurrent-reset-start]
2020-12-16T22:46:27.036+0800: 1180.700: [CMS-concurrent-reset: 0.000/0.000 secs] [Times: user=0.00 sys=0.00, real=0.00 secs] 
2020-12-16T22:46:29.036+0800: 1182.700: [GC (CMS Initial Mark) [1 CMS-initial-mark: 63K(64K)] 632063K(943744K), 0.0591421 secs] [Times: user=0.31 sys=0.00, real=0.06 secs] 
2020-12-16T22:46:29.095+0800: 1182.759: [CMS-concurrent-mark-start]
2020-12-16T22:46:29.095+0800: 1182.759: [CMS-concurrent-mark: 0.000/0.000 secs] [Times: user=0.00 sys=0.00, real=0.00 secs] 
2020-12-16T22:46:29.095+0800: 1182.759: [CMS-concurrent-preclean-start]
2020-12-16T22:46:29.096+0800: 1182.760: [CMS-concurrent-preclean: 0.001/0.001 secs] [Times: user=0.00 sys=0.00, real=0.00 secs] 
2020-12-16T22:46:29.096+0800: 1182.760: [CMS-concurrent-abortable-preclean-start]
 CMS: abort preclean due to time 2020-12-16T22:46:34.189+0800: 1187.853: [CMS-concurrent-abortable-preclean: 0.076/5.092 secs] [Times: user=0.06 sys=0.28, real=5.09 secs] 
2020-12-16T22:46:34.189+0800: 1187.853: [GC (CMS Final Remark) [YG occupancy: 635298 K (943680 K)]2020-12-16T22:46:34.189+0800: 1187.853: [Rescan (parallel) , 0.0785800 secs]2020-12-16T22:46:34.267+0800: 1187.931: [weak refs processing, 0.0006046 secs][1 CMS-remark: 63K(64K)] 635362K(943744K), 0.0792723 secs] [Times: user=0.66 sys=0.00, real=0.08 secs] 
2020-12-16T22:46:34.268+0800: 1187.932: [CMS-concurrent-sweep-start]
2020-12-16T22:46:34.268+0800: 1187.932: [CMS-concurrent-sweep: 0.000/0.000 secs] [Times: user=0.00 sys=0.00, real=0.00 secs] 
2020-12-16T22:46:34.268+0800: 1187.932: [CMS-concurrent-reset-start]
2020-12-16T22:46:34.268+0800: 1187.932: [CMS-concurrent-reset: 0.000/0.000 secs] [Times: user=0.00 sys=0.00, real=0.00 secs] 
2020-12-16T22:46:36.269+0800: 1189.933: [GC (CMS Initial Mark) [1 CMS-initial-mark: 63K(64K)] 635362K(943744K), 0.0926972 secs] [Times: user=0.64 sys=0.00, real=0.09 secs] 
2020-12-16T22:46:36.362+0800: 1190.026: [CMS-concurrent-mark-start]
2020-12-16T22:46:36.362+0800: 1190.026: [CMS-concurrent-mark: 0.000/0.000 secs] [Times: user=0.00 sys=0.00, real=0.00 secs] 
2020-12-16T22:46:36.362+0800: 1190.026: [CMS-concurrent-preclean-start]
2020-12-16T22:46:36.363+0800: 1190.027: [CMS-concurrent-preclean: 0.001/0.001 secs] [Times: user=0.00 sys=0.00, real=0.00 secs] 
2020-12-16T22:46:36.363+0800: 1190.027: [CMS-concurrent-abortable-preclean-start]
 CMS: abort preclean due to time 2020-12-16T22:46:41.450+0800: 1195.114: [CMS-concurrent-abortable-preclean: 0.072/5.087 secs] [Times: user=0.14 sys=0.13, real=5.09 secs] 
2020-12-16T22:46:41.450+0800: 1195.115: [GC (CMS Final Remark) [YG occupancy: 635298 K (943680 K)]2020-12-16T22:46:41.450+0800: 1195.115: [Rescan (parallel) , 0.0957080 secs]2020-12-16T22:46:41.546+0800: 1195.210: [weak refs processing, 0.0006014 secs][1 CMS-remark: 63K(64K)] 635362K(943744K), 0.0963943 secs] [Times: user=0.81 sys=0.00, real=0.10 secs] 
2020-12-16T22:46:41.547+0800: 1195.211: [CMS-concurrent-sweep-start]
2020-12-16T22:46:41.547+0800: 1195.211: [CMS-concurrent-sweep: 0.000/0.000 secs] [Times: user=0.00 sys=0.00, real=0.00 secs] 
2020-12-16T22:46:41.547+0800: 1195.211: [CMS-concurrent-reset-start]
2020-12-16T22:46:41.547+0800: 1195.211: [CMS-concurrent-reset: 0.000/0.000 secs] [Times: user=0.00 sys=0.00, real=0.00 secs] 
2020-12-16T22:46:43.547+0800: 1197.211: [GC (CMS Initial Mark) [1 CMS-initial-mark: 63K(64K)] 638662K(943744K), 0.0653549 secs] [Times: user=0.31 sys=0.00, real=0.07 secs] 
2020-12-16T22:46:43.612+0800: 1197.276: [CMS-concurrent-mark-start]
2020-12-16T22:46:43.612+0800: 1197.277: [CMS-concurrent-mark: 0.000/0.000 secs] [Times: user=0.00 sys=0.00, real=0.00 secs] 
2020-12-16T22:46:43.612+0800: 1197.277: [CMS-concurrent-preclean-start]
2020-12-16T22:46:43.613+0800: 1197.278: [CMS-concurrent-preclean: 0.001/0.001 secs] [Times: user=0.00 sys=0.00, real=0.00 secs] 
2020-12-16T22:46:43.613+0800: 1197.278: [CMS-concurrent-abortable-preclean-start]
 CMS: abort preclean due to time 2020-12-16T22:46:48.703+0800: 1202.367: [CMS-concurrent-abortable-preclean: 0.070/5.089 secs] [Times: user=0.03 sys=0.20, real=5.09 secs] 
2020-12-16T22:46:48.703+0800: 1202.368: [GC (CMS Final Remark) [YG occupancy: 638598 K (943680 K)]2020-12-16T22:46:48.704+0800: 1202.368: [Rescan (parallel) , 0.1254769 secs]2020-12-16T22:46:48.829+0800: 1202.493: [weak refs processing, 0.0006053 secs][1 CMS-remark: 63K(64K)] 638662K(943744K), 0.1262380 secs] [Times: user=1.17 sys=0.02, real=0.13 secs] 
2020-12-16T22:46:48.830+0800: 1202.494: [CMS-concurrent-sweep-start]
2020-12-16T22:46:48.830+0800: 1202.494: [CMS-concurrent-sweep: 0.000/0.000 secs] [Times: user=0.00 sys=0.00, real=0.00 secs] 
2020-12-16T22:46:48.830+0800: 1202.494: [CMS-concurrent-reset-start]
2020-12-16T22:46:48.830+0800: 1202.494: [CMS-concurrent-reset: 0.000/0.000 secs] [Times: user=0.00 sys=0.00, real=0.00 secs] 
2020-12-16T22:46:50.830+0800: 1204.494: [GC (CMS Initial Mark) [1 CMS-initial-mark: 63K(64K)] 641961K(943744K), 0.0662958 secs] [Times: user=0.30 sys=0.00, real=0.07 secs] 
2020-12-16T22:46:50.896+0800: 1204.561: [CMS-concurrent-mark-start]
2020-12-16T22:46:50.896+0800: 1204.561: [CMS-concurrent-mark: 0.000/0.000 secs] [Times: user=0.00 sys=0.00, real=0.00 secs] 
2020-12-16T22:46:50.896+0800: 1204.561: [CMS-concurrent-preclean-start]
2020-12-16T22:46:50.897+0800: 1204.562: [CMS-concurrent-preclean: 0.001/0.001 secs] [Times: user=0.00 sys=0.00, real=0.00 secs] 
2020-12-16T22:46:50.897+0800: 1204.562: [CMS-concurrent-abortable-preclean-start]
 CMS: abort preclean due to time 2020-12-16T22:46:55.990+0800: 1209.655: [CMS-concurrent-abortable-preclean: 0.069/5.093 secs] [Times: user=0.13 sys=0.13, real=5.09 secs] 
2020-12-16T22:46:56.007+0800: 1209.672: [GC (CMS Final Remark) [YG occupancy: 641897 K (943680 K)]2020-12-16T22:46:56.007+0800: 1209.672: [Rescan (parallel) , 0.0973964 secs]2020-12-16T22:46:56.105+0800: 1209.770: [weak refs processing, 0.0009682 secs][1 CMS-remark: 63K(64K)] 641961K(943744K), 0.0985507 secs] [Times: user=0.42 sys=0.02, real=0.10 secs] 
2020-12-16T22:46:56.106+0800: 1209.771: [CMS-concurrent-sweep-start]
2020-12-16T22:46:56.107+0800: 1209.771: [CMS-concurrent-sweep: 0.000/0.000 secs] [Times: user=0.00 sys=0.00, real=0.00 secs] 
2020-12-16T22:46:56.107+0800: 1209.771: [CMS-concurrent-reset-start]
2020-12-16T22:46:56.107+0800: 1209.771: [CMS-concurrent-reset: 0.000/0.000 secs] [Times: user=0.00 sys=0.00, real=0.00 secs] 
2020-12-16T22:46:58.107+0800: 1211.771: [GC (CMS Initial Mark) [1 CMS-initial-mark: 63K(64K)] 645260K(943744K), 0.0569327 secs] [Times: user=0.20 sys=0.00, real=0.06 secs] 
2020-12-16T22:46:58.163+0800: 1211.828: [CMS-concurrent-mark-start]
2020-12-16T22:46:58.164+0800: 1211.828: [CMS-concurrent-mark: 0.000/0.000 secs] [Times: user=0.00 sys=0.00, real=0.00 secs] 
2020-12-16T22:46:58.164+0800: 1211.828: [CMS-concurrent-preclean-start]
2020-12-16T22:46:58.165+0800: 1211.829: [CMS-concurrent-preclean: 0.001/0.001 secs] [Times: user=0.00 sys=0.00, real=0.00 secs] 
2020-12-16T22:46:58.165+0800: 1211.829: [CMS-concurrent-abortable-preclean-start]
 CMS: abort preclean due to time 2020-12-16T22:47:03.199+0800: 1216.863: [CMS-concurrent-abortable-preclean: 0.065/5.033 secs] [Times: user=0.24 sys=0.16, real=5.03 secs] 
2020-12-16T22:47:03.199+0800: 1216.863: [GC (CMS Final Remark) [YG occupancy: 654983 K (943680 K)]2020-12-16T22:47:03.199+0800: 1216.863: [Rescan (parallel) , 0.0794150 secs]2020-12-16T22:47:03.278+0800: 1216.942: [weak refs processing, 0.0007110 secs][1 CMS-remark: 63K(64K)] 655047K(943744K), 0.0802106 secs] [Times: user=0.66 sys=0.02, real=0.08 secs] 
2020-12-16T22:47:03.279+0800: 1216.943: [CMS-concurrent-sweep-start]
2020-12-16T22:47:03.279+0800: 1216.943: [CMS-concurrent-sweep: 0.000/0.000 secs] [Times: user=0.00 sys=0.00, real=0.00 secs] 
2020-12-16T22:47:03.279+0800: 1216.943: [CMS-concurrent-reset-start]
2020-12-16T22:47:03.279+0800: 1216.943: [CMS-concurrent-reset: 0.000/0.000 secs] [Times: user=0.00 sys=0.00, real=0.00 secs] 
2020-12-16T22:47:05.280+0800: 1218.944: [GC (CMS Initial Mark) [1 CMS-initial-mark: 63K(64K)] 655047K(943744K), 0.0690223 secs] [Times: user=0.31 sys=0.00, real=0.07 secs] 
2020-12-16T22:47:05.348+0800: 1219.013: [CMS-concurrent-mark-start]
2020-12-16T22:47:05.348+0800: 1219.013: [CMS-concurrent-mark: 0.000/0.000 secs] [Times: user=0.00 sys=0.00, real=0.00 secs] 
2020-12-16T22:47:05.348+0800: 1219.013: [CMS-concurrent-preclean-start]
2020-12-16T22:47:05.349+0800: 1219.014: [CMS-concurrent-preclean: 0.001/0.001 secs] [Times: user=0.00 sys=0.00, real=0.00 secs] 
2020-12-16T22:47:05.349+0800: 1219.014: [CMS-concurrent-abortable-preclean-start]
 CMS: abort preclean due to time 2020-12-16T22:47:10.439+0800: 1224.103: [CMS-concurrent-abortable-preclean: 0.070/5.089 secs] [Times: user=0.05 sys=0.14, real=5.09 secs] 
2020-12-16T22:47:10.439+0800: 1224.103: [GC (CMS Final Remark) [YG occupancy: 658282 K (943680 K)]2020-12-16T22:47:10.439+0800: 1224.103: [Rescan (parallel) , 0.0767657 secs]2020-12-16T22:47:10.516+0800: 1224.180: [weak refs processing, 0.0007064 secs][1 CMS-remark: 63K(64K)] 658346K(943744K), 0.0775558 secs] [Times: user=0.69 sys=0.03, real=0.08 secs] 
2020-12-16T22:47:10.517+0800: 1224.181: [CMS-concurrent-sweep-start]
2020-12-16T22:47:10.517+0800: 1224.181: [CMS-concurrent-sweep: 0.000/0.000 secs] [Times: user=0.00 sys=0.00, real=0.00 secs] 
2020-12-16T22:47:10.517+0800: 1224.181: [CMS-concurrent-reset-start]
2020-12-16T22:47:10.517+0800: 1224.181: [CMS-concurrent-reset: 0.000/0.000 secs] [Times: user=0.00 sys=0.00, real=0.00 secs] 
2020-12-16T22:47:12.517+0800: 1226.181: [GC (CMS Initial Mark) [1 CMS-initial-mark: 63K(64K)] 658346K(943744K), 0.0595233 secs] [Times: user=0.28 sys=0.00, real=0.06 secs] 
2020-12-16T22:47:12.576+0800: 1226.240: [CMS-concurrent-mark-start]
2020-12-16T22:47:12.577+0800: 1226.241: [CMS-concurrent-mark: 0.000/0.000 secs] [Times: user=0.00 sys=0.00, real=0.00 secs] 
2020-12-16T22:47:12.577+0800: 1226.241: [CMS-concurrent-preclean-start]
2020-12-16T22:47:12.578+0800: 1226.242: [CMS-concurrent-preclean: 0.001/0.001 secs] [Times: user=0.00 sys=0.00, real=0.00 secs] 
2020-12-16T22:47:12.578+0800: 1226.242: [CMS-concurrent-abortable-preclean-start]
 CMS: abort preclean due to time 2020-12-16T22:47:17.668+0800: 1231.332: [CMS-concurrent-abortable-preclean: 0.070/5.091 secs] [Times: user=0.13 sys=0.06, real=5.09 secs] 
2020-12-16T22:47:17.668+0800: 1231.333: [GC (CMS Final Remark) [YG occupancy: 661581 K (943680 K)]2020-12-16T22:47:17.668+0800: 1231.333: [Rescan (parallel) , 0.1032607 secs]2020-12-16T22:47:17.772+0800: 1231.436: [weak refs processing, 0.0007418 secs][1 CMS-remark: 63K(64K)] 661645K(943744K), 0.1041070 secs] [Times: user=0.88 sys=0.00, real=0.11 secs] 
2020-12-16T22:47:17.773+0800: 1231.437: [CMS-concurrent-sweep-start]
2020-12-16T22:47:17.773+0800: 1231.437: [CMS-concurrent-sweep: 0.000/0.000 secs] [Times: user=0.00 sys=0.00, real=0.00 secs] 
2020-12-16T22:47:17.773+0800: 1231.437: [CMS-concurrent-reset-start]
2020-12-16T22:47:17.773+0800: 1231.437: [CMS-concurrent-reset: 0.000/0.000 secs] [Times: user=0.00 sys=0.00, real=0.00 secs] 
2020-12-16T22:47:19.773+0800: 1233.437: [GC (CMS Initial Mark) [1 CMS-initial-mark: 63K(64K)] 661645K(943744K), 0.0641691 secs] [Times: user=0.36 sys=0.00, real=0.06 secs] 
2020-12-16T22:47:19.836+0800: 1233.501: [CMS-concurrent-mark-start]
2020-12-16T22:47:19.837+0800: 1233.501: [CMS-concurrent-mark: 0.000/0.000 secs] [Times: user=0.00 sys=0.00, real=0.00 secs] 
2020-12-16T22:47:19.837+0800: 1233.501: [CMS-concurrent-preclean-start]
2020-12-16T22:47:19.838+0800: 1233.503: [CMS-concurrent-preclean: 0.001/0.001 secs] [Times: user=0.02 sys=0.00, real=0.00 secs] 
2020-12-16T22:47:19.838+0800: 1233.503: [CMS-concurrent-abortable-preclean-start]
 CMS: abort preclean due to time 2020-12-16T22:47:24.921+0800: 1238.584: [CMS-concurrent-abortable-preclean: 0.066/5.082 secs] [Times: user=0.06 sys=0.09, real=5.08 secs] 
2020-12-16T22:47:24.921+0800: 1238.585: [GC (CMS Final Remark) [YG occupancy: 664881 K (943680 K)]2020-12-16T22:47:24.921+0800: 1238.585: [Rescan (parallel) , 0.0832526 secs]2020-12-16T22:47:25.003+0800: 1238.668: [weak refs processing, 0.0006069 secs][1 CMS-remark: 63K(64K)] 664945K(943744K), 0.0839440 secs] [Times: user=0.67 sys=0.00, real=0.08 secs] 
2020-12-16T22:47:25.004+0800: 1238.669: [CMS-concurrent-sweep-start]
2020-12-16T22:47:25.004+0800: 1238.669: [CMS-concurrent-sweep: 0.000/0.000 secs] [Times: user=0.00 sys=0.00, real=0.00 secs] 
2020-12-16T22:47:25.004+0800: 1238.669: [CMS-concurrent-reset-start]
2020-12-16T22:47:25.004+0800: 1238.669: [CMS-concurrent-reset: 0.000/0.000 secs] [Times: user=0.00 sys=0.00, real=0.00 secs] 
2020-12-16T22:47:27.005+0800: 1240.669: [GC (CMS Initial Mark) [1 CMS-initial-mark: 63K(64K)] 664945K(943744K), 0.0558065 secs] [Times: user=0.34 sys=0.00, real=0.06 secs] 
2020-12-16T22:47:27.061+0800: 1240.725: [CMS-concurrent-mark-start]
2020-12-16T22:47:27.061+0800: 1240.726: [CMS-concurrent-mark: 0.000/0.000 secs] [Times: user=0.00 sys=0.00, real=0.00 secs] 
2020-12-16T22:47:27.061+0800: 1240.726: [CMS-concurrent-preclean-start]
2020-12-16T22:47:27.062+0800: 1240.727: [CMS-concurrent-preclean: 0.001/0.001 secs] [Times: user=0.00 sys=0.00, real=0.00 secs] 
2020-12-16T22:47:27.062+0800: 1240.727: [CMS-concurrent-abortable-preclean-start]
 CMS: abort preclean due to time 2020-12-16T22:47:32.144+0800: 1245.808: [CMS-concurrent-abortable-preclean: 0.068/5.081 secs] [Times: user=0.06 sys=0.17, real=5.08 secs] 
2020-12-16T22:47:32.144+0800: 1245.808: [GC (CMS Final Remark) [YG occupancy: 668180 K (943680 K)]2020-12-16T22:47:32.144+0800: 1245.808: [Rescan (parallel) , 0.1196954 secs]2020-12-16T22:47:32.264+0800: 1245.928: [weak refs processing, 0.0006825 secs][1 CMS-remark: 63K(64K)] 668244K(943744K), 0.1205252 secs] [Times: user=1.20 sys=0.00, real=0.12 secs] 
2020-12-16T22:47:32.265+0800: 1245.929: [CMS-concurrent-sweep-start]
2020-12-16T22:47:32.265+0800: 1245.929: [CMS-concurrent-sweep: 0.000/0.000 secs] [Times: user=0.00 sys=0.00, real=0.00 secs] 
2020-12-16T22:47:32.265+0800: 1245.929: [CMS-concurrent-reset-start]
2020-12-16T22:47:32.265+0800: 1245.929: [CMS-concurrent-reset: 0.000/0.000 secs] [Times: user=0.00 sys=0.00, real=0.00 secs] 
2020-12-16T22:47:34.265+0800: 1247.929: [GC (CMS Initial Mark) [1 CMS-initial-mark: 63K(64K)] 668244K(943744K), 0.0724490 secs] [Times: user=0.36 sys=0.00, real=0.07 secs] 
2020-12-16T22:47:34.337+0800: 1248.001: [CMS-concurrent-mark-start]
2020-12-16T22:47:34.337+0800: 1248.002: [CMS-concurrent-mark: 0.000/0.000 secs] [Times: user=0.00 sys=0.00, real=0.00 secs] 
2020-12-16T22:47:34.337+0800: 1248.002: [CMS-concurrent-preclean-start]
2020-12-16T22:47:34.338+0800: 1248.003: [CMS-concurrent-preclean: 0.001/0.001 secs] [Times: user=0.02 sys=0.00, real=0.00 secs] 
2020-12-16T22:47:34.338+0800: 1248.003: [CMS-concurrent-abortable-preclean-start]
 CMS: abort preclean due to time 2020-12-16T22:47:39.425+0800: 1253.089: [CMS-concurrent-abortable-preclean: 0.069/5.087 secs] [Times: user=0.08 sys=0.09, real=5.09 secs] 
2020-12-16T22:47:39.425+0800: 1253.090: [GC (CMS Final Remark) [YG occupancy: 671479 K (943680 K)]2020-12-16T22:47:39.425+0800: 1253.090: [Rescan (parallel) , 0.0823450 secs]2020-12-16T22:47:39.508+0800: 1253.172: [weak refs processing, 0.0006796 secs][1 CMS-remark: 63K(64K)] 671543K(943744K), 0.0831096 secs] [Times: user=0.73 sys=0.02, real=0.08 secs] 
2020-12-16T22:47:39.509+0800: 1253.173: [CMS-concurrent-sweep-start]
2020-12-16T22:47:39.509+0800: 1253.173: [CMS-concurrent-sweep: 0.000/0.000 secs] [Times: user=0.00 sys=0.00, real=0.00 secs] 
2020-12-16T22:47:39.509+0800: 1253.173: [CMS-concurrent-reset-start]
2020-12-16T22:47:39.509+0800: 1253.173: [CMS-concurrent-reset: 0.000/0.000 secs] [Times: user=0.00 sys=0.00, real=0.00 secs] 
2020-12-16T22:47:41.510+0800: 1255.174: [GC (CMS Initial Mark) [1 CMS-initial-mark: 63K(64K)] 671543K(943744K), 0.0566669 secs] [Times: user=0.19 sys=0.00, real=0.06 secs] 
2020-12-16T22:47:41.567+0800: 1255.231: [CMS-concurrent-mark-start]
2020-12-16T22:47:41.567+0800: 1255.231: [CMS-concurrent-mark: 0.000/0.000 secs] [Times: user=0.00 sys=0.00, real=0.00 secs] 
2020-12-16T22:47:41.567+0800: 1255.231: [CMS-concurrent-preclean-start]
2020-12-16T22:47:41.567+0800: 1255.232: [CMS-concurrent-preclean: 0.001/0.001 secs] [Times: user=0.00 sys=0.00, real=0.00 secs] 
2020-12-16T22:47:41.567+0800: 1255.232: [CMS-concurrent-abortable-preclean-start]
 CMS: abort preclean due to time 2020-12-16T22:47:46.649+0800: 1260.313: [CMS-concurrent-abortable-preclean: 0.069/5.081 secs] [Times: user=0.03 sys=0.08, real=5.08 secs] 
2020-12-16T22:47:46.649+0800: 1260.314: [GC (CMS Final Remark) [YG occupancy: 671479 K (943680 K)]2020-12-16T22:47:46.649+0800: 1260.314: [Rescan (parallel) , 0.0928903 secs]2020-12-16T22:47:46.742+0800: 1260.406: [weak refs processing, 0.0007601 secs][1 CMS-remark: 63K(64K)] 671543K(943744K), 0.0937399 secs] [Times: user=0.88 sys=0.01, real=0.09 secs] 
2020-12-16T22:47:46.743+0800: 1260.407: [CMS-concurrent-sweep-start]
2020-12-16T22:47:46.743+0800: 1260.407: [CMS-concurrent-sweep: 0.000/0.000 secs] [Times: user=0.00 sys=0.00, real=0.00 secs] 
2020-12-16T22:47:46.743+0800: 1260.407: [CMS-concurrent-reset-start]
2020-12-16T22:47:46.743+0800: 1260.407: [CMS-concurrent-reset: 0.000/0.000 secs] [Times: user=0.00 sys=0.00, real=0.00 secs] 
2020-12-16T22:47:48.743+0800: 1262.407: [GC (CMS Initial Mark) [1 CMS-initial-mark: 63K(64K)] 674843K(943744K), 0.0571179 secs] [Times: user=0.34 sys=0.00, real=0.06 secs] 
2020-12-16T22:47:48.800+0800: 1262.464: [CMS-concurrent-mark-start]
2020-12-16T22:47:48.800+0800: 1262.464: [CMS-concurrent-mark: 0.000/0.000 secs] [Times: user=0.00 sys=0.00, real=0.00 secs] 
2020-12-16T22:47:48.800+0800: 1262.464: [CMS-concurrent-preclean-start]
2020-12-16T22:47:48.801+0800: 1262.465: [CMS-concurrent-preclean: 0.001/0.001 secs] [Times: user=0.00 sys=0.00, real=0.00 secs] 
2020-12-16T22:47:48.801+0800: 1262.465: [CMS-concurrent-abortable-preclean-start]
 CMS: abort preclean due to time 2020-12-16T22:47:53.884+0800: 1267.548: [CMS-concurrent-abortable-preclean: 0.066/5.082 secs] [Times: user=0.06 sys=0.05, real=5.08 secs] 
2020-12-16T22:47:53.884+0800: 1267.548: [GC (CMS Final Remark) [YG occupancy: 674779 K (943680 K)]2020-12-16T22:47:53.884+0800: 1267.548: [Rescan (parallel) , 0.0780630 secs]2020-12-16T22:47:53.962+0800: 1267.626: [weak refs processing, 0.0006023 secs][1 CMS-remark: 63K(64K)] 674843K(943744K), 0.0787495 secs] [Times: user=0.66 sys=0.02, real=0.08 secs] 
2020-12-16T22:47:53.963+0800: 1267.627: [CMS-concurrent-sweep-start]
2020-12-16T22:47:53.963+0800: 1267.627: [CMS-concurrent-sweep: 0.000/0.000 secs] [Times: user=0.00 sys=0.00, real=0.00 secs] 
2020-12-16T22:47:53.963+0800: 1267.627: [CMS-concurrent-reset-start]
2020-12-16T22:47:53.963+0800: 1267.627: [CMS-concurrent-reset: 0.000/0.000 secs] [Times: user=0.00 sys=0.00, real=0.00 secs] 
2020-12-16T22:47:55.964+0800: 1269.628: [GC (CMS Initial Mark) [1 CMS-initial-mark: 63K(64K)] 678142K(943744K), 0.0988855 secs] [Times: user=0.61 sys=0.00, real=0.10 secs] 
2020-12-16T22:47:56.063+0800: 1269.727: [CMS-concurrent-mark-start]
2020-12-16T22:47:56.063+0800: 1269.727: [CMS-concurrent-mark: 0.000/0.000 secs] [Times: user=0.00 sys=0.00, real=0.00 secs] 
2020-12-16T22:47:56.063+0800: 1269.727: [CMS-concurrent-preclean-start]
2020-12-16T22:47:56.065+0800: 1269.729: [CMS-concurrent-preclean: 0.001/0.001 secs] [Times: user=0.00 sys=0.00, real=0.00 secs] 
2020-12-16T22:47:56.065+0800: 1269.729: [CMS-concurrent-abortable-preclean-start]
 CMS: abort preclean due to time 2020-12-16T22:48:01.141+0800: 1274.805: [CMS-concurrent-abortable-preclean: 0.065/5.076 secs] [Times: user=0.13 sys=0.09, real=5.08 secs] 
2020-12-16T22:48:01.141+0800: 1274.805: [GC (CMS Final Remark) [YG occupancy: 678078 K (943680 K)]2020-12-16T22:48:01.141+0800: 1274.805: [Rescan (parallel) , 0.0930127 secs]2020-12-16T22:48:01.234+0800: 1274.898: [weak refs processing, 0.0008281 secs][1 CMS-remark: 63K(64K)] 678142K(943744K), 0.0940072 secs] [Times: user=0.86 sys=0.00, real=0.09 secs] 
2020-12-16T22:48:01.235+0800: 1274.899: [CMS-concurrent-sweep-start]
2020-12-16T22:48:01.236+0800: 1274.899: [CMS-concurrent-sweep: 0.000/0.000 secs] [Times: user=0.00 sys=0.00, real=0.00 secs] 
2020-12-16T22:48:01.236+0800: 1274.900: [CMS-concurrent-reset-start]
2020-12-16T22:48:01.236+0800: 1274.900: [CMS-concurrent-reset: 0.000/0.000 secs] [Times: user=0.00 sys=0.00, real=0.00 secs] 
2020-12-16T22:48:03.235+0800: 1276.899: [GC (CMS Initial Mark) [1 CMS-initial-mark: 63K(64K)] 678142K(943744K), 0.0726009 secs] [Times: user=0.31 sys=0.00, real=0.07 secs] 
2020-12-16T22:48:03.308+0800: 1276.971: [CMS-concurrent-mark-start]
2020-12-16T22:48:03.308+0800: 1276.972: [CMS-concurrent-mark: 0.000/0.000 secs] [Times: user=0.00 sys=0.00, real=0.00 secs] 
2020-12-16T22:48:03.308+0800: 1276.972: [CMS-concurrent-preclean-start]
2020-12-16T22:48:03.309+0800: 1276.973: [CMS-concurrent-preclean: 0.001/0.001 secs] [Times: user=0.00 sys=0.00, real=0.00 secs] 
2020-12-16T22:48:03.309+0800: 1276.973: [CMS-concurrent-abortable-preclean-start]
 CMS: abort preclean due to time 2020-12-16T22:48:08.409+0800: 1282.073: [CMS-concurrent-abortable-preclean: 0.071/5.100 secs] [Times: user=0.09 sys=0.11, real=5.10 secs] 
2020-12-16T22:48:08.409+0800: 1282.074: [GC (CMS Final Remark) [YG occupancy: 681377 K (943680 K)]2020-12-16T22:48:08.409+0800: 1282.074: [Rescan (parallel) , 0.0825799 secs]2020-12-16T22:48:08.491+0800: 1282.156: [weak refs processing, 0.0006327 secs][1 CMS-remark: 63K(64K)] 681441K(943744K), 0.0833058 secs] [Times: user=0.72 sys=0.02, real=0.08 secs] 
2020-12-16T22:48:08.492+0800: 1282.157: [CMS-concurrent-sweep-start]
2020-12-16T22:48:08.492+0800: 1282.157: [CMS-concurrent-sweep: 0.000/0.000 secs] [Times: user=0.00 sys=0.00, real=0.00 secs] 
2020-12-16T22:48:08.492+0800: 1282.157: [CMS-concurrent-reset-start]
2020-12-16T22:48:08.492+0800: 1282.157: [CMS-concurrent-reset: 0.000/0.000 secs] [Times: user=0.00 sys=0.00, real=0.00 secs] 
2020-12-16T22:48:10.493+0800: 1284.157: [GC (CMS Initial Mark) [1 CMS-initial-mark: 63K(64K)] 681441K(943744K), 0.0526985 secs] [Times: user=0.36 sys=0.00, real=0.05 secs] 
2020-12-16T22:48:10.546+0800: 1284.210: [CMS-concurrent-mark-start]
2020-12-16T22:48:10.546+0800: 1284.210: [CMS-concurrent-mark: 0.000/0.000 secs] [Times: user=0.00 sys=0.00, real=0.00 secs] 
2020-12-16T22:48:10.546+0800: 1284.211: [CMS-concurrent-preclean-start]
2020-12-16T22:48:10.548+0800: 1284.212: [CMS-concurrent-preclean: 0.001/0.001 secs] [Times: user=0.00 sys=0.00, real=0.00 secs] 
2020-12-16T22:48:10.548+0800: 1284.212: [CMS-concurrent-abortable-preclean-start]
 CMS: abort preclean due to time 2020-12-16T22:48:15.631+0800: 1289.295: [CMS-concurrent-abortable-preclean: 0.068/5.084 secs] [Times: user=0.05 sys=0.09, real=5.08 secs] 
2020-12-16T22:48:15.631+0800: 1289.296: [GC (CMS Final Remark) [YG occupancy: 684676 K (943680 K)]2020-12-16T22:48:15.631+0800: 1289.296: [Rescan (parallel) , 0.0815278 secs]2020-12-16T22:48:15.713+0800: 1289.377: [weak refs processing, 0.0006766 secs][1 CMS-remark: 63K(64K)] 684740K(943744K), 0.0822884 secs] [Times: user=0.75 sys=0.00, real=0.08 secs] 
2020-12-16T22:48:15.714+0800: 1289.378: [CMS-concurrent-sweep-start]
2020-12-16T22:48:15.714+0800: 1289.378: [CMS-concurrent-sweep: 0.000/0.000 secs] [Times: user=0.00 sys=0.00, real=0.00 secs] 
2020-12-16T22:48:15.714+0800: 1289.378: [CMS-concurrent-reset-start]
2020-12-16T22:48:15.714+0800: 1289.378: [CMS-concurrent-reset: 0.000/0.000 secs] [Times: user=0.00 sys=0.00, real=0.00 secs] 
2020-12-16T22:48:17.715+0800: 1291.379: [GC (CMS Initial Mark) [1 CMS-initial-mark: 63K(64K)] 684740K(943744K), 0.0575612 secs] [Times: user=0.20 sys=0.00, real=0.06 secs] 
2020-12-16T22:48:17.773+0800: 1291.437: [CMS-concurrent-mark-start]
2020-12-16T22:48:17.773+0800: 1291.437: [CMS-concurrent-mark: 0.000/0.000 secs] [Times: user=0.00 sys=0.00, real=0.00 secs] 
2020-12-16T22:48:17.773+0800: 1291.437: [CMS-concurrent-preclean-start]
2020-12-16T22:48:17.774+0800: 1291.438: [CMS-concurrent-preclean: 0.001/0.001 secs] [Times: user=0.00 sys=0.00, real=0.00 secs] 
2020-12-16T22:48:17.774+0800: 1291.438: [CMS-concurrent-abortable-preclean-start]
 CMS: abort preclean due to time 2020-12-16T22:48:22.856+0800: 1296.521: [CMS-concurrent-abortable-preclean: 0.068/5.082 secs] [Times: user=0.13 sys=0.13, real=5.08 secs] 
2020-12-16T22:48:22.856+0800: 1296.521: [GC (CMS Final Remark) [YG occupancy: 687976 K (943680 K)]2020-12-16T22:48:22.856+0800: 1296.521: [Rescan (parallel) , 0.0887444 secs]2020-12-16T22:48:22.946+0800: 1296.610: [weak refs processing, 0.0007004 secs][1 CMS-remark: 63K(64K)] 688040K(943744K), 0.0895324 secs] [Times: user=0.67 sys=0.00, real=0.09 secs] 
2020-12-16T22:48:22.947+0800: 1296.611: [CMS-concurrent-sweep-start]
2020-12-16T22:48:22.947+0800: 1296.611: [CMS-concurrent-sweep: 0.000/0.000 secs] [Times: user=0.00 sys=0.00, real=0.00 secs] 
2020-12-16T22:48:22.947+0800: 1296.611: [CMS-concurrent-reset-start]
2020-12-16T22:48:22.947+0800: 1296.611: [CMS-concurrent-reset: 0.000/0.000 secs] [Times: user=0.00 sys=0.00, real=0.00 secs] 
2020-12-16T22:48:24.947+0800: 1298.611: [GC (CMS Initial Mark) [1 CMS-initial-mark: 63K(64K)] 688040K(943744K), 0.0641339 secs] [Times: user=0.39 sys=0.00, real=0.06 secs] 
2020-12-16T22:48:25.011+0800: 1298.675: [CMS-concurrent-mark-start]
2020-12-16T22:48:25.011+0800: 1298.676: [CMS-concurrent-mark: 0.000/0.000 secs] [Times: user=0.00 sys=0.00, real=0.00 secs] 
2020-12-16T22:48:25.012+0800: 1298.676: [CMS-concurrent-preclean-start]
2020-12-16T22:48:25.013+0800: 1298.677: [CMS-concurrent-preclean: 0.001/0.001 secs] [Times: user=0.00 sys=0.00, real=0.00 secs] 
2020-12-16T22:48:25.013+0800: 1298.677: [CMS-concurrent-abortable-preclean-start]
 CMS: abort preclean due to time 2020-12-16T22:48:30.098+0800: 1303.762: [CMS-concurrent-abortable-preclean: 0.068/5.085 secs] [Times: user=0.08 sys=0.09, real=5.09 secs] 
2020-12-16T22:48:30.098+0800: 1303.762: [GC (CMS Final Remark) [YG occupancy: 691275 K (943680 K)]2020-12-16T22:48:30.098+0800: 1303.762: [Rescan (parallel) , 0.0814657 secs]2020-12-16T22:48:30.180+0800: 1303.844: [weak refs processing, 0.0006969 secs][1 CMS-remark: 63K(64K)] 691339K(943744K), 0.0822498 secs] [Times: user=0.69 sys=0.00, real=0.08 secs] 
2020-12-16T22:48:30.181+0800: 1303.844: [CMS-concurrent-sweep-start]
2020-12-16T22:48:30.181+0800: 1303.845: [CMS-concurrent-sweep: 0.000/0.000 secs] [Times: user=0.00 sys=0.00, real=0.00 secs] 
2020-12-16T22:48:30.181+0800: 1303.845: [CMS-concurrent-reset-start]
2020-12-16T22:48:30.181+0800: 1303.845: [CMS-concurrent-reset: 0.000/0.000 secs] [Times: user=0.00 sys=0.00, real=0.00 secs] 
2020-12-16T22:48:32.181+0800: 1305.845: [GC (CMS Initial Mark) [1 CMS-initial-mark: 63K(64K)] 691339K(943744K), 0.0618789 secs] [Times: user=0.38 sys=0.00, real=0.06 secs] 
2020-12-16T22:48:32.243+0800: 1305.907: [CMS-concurrent-mark-start]
2020-12-16T22:48:32.243+0800: 1305.907: [CMS-concurrent-mark: 0.000/0.000 secs] [Times: user=0.00 sys=0.00, real=0.00 secs] 
2020-12-16T22:48:32.243+0800: 1305.907: [CMS-concurrent-preclean-start]
2020-12-16T22:48:32.244+0800: 1305.908: [CMS-concurrent-preclean: 0.001/0.001 secs] [Times: user=0.00 sys=0.00, real=0.00 secs] 
2020-12-16T22:48:32.244+0800: 1305.908: [CMS-concurrent-abortable-preclean-start]
 CMS: abort preclean due to time 2020-12-16T22:48:37.316+0800: 1310.980: [CMS-concurrent-abortable-preclean: 0.062/5.072 secs] [Times: user=0.05 sys=0.09, real=5.07 secs] 
2020-12-16T22:48:37.316+0800: 1310.981: [GC (CMS Final Remark) [YG occupancy: 694574 K (943680 K)]2020-12-16T22:48:37.316+0800: 1310.981: [Rescan (parallel) , 0.0802939 secs]2020-12-16T22:48:37.396+0800: 1311.061: [weak refs processing, 0.0007200 secs][1 CMS-remark: 63K(64K)] 694638K(943744K), 0.0811003 secs] [Times: user=0.72 sys=0.00, real=0.08 secs] 
2020-12-16T22:48:37.397+0800: 1311.062: [CMS-concurrent-sweep-start]
2020-12-16T22:48:37.398+0800: 1311.062: [CMS-concurrent-sweep: 0.000/0.000 secs] [Times: user=0.00 sys=0.00, real=0.00 secs] 
2020-12-16T22:48:37.398+0800: 1311.062: [CMS-concurrent-reset-start]
2020-12-16T22:48:37.398+0800: 1311.062: [CMS-concurrent-reset: 0.000/0.000 secs] [Times: user=0.00 sys=0.00, real=0.00 secs] 
2020-12-16T22:48:39.398+0800: 1313.062: [GC (CMS Initial Mark) [1 CMS-initial-mark: 63K(64K)] 694638K(943744K), 0.0566814 secs] [Times: user=0.36 sys=0.00, real=0.06 secs] 
2020-12-16T22:48:39.455+0800: 1313.119: [CMS-concurrent-mark-start]
2020-12-16T22:48:39.455+0800: 1313.119: [CMS-concurrent-mark: 0.000/0.000 secs] [Times: user=0.00 sys=0.00, real=0.00 secs] 
2020-12-16T22:48:39.455+0800: 1313.119: [CMS-concurrent-preclean-start]
2020-12-16T22:48:39.456+0800: 1313.121: [CMS-concurrent-preclean: 0.001/0.001 secs] [Times: user=0.00 sys=0.00, real=0.00 secs] 
2020-12-16T22:48:39.457+0800: 1313.121: [CMS-concurrent-abortable-preclean-start]
 CMS: abort preclean due to time 2020-12-16T22:48:44.539+0800: 1318.203: [CMS-concurrent-abortable-preclean: 0.065/5.082 secs] [Times: user=0.01 sys=0.11, real=5.08 secs] 
2020-12-16T22:48:44.539+0800: 1318.203: [GC (CMS Final Remark) [YG occupancy: 694574 K (943680 K)]2020-12-16T22:48:44.539+0800: 1318.203: [Rescan (parallel) , 0.0858253 secs]2020-12-16T22:48:44.625+0800: 1318.289: [weak refs processing, 0.0006841 secs][1 CMS-remark: 63K(64K)] 694638K(943744K), 0.0865975 secs] [Times: user=0.86 sys=0.02, real=0.09 secs] 
2020-12-16T22:48:44.626+0800: 1318.290: [CMS-concurrent-sweep-start]
2020-12-16T22:48:44.626+0800: 1318.290: [CMS-concurrent-sweep: 0.000/0.000 secs] [Times: user=0.00 sys=0.00, real=0.00 secs] 
2020-12-16T22:48:44.626+0800: 1318.290: [CMS-concurrent-reset-start]
2020-12-16T22:48:44.626+0800: 1318.290: [CMS-concurrent-reset: 0.000/0.000 secs] [Times: user=0.00 sys=0.00, real=0.00 secs] 
2020-12-16T22:48:46.626+0800: 1320.290: [GC (CMS Initial Mark) [1 CMS-initial-mark: 63K(64K)] 697938K(943744K), 0.0756264 secs] [Times: user=0.39 sys=0.00, real=0.08 secs] 
2020-12-16T22:48:46.701+0800: 1320.365: [CMS-concurrent-mark-start]
2020-12-16T22:48:46.701+0800: 1320.366: [CMS-concurrent-mark: 0.000/0.000 secs] [Times: user=0.00 sys=0.00, real=0.00 secs] 
2020-12-16T22:48:46.701+0800: 1320.366: [CMS-concurrent-preclean-start]
2020-12-16T22:48:46.702+0800: 1320.367: [CMS-concurrent-preclean: 0.001/0.001 secs] [Times: user=0.00 sys=0.00, real=0.00 secs] 
2020-12-16T22:48:46.702+0800: 1320.367: [CMS-concurrent-abortable-preclean-start]
 CMS: abort preclean due to time 2020-12-16T22:48:51.782+0800: 1325.446: [CMS-concurrent-abortable-preclean: 0.062/5.080 secs] [Times: user=0.16 sys=0.13, real=5.08 secs] 
2020-12-16T22:48:51.782+0800: 1325.447: [GC (CMS Final Remark) [YG occupancy: 697874 K (943680 K)]2020-12-16T22:48:51.782+0800: 1325.447: [Rescan (parallel) , 0.0816362 secs]2020-12-16T22:48:51.864+0800: 1325.528: [weak refs processing, 0.0007137 secs][1 CMS-remark: 63K(64K)] 697938K(943744K), 0.0824379 secs] [Times: user=0.69 sys=0.00, real=0.08 secs] 
2020-12-16T22:48:51.865+0800: 1325.529: [CMS-concurrent-sweep-start]
2020-12-16T22:48:51.865+0800: 1325.529: [CMS-concurrent-sweep: 0.000/0.000 secs] [Times: user=0.00 sys=0.00, real=0.00 secs] 
2020-12-16T22:48:51.865+0800: 1325.529: [CMS-concurrent-reset-start]
2020-12-16T22:48:51.865+0800: 1325.529: [CMS-concurrent-reset: 0.000/0.000 secs] [Times: user=0.00 sys=0.00, real=0.00 secs] 
2020-12-16T22:48:53.865+0800: 1327.529: [GC (CMS Initial Mark) [1 CMS-initial-mark: 63K(64K)] 701237K(943744K), 0.0600024 secs] [Times: user=0.36 sys=0.00, real=0.06 secs] 
2020-12-16T22:48:53.925+0800: 1327.589: [CMS-concurrent-mark-start]
2020-12-16T22:48:53.925+0800: 1327.589: [CMS-concurrent-mark: 0.000/0.000 secs] [Times: user=0.00 sys=0.00, real=0.00 secs] 
2020-12-16T22:48:53.925+0800: 1327.589: [CMS-concurrent-preclean-start]
2020-12-16T22:48:53.926+0800: 1327.591: [CMS-concurrent-preclean: 0.001/0.001 secs] [Times: user=0.00 sys=0.00, real=0.00 secs] 
2020-12-16T22:48:53.926+0800: 1327.591: [CMS-concurrent-abortable-preclean-start]
 CMS: abort preclean due to time 2020-12-16T22:48:59.007+0800: 1332.671: [CMS-concurrent-abortable-preclean: 0.064/5.080 secs] [Times: user=0.01 sys=0.09, real=5.08 secs] 
2020-12-16T22:48:59.007+0800: 1332.671: [GC (CMS Final Remark) [YG occupancy: 701173 K (943680 K)]2020-12-16T22:48:59.007+0800: 1332.671: [Rescan (parallel) , 0.0819785 secs]2020-12-16T22:48:59.089+0800: 1332.753: [weak refs processing, 0.0007179 secs][1 CMS-remark: 63K(64K)] 701237K(943744K), 0.0827840 secs] [Times: user=0.69 sys=0.03, real=0.08 secs] 
2020-12-16T22:48:59.090+0800: 1332.754: [CMS-concurrent-sweep-start]
2020-12-16T22:48:59.090+0800: 1332.754: [CMS-concurrent-sweep: 0.000/0.000 secs] [Times: user=0.00 sys=0.00, real=0.00 secs] 
2020-12-16T22:48:59.090+0800: 1332.754: [CMS-concurrent-reset-start]
2020-12-16T22:48:59.090+0800: 1332.754: [CMS-concurrent-reset: 0.000/0.000 secs] [Times: user=0.00 sys=0.00, real=0.00 secs] 
2020-12-16T22:49:01.090+0800: 1334.754: [GC (CMS Initial Mark) [1 CMS-initial-mark: 63K(64K)] 701237K(943744K), 0.0598890 secs] [Times: user=0.20 sys=0.00, real=0.06 secs] 
2020-12-16T22:49:01.150+0800: 1334.814: [CMS-concurrent-mark-start]
2020-12-16T22:49:01.150+0800: 1334.814: [CMS-concurrent-mark: 0.000/0.000 secs] [Times: user=0.00 sys=0.00, real=0.00 secs] 
2020-12-16T22:49:01.150+0800: 1334.814: [CMS-concurrent-preclean-start]
2020-12-16T22:49:01.152+0800: 1334.815: [CMS-concurrent-preclean: 0.001/0.001 secs] [Times: user=0.02 sys=0.00, real=0.00 secs] 
2020-12-16T22:49:01.152+0800: 1334.815: [CMS-concurrent-abortable-preclean-start]
 CMS: abort preclean due to time 2020-12-16T22:49:06.231+0800: 1339.895: [CMS-concurrent-abortable-preclean: 0.061/5.080 secs] [Times: user=0.05 sys=0.09, real=5.08 secs] 
2020-12-16T22:49:06.231+0800: 1339.895: [GC (CMS Final Remark) [YG occupancy: 704472 K (943680 K)]2020-12-16T22:49:06.231+0800: 1339.895: [Rescan (parallel) , 0.0900715 secs]2020-12-16T22:49:06.322+0800: 1339.986: [weak refs processing, 0.0006205 secs][1 CMS-remark: 63K(64K)] 704536K(943744K), 0.0907753 secs] [Times: user=0.69 sys=0.01, real=0.09 secs] 
2020-12-16T22:49:06.323+0800: 1339.986: [CMS-concurrent-sweep-start]
2020-12-16T22:49:06.323+0800: 1339.986: [CMS-concurrent-sweep: 0.000/0.000 secs] [Times: user=0.00 sys=0.00, real=0.00 secs] 
2020-12-16T22:49:06.323+0800: 1339.986: [CMS-concurrent-reset-start]
2020-12-16T22:49:06.323+0800: 1339.986: [CMS-concurrent-reset: 0.000/0.000 secs] [Times: user=0.00 sys=0.00, real=0.00 secs] 
2020-12-16T22:49:08.322+0800: 1341.986: [GC (CMS Initial Mark) [1 CMS-initial-mark: 63K(64K)] 704536K(943744K), 0.0642319 secs] [Times: user=0.38 sys=0.00, real=0.06 secs] 
2020-12-16T22:49:08.386+0800: 1342.051: [CMS-concurrent-mark-start]
2020-12-16T22:49:08.386+0800: 1342.051: [CMS-concurrent-mark: 0.000/0.000 secs] [Times: user=0.00 sys=0.00, real=0.00 secs] 
2020-12-16T22:49:08.387+0800: 1342.051: [CMS-concurrent-preclean-start]
2020-12-16T22:49:08.388+0800: 1342.052: [CMS-concurrent-preclean: 0.001/0.001 secs] [Times: user=0.00 sys=0.00, real=0.00 secs] 
2020-12-16T22:49:08.388+0800: 1342.052: [CMS-concurrent-abortable-preclean-start]
 CMS: abort preclean due to time 2020-12-16T22:49:13.469+0800: 1347.133: [CMS-concurrent-abortable-preclean: 0.061/5.081 secs] [Times: user=0.06 sys=0.05, real=5.08 secs] 
2020-12-16T22:49:13.469+0800: 1347.133: [GC (CMS Final Remark) [YG occupancy: 707771 K (943680 K)]2020-12-16T22:49:13.469+0800: 1347.133: [Rescan (parallel) , 0.0806464 secs]2020-12-16T22:49:13.549+0800: 1347.214: [weak refs processing, 0.0006301 secs][1 CMS-remark: 63K(64K)] 707835K(943744K), 0.0813649 secs] [Times: user=0.67 sys=0.03, real=0.08 secs] 
2020-12-16T22:49:13.550+0800: 1347.215: [CMS-concurrent-sweep-start]
2020-12-16T22:49:13.550+0800: 1347.215: [CMS-concurrent-sweep: 0.000/0.000 secs] [Times: user=0.00 sys=0.00, real=0.00 secs] 
2020-12-16T22:49:13.550+0800: 1347.215: [CMS-concurrent-reset-start]
2020-12-16T22:49:13.550+0800: 1347.215: [CMS-concurrent-reset: 0.000/0.000 secs] [Times: user=0.00 sys=0.00, real=0.00 secs] 
2020-12-16T22:49:15.552+0800: 1349.216: [GC (CMS Initial Mark) [1 CMS-initial-mark: 63K(64K)] 707835K(943744K), 0.1051986 secs] [Times: user=0.66 sys=0.00, real=0.11 secs] 
2020-12-16T22:49:15.657+0800: 1349.321: [CMS-concurrent-mark-start]
2020-12-16T22:49:15.658+0800: 1349.322: [CMS-concurrent-mark: 0.000/0.000 secs] [Times: user=0.00 sys=0.00, real=0.00 secs] 
2020-12-16T22:49:15.658+0800: 1349.322: [CMS-concurrent-preclean-start]
2020-12-16T22:49:15.659+0800: 1349.323: [CMS-concurrent-preclean: 0.001/0.001 secs] [Times: user=0.00 sys=0.00, real=0.00 secs] 
2020-12-16T22:49:15.659+0800: 1349.323: [CMS-concurrent-abortable-preclean-start]
 CMS: abort preclean due to time 2020-12-16T22:49:20.746+0800: 1354.410: [CMS-concurrent-abortable-preclean: 0.071/5.087 secs] [Times: user=0.13 sys=0.13, real=5.09 secs] 
2020-12-16T22:49:20.746+0800: 1354.411: [GC (CMS Final Remark) [YG occupancy: 711071 K (943680 K)]2020-12-16T22:49:20.746+0800: 1354.411: [Rescan (parallel) , 0.0826879 secs]2020-12-16T22:49:20.829+0800: 1354.493: [weak refs processing, 0.0007447 secs][1 CMS-remark: 63K(64K)] 711135K(943744K), 0.0835153 secs] [Times: user=0.72 sys=0.00, real=0.08 secs] 
2020-12-16T22:49:20.830+0800: 1354.494: [CMS-concurrent-sweep-start]
2020-12-16T22:49:20.830+0800: 1354.494: [CMS-concurrent-sweep: 0.000/0.000 secs] [Times: user=0.00 sys=0.00, real=0.00 secs] 
2020-12-16T22:49:20.830+0800: 1354.494: [CMS-concurrent-reset-start]
2020-12-16T22:49:20.830+0800: 1354.494: [CMS-concurrent-reset: 0.000/0.000 secs] [Times: user=0.00 sys=0.00, real=0.00 secs] 
2020-12-16T22:49:22.830+0800: 1356.494: [GC (CMS Initial Mark) [1 CMS-initial-mark: 63K(64K)] 711135K(943744K), 0.0662936 secs] [Times: user=0.30 sys=0.00, real=0.07 secs] 
2020-12-16T22:49:22.896+0800: 1356.561: [CMS-concurrent-mark-start]
2020-12-16T22:49:22.896+0800: 1356.561: [CMS-concurrent-mark: 0.000/0.000 secs] [Times: user=0.00 sys=0.00, real=0.00 secs] 
2020-12-16T22:49:22.896+0800: 1356.561: [CMS-concurrent-preclean-start]
2020-12-16T22:49:22.897+0800: 1356.562: [CMS-concurrent-preclean: 0.001/0.001 secs] [Times: user=0.00 sys=0.00, real=0.00 secs] 
2020-12-16T22:49:22.898+0800: 1356.562: [CMS-concurrent-abortable-preclean-start]
 CMS: abort preclean due to time 2020-12-16T22:49:27.954+0800: 1361.618: [CMS-concurrent-abortable-preclean: 0.068/5.056 secs] [Times: user=1.38 sys=0.36, real=5.06 secs] 
2020-12-16T22:49:27.954+0800: 1361.619: [GC (CMS Final Remark) [YG occupancy: 716674 K (943680 K)]2020-12-16T22:49:27.954+0800: 1361.619: [Rescan (parallel) , 0.0809512 secs]2020-12-16T22:49:28.035+0800: 1361.700: [weak refs processing, 0.0006051 secs][1 CMS-remark: 63K(64K)] 716738K(943744K), 0.0816415 secs] [Times: user=0.73 sys=0.00, real=0.08 secs] 
2020-12-16T22:49:28.036+0800: 1361.700: [CMS-concurrent-sweep-start]
2020-12-16T22:49:28.036+0800: 1361.700: [CMS-concurrent-sweep: 0.000/0.000 secs] [Times: user=0.00 sys=0.00, real=0.00 secs] 
2020-12-16T22:49:28.036+0800: 1361.700: [CMS-concurrent-reset-start]
2020-12-16T22:49:28.036+0800: 1361.700: [CMS-concurrent-reset: 0.000/0.000 secs] [Times: user=0.00 sys=0.00, real=0.00 secs] 
2020-12-16T22:49:30.036+0800: 1363.700: [GC (CMS Initial Mark) [1 CMS-initial-mark: 63K(64K)] 716738K(943744K), 0.0673666 secs] [Times: user=0.34 sys=0.00, real=0.07 secs] 
2020-12-16T22:49:30.103+0800: 1363.768: [CMS-concurrent-mark-start]
2020-12-16T22:49:30.103+0800: 1363.768: [CMS-concurrent-mark: 0.000/0.000 secs] [Times: user=0.00 sys=0.00, real=0.00 secs] 
2020-12-16T22:49:30.103+0800: 1363.768: [CMS-concurrent-preclean-start]
2020-12-16T22:49:30.105+0800: 1363.769: [CMS-concurrent-preclean: 0.001/0.001 secs] [Times: user=0.00 sys=0.00, real=0.00 secs] 
2020-12-16T22:49:30.105+0800: 1363.769: [CMS-concurrent-abortable-preclean-start]
 CMS: abort preclean due to time 2020-12-16T22:49:35.121+0800: 1368.786: [CMS-concurrent-abortable-preclean: 0.072/5.016 secs] [Times: user=0.44 sys=0.23, real=5.02 secs] 
2020-12-16T22:49:35.121+0800: 1368.786: [GC (CMS Final Remark) [YG occupancy: 757575 K (943680 K)]2020-12-16T22:49:35.121+0800: 1368.786: [Rescan (parallel) , 0.0903326 secs]2020-12-16T22:49:35.212+0800: 1368.876: [weak refs processing, 0.0006874 secs][1 CMS-remark: 63K(64K)] 757639K(943744K), 0.0911080 secs] [Times: user=0.70 sys=0.02, real=0.09 secs] 
2020-12-16T22:49:35.213+0800: 1368.877: [CMS-concurrent-sweep-start]
2020-12-16T22:49:35.213+0800: 1368.877: [CMS-concurrent-sweep: 0.000/0.000 secs] [Times: user=0.00 sys=0.00, real=0.00 secs] 
2020-12-16T22:49:35.213+0800: 1368.877: [CMS-concurrent-reset-start]
2020-12-16T22:49:35.213+0800: 1368.877: [CMS-concurrent-reset: 0.000/0.000 secs] [Times: user=0.00 sys=0.00, real=0.00 secs] 
2020-12-16T22:49:37.213+0800: 1370.877: [GC (CMS Initial Mark) [1 CMS-initial-mark: 63K(64K)] 757639K(943744K), 0.0727318 secs] [Times: user=0.42 sys=0.00, real=0.07 secs] 
2020-12-16T22:49:37.286+0800: 1370.950: [CMS-concurrent-mark-start]
2020-12-16T22:49:37.286+0800: 1370.950: [CMS-concurrent-mark: 0.000/0.000 secs] [Times: user=0.00 sys=0.00, real=0.00 secs] 
2020-12-16T22:49:37.286+0800: 1370.950: [CMS-concurrent-preclean-start]
2020-12-16T22:49:37.287+0800: 1370.951: [CMS-concurrent-preclean: 0.001/0.001 secs] [Times: user=0.00 sys=0.00, real=0.00 secs] 
2020-12-16T22:49:37.287+0800: 1370.951: [CMS-concurrent-abortable-preclean-start]
 CMS: abort preclean due to time 2020-12-16T22:49:42.373+0800: 1376.037: [CMS-concurrent-abortable-preclean: 0.064/5.086 secs] [Times: user=0.08 sys=0.14, real=5.09 secs] 
2020-12-16T22:49:42.373+0800: 1376.037: [GC (CMS Final Remark) [YG occupancy: 760874 K (943680 K)]2020-12-16T22:49:42.373+0800: 1376.038: [Rescan (parallel) , 0.0837572 secs]2020-12-16T22:49:42.457+0800: 1376.121: [weak refs processing, 0.0006325 secs][1 CMS-remark: 63K(64K)] 760938K(943744K), 0.0844772 secs] [Times: user=0.67 sys=0.00, real=0.09 secs] 
2020-12-16T22:49:42.458+0800: 1376.122: [CMS-concurrent-sweep-start]
2020-12-16T22:49:42.458+0800: 1376.122: [CMS-concurrent-sweep: 0.000/0.000 secs] [Times: user=0.00 sys=0.00, real=0.00 secs] 
2020-12-16T22:49:42.458+0800: 1376.122: [CMS-concurrent-reset-start]
2020-12-16T22:49:42.458+0800: 1376.122: [CMS-concurrent-reset: 0.000/0.000 secs] [Times: user=0.00 sys=0.00, real=0.00 secs] 
2020-12-16T22:49:44.459+0800: 1378.123: [GC (CMS Initial Mark) [1 CMS-initial-mark: 63K(64K)] 760938K(943744K), 0.0587464 secs] [Times: user=0.36 sys=0.00, real=0.06 secs] 
2020-12-16T22:49:44.518+0800: 1378.182: [CMS-concurrent-mark-start]
2020-12-16T22:49:44.518+0800: 1378.182: [CMS-concurrent-mark: 0.000/0.000 secs] [Times: user=0.00 sys=0.00, real=0.00 secs] 
2020-12-16T22:49:44.518+0800: 1378.182: [CMS-concurrent-preclean-start]
2020-12-16T22:49:44.519+0800: 1378.183: [CMS-concurrent-preclean: 0.001/0.001 secs] [Times: user=0.00 sys=0.00, real=0.00 secs] 
2020-12-16T22:49:44.519+0800: 1378.183: [CMS-concurrent-abortable-preclean-start]
 CMS: abort preclean due to time 2020-12-16T22:49:49.598+0800: 1383.262: [CMS-concurrent-abortable-preclean: 0.060/5.078 secs] [Times: user=0.09 sys=0.03, real=5.08 secs] 
2020-12-16T22:49:49.598+0800: 1383.262: [GC (CMS Final Remark) [YG occupancy: 760874 K (943680 K)]2020-12-16T22:49:49.598+0800: 1383.262: [Rescan (parallel) , 0.0847502 secs]2020-12-16T22:49:49.682+0800: 1383.347: [weak refs processing, 0.0006042 secs][1 CMS-remark: 63K(64K)] 760938K(943744K), 0.0854307 secs] [Times: user=0.70 sys=0.02, real=0.09 secs] 
2020-12-16T22:49:49.683+0800: 1383.347: [CMS-concurrent-sweep-start]
2020-12-16T22:49:49.683+0800: 1383.347: [CMS-concurrent-sweep: 0.000/0.000 secs] [Times: user=0.00 sys=0.00, real=0.00 secs] 
2020-12-16T22:49:49.683+0800: 1383.347: [CMS-concurrent-reset-start]
2020-12-16T22:49:49.683+0800: 1383.347: [CMS-concurrent-reset: 0.000/0.000 secs] [Times: user=0.00 sys=0.00, real=0.00 secs] 
2020-12-16T22:49:51.684+0800: 1385.348: [GC (CMS Initial Mark) [1 CMS-initial-mark: 63K(64K)] 764237K(943744K), 0.0634680 secs] [Times: user=0.23 sys=0.00, real=0.06 secs] 
2020-12-16T22:49:51.747+0800: 1385.411: [CMS-concurrent-mark-start]
2020-12-16T22:49:51.747+0800: 1385.411: [CMS-concurrent-mark: 0.000/0.000 secs] [Times: user=0.00 sys=0.00, real=0.00 secs] 
2020-12-16T22:49:51.747+0800: 1385.411: [CMS-concurrent-preclean-start]
2020-12-16T22:49:51.749+0800: 1385.413: [CMS-concurrent-preclean: 0.001/0.001 secs] [Times: user=0.00 sys=0.00, real=0.00 secs] 
2020-12-16T22:49:51.749+0800: 1385.413: [CMS-concurrent-abortable-preclean-start]
 CMS: abort preclean due to time 2020-12-16T22:49:56.832+0800: 1390.496: [CMS-concurrent-abortable-preclean: 0.061/5.083 secs] [Times: user=0.06 sys=0.06, real=5.08 secs] 
2020-12-16T22:49:56.832+0800: 1390.496: [GC (CMS Final Remark) [YG occupancy: 764173 K (943680 K)]2020-12-16T22:49:56.832+0800: 1390.496: [Rescan (parallel) , 0.0989959 secs]2020-12-16T22:49:56.931+0800: 1390.595: [weak refs processing, 0.0009272 secs][1 CMS-remark: 63K(64K)] 764237K(943744K), 0.1000492 secs] [Times: user=0.78 sys=0.00, real=0.10 secs] 
2020-12-16T22:49:56.936+0800: 1390.600: [CMS-concurrent-sweep-start]
2020-12-16T22:49:56.936+0800: 1390.600: [CMS-concurrent-sweep: 0.000/0.000 secs] [Times: user=0.00 sys=0.00, real=0.00 secs] 
2020-12-16T22:49:56.936+0800: 1390.600: [CMS-concurrent-reset-start]
2020-12-16T22:49:56.936+0800: 1390.600: [CMS-concurrent-reset: 0.000/0.000 secs] [Times: user=0.00 sys=0.00, real=0.00 secs] 
2020-12-16T22:49:58.937+0800: 1392.601: [GC (CMS Initial Mark) [1 CMS-initial-mark: 63K(64K)] 767536K(943744K), 0.0652795 secs] [Times: user=0.31 sys=0.00, real=0.07 secs] 
2020-12-16T22:49:59.002+0800: 1392.666: [CMS-concurrent-mark-start]
2020-12-16T22:49:59.002+0800: 1392.666: [CMS-concurrent-mark: 0.000/0.000 secs] [Times: user=0.00 sys=0.00, real=0.00 secs] 
2020-12-16T22:49:59.003+0800: 1392.666: [CMS-concurrent-preclean-start]
2020-12-16T22:49:59.004+0800: 1392.668: [CMS-concurrent-preclean: 0.001/0.001 secs] [Times: user=0.00 sys=0.00, real=0.00 secs] 
2020-12-16T22:49:59.004+0800: 1392.668: [CMS-concurrent-abortable-preclean-start]
 CMS: abort preclean due to time 2020-12-16T22:50:04.084+0800: 1397.749: [CMS-concurrent-abortable-preclean: 0.067/5.081 secs] [Times: user=0.02 sys=0.16, real=5.08 secs] 
2020-12-16T22:50:04.085+0800: 1397.749: [GC (CMS Final Remark) [YG occupancy: 767472 K (943680 K)]2020-12-16T22:50:04.085+0800: 1397.749: [Rescan (parallel) , 0.0926840 secs]2020-12-16T22:50:04.178+0800: 1397.842: [weak refs processing, 0.0010413 secs][1 CMS-remark: 63K(64K)] 767536K(943744K), 0.0938919 secs] [Times: user=0.61 sys=0.00, real=0.09 secs] 
2020-12-16T22:50:04.179+0800: 1397.843: [CMS-concurrent-sweep-start]
2020-12-16T22:50:04.179+0800: 1397.843: [CMS-concurrent-sweep: 0.000/0.000 secs] [Times: user=0.00 sys=0.00, real=0.00 secs] 
2020-12-16T22:50:04.179+0800: 1397.843: [CMS-concurrent-reset-start]
2020-12-16T22:50:04.179+0800: 1397.843: [CMS-concurrent-reset: 0.000/0.000 secs] [Times: user=0.00 sys=0.00, real=0.00 secs] 
{Heap before GC invocations=5 (full 198):
 par new generation   total 943680K, used 838848K [0x00000000c0000000, 0x00000000ffff0000, 0x00000000ffff0000)
  eden space 838848K, 100% used [0x00000000c0000000, 0x00000000f3330000, 0x00000000f3330000)
  from space 104832K,   0% used [0x00000000f3330000, 0x00000000f3330000, 0x00000000f9990000)
  to   space 104832K,   0% used [0x00000000f9990000, 0x00000000f9990000, 0x00000000ffff0000)
 concurrent mark-sweep generation total 64K, used 63K [0x00000000ffff0000, 0x0000000100000000, 0x0000000100000000)
 Metaspace       used 92398K, capacity 99908K, committed 100184K, reserved 1136640K
  class space    used 11175K, capacity 12373K, committed 12416K, reserved 1048576K
2020-12-16T22:50:06.031+0800: 1399.695: [GC (Allocation Failure) 2020-12-16T22:50:06.031+0800: 1399.695: [ParNew (promotion failed): 838848K->943680K(943680K), 0.1799695 secs]2020-12-16T22:50:06.210+0800: 1399.875: [CMS: 63K->63K(64K), 0.3721584 secs] 838911K->107568K(943744K), [Metaspace: 92398K->92398K(1136640K)], 0.5522463 secs] [Times: user=0.83 sys=0.00, real=0.55 secs] 
Heap after GC invocations=6 (full 199):
 par new generation   total 943680K, used 107504K [0x00000000c0000000, 0x00000000ffff0000, 0x00000000ffff0000)
  eden space 838848K,  12% used [0x00000000c0000000, 0x00000000c68fc3e8, 0x00000000f3330000)
  from space 104832K,   0% used [0x00000000f9990000, 0x00000000f9990000, 0x00000000ffff0000)
  to   space 104832K,   0% used [0x00000000f3330000, 0x00000000f3330000, 0x00000000f9990000)
 concurrent mark-sweep generation total 64K, used 63K [0x00000000ffff0000, 0x0000000100000000, 0x0000000100000000)
 Metaspace       used 92398K, capacity 99908K, committed 100184K, reserved 1136640K
  class space    used 11175K, capacity 12373K, committed 12416K, reserved 1048576K
}
2020-12-16T22:50:06.583+0800: 1400.247: [GC (CMS Initial Mark) [1 CMS-initial-mark: 63K(64K)] 109044K(943744K), 0.0504678 secs] [Times: user=0.06 sys=0.00, real=0.05 secs] 
2020-12-16T22:50:06.634+0800: 1400.298: [CMS-concurrent-mark-start]
2020-12-16T22:50:06.634+0800: 1400.298: [CMS-concurrent-mark: 0.000/0.000 secs] [Times: user=0.00 sys=0.00, real=0.00 secs] 
2020-12-16T22:50:06.634+0800: 1400.298: [CMS-concurrent-preclean-start]
2020-12-16T22:50:06.635+0800: 1400.300: [CMS-concurrent-preclean: 0.001/0.001 secs] [Times: user=0.13 sys=0.00, real=0.00 secs] 
2020-12-16T22:50:06.635+0800: 1400.300: [CMS-concurrent-abortable-preclean-start]
 CMS: abort preclean due to time 2020-12-16T22:50:11.685+0800: 1405.349: [CMS-concurrent-abortable-preclean: 0.069/5.049 secs] [Times: user=0.34 sys=0.22, real=5.05 secs] 
2020-12-16T22:50:11.685+0800: 1405.349: [GC (CMS Final Remark) [YG occupancy: 145379 K (943680 K)]2020-12-16T22:50:11.685+0800: 1405.349: [Rescan (parallel) , 0.0836709 secs]2020-12-16T22:50:11.769+0800: 1405.433: [weak refs processing, 0.0006419 secs][1 CMS-remark: 63K(64K)] 145443K(943744K), 0.0844049 secs] [Times: user=0.63 sys=0.01, real=0.09 secs] 
2020-12-16T22:50:11.770+0800: 1405.434: [CMS-concurrent-sweep-start]
2020-12-16T22:50:11.770+0800: 1405.434: [CMS-concurrent-sweep: 0.000/0.000 secs] [Times: user=0.00 sys=0.00, real=0.00 secs] 
2020-12-16T22:50:11.770+0800: 1405.434: [CMS-concurrent-reset-start]
2020-12-16T22:50:11.770+0800: 1405.434: [CMS-concurrent-reset: 0.000/0.000 secs] [Times: user=0.00 sys=0.00, real=0.00 secs] 
2020-12-16T22:50:13.770+0800: 1407.434: [GC (CMS Initial Mark) [1 CMS-initial-mark: 63K(64K)] 145443K(943744K), 0.0496978 secs] [Times: user=0.06 sys=0.00, real=0.05 secs] 
2020-12-16T22:50:13.819+0800: 1407.484: [CMS-concurrent-mark-start]
2020-12-16T22:50:13.820+0800: 1407.484: [CMS-concurrent-mark: 0.000/0.000 secs] [Times: user=0.00 sys=0.00, real=0.00 secs] 
2020-12-16T22:50:13.820+0800: 1407.484: [CMS-concurrent-preclean-start]
2020-12-16T22:50:13.821+0800: 1407.485: [CMS-concurrent-preclean: 0.001/0.001 secs] [Times: user=0.00 sys=0.00, real=0.00 secs] 
2020-12-16T22:50:13.821+0800: 1407.485: [CMS-concurrent-abortable-preclean-start]
 CMS: abort preclean due to time 2020-12-16T22:50:18.904+0800: 1412.568: [CMS-concurrent-abortable-preclean: 0.064/5.083 secs] [Times: user=0.14 sys=0.08, real=5.08 secs] 
2020-12-16T22:50:18.904+0800: 1412.568: [GC (CMS Final Remark) [YG occupancy: 149535 K (943680 K)]2020-12-16T22:50:18.904+0800: 1412.569: [Rescan (parallel) , 0.0810915 secs]2020-12-16T22:50:18.985+0800: 1412.650: [weak refs processing, 0.0007641 secs][1 CMS-remark: 63K(64K)] 149599K(943744K), 0.0819418 secs] [Times: user=0.67 sys=0.00, real=0.08 secs] 
2020-12-16T22:50:18.986+0800: 1412.651: [CMS-concurrent-sweep-start]
2020-12-16T22:50:18.986+0800: 1412.651: [CMS-concurrent-sweep: 0.000/0.000 secs] [Times: user=0.00 sys=0.00, real=0.00 secs] 
2020-12-16T22:50:18.986+0800: 1412.651: [CMS-concurrent-reset-start]
2020-12-16T22:50:18.986+0800: 1412.651: [CMS-concurrent-reset: 0.000/0.000 secs] [Times: user=0.00 sys=0.00, real=0.00 secs] 
2020-12-16T22:50:20.987+0800: 1414.651: [GC (CMS Initial Mark) [1 CMS-initial-mark: 63K(64K)] 149599K(943744K), 0.0503267 secs] [Times: user=0.05 sys=0.00, real=0.05 secs] 
2020-12-16T22:50:21.037+0800: 1414.701: [CMS-concurrent-mark-start]
2020-12-16T22:50:21.037+0800: 1414.701: [CMS-concurrent-mark: 0.000/0.000 secs] [Times: user=0.00 sys=0.00, real=0.00 secs] 
2020-12-16T22:50:21.037+0800: 1414.701: [CMS-concurrent-preclean-start]
2020-12-16T22:50:21.039+0800: 1414.703: [CMS-concurrent-preclean: 0.001/0.001 secs] [Times: user=0.00 sys=0.00, real=0.00 secs] 
2020-12-16T22:50:21.039+0800: 1414.703: [CMS-concurrent-abortable-preclean-start]
 CMS: abort preclean due to time 2020-12-16T22:50:26.119+0800: 1419.783: [CMS-concurrent-abortable-preclean: 0.066/5.081 secs] [Times: user=0.11 sys=0.17, real=5.08 secs] 
2020-12-16T22:50:26.119+0800: 1419.784: [GC (CMS Final Remark) [YG occupancy: 149535 K (943680 K)]2020-12-16T22:50:26.119+0800: 1419.784: [Rescan (parallel) , 0.0982574 secs]2020-12-16T22:50:26.218+0800: 1419.882: [weak refs processing, 0.0007053 secs][1 CMS-remark: 63K(64K)] 149599K(943744K), 0.0990476 secs] [Times: user=0.84 sys=0.00, real=0.10 secs] 
2020-12-16T22:50:26.219+0800: 1419.883: [CMS-concurrent-sweep-start]
2020-12-16T22:50:26.219+0800: 1419.883: [CMS-concurrent-sweep: 0.000/0.000 secs] [Times: user=0.00 sys=0.00, real=0.00 secs] 
2020-12-16T22:50:26.219+0800: 1419.883: [CMS-concurrent-reset-start]
2020-12-16T22:50:26.219+0800: 1419.883: [CMS-concurrent-reset: 0.000/0.000 secs] [Times: user=0.00 sys=0.00, real=0.00 secs] 
2020-12-16T22:50:28.219+0800: 1421.883: [GC (CMS Initial Mark) [1 CMS-initial-mark: 63K(64K)] 153756K(943744K), 0.0512301 secs] [Times: user=0.05 sys=0.00, real=0.05 secs] 
2020-12-16T22:50:28.270+0800: 1421.934: [CMS-concurrent-mark-start]
2020-12-16T22:50:28.270+0800: 1421.934: [CMS-concurrent-mark: 0.000/0.000 secs] [Times: user=0.00 sys=0.00, real=0.00 secs] 
2020-12-16T22:50:28.270+0800: 1421.934: [CMS-concurrent-preclean-start]
2020-12-16T22:50:28.271+0800: 1421.935: [CMS-concurrent-preclean: 0.001/0.001 secs] [Times: user=0.00 sys=0.00, real=0.00 secs] 
2020-12-16T22:50:28.271+0800: 1421.935: [CMS-concurrent-abortable-preclean-start]
 CMS: abort preclean due to time 2020-12-16T22:50:33.320+0800: 1426.984: [CMS-concurrent-abortable-preclean: 0.070/5.049 secs] [Times: user=0.11 sys=0.11, real=5.05 secs] 
2020-12-16T22:50:33.320+0800: 1426.985: [GC (CMS Final Remark) [YG occupancy: 163615 K (943680 K)]2020-12-16T22:50:33.321+0800: 1426.985: [Rescan (parallel) , 0.1694230 secs]2020-12-16T22:50:33.489+0800: 1427.154: [weak refs processing, 0.0006232 secs][1 CMS-remark: 63K(64K)] 163679K(943744K), 0.1702032 secs] [Times: user=1.52 sys=0.03, real=0.17 secs] 
2020-12-16T22:50:33.490+0800: 1427.155: [CMS-concurrent-sweep-start]
2020-12-16T22:50:33.490+0800: 1427.155: [CMS-concurrent-sweep: 0.000/0.000 secs] [Times: user=0.00 sys=0.00, real=0.00 secs] 
2020-12-16T22:50:33.490+0800: 1427.155: [CMS-concurrent-reset-start]
2020-12-16T22:50:33.490+0800: 1427.155: [CMS-concurrent-reset: 0.000/0.000 secs] [Times: user=0.00 sys=0.00, real=0.00 secs] 
2020-12-16T22:50:35.490+0800: 1429.155: [GC (CMS Initial Mark) [1 CMS-initial-mark: 63K(64K)] 163679K(943744K), 0.0517153 secs] [Times: user=0.11 sys=0.00, real=0.05 secs] 
2020-12-16T22:50:35.542+0800: 1429.206: [CMS-concurrent-mark-start]
2020-12-16T22:50:35.542+0800: 1429.207: [CMS-concurrent-mark: 0.000/0.000 secs] [Times: user=0.00 sys=0.00, real=0.00 secs] 
2020-12-16T22:50:35.542+0800: 1429.207: [CMS-concurrent-preclean-start]
2020-12-16T22:50:35.543+0800: 1429.208: [CMS-concurrent-preclean: 0.001/0.001 secs] [Times: user=0.00 sys=0.00, real=0.00 secs] 
2020-12-16T22:50:35.543+0800: 1429.208: [CMS-concurrent-abortable-preclean-start]
 CMS: abort preclean due to time 2020-12-16T22:50:40.576+0800: 1434.241: [CMS-concurrent-abortable-preclean: 0.068/5.033 secs] [Times: user=0.13 sys=0.09, real=5.03 secs] 
2020-12-16T22:50:40.576+0800: 1434.241: [GC (CMS Final Remark) [YG occupancy: 171641 K (943680 K)]2020-12-16T22:50:40.576+0800: 1434.241: [Rescan (parallel) , 0.0895080 secs]2020-12-16T22:50:40.666+0800: 1434.330: [weak refs processing, 0.0006150 secs][1 CMS-remark: 63K(64K)] 171705K(943744K), 0.0902129 secs] [Times: user=0.61 sys=0.02, real=0.09 secs] 
2020-12-16T22:50:40.667+0800: 1434.331: [CMS-concurrent-sweep-start]
2020-12-16T22:50:40.667+0800: 1434.331: [CMS-concurrent-sweep: 0.000/0.000 secs] [Times: user=0.00 sys=0.00, real=0.00 secs] 
2020-12-16T22:50:40.667+0800: 1434.331: [CMS-concurrent-reset-start]
2020-12-16T22:50:40.667+0800: 1434.331: [CMS-concurrent-reset: 0.000/0.000 secs] [Times: user=0.00 sys=0.00, real=0.00 secs] 
2020-12-16T22:50:42.667+0800: 1436.331: [GC (CMS Initial Mark) [1 CMS-initial-mark: 63K(64K)] 175839K(943744K), 0.0503116 secs] [Times: user=0.05 sys=0.00, real=0.05 secs] 
2020-12-16T22:50:42.717+0800: 1436.381: [CMS-concurrent-mark-start]
2020-12-16T22:50:42.717+0800: 1436.382: [CMS-concurrent-mark: 0.000/0.000 secs] [Times: user=0.00 sys=0.00, real=0.00 secs] 
2020-12-16T22:50:42.717+0800: 1436.382: [CMS-concurrent-preclean-start]
2020-12-16T22:50:42.718+0800: 1436.383: [CMS-concurrent-preclean: 0.001/0.001 secs] [Times: user=0.00 sys=0.00, real=0.00 secs] 
2020-12-16T22:50:42.718+0800: 1436.383: [CMS-concurrent-abortable-preclean-start]
 CMS: abort preclean due to time 2020-12-16T22:50:47.807+0800: 1441.471: [CMS-concurrent-abortable-preclean: 0.073/5.088 secs] [Times: user=0.06 sys=0.11, real=5.09 secs] 
2020-12-16T22:50:47.807+0800: 1441.471: [GC (CMS Final Remark) [YG occupancy: 175775 K (943680 K)]2020-12-16T22:50:47.807+0800: 1441.472: [Rescan (parallel) , 0.0794234 secs]2020-12-16T22:50:47.887+0800: 1441.551: [weak refs processing, 0.0007157 secs][1 CMS-remark: 63K(64K)] 175839K(943744K), 0.0802257 secs] [Times: user=0.67 sys=0.00, real=0.08 secs] 
2020-12-16T22:50:47.887+0800: 1441.552: [CMS-concurrent-sweep-start]
2020-12-16T22:50:47.887+0800: 1441.552: [CMS-concurrent-sweep: 0.000/0.000 secs] [Times: user=0.00 sys=0.00, real=0.00 secs] 
2020-12-16T22:50:47.888+0800: 1441.552: [CMS-concurrent-reset-start]
2020-12-16T22:50:47.888+0800: 1441.552: [CMS-concurrent-reset: 0.000/0.000 secs] [Times: user=0.00 sys=0.00, real=0.00 secs] 
2020-12-16T22:50:49.889+0800: 1443.553: [GC (CMS Initial Mark) [1 CMS-initial-mark: 63K(64K)] 179996K(943744K), 0.0513460 secs] [Times: user=0.05 sys=0.00, real=0.05 secs] 
2020-12-16T22:50:49.940+0800: 1443.605: [CMS-concurrent-mark-start]
2020-12-16T22:50:49.941+0800: 1443.605: [CMS-concurrent-mark: 0.000/0.000 secs] [Times: user=0.00 sys=0.00, real=0.00 secs] 
2020-12-16T22:50:49.941+0800: 1443.605: [CMS-concurrent-preclean-start]
2020-12-16T22:50:49.942+0800: 1443.606: [CMS-concurrent-preclean: 0.001/0.001 secs] [Times: user=0.00 sys=0.00, real=0.00 secs] 
2020-12-16T22:50:49.942+0800: 1443.606: [CMS-concurrent-abortable-preclean-start]
 CMS: abort preclean due to time 2020-12-16T22:50:55.040+0800: 1448.704: [CMS-concurrent-abortable-preclean: 0.081/5.098 secs] [Times: user=0.13 sys=0.25, real=5.10 secs] 
2020-12-16T22:50:55.040+0800: 1448.705: [GC (CMS Final Remark) [YG occupancy: 179932 K (943680 K)]2020-12-16T22:50:55.040+0800: 1448.705: [Rescan (parallel) , 0.0940163 secs]2020-12-16T22:50:55.134+0800: 1448.799: [weak refs processing, 0.0007135 secs][1 CMS-remark: 63K(64K)] 179996K(943744K), 0.0948233 secs] [Times: user=0.84 sys=0.02, real=0.10 secs] 
2020-12-16T22:50:55.135+0800: 1448.800: [CMS-concurrent-sweep-start]
2020-12-16T22:50:55.135+0800: 1448.800: [CMS-concurrent-sweep: 0.000/0.000 secs] [Times: user=0.00 sys=0.00, real=0.00 secs] 
2020-12-16T22:50:55.135+0800: 1448.800: [CMS-concurrent-reset-start]
2020-12-16T22:50:55.135+0800: 1448.800: [CMS-concurrent-reset: 0.000/0.000 secs] [Times: user=0.00 sys=0.00, real=0.00 secs] 
2020-12-16T22:50:57.136+0800: 1450.800: [GC (CMS Initial Mark) [1 CMS-initial-mark: 63K(64K)] 179996K(943744K), 0.0528404 secs] [Times: user=0.05 sys=0.00, real=0.05 secs] 
2020-12-16T22:50:57.189+0800: 1450.853: [CMS-concurrent-mark-start]
2020-12-16T22:50:57.189+0800: 1450.854: [CMS-concurrent-mark: 0.000/0.000 secs] [Times: user=0.00 sys=0.00, real=0.00 secs] 
2020-12-16T22:50:57.189+0800: 1450.854: [CMS-concurrent-preclean-start]
2020-12-16T22:50:57.190+0800: 1450.855: [CMS-concurrent-preclean: 0.001/0.001 secs] [Times: user=0.00 sys=0.00, real=0.00 secs] 
2020-12-16T22:50:57.190+0800: 1450.855: [CMS-concurrent-abortable-preclean-start]
 CMS: abort preclean due to time 2020-12-16T22:51:02.278+0800: 1455.942: [CMS-concurrent-abortable-preclean: 0.073/5.087 secs] [Times: user=0.08 sys=0.08, real=5.09 secs] 
2020-12-16T22:51:02.278+0800: 1455.943: [GC (CMS Final Remark) [YG occupancy: 184088 K (943680 K)]2020-12-16T22:51:02.279+0800: 1455.943: [Rescan (parallel) , 0.1254359 secs]2020-12-16T22:51:02.404+0800: 1456.068: [weak refs processing, 0.0007549 secs][1 CMS-remark: 63K(64K)] 184152K(943744K), 0.1263467 secs] [Times: user=1.11 sys=0.00, real=0.13 secs] 
2020-12-16T22:51:02.405+0800: 1456.069: [CMS-concurrent-sweep-start]
2020-12-16T22:51:02.405+0800: 1456.069: [CMS-concurrent-sweep: 0.000/0.000 secs] [Times: user=0.00 sys=0.00, real=0.00 secs] 
2020-12-16T22:51:02.405+0800: 1456.069: [CMS-concurrent-reset-start]
2020-12-16T22:51:02.405+0800: 1456.069: [CMS-concurrent-reset: 0.000/0.000 secs] [Times: user=0.00 sys=0.00, real=0.00 secs] 
2020-12-16T22:51:04.406+0800: 1458.070: [GC (CMS Initial Mark) [1 CMS-initial-mark: 63K(64K)] 184152K(943744K), 0.0546902 secs] [Times: user=0.06 sys=0.00, real=0.06 secs] 
2020-12-16T22:51:04.461+0800: 1458.125: [CMS-concurrent-mark-start]
2020-12-16T22:51:04.461+0800: 1458.125: [CMS-concurrent-mark: 0.000/0.000 secs] [Times: user=0.00 sys=0.00, real=0.00 secs] 
2020-12-16T22:51:04.461+0800: 1458.125: [CMS-concurrent-preclean-start]
2020-12-16T22:51:04.462+0800: 1458.126: [CMS-concurrent-preclean: 0.001/0.001 secs] [Times: user=0.00 sys=0.00, real=0.00 secs] 
2020-12-16T22:51:04.462+0800: 1458.126: [CMS-concurrent-abortable-preclean-start]
 CMS: abort preclean due to time 2020-12-16T22:51:09.543+0800: 1463.208: [CMS-concurrent-abortable-preclean: 0.072/5.081 secs] [Times: user=0.25 sys=0.22, real=5.08 secs] 
2020-12-16T22:51:09.544+0800: 1463.208: [GC (CMS Final Remark) [YG occupancy: 188244 K (943680 K)]2020-12-16T22:51:09.544+0800: 1463.208: [Rescan (parallel) , 0.0911785 secs]2020-12-16T22:51:09.634+0800: 1463.299: [weak refs processing, 0.0007337 secs][1 CMS-remark: 63K(64K)] 188308K(943744K), 0.0920332 secs] [Times: user=0.64 sys=0.05, real=0.09 secs] 
2020-12-16T22:51:09.635+0800: 1463.300: [CMS-concurrent-sweep-start]
2020-12-16T22:51:09.635+0800: 1463.300: [CMS-concurrent-sweep: 0.000/0.000 secs] [Times: user=0.00 sys=0.00, real=0.00 secs] 
2020-12-16T22:51:09.635+0800: 1463.300: [CMS-concurrent-reset-start]
2020-12-16T22:51:09.635+0800: 1463.300: [CMS-concurrent-reset: 0.000/0.000 secs] [Times: user=0.00 sys=0.00, real=0.00 secs] 
2020-12-16T22:51:11.636+0800: 1465.301: [GC (CMS Initial Mark) [1 CMS-initial-mark: 63K(64K)] 188308K(943744K), 0.0811583 secs] [Times: user=0.14 sys=0.00, real=0.08 secs] 
2020-12-16T22:51:11.718+0800: 1465.382: [CMS-concurrent-mark-start]
2020-12-16T22:51:11.718+0800: 1465.382: [CMS-concurrent-mark: 0.000/0.000 secs] [Times: user=0.00 sys=0.00, real=0.00 secs] 
2020-12-16T22:51:11.718+0800: 1465.382: [CMS-concurrent-preclean-start]
2020-12-16T22:51:11.719+0800: 1465.383: [CMS-concurrent-preclean: 0.001/0.001 secs] [Times: user=0.00 sys=0.00, real=0.00 secs] 
2020-12-16T22:51:11.719+0800: 1465.383: [CMS-concurrent-abortable-preclean-start]
 CMS: abort preclean due to time 2020-12-16T22:51:16.722+0800: 1470.386: [CMS-concurrent-abortable-preclean: 0.068/5.002 secs] [Times: user=0.08 sys=0.09, real=5.00 secs] 
2020-12-16T22:51:16.722+0800: 1470.386: [GC (CMS Final Remark) [YG occupancy: 188244 K (943680 K)]2020-12-16T22:51:16.722+0800: 1470.386: [Rescan (parallel) , 0.0804112 secs]2020-12-16T22:51:16.802+0800: 1470.467: [weak refs processing, 0.0007177 secs][1 CMS-remark: 63K(64K)] 188308K(943744K), 0.0812133 secs] [Times: user=0.70 sys=0.02, real=0.08 secs] 
2020-12-16T22:51:16.803+0800: 1470.468: [CMS-concurrent-sweep-start]
2020-12-16T22:51:16.803+0800: 1470.468: [CMS-concurrent-sweep: 0.000/0.000 secs] [Times: user=0.00 sys=0.00, real=0.00 secs] 
2020-12-16T22:51:16.803+0800: 1470.468: [CMS-concurrent-reset-start]
2020-12-16T22:51:16.803+0800: 1470.468: [CMS-concurrent-reset: 0.000/0.000 secs] [Times: user=0.00 sys=0.00, real=0.00 secs] 
2020-12-16T22:51:18.804+0800: 1472.468: [GC (CMS Initial Mark) [1 CMS-initial-mark: 63K(64K)] 188308K(943744K), 0.0947484 secs] [Times: user=0.27 sys=0.00, real=0.10 secs] 
2020-12-16T22:51:18.899+0800: 1472.563: [CMS-concurrent-mark-start]
2020-12-16T22:51:18.899+0800: 1472.563: [CMS-concurrent-mark: 0.000/0.000 secs] [Times: user=0.00 sys=0.00, real=0.00 secs] 
2020-12-16T22:51:18.899+0800: 1472.563: [CMS-concurrent-preclean-start]
2020-12-16T22:51:18.900+0800: 1472.564: [CMS-concurrent-preclean: 0.001/0.001 secs] [Times: user=0.00 sys=0.00, real=0.00 secs] 
2020-12-16T22:51:18.900+0800: 1472.564: [CMS-concurrent-abortable-preclean-start]
 CMS: abort preclean due to time 2020-12-16T22:51:23.989+0800: 1477.653: [CMS-concurrent-abortable-preclean: 0.074/5.089 secs] [Times: user=0.14 sys=0.08, real=5.09 secs] 
2020-12-16T22:51:23.989+0800: 1477.654: [GC (CMS Final Remark) [YG occupancy: 192401 K (943680 K)]2020-12-16T22:51:23.989+0800: 1477.654: [Rescan (parallel) , 0.0920955 secs]2020-12-16T22:51:24.082+0800: 1477.746: [weak refs processing, 0.0006189 secs][1 CMS-remark: 63K(64K)] 192464K(943744K), 0.0927967 secs] [Times: user=0.88 sys=0.00, real=0.09 secs] 
2020-12-16T22:51:24.083+0800: 1477.747: [CMS-concurrent-sweep-start]
2020-12-16T22:51:24.083+0800: 1477.747: [CMS-concurrent-sweep: 0.000/0.000 secs] [Times: user=0.00 sys=0.00, real=0.00 secs] 
2020-12-16T22:51:24.083+0800: 1477.747: [CMS-concurrent-reset-start]
2020-12-16T22:51:24.083+0800: 1477.747: [CMS-concurrent-reset: 0.000/0.000 secs] [Times: user=0.00 sys=0.00, real=0.00 secs] 
2020-12-16T22:51:26.083+0800: 1479.747: [GC (CMS Initial Mark) [1 CMS-initial-mark: 63K(64K)] 192464K(943744K), 0.0518418 secs] [Times: user=0.11 sys=0.00, real=0.05 secs] 
2020-12-16T22:51:26.135+0800: 1479.799: [CMS-concurrent-mark-start]
2020-12-16T22:51:26.135+0800: 1479.799: [CMS-concurrent-mark: 0.000/0.000 secs] [Times: user=0.00 sys=0.00, real=0.00 secs] 
2020-12-16T22:51:26.135+0800: 1479.799: [CMS-concurrent-preclean-start]
2020-12-16T22:51:26.136+0800: 1479.800: [CMS-concurrent-preclean: 0.001/0.001 secs] [Times: user=0.00 sys=0.00, real=0.00 secs] 
2020-12-16T22:51:26.136+0800: 1479.800: [CMS-concurrent-abortable-preclean-start]
 CMS: abort preclean due to time 2020-12-16T22:51:31.230+0800: 1484.894: [CMS-concurrent-abortable-preclean: 0.073/5.093 secs] [Times: user=0.17 sys=0.13, real=5.09 secs] 
2020-12-16T22:51:31.230+0800: 1484.894: [GC (CMS Final Remark) [YG occupancy: 196557 K (943680 K)]2020-12-16T22:51:31.231+0800: 1484.895: [Rescan (parallel) , 0.1246046 secs]2020-12-16T22:51:31.354+0800: 1485.019: [weak refs processing, 0.0006334 secs][1 CMS-remark: 63K(64K)] 196621K(943744K), 0.1253900 secs] [Times: user=0.97 sys=0.00, real=0.13 secs] 
2020-12-16T22:51:31.355+0800: 1485.020: [CMS-concurrent-sweep-start]
2020-12-16T22:51:31.355+0800: 1485.020: [CMS-concurrent-sweep: 0.000/0.000 secs] [Times: user=0.00 sys=0.00, real=0.00 secs] 
2020-12-16T22:51:31.355+0800: 1485.020: [CMS-concurrent-reset-start]
2020-12-16T22:51:31.355+0800: 1485.020: [CMS-concurrent-reset: 0.000/0.000 secs] [Times: user=0.00 sys=0.00, real=0.00 secs] 
2020-12-16T22:51:33.356+0800: 1487.020: [GC (CMS Initial Mark) [1 CMS-initial-mark: 63K(64K)] 196621K(943744K), 0.0503959 secs] [Times: user=0.05 sys=0.00, real=0.05 secs] 
2020-12-16T22:51:33.406+0800: 1487.071: [CMS-concurrent-mark-start]
2020-12-16T22:51:33.407+0800: 1487.071: [CMS-concurrent-mark: 0.000/0.000 secs] [Times: user=0.00 sys=0.00, real=0.00 secs] 
2020-12-16T22:51:33.407+0800: 1487.071: [CMS-concurrent-preclean-start]
2020-12-16T22:51:33.408+0800: 1487.072: [CMS-concurrent-preclean: 0.001/0.001 secs] [Times: user=0.00 sys=0.00, real=0.00 secs] 
2020-12-16T22:51:33.408+0800: 1487.072: [CMS-concurrent-abortable-preclean-start]
 CMS: abort preclean due to time 2020-12-16T22:51:38.491+0800: 1492.155: [CMS-concurrent-abortable-preclean: 0.069/5.083 secs] [Times: user=0.23 sys=0.13, real=5.08 secs] 
2020-12-16T22:51:38.491+0800: 1492.156: [GC (CMS Final Remark) [YG occupancy: 196557 K (943680 K)]2020-12-16T22:51:38.491+0800: 1492.156: [Rescan (parallel) , 0.0860686 secs]2020-12-16T22:51:38.578+0800: 1492.242: [weak refs processing, 0.0006085 secs][1 CMS-remark: 63K(64K)] 196621K(943744K), 0.0867674 secs] [Times: user=0.89 sys=0.02, real=0.09 secs] 
2020-12-16T22:51:38.579+0800: 1492.243: [CMS-concurrent-sweep-start]
2020-12-16T22:51:38.579+0800: 1492.243: [CMS-concurrent-sweep: 0.000/0.000 secs] [Times: user=0.00 sys=0.00, real=0.00 secs] 
2020-12-16T22:51:38.579+0800: 1492.243: [CMS-concurrent-reset-start]
2020-12-16T22:51:38.579+0800: 1492.243: [CMS-concurrent-reset: 0.000/0.000 secs] [Times: user=0.00 sys=0.00, real=0.00 secs] 
2020-12-16T22:51:40.579+0800: 1494.243: [GC (CMS Initial Mark) [1 CMS-initial-mark: 63K(64K)] 200777K(943744K), 0.0498662 secs] [Times: user=0.06 sys=0.00, real=0.06 secs] 
2020-12-16T22:51:40.642+0800: 1494.306: [CMS-concurrent-mark-start]
2020-12-16T22:51:40.642+0800: 1494.306: [CMS-concurrent-mark: 0.000/0.000 secs] [Times: user=0.00 sys=0.00, real=0.00 secs] 
2020-12-16T22:51:40.642+0800: 1494.306: [CMS-concurrent-preclean-start]
2020-12-16T22:51:40.643+0800: 1494.308: [CMS-concurrent-preclean: 0.001/0.001 secs] [Times: user=0.00 sys=0.00, real=0.00 secs] 
2020-12-16T22:51:40.643+0800: 1494.308: [CMS-concurrent-abortable-preclean-start]
 CMS: abort preclean due to time 2020-12-16T22:51:45.727+0800: 1499.391: [CMS-concurrent-abortable-preclean: 0.070/5.083 secs] [Times: user=0.11 sys=0.06, real=5.08 secs] 
2020-12-16T22:51:45.727+0800: 1499.392: [GC (CMS Final Remark) [YG occupancy: 200713 K (943680 K)]2020-12-16T22:51:45.727+0800: 1499.392: [Rescan (parallel) , 0.1061898 secs]2020-12-16T22:51:45.834+0800: 1499.498: [weak refs processing, 0.0006959 secs][1 CMS-remark: 63K(64K)] 200777K(943744K), 0.1070335 secs] [Times: user=0.95 sys=0.02, real=0.11 secs] 
2020-12-16T22:51:45.835+0800: 1499.499: [CMS-concurrent-sweep-start]
2020-12-16T22:51:45.835+0800: 1499.499: [CMS-concurrent-sweep: 0.000/0.000 secs] [Times: user=0.00 sys=0.00, real=0.00 secs] 
2020-12-16T22:51:45.835+0800: 1499.499: [CMS-concurrent-reset-start]
2020-12-16T22:51:45.835+0800: 1499.499: [CMS-concurrent-reset: 0.000/0.000 secs] [Times: user=0.00 sys=0.00, real=0.00 secs] 
2020-12-16T22:51:47.835+0800: 1501.499: [GC (CMS Initial Mark) [1 CMS-initial-mark: 63K(64K)] 200777K(943744K), 0.0498576 secs] [Times: user=0.09 sys=0.00, real=0.05 secs] 
2020-12-16T22:51:47.885+0800: 1501.549: [CMS-concurrent-mark-start]
2020-12-16T22:51:47.885+0800: 1501.549: [CMS-concurrent-mark: 0.000/0.000 secs] [Times: user=0.00 sys=0.00, real=0.00 secs] 
2020-12-16T22:51:47.885+0800: 1501.549: [CMS-concurrent-preclean-start]
2020-12-16T22:51:47.886+0800: 1501.550: [CMS-concurrent-preclean: 0.001/0.001 secs] [Times: user=0.02 sys=0.00, real=0.00 secs] 
2020-12-16T22:51:47.886+0800: 1501.550: [CMS-concurrent-abortable-preclean-start]
 CMS: abort preclean due to time 2020-12-16T22:51:52.977+0800: 1506.641: [CMS-concurrent-abortable-preclean: 0.072/5.091 secs] [Times: user=0.05 sys=0.22, real=5.09 secs] 
2020-12-16T22:51:52.977+0800: 1506.641: [GC (CMS Final Remark) [YG occupancy: 204869 K (943680 K)]2020-12-16T22:51:52.977+0800: 1506.641: [Rescan (parallel) , 0.0812172 secs]2020-12-16T22:51:53.058+0800: 1506.723: [weak refs processing, 0.0006892 secs][1 CMS-remark: 63K(64K)] 204933K(943744K), 0.0819926 secs] [Times: user=0.74 sys=0.00, real=0.08 secs] 
2020-12-16T22:51:53.059+0800: 1506.723: [CMS-concurrent-sweep-start]
2020-12-16T22:51:53.059+0800: 1506.723: [CMS-concurrent-sweep: 0.000/0.000 secs] [Times: user=0.00 sys=0.00, real=0.00 secs] 
2020-12-16T22:51:53.059+0800: 1506.723: [CMS-concurrent-reset-start]
2020-12-16T22:51:53.059+0800: 1506.723: [CMS-concurrent-reset: 0.000/0.000 secs] [Times: user=0.00 sys=0.00, real=0.00 secs] 
2020-12-16T22:51:55.059+0800: 1508.723: [GC (CMS Initial Mark) [1 CMS-initial-mark: 63K(64K)] 204933K(943744K), 0.0493644 secs] [Times: user=0.06 sys=0.00, real=0.05 secs] 
2020-12-16T22:51:55.108+0800: 1508.772: [CMS-concurrent-mark-start]
2020-12-16T22:51:55.108+0800: 1508.773: [CMS-concurrent-mark: 0.000/0.000 secs] [Times: user=0.00 sys=0.00, real=0.00 secs] 
2020-12-16T22:51:55.108+0800: 1508.773: [CMS-concurrent-preclean-start]
2020-12-16T22:51:55.109+0800: 1508.774: [CMS-concurrent-preclean: 0.001/0.001 secs] [Times: user=0.00 sys=0.00, real=0.00 secs] 
2020-12-16T22:51:55.109+0800: 1508.774: [CMS-concurrent-abortable-preclean-start]
 CMS: abort preclean due to time 2020-12-16T22:52:00.195+0800: 1513.859: [CMS-concurrent-abortable-preclean: 0.070/5.085 secs] [Times: user=0.06 sys=0.11, real=5.09 secs] 
2020-12-16T22:52:00.195+0800: 1513.859: [GC (CMS Final Remark) [YG occupancy: 204869 K (943680 K)]2020-12-16T22:52:00.195+0800: 1513.859: [Rescan (parallel) , 0.0745294 secs]2020-12-16T22:52:00.270+0800: 1513.934: [weak refs processing, 0.0007129 secs][1 CMS-remark: 63K(64K)] 204933K(943744K), 0.0753284 secs] [Times: user=0.69 sys=0.00, real=0.08 secs] 
2020-12-16T22:52:00.271+0800: 1513.935: [CMS-concurrent-sweep-start]
2020-12-16T22:52:00.271+0800: 1513.935: [CMS-concurrent-sweep: 0.000/0.000 secs] [Times: user=0.00 sys=0.00, real=0.00 secs] 
2020-12-16T22:52:00.271+0800: 1513.935: [CMS-concurrent-reset-start]
2020-12-16T22:52:00.271+0800: 1513.935: [CMS-concurrent-reset: 0.000/0.000 secs] [Times: user=0.00 sys=0.00, real=0.00 secs] 
2020-12-16T22:52:02.270+0800: 1515.934: [GC (CMS Initial Mark) [1 CMS-initial-mark: 63K(64K)] 209090K(943744K), 0.0498194 secs] [Times: user=0.08 sys=0.00, real=0.05 secs] 
2020-12-16T22:52:02.320+0800: 1515.984: [CMS-concurrent-mark-start]
2020-12-16T22:52:02.320+0800: 1515.984: [CMS-concurrent-mark: 0.000/0.000 secs] [Times: user=0.00 sys=0.00, real=0.00 secs] 
2020-12-16T22:52:02.320+0800: 1515.984: [CMS-concurrent-preclean-start]
2020-12-16T22:52:02.321+0800: 1515.985: [CMS-concurrent-preclean: 0.001/0.001 secs] [Times: user=0.00 sys=0.00, real=0.00 secs] 
2020-12-16T22:52:02.321+0800: 1515.985: [CMS-concurrent-abortable-preclean-start]
 CMS: abort preclean due to time 2020-12-16T22:52:07.372+0800: 1521.036: [CMS-concurrent-abortable-preclean: 0.070/5.051 secs] [Times: user=0.06 sys=0.16, real=5.05 secs] 
2020-12-16T22:52:07.372+0800: 1521.037: [GC (CMS Final Remark) [YG occupancy: 209026 K (943680 K)]2020-12-16T22:52:07.372+0800: 1521.037: [Rescan (parallel) , 0.0739695 secs]2020-12-16T22:52:07.446+0800: 1521.111: [weak refs processing, 0.0006225 secs][1 CMS-remark: 63K(64K)] 209090K(943744K), 0.0746776 secs] [Times: user=0.52 sys=0.00, real=0.08 secs] 
2020-12-16T22:52:07.447+0800: 1521.111: [CMS-concurrent-sweep-start]
2020-12-16T22:52:07.447+0800: 1521.111: [CMS-concurrent-sweep: 0.000/0.000 secs] [Times: user=0.00 sys=0.00, real=0.00 secs] 
2020-12-16T22:52:07.447+0800: 1521.111: [CMS-concurrent-reset-start]
2020-12-16T22:52:07.447+0800: 1521.111: [CMS-concurrent-reset: 0.000/0.000 secs] [Times: user=0.00 sys=0.00, real=0.00 secs] 
2020-12-16T22:52:09.449+0800: 1523.113: [GC (CMS Initial Mark) [1 CMS-initial-mark: 63K(64K)] 209090K(943744K), 0.0540189 secs] [Times: user=0.06 sys=0.00, real=0.05 secs] 
2020-12-16T22:52:09.502+0800: 1523.167: [CMS-concurrent-mark-start]
2020-12-16T22:52:09.502+0800: 1523.167: [CMS-concurrent-mark: 0.000/0.000 secs] [Times: user=0.00 sys=0.00, real=0.00 secs] 
2020-12-16T22:52:09.502+0800: 1523.167: [CMS-concurrent-preclean-start]
2020-12-16T22:52:09.503+0800: 1523.168: [CMS-concurrent-preclean: 0.001/0.001 secs] [Times: user=0.00 sys=0.00, real=0.00 secs] 
2020-12-16T22:52:09.503+0800: 1523.168: [CMS-concurrent-abortable-preclean-start]
 CMS: abort preclean due to time 2020-12-16T22:52:14.581+0800: 1528.245: [CMS-concurrent-abortable-preclean: 0.065/5.076 secs] [Times: user=0.20 sys=0.13, real=5.08 secs] 
2020-12-16T22:52:14.581+0800: 1528.245: [GC (CMS Final Remark) [YG occupancy: 213182 K (943680 K)]2020-12-16T22:52:14.581+0800: 1528.245: [Rescan (parallel) , 0.0805568 secs]2020-12-16T22:52:14.661+0800: 1528.325: [weak refs processing, 0.0007136 secs][1 CMS-remark: 63K(64K)] 213246K(943744K), 0.0813539 secs] [Times: user=0.67 sys=0.00, real=0.08 secs] 
2020-12-16T22:52:14.662+0800: 1528.326: [CMS-concurrent-sweep-start]
2020-12-16T22:52:14.662+0800: 1528.326: [CMS-concurrent-sweep: 0.000/0.000 secs] [Times: user=0.00 sys=0.00, real=0.00 secs] 
2020-12-16T22:52:14.662+0800: 1528.327: [CMS-concurrent-reset-start]
2020-12-16T22:52:14.662+0800: 1528.327: [CMS-concurrent-reset: 0.000/0.000 secs] [Times: user=0.00 sys=0.00, real=0.00 secs] 
2020-12-16T22:52:16.662+0800: 1530.326: [GC (CMS Initial Mark) [1 CMS-initial-mark: 63K(64K)] 213246K(943744K), 0.0511835 secs] [Times: user=0.11 sys=0.00, real=0.05 secs] 
2020-12-16T22:52:16.713+0800: 1530.377: [CMS-concurrent-mark-start]
2020-12-16T22:52:16.713+0800: 1530.378: [CMS-concurrent-mark: 0.000/0.000 secs] [Times: user=0.00 sys=0.00, real=0.00 secs] 
2020-12-16T22:52:16.713+0800: 1530.378: [CMS-concurrent-preclean-start]
2020-12-16T22:52:16.714+0800: 1530.379: [CMS-concurrent-preclean: 0.001/0.001 secs] [Times: user=0.00 sys=0.00, real=0.00 secs] 
2020-12-16T22:52:16.715+0800: 1530.379: [CMS-concurrent-abortable-preclean-start]
 CMS: abort preclean due to time 2020-12-16T22:52:21.806+0800: 1535.470: [CMS-concurrent-abortable-preclean: 0.071/5.091 secs] [Times: user=0.13 sys=0.11, real=5.09 secs] 
2020-12-16T22:52:21.806+0800: 1535.471: [GC (CMS Final Remark) [YG occupancy: 217338 K (943680 K)]2020-12-16T22:52:21.806+0800: 1535.471: [Rescan (parallel) , 0.1306776 secs]2020-12-16T22:52:21.937+0800: 1535.602: [weak refs processing, 0.0006216 secs][1 CMS-remark: 63K(64K)] 217402K(943744K), 0.1314428 secs] [Times: user=1.17 sys=0.00, real=0.13 secs] 
2020-12-16T22:52:21.938+0800: 1535.602: [CMS-concurrent-sweep-start]
2020-12-16T22:52:21.938+0800: 1535.602: [CMS-concurrent-sweep: 0.000/0.000 secs] [Times: user=0.00 sys=0.00, real=0.00 secs] 
2020-12-16T22:52:21.938+0800: 1535.603: [CMS-concurrent-reset-start]
2020-12-16T22:52:21.938+0800: 1535.603: [CMS-concurrent-reset: 0.000/0.000 secs] [Times: user=0.00 sys=0.00, real=0.00 secs] 
2020-12-16T22:52:23.939+0800: 1537.603: [GC (CMS Initial Mark) [1 CMS-initial-mark: 63K(64K)] 217402K(943744K), 0.0518186 secs] [Times: user=0.06 sys=0.00, real=0.05 secs] 
2020-12-16T22:52:23.990+0800: 1537.655: [CMS-concurrent-mark-start]
2020-12-16T22:52:23.990+0800: 1537.655: [CMS-concurrent-mark: 0.000/0.000 secs] [Times: user=0.00 sys=0.00, real=0.00 secs] 
2020-12-16T22:52:23.990+0800: 1537.655: [CMS-concurrent-preclean-start]
2020-12-16T22:52:23.991+0800: 1537.656: [CMS-concurrent-preclean: 0.001/0.001 secs] [Times: user=0.00 sys=0.00, real=0.00 secs] 
2020-12-16T22:52:23.991+0800: 1537.656: [CMS-concurrent-abortable-preclean-start]
 CMS: abort preclean due to time 2020-12-16T22:52:29.075+0800: 1542.740: [CMS-concurrent-abortable-preclean: 0.071/5.083 secs] [Times: user=0.13 sys=0.09, real=5.08 secs] 
2020-12-16T22:52:29.075+0800: 1542.740: [GC (CMS Final Remark) [YG occupancy: 217338 K (943680 K)]2020-12-16T22:52:29.075+0800: 1542.740: [Rescan (parallel) , 0.0999985 secs]2020-12-16T22:52:29.176+0800: 1542.840: [weak refs processing, 0.0006955 secs][1 CMS-remark: 63K(64K)] 217402K(943744K), 0.1007796 secs] [Times: user=0.78 sys=0.03, real=0.10 secs] 
2020-12-16T22:52:29.177+0800: 1542.841: [CMS-concurrent-sweep-start]
2020-12-16T22:52:29.177+0800: 1542.841: [CMS-concurrent-sweep: 0.000/0.000 secs] [Times: user=0.00 sys=0.00, real=0.00 secs] 
2020-12-16T22:52:29.177+0800: 1542.841: [CMS-concurrent-reset-start]
2020-12-16T22:52:29.177+0800: 1542.841: [CMS-concurrent-reset: 0.000/0.000 secs] [Times: user=0.00 sys=0.00, real=0.00 secs] 
2020-12-16T22:52:31.177+0800: 1544.841: [GC (CMS Initial Mark) [1 CMS-initial-mark: 63K(64K)] 217402K(943744K), 0.0523193 secs] [Times: user=0.11 sys=0.00, real=0.05 secs] 
2020-12-16T22:52:31.230+0800: 1544.894: [CMS-concurrent-mark-start]
2020-12-16T22:52:31.230+0800: 1544.894: [CMS-concurrent-mark: 0.000/0.000 secs] [Times: user=0.00 sys=0.00, real=0.00 secs] 
2020-12-16T22:52:31.230+0800: 1544.894: [CMS-concurrent-preclean-start]
2020-12-16T22:52:31.231+0800: 1544.895: [CMS-concurrent-preclean: 0.001/0.001 secs] [Times: user=0.00 sys=0.00, real=0.00 secs] 
2020-12-16T22:52:31.231+0800: 1544.895: [CMS-concurrent-abortable-preclean-start]
 CMS: abort preclean due to time 2020-12-16T22:52:36.314+0800: 1549.978: [CMS-concurrent-abortable-preclean: 0.068/5.083 secs] [Times: user=0.08 sys=0.08, real=5.08 secs] 
2020-12-16T22:52:36.314+0800: 1549.978: [GC (CMS Final Remark) [YG occupancy: 221495 K (943680 K)]2020-12-16T22:52:36.314+0800: 1549.978: [Rescan (parallel) , 0.0788938 secs]2020-12-16T22:52:36.393+0800: 1550.057: [weak refs processing, 0.0007026 secs][1 CMS-remark: 63K(64K)] 221559K(943744K), 0.0796788 secs] [Times: user=0.74 sys=0.00, real=0.08 secs] 
2020-12-16T22:52:36.394+0800: 1550.058: [CMS-concurrent-sweep-start]
2020-12-16T22:52:36.394+0800: 1550.058: [CMS-concurrent-sweep: 0.000/0.000 secs] [Times: user=0.00 sys=0.00, real=0.00 secs] 
2020-12-16T22:52:36.394+0800: 1550.058: [CMS-concurrent-reset-start]
2020-12-16T22:52:36.394+0800: 1550.058: [CMS-concurrent-reset: 0.000/0.000 secs] [Times: user=0.00 sys=0.00, real=0.00 secs] 
2020-12-16T22:52:38.394+0800: 1552.058: [GC (CMS Initial Mark) [1 CMS-initial-mark: 63K(64K)] 221559K(943744K), 0.0532527 secs] [Times: user=0.08 sys=0.00, real=0.05 secs] 
2020-12-16T22:52:38.447+0800: 1552.111: [CMS-concurrent-mark-start]
2020-12-16T22:52:38.447+0800: 1552.112: [CMS-concurrent-mark: 0.000/0.000 secs] [Times: user=0.00 sys=0.03, real=0.00 secs] 
2020-12-16T22:52:38.448+0800: 1552.112: [CMS-concurrent-preclean-start]
2020-12-16T22:52:38.449+0800: 1552.113: [CMS-concurrent-preclean: 0.001/0.001 secs] [Times: user=0.00 sys=0.00, real=0.00 secs] 
2020-12-16T22:52:38.449+0800: 1552.113: [CMS-concurrent-abortable-preclean-start]
 CMS: abort preclean due to time 2020-12-16T22:52:43.535+0800: 1557.199: [CMS-concurrent-abortable-preclean: 0.068/5.087 secs] [Times: user=0.13 sys=0.08, real=5.09 secs] 
2020-12-16T22:52:43.535+0800: 1557.200: [GC (CMS Final Remark) [YG occupancy: 225651 K (943680 K)]2020-12-16T22:52:43.535+0800: 1557.200: [Rescan (parallel) , 0.1051411 secs]2020-12-16T22:52:43.641+0800: 1557.305: [weak refs processing, 0.0007454 secs][1 CMS-remark: 63K(64K)] 225715K(943744K), 0.1060266 secs] [Times: user=1.00 sys=0.00, real=0.11 secs] 
2020-12-16T22:52:43.642+0800: 1557.306: [CMS-concurrent-sweep-start]
2020-12-16T22:52:43.642+0800: 1557.306: [CMS-concurrent-sweep: 0.000/0.000 secs] [Times: user=0.00 sys=0.00, real=0.00 secs] 
2020-12-16T22:52:43.642+0800: 1557.306: [CMS-concurrent-reset-start]
2020-12-16T22:52:43.642+0800: 1557.306: [CMS-concurrent-reset: 0.000/0.000 secs] [Times: user=0.00 sys=0.00, real=0.00 secs] 
2020-12-16T22:52:45.642+0800: 1559.307: [GC (CMS Initial Mark) [1 CMS-initial-mark: 63K(64K)] 225715K(943744K), 0.0834838 secs] [Times: user=0.20 sys=0.00, real=0.08 secs] 
2020-12-16T22:52:45.726+0800: 1559.390: [CMS-concurrent-mark-start]
2020-12-16T22:52:45.726+0800: 1559.390: [CMS-concurrent-mark: 0.000/0.000 secs] [Times: user=0.00 sys=0.00, real=0.00 secs] 
2020-12-16T22:52:45.726+0800: 1559.390: [CMS-concurrent-preclean-start]
2020-12-16T22:52:45.727+0800: 1559.392: [CMS-concurrent-preclean: 0.001/0.001 secs] [Times: user=0.00 sys=0.00, real=0.00 secs] 
2020-12-16T22:52:45.727+0800: 1559.392: [CMS-concurrent-abortable-preclean-start]
 CMS: abort preclean due to time 2020-12-16T22:52:50.807+0800: 1564.472: [CMS-concurrent-abortable-preclean: 0.068/5.080 secs] [Times: user=0.17 sys=0.13, real=5.08 secs] 
2020-12-16T22:52:50.807+0800: 1564.472: [GC (CMS Final Remark) [YG occupancy: 225651 K (943680 K)]2020-12-16T22:52:50.807+0800: 1564.472: [Rescan (parallel) , 0.0697339 secs]2020-12-16T22:52:50.877+0800: 1564.542: [weak refs processing, 0.0006260 secs][1 CMS-remark: 63K(64K)] 225715K(943744K), 0.0704477 secs] [Times: user=0.47 sys=0.00, real=0.07 secs] 
2020-12-16T22:52:50.878+0800: 1564.543: [CMS-concurrent-sweep-start]
2020-12-16T22:52:50.878+0800: 1564.543: [CMS-concurrent-sweep: 0.000/0.000 secs] [Times: user=0.00 sys=0.00, real=0.00 secs] 
2020-12-16T22:52:50.878+0800: 1564.543: [CMS-concurrent-reset-start]
2020-12-16T22:52:50.878+0800: 1564.543: [CMS-concurrent-reset: 0.000/0.000 secs] [Times: user=0.00 sys=0.00, real=0.00 secs] 
2020-12-16T22:52:52.878+0800: 1566.542: [GC (CMS Initial Mark) [1 CMS-initial-mark: 63K(64K)] 229871K(943744K), 0.0533946 secs] [Times: user=0.09 sys=0.00, real=0.05 secs] 
2020-12-16T22:52:52.931+0800: 1566.595: [CMS-concurrent-mark-start]
2020-12-16T22:52:52.932+0800: 1566.596: [CMS-concurrent-mark: 0.000/0.000 secs] [Times: user=0.03 sys=0.00, real=0.00 secs] 
2020-12-16T22:52:52.932+0800: 1566.596: [CMS-concurrent-preclean-start]
2020-12-16T22:52:52.933+0800: 1566.597: [CMS-concurrent-preclean: 0.001/0.001 secs] [Times: user=0.00 sys=0.00, real=0.00 secs] 
2020-12-16T22:52:52.933+0800: 1566.597: [CMS-concurrent-abortable-preclean-start]
 CMS: abort preclean due to time 2020-12-16T22:52:58.023+0800: 1571.687: [CMS-concurrent-abortable-preclean: 0.071/5.090 secs] [Times: user=0.06 sys=0.13, real=5.09 secs] 
2020-12-16T22:52:58.023+0800: 1571.687: [GC (CMS Final Remark) [YG occupancy: 229807 K (943680 K)]2020-12-16T22:52:58.023+0800: 1571.687: [Rescan (parallel) , 0.0835157 secs]2020-12-16T22:52:58.107+0800: 1571.771: [weak refs processing, 0.0006206 secs][1 CMS-remark: 63K(64K)] 229871K(943744K), 0.0842222 secs] [Times: user=0.86 sys=0.02, real=0.08 secs] 
2020-12-16T22:52:58.108+0800: 1571.772: [CMS-concurrent-sweep-start]
2020-12-16T22:52:58.108+0800: 1571.772: [CMS-concurrent-sweep: 0.000/0.000 secs] [Times: user=0.00 sys=0.00, real=0.00 secs] 
2020-12-16T22:52:58.108+0800: 1571.772: [CMS-concurrent-reset-start]
2020-12-16T22:52:58.108+0800: 1571.772: [CMS-concurrent-reset: 0.000/0.000 secs] [Times: user=0.00 sys=0.00, real=0.00 secs] 
2020-12-16T22:53:00.108+0800: 1573.772: [GC (CMS Initial Mark) [1 CMS-initial-mark: 63K(64K)] 229871K(943744K), 0.0499672 secs] [Times: user=0.06 sys=0.00, real=0.05 secs] 
2020-12-16T22:53:00.158+0800: 1573.822: [CMS-concurrent-mark-start]
2020-12-16T22:53:00.158+0800: 1573.822: [CMS-concurrent-mark: 0.000/0.000 secs] [Times: user=0.00 sys=0.00, real=0.00 secs] 
2020-12-16T22:53:00.158+0800: 1573.822: [CMS-concurrent-preclean-start]
2020-12-16T22:53:00.159+0800: 1573.823: [CMS-concurrent-preclean: 0.001/0.001 secs] [Times: user=0.00 sys=0.00, real=0.00 secs] 
2020-12-16T22:53:00.159+0800: 1573.823: [CMS-concurrent-abortable-preclean-start]
 CMS: abort preclean due to time 2020-12-16T22:53:05.247+0800: 1578.911: [CMS-concurrent-abortable-preclean: 0.072/5.087 secs] [Times: user=0.05 sys=0.11, real=5.09 secs] 
2020-12-16T22:53:05.247+0800: 1578.911: [GC (CMS Final Remark) [YG occupancy: 233964 K (943680 K)]2020-12-16T22:53:05.247+0800: 1578.911: [Rescan (parallel) , 0.1303324 secs]2020-12-16T22:53:05.378+0800: 1579.042: [weak refs processing, 0.0007163 secs][1 CMS-remark: 63K(64K)] 234028K(943744K), 0.1311930 secs] [Times: user=1.06 sys=0.01, real=0.13 secs] 
2020-12-16T22:53:05.379+0800: 1579.043: [CMS-concurrent-sweep-start]
2020-12-16T22:53:05.379+0800: 1579.043: [CMS-concurrent-sweep: 0.000/0.000 secs] [Times: user=0.00 sys=0.00, real=0.00 secs] 
2020-12-16T22:53:05.379+0800: 1579.043: [CMS-concurrent-reset-start]
2020-12-16T22:53:05.379+0800: 1579.043: [CMS-concurrent-reset: 0.000/0.000 secs] [Times: user=0.00 sys=0.00, real=0.00 secs] 
2020-12-16T22:53:07.379+0800: 1581.043: [GC (CMS Initial Mark) [1 CMS-initial-mark: 63K(64K)] 234028K(943744K), 0.0498938 secs] [Times: user=0.08 sys=0.00, real=0.05 secs] 
2020-12-16T22:53:07.428+0800: 1581.093: [CMS-concurrent-mark-start]
2020-12-16T22:53:07.428+0800: 1581.093: [CMS-concurrent-mark: 0.000/0.000 secs] [Times: user=0.00 sys=0.00, real=0.00 secs] 
2020-12-16T22:53:07.428+0800: 1581.093: [CMS-concurrent-preclean-start]
2020-12-16T22:53:07.429+0800: 1581.094: [CMS-concurrent-preclean: 0.001/0.001 secs] [Times: user=0.00 sys=0.00, real=0.00 secs] 
2020-12-16T22:53:07.429+0800: 1581.094: [CMS-concurrent-abortable-preclean-start]
 CMS: abort preclean due to time 2020-12-16T22:53:12.514+0800: 1586.178: [CMS-concurrent-abortable-preclean: 0.067/5.084 secs] [Times: user=0.17 sys=0.11, real=5.09 secs] 
2020-12-16T22:53:12.514+0800: 1586.178: [GC (CMS Final Remark) [YG occupancy: 233964 K (943680 K)]2020-12-16T22:53:12.514+0800: 1586.178: [Rescan (parallel) , 0.0897119 secs]2020-12-16T22:53:12.603+0800: 1586.268: [weak refs processing, 0.0006229 secs][1 CMS-remark: 63K(64K)] 234028K(943744K), 0.0904231 secs] [Times: user=0.72 sys=0.00, real=0.09 secs] 
2020-12-16T22:53:12.604+0800: 1586.268: [CMS-concurrent-sweep-start]
2020-12-16T22:53:12.604+0800: 1586.269: [CMS-concurrent-sweep: 0.000/0.000 secs] [Times: user=0.00 sys=0.00, real=0.00 secs] 
2020-12-16T22:53:12.604+0800: 1586.269: [CMS-concurrent-reset-start]
2020-12-16T22:53:12.604+0800: 1586.269: [CMS-concurrent-reset: 0.000/0.000 secs] [Times: user=0.00 sys=0.00, real=0.00 secs] 
2020-12-16T22:53:14.606+0800: 1588.270: [GC (CMS Initial Mark) [1 CMS-initial-mark: 63K(64K)] 238184K(943744K), 0.0516511 secs] [Times: user=0.06 sys=0.00, real=0.05 secs] 
2020-12-16T22:53:14.657+0800: 1588.321: [CMS-concurrent-mark-start]
2020-12-16T22:53:14.657+0800: 1588.321: [CMS-concurrent-mark: 0.000/0.000 secs] [Times: user=0.00 sys=0.00, real=0.00 secs] 
2020-12-16T22:53:14.657+0800: 1588.322: [CMS-concurrent-preclean-start]
2020-12-16T22:53:14.658+0800: 1588.323: [CMS-concurrent-preclean: 0.001/0.001 secs] [Times: user=0.00 sys=0.00, real=0.00 secs] 
2020-12-16T22:53:14.658+0800: 1588.323: [CMS-concurrent-abortable-preclean-start]
 CMS: abort preclean due to time 2020-12-16T22:53:19.737+0800: 1593.401: [CMS-concurrent-abortable-preclean: 0.068/5.078 secs] [Times: user=0.14 sys=0.14, real=5.08 secs] 
2020-12-16T22:53:19.737+0800: 1593.401: [GC (CMS Final Remark) [YG occupancy: 238120 K (943680 K)]2020-12-16T22:53:19.737+0800: 1593.401: [Rescan (parallel) , 0.0886254 secs]2020-12-16T22:53:19.826+0800: 1593.490: [weak refs processing, 0.0006058 secs][1 CMS-remark: 63K(64K)] 238184K(943744K), 0.0893198 secs] [Times: user=0.83 sys=0.02, real=0.09 secs] 
2020-12-16T22:53:19.827+0800: 1593.491: [CMS-concurrent-sweep-start]
2020-12-16T22:53:19.827+0800: 1593.491: [CMS-concurrent-sweep: 0.000/0.000 secs] [Times: user=0.00 sys=0.00, real=0.00 secs] 
2020-12-16T22:53:19.827+0800: 1593.491: [CMS-concurrent-reset-start]
2020-12-16T22:53:19.827+0800: 1593.491: [CMS-concurrent-reset: 0.000/0.000 secs] [Times: user=0.00 sys=0.00, real=0.00 secs] 
2020-12-16T22:53:21.826+0800: 1595.490: [GC (CMS Initial Mark) [1 CMS-initial-mark: 63K(64K)] 238184K(943744K), 0.0685456 secs] [Times: user=0.14 sys=0.00, real=0.07 secs] 
2020-12-16T22:53:21.895+0800: 1595.559: [CMS-concurrent-mark-start]
2020-12-16T22:53:21.895+0800: 1595.559: [CMS-concurrent-mark: 0.000/0.000 secs] [Times: user=0.00 sys=0.00, real=0.00 secs] 
2020-12-16T22:53:21.895+0800: 1595.559: [CMS-concurrent-preclean-start]
2020-12-16T22:53:21.896+0800: 1595.560: [CMS-concurrent-preclean: 0.001/0.001 secs] [Times: user=0.00 sys=0.00, real=0.00 secs] 
2020-12-16T22:53:21.896+0800: 1595.560: [CMS-concurrent-abortable-preclean-start]
 CMS: abort preclean due to time 2020-12-16T22:53:26.975+0800: 1600.639: [CMS-concurrent-abortable-preclean: 0.066/5.079 secs] [Times: user=0.05 sys=0.11, real=5.08 secs] 
2020-12-16T22:53:26.975+0800: 1600.639: [GC (CMS Final Remark) [YG occupancy: 242276 K (943680 K)]2020-12-16T22:53:26.975+0800: 1600.639: [Rescan (parallel) , 0.0924719 secs]2020-12-16T22:53:27.068+0800: 1600.732: [weak refs processing, 0.0007129 secs][1 CMS-remark: 63K(64K)] 242340K(943744K), 0.0932696 secs] [Times: user=0.86 sys=0.05, real=0.09 secs] 
2020-12-16T22:53:27.069+0800: 1600.733: [CMS-concurrent-sweep-start]
2020-12-16T22:53:27.069+0800: 1600.733: [CMS-concurrent-sweep: 0.000/0.000 secs] [Times: user=0.00 sys=0.00, real=0.00 secs] 
2020-12-16T22:53:27.069+0800: 1600.733: [CMS-concurrent-reset-start]
2020-12-16T22:53:27.069+0800: 1600.733: [CMS-concurrent-reset: 0.000/0.000 secs] [Times: user=0.00 sys=0.00, real=0.00 secs] 
2020-12-16T22:53:29.069+0800: 1602.733: [GC (CMS Initial Mark) [1 CMS-initial-mark: 63K(64K)] 242340K(943744K), 0.0731995 secs] [Times: user=0.22 sys=0.00, real=0.07 secs] 
2020-12-16T22:53:29.142+0800: 1602.807: [CMS-concurrent-mark-start]
2020-12-16T22:53:29.143+0800: 1602.807: [CMS-concurrent-mark: 0.000/0.000 secs] [Times: user=0.00 sys=0.00, real=0.00 secs] 
2020-12-16T22:53:29.143+0800: 1602.807: [CMS-concurrent-preclean-start]
2020-12-16T22:53:29.144+0800: 1602.808: [CMS-concurrent-preclean: 0.001/0.001 secs] [Times: user=0.00 sys=0.00, real=0.00 secs] 
2020-12-16T22:53:29.144+0800: 1602.808: [CMS-concurrent-abortable-preclean-start]
 CMS: abort preclean due to time 2020-12-16T22:53:34.228+0800: 1607.892: [CMS-concurrent-abortable-preclean: 0.071/5.084 secs] [Times: user=0.05 sys=0.09, real=5.08 secs] 
2020-12-16T22:53:34.228+0800: 1607.892: [GC (CMS Final Remark) [YG occupancy: 246432 K (943680 K)]2020-12-16T22:53:34.228+0800: 1607.892: [Rescan (parallel) , 0.0810257 secs]2020-12-16T22:53:34.310+0800: 1607.974: [weak refs processing, 0.0007211 secs][1 CMS-remark: 63K(64K)] 246496K(943744K), 0.0818342 secs] [Times: user=0.81 sys=0.02, real=0.08 secs] 
2020-12-16T22:53:34.310+0800: 1607.974: [CMS-concurrent-sweep-start]
2020-12-16T22:53:34.310+0800: 1607.974: [CMS-concurrent-sweep: 0.000/0.000 secs] [Times: user=0.00 sys=0.00, real=0.00 secs] 
2020-12-16T22:53:34.311+0800: 1607.974: [CMS-concurrent-reset-start]
2020-12-16T22:53:34.311+0800: 1607.974: [CMS-concurrent-reset: 0.000/0.000 secs] [Times: user=0.00 sys=0.00, real=0.00 secs] 
2020-12-16T22:53:36.311+0800: 1609.975: [GC (CMS Initial Mark) [1 CMS-initial-mark: 63K(64K)] 246496K(943744K), 0.0672777 secs] [Times: user=0.13 sys=0.00, real=0.07 secs] 
2020-12-16T22:53:36.378+0800: 1610.042: [CMS-concurrent-mark-start]
2020-12-16T22:53:36.378+0800: 1610.043: [CMS-concurrent-mark: 0.000/0.000 secs] [Times: user=0.00 sys=0.00, real=0.00 secs] 
2020-12-16T22:53:36.378+0800: 1610.043: [CMS-concurrent-preclean-start]
2020-12-16T22:53:36.380+0800: 1610.044: [CMS-concurrent-preclean: 0.001/0.001 secs] [Times: user=0.00 sys=0.00, real=0.00 secs] 
2020-12-16T22:53:36.380+0800: 1610.044: [CMS-concurrent-abortable-preclean-start]
 CMS: abort preclean due to time 2020-12-16T22:53:41.468+0800: 1615.132: [CMS-concurrent-abortable-preclean: 0.069/5.088 secs] [Times: user=0.09 sys=0.11, real=5.09 secs] 
2020-12-16T22:53:41.468+0800: 1615.132: [GC (CMS Final Remark) [YG occupancy: 246432 K (943680 K)]2020-12-16T22:53:41.468+0800: 1615.132: [Rescan (parallel) , 0.0912920 secs]2020-12-16T22:53:41.559+0800: 1615.223: [weak refs processing, 0.0006102 secs][1 CMS-remark: 63K(64K)] 246496K(943744K), 0.0920043 secs] [Times: user=0.75 sys=0.01, real=0.09 secs] 
2020-12-16T22:53:41.559+0800: 1615.224: [CMS-concurrent-sweep-start]
2020-12-16T22:53:41.560+0800: 1615.224: [CMS-concurrent-sweep: 0.000/0.000 secs] [Times: user=0.00 sys=0.00, real=0.00 secs] 
2020-12-16T22:53:41.560+0800: 1615.224: [CMS-concurrent-reset-start]
2020-12-16T22:53:41.560+0800: 1615.224: [CMS-concurrent-reset: 0.000/0.000 secs] [Times: user=0.00 sys=0.00, real=0.00 secs] 
2020-12-16T22:53:43.560+0800: 1617.224: [GC (CMS Initial Mark) [1 CMS-initial-mark: 63K(64K)] 246496K(943744K), 0.0545864 secs] [Times: user=0.06 sys=0.00, real=0.05 secs] 
2020-12-16T22:53:43.614+0800: 1617.278: [CMS-concurrent-mark-start]
2020-12-16T22:53:43.614+0800: 1617.279: [CMS-concurrent-mark: 0.000/0.000 secs] [Times: user=0.00 sys=0.00, real=0.00 secs] 
2020-12-16T22:53:43.614+0800: 1617.279: [CMS-concurrent-preclean-start]
2020-12-16T22:53:43.615+0800: 1617.280: [CMS-concurrent-preclean: 0.001/0.001 secs] [Times: user=0.00 sys=0.00, real=0.00 secs] 
2020-12-16T22:53:43.615+0800: 1617.280: [CMS-concurrent-abortable-preclean-start]
 CMS: abort preclean due to time 2020-12-16T22:53:48.700+0800: 1622.364: [CMS-concurrent-abortable-preclean: 0.070/5.085 secs] [Times: user=0.08 sys=0.11, real=5.09 secs] 
2020-12-16T22:53:48.700+0800: 1622.365: [GC (CMS Final Remark) [YG occupancy: 250589 K (943680 K)]2020-12-16T22:53:48.701+0800: 1622.365: [Rescan (parallel) , 0.1177168 secs]2020-12-16T22:53:48.819+0800: 1622.483: [weak refs processing, 0.0006304 secs][1 CMS-remark: 63K(64K)] 250653K(943744K), 0.1185101 secs] [Times: user=1.05 sys=0.01, real=0.12 secs] 
2020-12-16T22:53:48.819+0800: 1622.484: [CMS-concurrent-sweep-start]
2020-12-16T22:53:48.820+0800: 1622.484: [CMS-concurrent-sweep: 0.000/0.000 secs] [Times: user=0.00 sys=0.00, real=0.00 secs] 
2020-12-16T22:53:48.820+0800: 1622.484: [CMS-concurrent-reset-start]
2020-12-16T22:53:48.820+0800: 1622.484: [CMS-concurrent-reset: 0.000/0.000 secs] [Times: user=0.00 sys=0.00, real=0.00 secs] 
2020-12-16T22:53:50.819+0800: 1624.483: [GC (CMS Initial Mark) [1 CMS-initial-mark: 63K(64K)] 250653K(943744K), 0.0493072 secs] [Times: user=0.11 sys=0.00, real=0.05 secs] 
2020-12-16T22:53:50.869+0800: 1624.533: [CMS-concurrent-mark-start]
2020-12-16T22:53:50.869+0800: 1624.533: [CMS-concurrent-mark: 0.000/0.000 secs] [Times: user=0.00 sys=0.00, real=0.00 secs] 
2020-12-16T22:53:50.869+0800: 1624.533: [CMS-concurrent-preclean-start]
2020-12-16T22:53:50.870+0800: 1624.534: [CMS-concurrent-preclean: 0.001/0.001 secs] [Times: user=0.02 sys=0.02, real=0.00 secs] 
2020-12-16T22:53:50.870+0800: 1624.534: [CMS-concurrent-abortable-preclean-start]
 CMS: abort preclean due to time 2020-12-16T22:53:55.954+0800: 1629.618: [CMS-concurrent-abortable-preclean: 0.068/5.084 secs] [Times: user=0.00 sys=0.09, real=5.08 secs] 
2020-12-16T22:53:55.954+0800: 1629.619: [GC (CMS Final Remark) [YG occupancy: 254745 K (943680 K)]2020-12-16T22:53:55.954+0800: 1629.619: [Rescan (parallel) , 0.0930531 secs]2020-12-16T22:53:56.048+0800: 1629.712: [weak refs processing, 0.0007131 secs][1 CMS-remark: 63K(64K)] 254809K(943744K), 0.0938570 secs] [Times: user=0.83 sys=0.00, real=0.10 secs] 
2020-12-16T22:53:56.049+0800: 1629.713: [CMS-concurrent-sweep-start]
2020-12-16T22:53:56.049+0800: 1629.713: [CMS-concurrent-sweep: 0.000/0.000 secs] [Times: user=0.00 sys=0.00, real=0.00 secs] 
2020-12-16T22:53:56.049+0800: 1629.713: [CMS-concurrent-reset-start]
2020-12-16T22:53:56.049+0800: 1629.713: [CMS-concurrent-reset: 0.000/0.000 secs] [Times: user=0.00 sys=0.00, real=0.00 secs] 
2020-12-16T22:53:58.048+0800: 1631.712: [GC (CMS Initial Mark) [1 CMS-initial-mark: 63K(64K)] 254809K(943744K), 0.0614160 secs] [Times: user=0.08 sys=0.00, real=0.06 secs] 
2020-12-16T22:53:58.110+0800: 1631.773: [CMS-concurrent-mark-start]
2020-12-16T22:53:58.110+0800: 1631.774: [CMS-concurrent-mark: 0.000/0.000 secs] [Times: user=0.00 sys=0.00, real=0.00 secs] 
2020-12-16T22:53:58.110+0800: 1631.774: [CMS-concurrent-preclean-start]
2020-12-16T22:53:58.111+0800: 1631.775: [CMS-concurrent-preclean: 0.001/0.001 secs] [Times: user=0.00 sys=0.00, real=0.00 secs] 
2020-12-16T22:53:58.111+0800: 1631.775: [CMS-concurrent-abortable-preclean-start]
 CMS: abort preclean due to time 2020-12-16T22:54:03.193+0800: 1636.857: [CMS-concurrent-abortable-preclean: 0.065/5.082 secs] [Times: user=0.08 sys=0.06, real=5.08 secs] 
2020-12-16T22:54:03.193+0800: 1636.857: [GC (CMS Final Remark) [YG occupancy: 254745 K (943680 K)]2020-12-16T22:54:03.193+0800: 1636.857: [Rescan (parallel) , 0.0816805 secs]2020-12-16T22:54:03.275+0800: 1636.939: [weak refs processing, 0.0007934 secs][1 CMS-remark: 63K(64K)] 254809K(943744K), 0.0825658 secs] [Times: user=0.67 sys=0.02, real=0.08 secs] 
2020-12-16T22:54:03.276+0800: 1636.940: [CMS-concurrent-sweep-start]
2020-12-16T22:54:03.276+0800: 1636.940: [CMS-concurrent-sweep: 0.000/0.000 secs] [Times: user=0.00 sys=0.00, real=0.00 secs] 
2020-12-16T22:54:03.276+0800: 1636.940: [CMS-concurrent-reset-start]
2020-12-16T22:54:03.276+0800: 1636.940: [CMS-concurrent-reset: 0.000/0.000 secs] [Times: user=0.00 sys=0.00, real=0.00 secs] 
2020-12-16T22:54:05.276+0800: 1638.940: [GC (CMS Initial Mark) [1 CMS-initial-mark: 63K(64K)] 258965K(943744K), 0.0506305 secs] [Times: user=0.08 sys=0.00, real=0.05 secs] 
2020-12-16T22:54:05.326+0800: 1638.990: [CMS-concurrent-mark-start]
2020-12-16T22:54:05.326+0800: 1638.991: [CMS-concurrent-mark: 0.000/0.000 secs] [Times: user=0.00 sys=0.00, real=0.00 secs] 
2020-12-16T22:54:05.326+0800: 1638.991: [CMS-concurrent-preclean-start]
2020-12-16T22:54:05.327+0800: 1638.992: [CMS-concurrent-preclean: 0.001/0.001 secs] [Times: user=0.00 sys=0.00, real=0.00 secs] 
2020-12-16T22:54:05.327+0800: 1638.992: [CMS-concurrent-abortable-preclean-start]
 CMS: abort preclean due to time 2020-12-16T22:54:10.414+0800: 1644.078: [CMS-concurrent-abortable-preclean: 0.069/5.086 secs] [Times: user=0.11 sys=0.08, real=5.09 secs] 
2020-12-16T22:54:10.414+0800: 1644.079: [GC (CMS Final Remark) [YG occupancy: 258901 K (943680 K)]2020-12-16T22:54:10.415+0800: 1644.079: [Rescan (parallel) , 0.1217331 secs]2020-12-16T22:54:10.537+0800: 1644.200: [weak refs processing, 0.0006138 secs][1 CMS-remark: 63K(64K)] 258965K(943744K), 0.1224919 secs] [Times: user=1.05 sys=0.02, real=0.12 secs] 
2020-12-16T22:54:10.537+0800: 1644.201: [CMS-concurrent-sweep-start]
2020-12-16T22:54:10.537+0800: 1644.201: [CMS-concurrent-sweep: 0.000/0.000 secs] [Times: user=0.00 sys=0.00, real=0.00 secs] 
2020-12-16T22:54:10.537+0800: 1644.201: [CMS-concurrent-reset-start]
2020-12-16T22:54:10.537+0800: 1644.201: [CMS-concurrent-reset: 0.000/0.000 secs] [Times: user=0.00 sys=0.00, real=0.00 secs] 
2020-12-16T22:54:12.538+0800: 1646.202: [GC (CMS Initial Mark) [1 CMS-initial-mark: 63K(64K)] 258965K(943744K), 0.0533687 secs] [Times: user=0.13 sys=0.00, real=0.05 secs] 
2020-12-16T22:54:12.591+0800: 1646.256: [CMS-concurrent-mark-start]
2020-12-16T22:54:12.591+0800: 1646.256: [CMS-concurrent-mark: 0.000/0.000 secs] [Times: user=0.00 sys=0.00, real=0.00 secs] 
2020-12-16T22:54:12.591+0800: 1646.256: [CMS-concurrent-preclean-start]
2020-12-16T22:54:12.593+0800: 1646.257: [CMS-concurrent-preclean: 0.001/0.001 secs] [Times: user=0.00 sys=0.00, real=0.00 secs] 
2020-12-16T22:54:12.593+0800: 1646.257: [CMS-concurrent-abortable-preclean-start]
 CMS: abort preclean due to time 2020-12-16T22:54:17.680+0800: 1651.344: [CMS-concurrent-abortable-preclean: 0.068/5.087 secs] [Times: user=0.05 sys=0.11, real=5.09 secs] 
2020-12-16T22:54:17.680+0800: 1651.344: [GC (CMS Final Remark) [YG occupancy: 263058 K (943680 K)]2020-12-16T22:54:17.680+0800: 1651.344: [Rescan (parallel) , 0.0843106 secs]2020-12-16T22:54:17.764+0800: 1651.429: [weak refs processing, 0.0006403 secs][1 CMS-remark: 63K(64K)] 263122K(943744K), 0.0850602 secs] [Times: user=0.61 sys=0.01, real=0.09 secs] 
2020-12-16T22:54:17.765+0800: 1651.429: [CMS-concurrent-sweep-start]
2020-12-16T22:54:17.765+0800: 1651.430: [CMS-concurrent-sweep: 0.000/0.000 secs] [Times: user=0.00 sys=0.00, real=0.00 secs] 
2020-12-16T22:54:17.765+0800: 1651.430: [CMS-concurrent-reset-start]
2020-12-16T22:54:17.765+0800: 1651.430: [CMS-concurrent-reset: 0.000/0.000 secs] [Times: user=0.00 sys=0.00, real=0.00 secs] 
2020-12-16T22:54:19.767+0800: 1653.431: [GC (CMS Initial Mark) [1 CMS-initial-mark: 63K(64K)] 263122K(943744K), 0.0523265 secs] [Times: user=0.08 sys=0.00, real=0.05 secs] 
2020-12-16T22:54:19.818+0800: 1653.483: [CMS-concurrent-mark-start]
2020-12-16T22:54:19.818+0800: 1653.483: [CMS-concurrent-mark: 0.000/0.000 secs] [Times: user=0.00 sys=0.00, real=0.00 secs] 
2020-12-16T22:54:19.819+0800: 1653.483: [CMS-concurrent-preclean-start]
2020-12-16T22:54:19.820+0800: 1653.484: [CMS-concurrent-preclean: 0.001/0.001 secs] [Times: user=0.00 sys=0.00, real=0.00 secs] 
2020-12-16T22:54:19.820+0800: 1653.484: [CMS-concurrent-abortable-preclean-start]
 CMS: abort preclean due to time 2020-12-16T22:54:24.898+0800: 1658.562: [CMS-concurrent-abortable-preclean: 0.067/5.078 secs] [Times: user=0.14 sys=0.08, real=5.08 secs] 
2020-12-16T22:54:24.898+0800: 1658.562: [GC (CMS Final Remark) [YG occupancy: 263058 K (943680 K)]2020-12-16T22:54:24.898+0800: 1658.562: [Rescan (parallel) , 0.0924244 secs]2020-12-16T22:54:24.991+0800: 1658.655: [weak refs processing, 0.0006963 secs][1 CMS-remark: 63K(64K)] 263122K(943744K), 0.0932466 secs] [Times: user=0.69 sys=0.00, real=0.09 secs] 
2020-12-16T22:54:24.992+0800: 1658.656: [CMS-concurrent-sweep-start]
2020-12-16T22:54:24.992+0800: 1658.656: [CMS-concurrent-sweep: 0.000/0.000 secs] [Times: user=0.00 sys=0.00, real=0.00 secs] 
2020-12-16T22:54:24.992+0800: 1658.656: [CMS-concurrent-reset-start]
2020-12-16T22:54:24.992+0800: 1658.656: [CMS-concurrent-reset: 0.000/0.000 secs] [Times: user=0.00 sys=0.00, real=0.00 secs] 
2020-12-16T22:54:26.991+0800: 1660.655: [GC (CMS Initial Mark) [1 CMS-initial-mark: 63K(64K)] 267278K(943744K), 0.0563220 secs] [Times: user=0.13 sys=0.00, real=0.06 secs] 
2020-12-16T22:54:27.047+0800: 1660.712: [CMS-concurrent-mark-start]
2020-12-16T22:54:27.048+0800: 1660.712: [CMS-concurrent-mark: 0.000/0.000 secs] [Times: user=0.00 sys=0.00, real=0.00 secs] 
2020-12-16T22:54:27.048+0800: 1660.712: [CMS-concurrent-preclean-start]
2020-12-16T22:54:27.049+0800: 1660.713: [CMS-concurrent-preclean: 0.001/0.001 secs] [Times: user=0.00 sys=0.00, real=0.00 secs] 
2020-12-16T22:54:27.049+0800: 1660.713: [CMS-concurrent-abortable-preclean-start]
 CMS: abort preclean due to time 2020-12-16T22:54:32.135+0800: 1665.799: [CMS-concurrent-abortable-preclean: 0.065/5.086 secs] [Times: user=0.05 sys=0.09, real=5.09 secs] 
2020-12-16T22:54:32.135+0800: 1665.799: [GC (CMS Final Remark) [YG occupancy: 267214 K (943680 K)]2020-12-16T22:54:32.135+0800: 1665.799: [Rescan (parallel) , 0.0805048 secs]2020-12-16T22:54:32.216+0800: 1665.880: [weak refs processing, 0.0006422 secs][1 CMS-remark: 63K(64K)] 267278K(943744K), 0.0812427 secs] [Times: user=0.63 sys=0.02, real=0.08 secs] 
2020-12-16T22:54:32.217+0800: 1665.881: [CMS-concurrent-sweep-start]
2020-12-16T22:54:32.217+0800: 1665.881: [CMS-concurrent-sweep: 0.000/0.000 secs] [Times: user=0.00 sys=0.00, real=0.00 secs] 
2020-12-16T22:54:32.217+0800: 1665.881: [CMS-concurrent-reset-start]
2020-12-16T22:54:32.217+0800: 1665.881: [CMS-concurrent-reset: 0.000/0.000 secs] [Times: user=0.00 sys=0.00, real=0.00 secs] 
2020-12-16T22:54:34.217+0800: 1667.881: [GC (CMS Initial Mark) [1 CMS-initial-mark: 63K(64K)] 267278K(943744K), 0.0499483 secs] [Times: user=0.06 sys=0.00, real=0.05 secs] 
2020-12-16T22:54:34.266+0800: 1667.931: [CMS-concurrent-mark-start]
2020-12-16T22:54:34.266+0800: 1667.931: [CMS-concurrent-mark: 0.000/0.000 secs] [Times: user=0.00 sys=0.00, real=0.00 secs] 
2020-12-16T22:54:34.266+0800: 1667.931: [CMS-concurrent-preclean-start]
2020-12-16T22:54:34.267+0800: 1667.932: [CMS-concurrent-preclean: 0.001/0.001 secs] [Times: user=0.00 sys=0.00, real=0.00 secs] 
2020-12-16T22:54:34.267+0800: 1667.932: [CMS-concurrent-abortable-preclean-start]
 CMS: abort preclean due to time 2020-12-16T22:54:39.355+0800: 1673.019: [CMS-concurrent-abortable-preclean: 0.065/5.087 secs] [Times: user=0.06 sys=0.08, real=5.09 secs] 
2020-12-16T22:54:39.355+0800: 1673.020: [GC (CMS Final Remark) [YG occupancy: 271812 K (943680 K)]2020-12-16T22:54:39.356+0800: 1673.020: [Rescan (parallel) , 0.1637859 secs]2020-12-16T22:54:39.519+0800: 1673.184: [weak refs processing, 0.0009679 secs][1 CMS-remark: 63K(64K)] 271876K(943744K), 0.1649680 secs] [Times: user=1.31 sys=0.03, real=0.16 secs] 
2020-12-16T22:54:39.521+0800: 1673.185: [CMS-concurrent-sweep-start]
2020-12-16T22:54:39.521+0800: 1673.185: [CMS-concurrent-sweep: 0.000/0.000 secs] [Times: user=0.00 sys=0.00, real=0.00 secs] 
2020-12-16T22:54:39.521+0800: 1673.185: [CMS-concurrent-reset-start]
2020-12-16T22:54:39.521+0800: 1673.185: [CMS-concurrent-reset: 0.000/0.000 secs] [Times: user=0.00 sys=0.00, real=0.00 secs] 
2020-12-16T22:54:41.521+0800: 1675.185: [GC (CMS Initial Mark) [1 CMS-initial-mark: 63K(64K)] 271876K(943744K), 0.0602275 secs] [Times: user=0.13 sys=0.00, real=0.06 secs] 
2020-12-16T22:54:41.582+0800: 1675.246: [CMS-concurrent-mark-start]
2020-12-16T22:54:41.582+0800: 1675.246: [CMS-concurrent-mark: 0.000/0.000 secs] [Times: user=0.00 sys=0.00, real=0.00 secs] 
2020-12-16T22:54:41.582+0800: 1675.246: [CMS-concurrent-preclean-start]
2020-12-16T22:54:41.583+0800: 1675.247: [CMS-concurrent-preclean: 0.001/0.001 secs] [Times: user=0.00 sys=0.00, real=0.00 secs] 
2020-12-16T22:54:41.583+0800: 1675.247: [CMS-concurrent-abortable-preclean-start]
 CMS: abort preclean due to time 2020-12-16T22:54:46.665+0800: 1680.330: [CMS-concurrent-abortable-preclean: 0.064/5.083 secs] [Times: user=0.02 sys=0.11, real=5.08 secs] 
2020-12-16T22:54:46.665+0800: 1680.330: [GC (CMS Final Remark) [YG occupancy: 275968 K (943680 K)]2020-12-16T22:54:46.665+0800: 1680.330: [Rescan (parallel) , 0.0851245 secs]2020-12-16T22:54:46.751+0800: 1680.415: [weak refs processing, 0.0010342 secs][1 CMS-remark: 63K(64K)] 276032K(943744K), 0.0862776 secs] [Times: user=0.69 sys=0.03, real=0.09 secs] 
2020-12-16T22:54:46.752+0800: 1680.417: [CMS-concurrent-sweep-start]
2020-12-16T22:54:46.752+0800: 1680.417: [CMS-concurrent-sweep: 0.000/0.000 secs] [Times: user=0.00 sys=0.00, real=0.00 secs] 
2020-12-16T22:54:46.752+0800: 1680.417: [CMS-concurrent-reset-start]
2020-12-16T22:54:46.752+0800: 1680.417: [CMS-concurrent-reset: 0.000/0.000 secs] [Times: user=0.00 sys=0.00, real=0.00 secs] 
2020-12-16T22:54:48.753+0800: 1682.417: [GC (CMS Initial Mark) [1 CMS-initial-mark: 63K(64K)] 276032K(943744K), 0.0518789 secs] [Times: user=0.09 sys=0.00, real=0.05 secs] 
2020-12-16T22:54:48.805+0800: 1682.469: [CMS-concurrent-mark-start]
2020-12-16T22:54:48.805+0800: 1682.469: [CMS-concurrent-mark: 0.000/0.000 secs] [Times: user=0.00 sys=0.00, real=0.00 secs] 
2020-12-16T22:54:48.805+0800: 1682.469: [CMS-concurrent-preclean-start]
2020-12-16T22:54:48.806+0800: 1682.470: [CMS-concurrent-preclean: 0.001/0.001 secs] [Times: user=0.00 sys=0.00, real=0.00 secs] 
2020-12-16T22:54:48.806+0800: 1682.470: [CMS-concurrent-abortable-preclean-start]
 CMS: abort preclean due to time 2020-12-16T22:54:53.892+0800: 1687.557: [CMS-concurrent-abortable-preclean: 0.067/5.087 secs] [Times: user=0.13 sys=0.06, real=5.09 secs] 
2020-12-16T22:54:53.893+0800: 1687.557: [GC (CMS Final Remark) [YG occupancy: 275968 K (943680 K)]2020-12-16T22:54:53.893+0800: 1687.557: [Rescan (parallel) , 0.0870893 secs]2020-12-16T22:54:53.980+0800: 1687.644: [weak refs processing, 0.0009589 secs][1 CMS-remark: 63K(64K)] 276032K(943744K), 0.0881767 secs] [Times: user=0.70 sys=0.03, real=0.09 secs] 
2020-12-16T22:54:53.981+0800: 1687.645: [CMS-concurrent-sweep-start]
2020-12-16T22:54:53.981+0800: 1687.646: [CMS-concurrent-sweep: 0.000/0.000 secs] [Times: user=0.00 sys=0.00, real=0.00 secs] 
2020-12-16T22:54:53.981+0800: 1687.646: [CMS-concurrent-reset-start]
2020-12-16T22:54:53.981+0800: 1687.646: [CMS-concurrent-reset: 0.000/0.000 secs] [Times: user=0.00 sys=0.00, real=0.00 secs] 
2020-12-16T22:54:55.981+0800: 1689.645: [GC (CMS Initial Mark) [1 CMS-initial-mark: 63K(64K)] 276032K(943744K), 0.0507028 secs] [Times: user=0.06 sys=0.00, real=0.05 secs] 
2020-12-16T22:54:56.032+0800: 1689.696: [CMS-concurrent-mark-start]
2020-12-16T22:54:56.032+0800: 1689.696: [CMS-concurrent-mark: 0.000/0.000 secs] [Times: user=0.00 sys=0.00, real=0.00 secs] 
2020-12-16T22:54:56.032+0800: 1689.696: [CMS-concurrent-preclean-start]
2020-12-16T22:54:56.033+0800: 1689.697: [CMS-concurrent-preclean: 0.001/0.001 secs] [Times: user=0.00 sys=0.00, real=0.00 secs] 
2020-12-16T22:54:56.033+0800: 1689.697: [CMS-concurrent-abortable-preclean-start]
 CMS: abort preclean due to time 2020-12-16T22:55:01.113+0800: 1694.777: [CMS-concurrent-abortable-preclean: 0.064/5.080 secs] [Times: user=0.09 sys=0.08, real=5.08 secs] 
2020-12-16T22:55:01.113+0800: 1694.778: [GC (CMS Final Remark) [YG occupancy: 280124 K (943680 K)]2020-12-16T22:55:01.113+0800: 1694.778: [Rescan (parallel) , 0.0812554 secs]2020-12-16T22:55:01.195+0800: 1694.859: [weak refs processing, 0.0007328 secs][1 CMS-remark: 63K(64K)] 280188K(943744K), 0.0820772 secs] [Times: user=0.69 sys=0.00, real=0.08 secs] 
2020-12-16T22:55:01.196+0800: 1694.860: [CMS-concurrent-sweep-start]
2020-12-16T22:55:01.196+0800: 1694.860: [CMS-concurrent-sweep: 0.000/0.000 secs] [Times: user=0.00 sys=0.00, real=0.00 secs] 
2020-12-16T22:55:01.196+0800: 1694.860: [CMS-concurrent-reset-start]
2020-12-16T22:55:01.196+0800: 1694.860: [CMS-concurrent-reset: 0.000/0.000 secs] [Times: user=0.00 sys=0.00, real=0.00 secs] 
2020-12-16T22:55:03.195+0800: 1696.860: [GC (CMS Initial Mark) [1 CMS-initial-mark: 63K(64K)] 280188K(943744K), 0.0802836 secs] [Times: user=0.28 sys=0.00, real=0.08 secs] 
2020-12-16T22:55:03.276+0800: 1696.940: [CMS-concurrent-mark-start]
2020-12-16T22:55:03.276+0800: 1696.940: [CMS-concurrent-mark: 0.000/0.000 secs] [Times: user=0.00 sys=0.00, real=0.00 secs] 
2020-12-16T22:55:03.276+0800: 1696.940: [CMS-concurrent-preclean-start]
2020-12-16T22:55:03.277+0800: 1696.941: [CMS-concurrent-preclean: 0.001/0.001 secs] [Times: user=0.00 sys=0.00, real=0.00 secs] 
2020-12-16T22:55:03.277+0800: 1696.941: [CMS-concurrent-abortable-preclean-start]
 CMS: abort preclean due to time 2020-12-16T22:55:08.363+0800: 1702.027: [CMS-concurrent-abortable-preclean: 0.071/5.086 secs] [Times: user=0.08 sys=0.16, real=5.09 secs] 
2020-12-16T22:55:08.363+0800: 1702.028: [GC (CMS Final Remark) [YG occupancy: 284644 K (943680 K)]2020-12-16T22:55:08.363+0800: 1702.028: [Rescan (parallel) , 0.1277459 secs]2020-12-16T22:55:08.492+0800: 1702.156: [weak refs processing, 0.0006185 secs][1 CMS-remark: 63K(64K)] 284708K(943744K), 0.1285113 secs] [Times: user=1.14 sys=0.00, real=0.13 secs] 
2020-12-16T22:55:08.492+0800: 1702.156: [CMS-concurrent-sweep-start]
2020-12-16T22:55:08.493+0800: 1702.156: [CMS-concurrent-sweep: 0.000/0.000 secs] [Times: user=0.00 sys=0.00, real=0.00 secs] 
2020-12-16T22:55:08.493+0800: 1702.156: [CMS-concurrent-reset-start]
2020-12-16T22:55:08.493+0800: 1702.156: [CMS-concurrent-reset: 0.000/0.000 secs] [Times: user=0.00 sys=0.00, real=0.00 secs] 
2020-12-16T22:55:10.493+0800: 1704.157: [GC (CMS Initial Mark) [1 CMS-initial-mark: 63K(64K)] 284708K(943744K), 0.1509601 secs] [Times: user=0.30 sys=0.00, real=0.15 secs] 
2020-12-16T22:55:10.645+0800: 1704.308: [CMS-concurrent-mark-start]
2020-12-16T22:55:10.645+0800: 1704.309: [CMS-concurrent-mark: 0.000/0.000 secs] [Times: user=0.00 sys=0.00, real=0.00 secs] 
2020-12-16T22:55:10.645+0800: 1704.309: [CMS-concurrent-preclean-start]
2020-12-16T22:55:10.647+0800: 1704.311: [CMS-concurrent-preclean: 0.002/0.002 secs] [Times: user=0.00 sys=0.00, real=0.00 secs] 
2020-12-16T22:55:10.647+0800: 1704.311: [CMS-concurrent-abortable-preclean-start]
 CMS: abort preclean due to time 2020-12-16T22:55:15.732+0800: 1709.396: [CMS-concurrent-abortable-preclean: 0.066/5.085 secs] [Times: user=0.08 sys=0.06, real=5.09 secs] 
2020-12-16T22:55:15.732+0800: 1709.396: [GC (CMS Final Remark) [YG occupancy: 284644 K (943680 K)]2020-12-16T22:55:15.732+0800: 1709.396: [Rescan (parallel) , 0.0804524 secs]2020-12-16T22:55:15.813+0800: 1709.477: [weak refs processing, 0.0007269 secs][1 CMS-remark: 63K(64K)] 284708K(943744K), 0.0812687 secs] [Times: user=0.58 sys=0.03, real=0.08 secs] 
2020-12-16T22:55:15.813+0800: 1709.478: [CMS-concurrent-sweep-start]
2020-12-16T22:55:15.813+0800: 1709.478: [CMS-concurrent-sweep: 0.000/0.000 secs] [Times: user=0.00 sys=0.00, real=0.00 secs] 
2020-12-16T22:55:15.814+0800: 1709.478: [CMS-concurrent-reset-start]
2020-12-16T22:55:15.814+0800: 1709.478: [CMS-concurrent-reset: 0.000/0.000 secs] [Times: user=0.00 sys=0.00, real=0.00 secs] 
2020-12-16T22:55:17.813+0800: 1711.477: [GC (CMS Initial Mark) [1 CMS-initial-mark: 63K(64K)] 288864K(943744K), 0.0512029 secs] [Times: user=0.08 sys=0.00, real=0.05 secs] 
2020-12-16T22:55:17.864+0800: 1711.528: [CMS-concurrent-mark-start]
2020-12-16T22:55:17.864+0800: 1711.529: [CMS-concurrent-mark: 0.000/0.000 secs] [Times: user=0.00 sys=0.00, real=0.00 secs] 
2020-12-16T22:55:17.864+0800: 1711.529: [CMS-concurrent-preclean-start]
2020-12-16T22:55:17.865+0800: 1711.530: [CMS-concurrent-preclean: 0.001/0.001 secs] [Times: user=0.00 sys=0.00, real=0.00 secs] 
2020-12-16T22:55:17.866+0800: 1711.530: [CMS-concurrent-abortable-preclean-start]
 CMS: abort preclean due to time 2020-12-16T22:55:22.949+0800: 1716.613: [CMS-concurrent-abortable-preclean: 0.063/5.083 secs] [Times: user=0.05 sys=0.11, real=5.08 secs] 
2020-12-16T22:55:22.949+0800: 1716.613: [GC (CMS Final Remark) [YG occupancy: 288801 K (943680 K)]2020-12-16T22:55:22.949+0800: 1716.613: [Rescan (parallel) , 0.0923889 secs]2020-12-16T22:55:23.042+0800: 1716.706: [weak refs processing, 0.0007339 secs][1 CMS-remark: 63K(64K)] 288864K(943744K), 0.0932215 secs] [Times: user=0.69 sys=0.00, real=0.09 secs] 
2020-12-16T22:55:23.043+0800: 1716.707: [CMS-concurrent-sweep-start]
2020-12-16T22:55:23.043+0800: 1716.707: [CMS-concurrent-sweep: 0.000/0.000 secs] [Times: user=0.00 sys=0.00, real=0.00 secs] 
2020-12-16T22:55:23.043+0800: 1716.707: [CMS-concurrent-reset-start]
2020-12-16T22:55:23.043+0800: 1716.707: [CMS-concurrent-reset: 0.000/0.000 secs] [Times: user=0.00 sys=0.00, real=0.00 secs] 
2020-12-16T22:55:25.044+0800: 1718.708: [GC (CMS Initial Mark) [1 CMS-initial-mark: 63K(64K)] 288864K(943744K), 0.0518902 secs] [Times: user=0.08 sys=0.00, real=0.05 secs] 
2020-12-16T22:55:25.096+0800: 1718.760: [CMS-concurrent-mark-start]
2020-12-16T22:55:25.096+0800: 1718.760: [CMS-concurrent-mark: 0.000/0.000 secs] [Times: user=0.00 sys=0.00, real=0.00 secs] 
2020-12-16T22:55:25.096+0800: 1718.760: [CMS-concurrent-preclean-start]
2020-12-16T22:55:25.097+0800: 1718.761: [CMS-concurrent-preclean: 0.001/0.001 secs] [Times: user=0.00 sys=0.00, real=0.00 secs] 
2020-12-16T22:55:25.097+0800: 1718.762: [CMS-concurrent-abortable-preclean-start]
 CMS: abort preclean due to time 2020-12-16T22:55:30.183+0800: 1723.847: [CMS-concurrent-abortable-preclean: 0.066/5.086 secs] [Times: user=0.05 sys=0.08, real=5.09 secs] 
2020-12-16T22:55:30.183+0800: 1723.847: [GC (CMS Final Remark) [YG occupancy: 292957 K (943680 K)]2020-12-16T22:55:30.183+0800: 1723.847: [Rescan (parallel) , 0.0811988 secs]2020-12-16T22:55:30.265+0800: 1723.929: [weak refs processing, 0.0006245 secs][1 CMS-remark: 63K(64K)] 293021K(943744K), 0.0819109 secs] [Times: user=0.61 sys=0.00, real=0.08 secs] 
2020-12-16T22:55:30.265+0800: 1723.930: [CMS-concurrent-sweep-start]
2020-12-16T22:55:30.265+0800: 1723.930: [CMS-concurrent-sweep: 0.000/0.000 secs] [Times: user=0.00 sys=0.00, real=0.00 secs] 
2020-12-16T22:55:30.265+0800: 1723.930: [CMS-concurrent-reset-start]
2020-12-16T22:55:30.265+0800: 1723.930: [CMS-concurrent-reset: 0.000/0.000 secs] [Times: user=0.00 sys=0.00, real=0.00 secs] 
2020-12-16T22:55:32.265+0800: 1725.929: [GC (CMS Initial Mark) [1 CMS-initial-mark: 63K(64K)] 293021K(943744K), 0.0533553 secs] [Times: user=0.08 sys=0.00, real=0.05 secs] 
2020-12-16T22:55:32.318+0800: 1725.982: [CMS-concurrent-mark-start]
2020-12-16T22:55:32.319+0800: 1725.983: [CMS-concurrent-mark: 0.000/0.000 secs] [Times: user=0.00 sys=0.00, real=0.00 secs] 
2020-12-16T22:55:32.319+0800: 1725.983: [CMS-concurrent-preclean-start]
2020-12-16T22:55:32.320+0800: 1725.984: [CMS-concurrent-preclean: 0.001/0.001 secs] [Times: user=0.00 sys=0.00, real=0.00 secs] 
2020-12-16T22:55:32.320+0800: 1725.984: [CMS-concurrent-abortable-preclean-start]
 CMS: abort preclean due to time 2020-12-16T22:55:37.402+0800: 1731.066: [CMS-concurrent-abortable-preclean: 0.067/5.082 secs] [Times: user=0.08 sys=0.08, real=5.08 secs] 
2020-12-16T22:55:37.402+0800: 1731.066: [GC (CMS Final Remark) [YG occupancy: 292957 K (943680 K)]2020-12-16T22:55:37.402+0800: 1731.066: [Rescan (parallel) , 0.1497055 secs]2020-12-16T22:55:37.552+0800: 1731.216: [weak refs processing, 0.0009625 secs][1 CMS-remark: 63K(64K)] 293021K(943744K), 0.1508051 secs] [Times: user=1.33 sys=0.02, real=0.15 secs] 
2020-12-16T22:55:37.553+0800: 1731.218: [CMS-concurrent-sweep-start]
2020-12-16T22:55:37.553+0800: 1731.218: [CMS-concurrent-sweep: 0.000/0.000 secs] [Times: user=0.00 sys=0.00, real=0.00 secs] 
2020-12-16T22:55:37.553+0800: 1731.218: [CMS-concurrent-reset-start]
2020-12-16T22:55:37.553+0800: 1731.218: [CMS-concurrent-reset: 0.000/0.000 secs] [Times: user=0.00 sys=0.00, real=0.00 secs] 
2020-12-16T22:55:39.555+0800: 1733.219: [GC (CMS Initial Mark) [1 CMS-initial-mark: 63K(64K)] 297177K(943744K), 0.0678948 secs] [Times: user=0.19 sys=0.00, real=0.07 secs] 
2020-12-16T22:55:39.623+0800: 1733.287: [CMS-concurrent-mark-start]
2020-12-16T22:55:39.623+0800: 1733.287: [CMS-concurrent-mark: 0.000/0.000 secs] [Times: user=0.00 sys=0.00, real=0.00 secs] 
2020-12-16T22:55:39.623+0800: 1733.287: [CMS-concurrent-preclean-start]
2020-12-16T22:55:39.624+0800: 1733.288: [CMS-concurrent-preclean: 0.001/0.001 secs] [Times: user=0.00 sys=0.00, real=0.00 secs] 
2020-12-16T22:55:39.624+0800: 1733.288: [CMS-concurrent-abortable-preclean-start]
 CMS: abort preclean due to time 2020-12-16T22:55:44.713+0800: 1738.377: [CMS-concurrent-abortable-preclean: 0.071/5.089 secs] [Times: user=0.20 sys=0.11, real=5.09 secs] 
2020-12-16T22:55:44.713+0800: 1738.378: [GC (CMS Final Remark) [YG occupancy: 297113 K (943680 K)]2020-12-16T22:55:44.714+0800: 1738.378: [Rescan (parallel) , 0.1208387 secs]2020-12-16T22:55:44.835+0800: 1738.499: [weak refs processing, 0.0006217 secs][1 CMS-remark: 63K(64K)] 297177K(943744K), 0.1216196 secs] [Times: user=1.00 sys=0.00, real=0.12 secs] 
2020-12-16T22:55:44.836+0800: 1738.500: [CMS-concurrent-sweep-start]
2020-12-16T22:55:44.836+0800: 1738.500: [CMS-concurrent-sweep: 0.000/0.000 secs] [Times: user=0.00 sys=0.00, real=0.00 secs] 
2020-12-16T22:55:44.836+0800: 1738.500: [CMS-concurrent-reset-start]
2020-12-16T22:55:44.836+0800: 1738.500: [CMS-concurrent-reset: 0.000/0.000 secs] [Times: user=0.00 sys=0.00, real=0.00 secs] 
2020-12-16T22:55:46.835+0800: 1740.499: [GC (CMS Initial Mark) [1 CMS-initial-mark: 63K(64K)] 297177K(943744K), 0.0584366 secs] [Times: user=0.17 sys=0.00, real=0.06 secs] 
2020-12-16T22:55:46.893+0800: 1740.558: [CMS-concurrent-mark-start]
2020-12-16T22:55:46.894+0800: 1740.558: [CMS-concurrent-mark: 0.000/0.000 secs] [Times: user=0.00 sys=0.00, real=0.00 secs] 
2020-12-16T22:55:46.894+0800: 1740.558: [CMS-concurrent-preclean-start]
2020-12-16T22:55:46.895+0800: 1740.559: [CMS-concurrent-preclean: 0.001/0.001 secs] [Times: user=0.00 sys=0.00, real=0.00 secs] 
2020-12-16T22:55:46.895+0800: 1740.559: [CMS-concurrent-abortable-preclean-start]
 CMS: abort preclean due to time 2020-12-16T22:55:51.977+0800: 1745.641: [CMS-concurrent-abortable-preclean: 0.062/5.082 secs] [Times: user=0.11 sys=0.09, real=5.08 secs] 
2020-12-16T22:55:51.978+0800: 1745.643: [GC (CMS Final Remark) [YG occupancy: 301269 K (943680 K)]2020-12-16T22:55:51.978+0800: 1745.643: [Rescan (parallel) , 0.0867285 secs]2020-12-16T22:55:52.065+0800: 1745.729: [weak refs processing, 0.0006111 secs][1 CMS-remark: 63K(64K)] 301333K(943744K), 0.0874287 secs] [Times: user=0.81 sys=0.00, real=0.09 secs] 
2020-12-16T22:55:52.066+0800: 1745.730: [CMS-concurrent-sweep-start]
2020-12-16T22:55:52.066+0800: 1745.730: [CMS-concurrent-sweep: 0.000/0.000 secs] [Times: user=0.00 sys=0.00, real=0.00 secs] 
2020-12-16T22:55:52.066+0800: 1745.730: [CMS-concurrent-reset-start]
2020-12-16T22:55:52.066+0800: 1745.730: [CMS-concurrent-reset: 0.000/0.000 secs] [Times: user=0.00 sys=0.00, real=0.00 secs] 
2020-12-16T22:55:54.067+0800: 1747.731: [GC (CMS Initial Mark) [1 CMS-initial-mark: 63K(64K)] 315039K(943744K), 0.0667008 secs] [Times: user=0.13 sys=0.00, real=0.07 secs] 
2020-12-16T22:55:54.133+0800: 1747.798: [CMS-concurrent-mark-start]
2020-12-16T22:55:54.133+0800: 1747.798: [CMS-concurrent-mark: 0.000/0.000 secs] [Times: user=0.00 sys=0.00, real=0.00 secs] 
2020-12-16T22:55:54.133+0800: 1747.798: [CMS-concurrent-preclean-start]
2020-12-16T22:55:54.134+0800: 1747.799: [CMS-concurrent-preclean: 0.001/0.001 secs] [Times: user=0.00 sys=0.00, real=0.00 secs] 
2020-12-16T22:55:54.134+0800: 1747.799: [CMS-concurrent-abortable-preclean-start]
 CMS: abort preclean due to time 2020-12-16T22:55:59.199+0800: 1752.863: [CMS-concurrent-abortable-preclean: 0.062/5.064 secs] [Times: user=0.27 sys=0.14, real=5.06 secs] 
2020-12-16T22:55:59.199+0800: 1752.863: [GC (CMS Final Remark) [YG occupancy: 319131 K (943680 K)]2020-12-16T22:55:59.199+0800: 1752.863: [Rescan (parallel) , 0.0897094 secs]2020-12-16T22:55:59.289+0800: 1752.953: [weak refs processing, 0.0006974 secs][1 CMS-remark: 63K(64K)] 319195K(943744K), 0.0904899 secs] [Times: user=0.70 sys=0.00, real=0.09 secs] 
2020-12-16T22:55:59.290+0800: 1752.954: [CMS-concurrent-sweep-start]
2020-12-16T22:55:59.290+0800: 1752.954: [CMS-concurrent-sweep: 0.000/0.000 secs] [Times: user=0.00 sys=0.00, real=0.00 secs] 
2020-12-16T22:55:59.290+0800: 1752.954: [CMS-concurrent-reset-start]
2020-12-16T22:55:59.290+0800: 1752.954: [CMS-concurrent-reset: 0.000/0.000 secs] [Times: user=0.00 sys=0.00, real=0.00 secs] 
2020-12-16T22:56:01.290+0800: 1754.954: [GC (CMS Initial Mark) [1 CMS-initial-mark: 63K(64K)] 371889K(943744K), 0.0571510 secs] [Times: user=0.23 sys=0.00, real=0.06 secs] 
2020-12-16T22:56:01.347+0800: 1755.012: [CMS-concurrent-mark-start]
2020-12-16T22:56:01.347+0800: 1755.012: [CMS-concurrent-mark: 0.000/0.000 secs] [Times: user=0.00 sys=0.00, real=0.00 secs] 
2020-12-16T22:56:01.348+0800: 1755.012: [CMS-concurrent-preclean-start]
2020-12-16T22:56:01.349+0800: 1755.013: [CMS-concurrent-preclean: 0.001/0.001 secs] [Times: user=0.00 sys=0.00, real=0.00 secs] 
2020-12-16T22:56:01.349+0800: 1755.013: [CMS-concurrent-abortable-preclean-start]
 CMS: abort preclean due to time 2020-12-16T22:56:06.444+0800: 1760.108: [CMS-concurrent-abortable-preclean: 0.076/5.095 secs] [Times: user=0.08 sys=0.14, real=5.10 secs] 
2020-12-16T22:56:06.445+0800: 1760.109: [GC (CMS Final Remark) [YG occupancy: 371825 K (943680 K)]2020-12-16T22:56:06.445+0800: 1760.109: [Rescan (parallel) , 0.1672717 secs]2020-12-16T22:56:06.612+0800: 1760.276: [weak refs processing, 0.0006199 secs][1 CMS-remark: 63K(64K)] 371889K(943744K), 0.1680463 secs] [Times: user=1.52 sys=0.03, real=0.17 secs] 
2020-12-16T22:56:06.613+0800: 1760.277: [CMS-concurrent-sweep-start]
2020-12-16T22:56:06.613+0800: 1760.277: [CMS-concurrent-sweep: 0.000/0.000 secs] [Times: user=0.00 sys=0.00, real=0.00 secs] 
2020-12-16T22:56:06.613+0800: 1760.277: [CMS-concurrent-reset-start]
2020-12-16T22:56:06.613+0800: 1760.277: [CMS-concurrent-reset: 0.000/0.000 secs] [Times: user=0.00 sys=0.00, real=0.00 secs] 
2020-12-16T22:56:08.613+0800: 1762.277: [GC (CMS Initial Mark) [1 CMS-initial-mark: 63K(64K)] 376046K(943744K), 0.1075749 secs] [Times: user=0.38 sys=0.00, real=0.11 secs] 
2020-12-16T22:56:08.721+0800: 1762.385: [CMS-concurrent-mark-start]
2020-12-16T22:56:08.721+0800: 1762.385: [CMS-concurrent-mark: 0.000/0.000 secs] [Times: user=0.00 sys=0.00, real=0.00 secs] 
2020-12-16T22:56:08.721+0800: 1762.385: [CMS-concurrent-preclean-start]
2020-12-16T22:56:08.722+0800: 1762.386: [CMS-concurrent-preclean: 0.001/0.001 secs] [Times: user=0.00 sys=0.00, real=0.00 secs] 
2020-12-16T22:56:08.722+0800: 1762.386: [CMS-concurrent-abortable-preclean-start]
 CMS: abort preclean due to time 2020-12-16T22:56:13.805+0800: 1767.469: [CMS-concurrent-abortable-preclean: 0.066/5.083 secs] [Times: user=0.05 sys=0.13, real=5.08 secs] 
2020-12-16T22:56:13.805+0800: 1767.470: [GC (CMS Final Remark) [YG occupancy: 375982 K (943680 K)]2020-12-16T22:56:13.805+0800: 1767.470: [Rescan (parallel) , 0.0903230 secs]2020-12-16T22:56:13.896+0800: 1767.560: [weak refs processing, 0.0007183 secs][1 CMS-remark: 63K(64K)] 376046K(943744K), 0.0911253 secs] [Times: user=0.67 sys=0.01, real=0.09 secs] 
2020-12-16T22:56:13.897+0800: 1767.561: [CMS-concurrent-sweep-start]
2020-12-16T22:56:13.897+0800: 1767.561: [CMS-concurrent-sweep: 0.000/0.000 secs] [Times: user=0.00 sys=0.00, real=0.00 secs] 
2020-12-16T22:56:13.897+0800: 1767.561: [CMS-concurrent-reset-start]
2020-12-16T22:56:13.897+0800: 1767.561: [CMS-concurrent-reset: 0.000/0.000 secs] [Times: user=0.00 sys=0.00, real=0.00 secs] 
2020-12-16T22:56:15.898+0800: 1769.562: [GC (CMS Initial Mark) [1 CMS-initial-mark: 63K(64K)] 376046K(943744K), 0.0518933 secs] [Times: user=0.25 sys=0.00, real=0.05 secs] 
2020-12-16T22:56:15.950+0800: 1769.614: [CMS-concurrent-mark-start]
2020-12-16T22:56:15.950+0800: 1769.614: [CMS-concurrent-mark: 0.000/0.000 secs] [Times: user=0.00 sys=0.00, real=0.00 secs] 
2020-12-16T22:56:15.950+0800: 1769.614: [CMS-concurrent-preclean-start]
2020-12-16T22:56:15.951+0800: 1769.615: [CMS-concurrent-preclean: 0.001/0.001 secs] [Times: user=0.00 sys=0.00, real=0.00 secs] 
2020-12-16T22:56:15.951+0800: 1769.615: [CMS-concurrent-abortable-preclean-start]
 CMS: abort preclean due to time 2020-12-16T22:56:21.040+0800: 1774.704: [CMS-concurrent-abortable-preclean: 0.073/5.089 secs] [Times: user=0.03 sys=0.16, real=5.09 secs] 
2020-12-16T22:56:21.041+0800: 1774.705: [GC (CMS Final Remark) [YG occupancy: 380138 K (943680 K)]2020-12-16T22:56:21.041+0800: 1774.705: [Rescan (parallel) , 0.1498130 secs]2020-12-16T22:56:21.190+0800: 1774.855: [weak refs processing, 0.0006274 secs][1 CMS-remark: 63K(64K)] 380202K(943744K), 0.1506034 secs] [Times: user=1.25 sys=0.00, real=0.15 secs] 
2020-12-16T22:56:21.191+0800: 1774.856: [CMS-concurrent-sweep-start]
2020-12-16T22:56:21.191+0800: 1774.856: [CMS-concurrent-sweep: 0.000/0.000 secs] [Times: user=0.00 sys=0.00, real=0.00 secs] 
2020-12-16T22:56:21.191+0800: 1774.856: [CMS-concurrent-reset-start]
2020-12-16T22:56:21.191+0800: 1774.856: [CMS-concurrent-reset: 0.000/0.000 secs] [Times: user=0.00 sys=0.00, real=0.00 secs] 
2020-12-16T22:56:23.192+0800: 1776.856: [GC (CMS Initial Mark) [1 CMS-initial-mark: 63K(64K)] 380202K(943744K), 0.0558062 secs] [Times: user=0.14 sys=0.00, real=0.06 secs] 
2020-12-16T22:56:23.247+0800: 1776.912: [CMS-concurrent-mark-start]
2020-12-16T22:56:23.247+0800: 1776.912: [CMS-concurrent-mark: 0.000/0.000 secs] [Times: user=0.00 sys=0.00, real=0.00 secs] 
2020-12-16T22:56:23.247+0800: 1776.912: [CMS-concurrent-preclean-start]
2020-12-16T22:56:23.248+0800: 1776.913: [CMS-concurrent-preclean: 0.001/0.001 secs] [Times: user=0.00 sys=0.00, real=0.00 secs] 
2020-12-16T22:56:23.248+0800: 1776.913: [CMS-concurrent-abortable-preclean-start]
 CMS: abort preclean due to time 2020-12-16T22:56:28.328+0800: 1781.992: [CMS-concurrent-abortable-preclean: 0.066/5.079 secs] [Times: user=0.03 sys=0.13, real=5.08 secs] 
2020-12-16T22:56:28.328+0800: 1781.992: [GC (CMS Final Remark) [YG occupancy: 380138 K (943680 K)]2020-12-16T22:56:28.328+0800: 1781.992: [Rescan (parallel) , 0.0856140 secs]2020-12-16T22:56:28.414+0800: 1782.078: [weak refs processing, 0.0007212 secs][1 CMS-remark: 63K(64K)] 380202K(943744K), 0.0864294 secs] [Times: user=0.66 sys=0.02, real=0.09 secs] 
2020-12-16T22:56:28.415+0800: 1782.079: [CMS-concurrent-sweep-start]
2020-12-16T22:56:28.415+0800: 1782.079: [CMS-concurrent-sweep: 0.000/0.000 secs] [Times: user=0.00 sys=0.00, real=0.00 secs] 
2020-12-16T22:56:28.415+0800: 1782.079: [CMS-concurrent-reset-start]
2020-12-16T22:56:28.415+0800: 1782.079: [CMS-concurrent-reset: 0.000/0.000 secs] [Times: user=0.00 sys=0.00, real=0.00 secs] 
2020-12-16T22:56:30.415+0800: 1784.079: [GC (CMS Initial Mark) [1 CMS-initial-mark: 63K(64K)] 384358K(943744K), 0.0578307 secs] [Times: user=0.22 sys=0.00, real=0.06 secs] 
2020-12-16T22:56:30.472+0800: 1784.136: [CMS-concurrent-mark-start]
2020-12-16T22:56:30.472+0800: 1784.137: [CMS-concurrent-mark: 0.000/0.000 secs] [Times: user=0.00 sys=0.00, real=0.00 secs] 
2020-12-16T22:56:30.472+0800: 1784.137: [CMS-concurrent-preclean-start]
2020-12-16T22:56:30.473+0800: 1784.138: [CMS-concurrent-preclean: 0.001/0.001 secs] [Times: user=0.00 sys=0.00, real=0.00 secs] 
2020-12-16T22:56:30.473+0800: 1784.138: [CMS-concurrent-abortable-preclean-start]
 CMS: abort preclean due to time 2020-12-16T22:56:35.557+0800: 1789.221: [CMS-concurrent-abortable-preclean: 0.066/5.083 secs] [Times: user=0.05 sys=0.16, real=5.08 secs] 
2020-12-16T22:56:35.557+0800: 1789.221: [GC (CMS Final Remark) [YG occupancy: 384294 K (943680 K)]2020-12-16T22:56:35.557+0800: 1789.222: [Rescan (parallel) , 0.0842899 secs]2020-12-16T22:56:35.642+0800: 1789.306: [weak refs processing, 0.0006698 secs][1 CMS-remark: 63K(64K)] 384358K(943744K), 0.0850529 secs] [Times: user=0.66 sys=0.00, real=0.09 secs] 
2020-12-16T22:56:35.642+0800: 1789.307: [CMS-concurrent-sweep-start]
2020-12-16T22:56:35.642+0800: 1789.307: [CMS-concurrent-sweep: 0.000/0.000 secs] [Times: user=0.00 sys=0.00, real=0.00 secs] 
2020-12-16T22:56:35.643+0800: 1789.307: [CMS-concurrent-reset-start]
2020-12-16T22:56:35.643+0800: 1789.307: [CMS-concurrent-reset: 0.000/0.000 secs] [Times: user=0.00 sys=0.00, real=0.00 secs] 
2020-12-16T22:56:37.644+0800: 1791.308: [GC (CMS Initial Mark) [1 CMS-initial-mark: 63K(64K)] 384358K(943744K), 0.0533208 secs] [Times: user=0.14 sys=0.00, real=0.05 secs] 
2020-12-16T22:56:37.697+0800: 1791.361: [CMS-concurrent-mark-start]
2020-12-16T22:56:37.697+0800: 1791.361: [CMS-concurrent-mark: 0.000/0.000 secs] [Times: user=0.02 sys=0.01, real=0.00 secs] 
2020-12-16T22:56:37.698+0800: 1791.361: [CMS-concurrent-preclean-start]
2020-12-16T22:56:37.699+0800: 1791.363: [CMS-concurrent-preclean: 0.001/0.001 secs] [Times: user=0.00 sys=0.00, real=0.00 secs] 
2020-12-16T22:56:37.699+0800: 1791.363: [CMS-concurrent-abortable-preclean-start]
 CMS: abort preclean due to time 2020-12-16T22:56:42.778+0800: 1796.442: [CMS-concurrent-abortable-preclean: 0.062/5.079 secs] [Times: user=0.05 sys=0.16, real=5.08 secs] 
2020-12-16T22:56:42.778+0800: 1796.442: [GC (CMS Final Remark) [YG occupancy: 388450 K (943680 K)]2020-12-16T22:56:42.778+0800: 1796.442: [Rescan (parallel) , 0.0826058 secs]2020-12-16T22:56:42.860+0800: 1796.524: [weak refs processing, 0.0007139 secs][1 CMS-remark: 63K(64K)] 388514K(943744K), 0.0833975 secs] [Times: user=0.63 sys=0.00, real=0.08 secs] 
2020-12-16T22:56:42.861+0800: 1796.525: [CMS-concurrent-sweep-start]
2020-12-16T22:56:42.861+0800: 1796.525: [CMS-concurrent-sweep: 0.000/0.000 secs] [Times: user=0.00 sys=0.00, real=0.00 secs] 
2020-12-16T22:56:42.861+0800: 1796.525: [CMS-concurrent-reset-start]
2020-12-16T22:56:42.861+0800: 1796.525: [CMS-concurrent-reset: 0.000/0.000 secs] [Times: user=0.00 sys=0.00, real=0.00 secs] 
2020-12-16T22:56:44.861+0800: 1798.525: [GC (CMS Initial Mark) [1 CMS-initial-mark: 63K(64K)] 388514K(943744K), 0.0559471 secs] [Times: user=0.13 sys=0.00, real=0.06 secs] 
2020-12-16T22:56:44.917+0800: 1798.581: [CMS-concurrent-mark-start]
2020-12-16T22:56:44.917+0800: 1798.581: [CMS-concurrent-mark: 0.000/0.000 secs] [Times: user=0.00 sys=0.00, real=0.00 secs] 
2020-12-16T22:56:44.917+0800: 1798.581: [CMS-concurrent-preclean-start]
2020-12-16T22:56:44.919+0800: 1798.582: [CMS-concurrent-preclean: 0.001/0.001 secs] [Times: user=0.00 sys=0.00, real=0.00 secs] 
2020-12-16T22:56:44.919+0800: 1798.582: [CMS-concurrent-abortable-preclean-start]
 CMS: abort preclean due to time 2020-12-16T22:56:49.999+0800: 1803.663: [CMS-concurrent-abortable-preclean: 0.065/5.080 secs] [Times: user=0.02 sys=0.09, real=5.08 secs] 
2020-12-16T22:56:49.999+0800: 1803.663: [GC (CMS Final Remark) [YG occupancy: 392607 K (943680 K)]2020-12-16T22:56:49.999+0800: 1803.663: [Rescan (parallel) , 0.0807542 secs]2020-12-16T22:56:50.080+0800: 1803.744: [weak refs processing, 0.0006111 secs][1 CMS-remark: 63K(64K)] 392671K(943744K), 0.0814437 secs] [Times: user=0.73 sys=0.00, real=0.08 secs] 
2020-12-16T22:56:50.081+0800: 1803.745: [CMS-concurrent-sweep-start]
2020-12-16T22:56:50.081+0800: 1803.745: [CMS-concurrent-sweep: 0.000/0.000 secs] [Times: user=0.00 sys=0.00, real=0.00 secs] 
2020-12-16T22:56:50.081+0800: 1803.745: [CMS-concurrent-reset-start]
2020-12-16T22:56:50.081+0800: 1803.745: [CMS-concurrent-reset: 0.000/0.000 secs] [Times: user=0.00 sys=0.00, real=0.00 secs] 
2020-12-16T22:56:52.082+0800: 1805.746: [GC (CMS Initial Mark) [1 CMS-initial-mark: 63K(64K)] 392671K(943744K), 0.0604209 secs] [Times: user=0.14 sys=0.00, real=0.06 secs] 
2020-12-16T22:56:52.142+0800: 1805.806: [CMS-concurrent-mark-start]
2020-12-16T22:56:52.143+0800: 1805.807: [CMS-concurrent-mark: 0.000/0.000 secs] [Times: user=0.00 sys=0.00, real=0.00 secs] 
2020-12-16T22:56:52.143+0800: 1805.807: [CMS-concurrent-preclean-start]
2020-12-16T22:56:52.144+0800: 1805.808: [CMS-concurrent-preclean: 0.001/0.001 secs] [Times: user=0.00 sys=0.00, real=0.00 secs] 
2020-12-16T22:56:52.144+0800: 1805.808: [CMS-concurrent-abortable-preclean-start]
 CMS: abort preclean due to time 2020-12-16T22:56:57.227+0800: 1810.891: [CMS-concurrent-abortable-preclean: 0.069/5.084 secs] [Times: user=0.08 sys=0.19, real=5.08 secs] 
2020-12-16T22:56:57.227+0800: 1810.892: [GC (CMS Final Remark) [YG occupancy: 392607 K (943680 K)]2020-12-16T22:56:57.227+0800: 1810.892: [Rescan (parallel) , 0.0808389 secs]2020-12-16T22:56:57.308+0800: 1810.973: [weak refs processing, 0.0006714 secs][1 CMS-remark: 63K(64K)] 392671K(943744K), 0.0816037 secs] [Times: user=0.81 sys=0.00, real=0.08 secs] 
2020-12-16T22:56:57.309+0800: 1810.973: [CMS-concurrent-sweep-start]
2020-12-16T22:56:57.309+0800: 1810.974: [CMS-concurrent-sweep: 0.000/0.000 secs] [Times: user=0.00 sys=0.00, real=0.00 secs] 
2020-12-16T22:56:57.309+0800: 1810.974: [CMS-concurrent-reset-start]
2020-12-16T22:56:57.309+0800: 1810.974: [CMS-concurrent-reset: 0.000/0.000 secs] [Times: user=0.00 sys=0.00, real=0.00 secs] 
2020-12-16T22:56:59.311+0800: 1812.975: [GC (CMS Initial Mark) [1 CMS-initial-mark: 63K(64K)] 396827K(943744K), 0.0522835 secs] [Times: user=0.09 sys=0.00, real=0.05 secs] 
2020-12-16T22:56:59.362+0800: 1813.027: [CMS-concurrent-mark-start]
2020-12-16T22:56:59.362+0800: 1813.027: [CMS-concurrent-mark: 0.000/0.000 secs] [Times: user=0.00 sys=0.00, real=0.00 secs] 
2020-12-16T22:56:59.363+0800: 1813.027: [CMS-concurrent-preclean-start]
2020-12-16T22:56:59.364+0800: 1813.028: [CMS-concurrent-preclean: 0.001/0.001 secs] [Times: user=0.00 sys=0.00, real=0.00 secs] 
2020-12-16T22:56:59.364+0800: 1813.028: [CMS-concurrent-abortable-preclean-start]
 CMS: abort preclean due to time 2020-12-16T22:57:04.416+0800: 1818.080: [CMS-concurrent-abortable-preclean: 0.068/5.052 secs] [Times: user=0.13 sys=0.13, real=5.05 secs] 
2020-12-16T22:57:04.416+0800: 1818.081: [GC (CMS Final Remark) [YG occupancy: 406330 K (943680 K)]2020-12-16T22:57:04.417+0800: 1818.081: [Rescan (parallel) , 0.1160125 secs]2020-12-16T22:57:04.532+0800: 1818.197: [weak refs processing, 0.0007134 secs][1 CMS-remark: 63K(64K)] 406394K(943744K), 0.1168788 secs] [Times: user=1.02 sys=0.02, real=0.12 secs] 
2020-12-16T22:57:04.533+0800: 1818.198: [CMS-concurrent-sweep-start]
2020-12-16T22:57:04.533+0800: 1818.198: [CMS-concurrent-sweep: 0.000/0.000 secs] [Times: user=0.00 sys=0.00, real=0.00 secs] 
2020-12-16T22:57:04.533+0800: 1818.198: [CMS-concurrent-reset-start]
2020-12-16T22:57:04.533+0800: 1818.198: [CMS-concurrent-reset: 0.000/0.000 secs] [Times: user=0.00 sys=0.00, real=0.00 secs] 
2020-12-16T22:57:06.534+0800: 1820.198: [GC (CMS Initial Mark) [1 CMS-initial-mark: 63K(64K)] 406394K(943744K), 0.0506140 secs] [Times: user=0.13 sys=0.00, real=0.05 secs] 
2020-12-16T22:57:06.585+0800: 1820.249: [CMS-concurrent-mark-start]
2020-12-16T22:57:06.585+0800: 1820.249: [CMS-concurrent-mark: 0.000/0.000 secs] [Times: user=0.00 sys=0.00, real=0.00 secs] 
2020-12-16T22:57:06.585+0800: 1820.249: [CMS-concurrent-preclean-start]
2020-12-16T22:57:06.586+0800: 1820.250: [CMS-concurrent-preclean: 0.001/0.001 secs] [Times: user=0.00 sys=0.00, real=0.00 secs] 
2020-12-16T22:57:06.586+0800: 1820.251: [CMS-concurrent-abortable-preclean-start]
 CMS: abort preclean due to time 2020-12-16T22:57:11.673+0800: 1825.338: [CMS-concurrent-abortable-preclean: 0.073/5.087 secs] [Times: user=0.11 sys=0.14, real=5.09 secs] 
2020-12-16T22:57:11.673+0800: 1825.338: [GC (CMS Final Remark) [YG occupancy: 410487 K (943680 K)]2020-12-16T22:57:11.673+0800: 1825.338: [Rescan (parallel) , 0.0833727 secs]2020-12-16T22:57:11.757+0800: 1825.421: [weak refs processing, 0.0006124 secs][1 CMS-remark: 63K(64K)] 410551K(943744K), 0.0840694 secs] [Times: user=0.67 sys=0.00, real=0.08 secs] 
2020-12-16T22:57:11.758+0800: 1825.422: [CMS-concurrent-sweep-start]
2020-12-16T22:57:11.758+0800: 1825.422: [CMS-concurrent-sweep: 0.000/0.000 secs] [Times: user=0.00 sys=0.00, real=0.00 secs] 
2020-12-16T22:57:11.758+0800: 1825.422: [CMS-concurrent-reset-start]
2020-12-16T22:57:11.758+0800: 1825.422: [CMS-concurrent-reset: 0.000/0.000 secs] [Times: user=0.00 sys=0.00, real=0.00 secs] 
2020-12-16T22:57:13.758+0800: 1827.422: [GC (CMS Initial Mark) [1 CMS-initial-mark: 63K(64K)] 410551K(943744K), 0.0654101 secs] [Times: user=0.25 sys=0.00, real=0.06 secs] 
2020-12-16T22:57:13.822+0800: 1827.487: [CMS-concurrent-mark-start]
2020-12-16T22:57:13.823+0800: 1827.487: [CMS-concurrent-mark: 0.000/0.000 secs] [Times: user=0.00 sys=0.00, real=0.00 secs] 
2020-12-16T22:57:13.823+0800: 1827.487: [CMS-concurrent-preclean-start]
2020-12-16T22:57:13.824+0800: 1827.489: [CMS-concurrent-preclean: 0.001/0.001 secs] [Times: user=0.00 sys=0.00, real=0.00 secs] 
2020-12-16T22:57:13.824+0800: 1827.489: [CMS-concurrent-abortable-preclean-start]
 CMS: abort preclean due to time 2020-12-16T22:57:18.907+0800: 1832.571: [CMS-concurrent-abortable-preclean: 0.069/5.082 secs] [Times: user=0.03 sys=0.11, real=5.08 secs] 
2020-12-16T22:57:18.907+0800: 1832.571: [GC (CMS Final Remark) [YG occupancy: 410487 K (943680 K)]2020-12-16T22:57:18.907+0800: 1832.571: [Rescan (parallel) , 0.0938832 secs]2020-12-16T22:57:19.001+0800: 1832.665: [weak refs processing, 0.0006527 secs][1 CMS-remark: 63K(64K)] 410551K(943744K), 0.0946211 secs] [Times: user=0.86 sys=0.02, real=0.10 secs] 
2020-12-16T22:57:19.002+0800: 1832.666: [CMS-concurrent-sweep-start]
2020-12-16T22:57:19.002+0800: 1832.666: [CMS-concurrent-sweep: 0.000/0.000 secs] [Times: user=0.00 sys=0.00, real=0.00 secs] 
2020-12-16T22:57:19.002+0800: 1832.666: [CMS-concurrent-reset-start]
2020-12-16T22:57:19.002+0800: 1832.666: [CMS-concurrent-reset: 0.000/0.000 secs] [Times: user=0.00 sys=0.00, real=0.00 secs] 
2020-12-16T22:57:21.002+0800: 1834.666: [GC (CMS Initial Mark) [1 CMS-initial-mark: 63K(64K)] 414707K(943744K), 0.0522530 secs] [Times: user=0.14 sys=0.00, real=0.05 secs] 
2020-12-16T22:57:21.054+0800: 1834.719: [CMS-concurrent-mark-start]
2020-12-16T22:57:21.054+0800: 1834.719: [CMS-concurrent-mark: 0.000/0.000 secs] [Times: user=0.00 sys=0.00, real=0.00 secs] 
2020-12-16T22:57:21.054+0800: 1834.719: [CMS-concurrent-preclean-start]
2020-12-16T22:57:21.056+0800: 1834.720: [CMS-concurrent-preclean: 0.001/0.001 secs] [Times: user=0.00 sys=0.00, real=0.00 secs] 
2020-12-16T22:57:21.056+0800: 1834.720: [CMS-concurrent-abortable-preclean-start]
 CMS: abort preclean due to time 2020-12-16T22:57:26.138+0800: 1839.802: [CMS-concurrent-abortable-preclean: 0.068/5.082 secs] [Times: user=0.08 sys=0.13, real=5.08 secs] 
2020-12-16T22:57:26.138+0800: 1839.802: [GC (CMS Final Remark) [YG occupancy: 414643 K (943680 K)]2020-12-16T22:57:26.138+0800: 1839.803: [Rescan (parallel) , 0.0843043 secs]2020-12-16T22:57:26.223+0800: 1839.887: [weak refs processing, 0.0006381 secs][1 CMS-remark: 63K(64K)] 414707K(943744K), 0.0850342 secs] [Times: user=0.45 sys=0.00, real=0.09 secs] 
2020-12-16T22:57:26.223+0800: 1839.888: [CMS-concurrent-sweep-start]
2020-12-16T22:57:26.224+0800: 1839.888: [CMS-concurrent-sweep: 0.000/0.000 secs] [Times: user=0.00 sys=0.00, real=0.00 secs] 
2020-12-16T22:57:26.224+0800: 1839.888: [CMS-concurrent-reset-start]
2020-12-16T22:57:26.224+0800: 1839.888: [CMS-concurrent-reset: 0.000/0.000 secs] [Times: user=0.00 sys=0.00, real=0.00 secs] 
2020-12-16T22:57:28.224+0800: 1841.888: [GC (CMS Initial Mark) [1 CMS-initial-mark: 63K(64K)] 414707K(943744K), 0.0880716 secs] [Times: user=0.41 sys=0.00, real=0.09 secs] 
2020-12-16T22:57:28.312+0800: 1841.976: [CMS-concurrent-mark-start]
2020-12-16T22:57:28.312+0800: 1841.976: [CMS-concurrent-mark: 0.000/0.000 secs] [Times: user=0.00 sys=0.00, real=0.00 secs] 
2020-12-16T22:57:28.312+0800: 1841.976: [CMS-concurrent-preclean-start]
2020-12-16T22:57:28.314+0800: 1841.978: [CMS-concurrent-preclean: 0.001/0.001 secs] [Times: user=0.00 sys=0.00, real=0.00 secs] 
2020-12-16T22:57:28.314+0800: 1841.978: [CMS-concurrent-abortable-preclean-start]
 CMS: abort preclean due to time 2020-12-16T22:57:33.392+0800: 1847.057: [CMS-concurrent-abortable-preclean: 0.066/5.079 secs] [Times: user=0.05 sys=0.17, real=5.08 secs] 
2020-12-16T22:57:33.392+0800: 1847.057: [GC (CMS Final Remark) [YG occupancy: 418799 K (943680 K)]2020-12-16T22:57:33.392+0800: 1847.057: [Rescan (parallel) , 0.0990239 secs]2020-12-16T22:57:33.492+0800: 1847.156: [weak refs processing, 0.0007123 secs][1 CMS-remark: 63K(64K)] 418863K(943744K), 0.0998276 secs] [Times: user=0.81 sys=0.01, real=0.10 secs] 
2020-12-16T22:57:33.492+0800: 1847.157: [CMS-concurrent-sweep-start]
2020-12-16T22:57:33.493+0800: 1847.157: [CMS-concurrent-sweep: 0.000/0.000 secs] [Times: user=0.00 sys=0.00, real=0.00 secs] 
2020-12-16T22:57:33.493+0800: 1847.157: [CMS-concurrent-reset-start]
2020-12-16T22:57:33.493+0800: 1847.157: [CMS-concurrent-reset: 0.000/0.000 secs] [Times: user=0.00 sys=0.00, real=0.00 secs] 
2020-12-16T22:57:35.494+0800: 1849.158: [GC (CMS Initial Mark) [1 CMS-initial-mark: 63K(64K)] 418863K(943744K), 0.0705581 secs] [Times: user=0.20 sys=0.00, real=0.07 secs] 
2020-12-16T22:57:35.564+0800: 1849.229: [CMS-concurrent-mark-start]
2020-12-16T22:57:35.564+0800: 1849.229: [CMS-concurrent-mark: 0.000/0.000 secs] [Times: user=0.00 sys=0.00, real=0.00 secs] 
2020-12-16T22:57:35.564+0800: 1849.229: [CMS-concurrent-preclean-start]
2020-12-16T22:57:35.566+0800: 1849.230: [CMS-concurrent-preclean: 0.001/0.001 secs] [Times: user=0.00 sys=0.00, real=0.00 secs] 
2020-12-16T22:57:35.566+0800: 1849.230: [CMS-concurrent-abortable-preclean-start]
 CMS: abort preclean due to time 2020-12-16T22:57:40.652+0800: 1854.316: [CMS-concurrent-abortable-preclean: 0.067/5.086 secs] [Times: user=0.02 sys=0.20, real=5.09 secs] 
2020-12-16T22:57:40.652+0800: 1854.316: [GC (CMS Final Remark) [YG occupancy: 422956 K (943680 K)]2020-12-16T22:57:40.652+0800: 1854.316: [Rescan (parallel) , 0.0830051 secs]2020-12-16T22:57:40.735+0800: 1854.400: [weak refs processing, 0.0006929 secs][1 CMS-remark: 63K(64K)] 423020K(943744K), 0.0837897 secs] [Times: user=0.66 sys=0.00, real=0.08 secs] 
2020-12-16T22:57:40.736+0800: 1854.400: [CMS-concurrent-sweep-start]
2020-12-16T22:57:40.736+0800: 1854.400: [CMS-concurrent-sweep: 0.000/0.000 secs] [Times: user=0.00 sys=0.00, real=0.00 secs] 
2020-12-16T22:57:40.736+0800: 1854.401: [CMS-concurrent-reset-start]
2020-12-16T22:57:40.736+0800: 1854.401: [CMS-concurrent-reset: 0.000/0.000 secs] [Times: user=0.00 sys=0.00, real=0.00 secs] 
2020-12-16T22:57:42.738+0800: 1856.402: [GC (CMS Initial Mark) [1 CMS-initial-mark: 63K(64K)] 423020K(943744K), 0.0561765 secs] [Times: user=0.14 sys=0.00, real=0.06 secs] 
2020-12-16T22:57:42.793+0800: 1856.458: [CMS-concurrent-mark-start]
2020-12-16T22:57:42.793+0800: 1856.458: [CMS-concurrent-mark: 0.000/0.000 secs] [Times: user=0.00 sys=0.00, real=0.00 secs] 
2020-12-16T22:57:42.793+0800: 1856.458: [CMS-concurrent-preclean-start]
2020-12-16T22:57:42.794+0800: 1856.459: [CMS-concurrent-preclean: 0.001/0.001 secs] [Times: user=0.00 sys=0.00, real=0.00 secs] 
2020-12-16T22:57:42.795+0800: 1856.459: [CMS-concurrent-abortable-preclean-start]
 CMS: abort preclean due to time 2020-12-16T22:57:47.885+0800: 1861.549: [CMS-concurrent-abortable-preclean: 0.072/5.090 secs] [Times: user=0.09 sys=0.08, real=5.09 secs] 
2020-12-16T22:57:47.886+0800: 1861.550: [GC (CMS Final Remark) [YG occupancy: 422956 K (943680 K)]2020-12-16T22:57:47.886+0800: 1861.550: [Rescan (parallel) , 0.1208204 secs]2020-12-16T22:57:48.007+0800: 1861.671: [weak refs processing, 0.0007235 secs][1 CMS-remark: 63K(64K)] 423020K(943744K), 0.1216929 secs] [Times: user=0.95 sys=0.02, real=0.12 secs] 
2020-12-16T22:57:48.008+0800: 1861.672: [CMS-concurrent-sweep-start]
2020-12-16T22:57:48.008+0800: 1861.672: [CMS-concurrent-sweep: 0.000/0.000 secs] [Times: user=0.00 sys=0.00, real=0.00 secs] 
2020-12-16T22:57:48.008+0800: 1861.672: [CMS-concurrent-reset-start]
2020-12-16T22:57:48.008+0800: 1861.672: [CMS-concurrent-reset: 0.000/0.000 secs] [Times: user=0.00 sys=0.00, real=0.00 secs] 
2020-12-16T22:57:50.008+0800: 1863.672: [GC (CMS Initial Mark) [1 CMS-initial-mark: 63K(64K)] 423020K(943744K), 0.0557195 secs] [Times: user=0.23 sys=0.00, real=0.06 secs] 
2020-12-16T22:57:50.063+0800: 1863.727: [CMS-concurrent-mark-start]
2020-12-16T22:57:50.063+0800: 1863.728: [CMS-concurrent-mark: 0.000/0.000 secs] [Times: user=0.00 sys=0.00, real=0.00 secs] 
2020-12-16T22:57:50.063+0800: 1863.728: [CMS-concurrent-preclean-start]
2020-12-16T22:57:50.064+0800: 1863.729: [CMS-concurrent-preclean: 0.001/0.001 secs] [Times: user=0.00 sys=0.00, real=0.00 secs] 
2020-12-16T22:57:50.064+0800: 1863.729: [CMS-concurrent-abortable-preclean-start]
 CMS: abort preclean due to time 2020-12-16T22:57:55.149+0800: 1868.813: [CMS-concurrent-abortable-preclean: 0.068/5.085 secs] [Times: user=0.11 sys=0.06, real=5.09 secs] 
2020-12-16T22:57:55.149+0800: 1868.814: [GC (CMS Final Remark) [YG occupancy: 427112 K (943680 K)]2020-12-16T22:57:55.149+0800: 1868.814: [Rescan (parallel) , 0.0832085 secs]2020-12-16T22:57:55.233+0800: 1868.897: [weak refs processing, 0.0007200 secs][1 CMS-remark: 63K(64K)] 427176K(943744K), 0.0840172 secs] [Times: user=0.78 sys=0.02, real=0.08 secs] 
2020-12-16T22:57:55.234+0800: 1868.898: [CMS-concurrent-sweep-start]
2020-12-16T22:57:55.234+0800: 1868.898: [CMS-concurrent-sweep: 0.000/0.000 secs] [Times: user=0.00 sys=0.00, real=0.00 secs] 
2020-12-16T22:57:55.234+0800: 1868.898: [CMS-concurrent-reset-start]
2020-12-16T22:57:55.234+0800: 1868.898: [CMS-concurrent-reset: 0.000/0.000 secs] [Times: user=0.00 sys=0.00, real=0.00 secs] 
2020-12-16T22:57:57.233+0800: 1870.897: [GC (CMS Initial Mark) [1 CMS-initial-mark: 63K(64K)] 427176K(943744K), 0.0519771 secs] [Times: user=0.13 sys=0.00, real=0.05 secs] 
2020-12-16T22:57:57.285+0800: 1870.949: [CMS-concurrent-mark-start]
2020-12-16T22:57:57.285+0800: 1870.950: [CMS-concurrent-mark: 0.000/0.000 secs] [Times: user=0.00 sys=0.00, real=0.00 secs] 
2020-12-16T22:57:57.285+0800: 1870.950: [CMS-concurrent-preclean-start]
2020-12-16T22:57:57.286+0800: 1870.951: [CMS-concurrent-preclean: 0.001/0.001 secs] [Times: user=0.00 sys=0.00, real=0.00 secs] 
2020-12-16T22:57:57.286+0800: 1870.951: [CMS-concurrent-abortable-preclean-start]
 CMS: abort preclean due to time 2020-12-16T22:58:02.373+0800: 1876.037: [CMS-concurrent-abortable-preclean: 0.070/5.086 secs] [Times: user=0.19 sys=0.14, real=5.09 secs] 
2020-12-16T22:58:02.373+0800: 1876.037: [GC (CMS Final Remark) [YG occupancy: 431268 K (943680 K)]2020-12-16T22:58:02.373+0800: 1876.037: [Rescan (parallel) , 0.0787839 secs]2020-12-16T22:58:02.451+0800: 1876.116: [weak refs processing, 0.0007291 secs][1 CMS-remark: 63K(64K)] 431332K(943744K), 0.0796011 secs] [Times: user=0.66 sys=0.02, real=0.08 secs] 
2020-12-16T22:58:02.452+0800: 1876.117: [CMS-concurrent-sweep-start]
2020-12-16T22:58:02.452+0800: 1876.117: [CMS-concurrent-sweep: 0.000/0.000 secs] [Times: user=0.00 sys=0.00, real=0.00 secs] 
2020-12-16T22:58:02.452+0800: 1876.117: [CMS-concurrent-reset-start]
2020-12-16T22:58:02.452+0800: 1876.117: [CMS-concurrent-reset: 0.000/0.000 secs] [Times: user=0.00 sys=0.00, real=0.00 secs] 
2020-12-16T22:58:04.453+0800: 1878.117: [GC (CMS Initial Mark) [1 CMS-initial-mark: 63K(64K)] 431332K(943744K), 0.0707432 secs] [Times: user=0.16 sys=0.00, real=0.07 secs] 
2020-12-16T22:58:04.524+0800: 1878.188: [CMS-concurrent-mark-start]
2020-12-16T22:58:04.524+0800: 1878.188: [CMS-concurrent-mark: 0.000/0.000 secs] [Times: user=0.00 sys=0.00, real=0.00 secs] 
2020-12-16T22:58:04.524+0800: 1878.188: [CMS-concurrent-preclean-start]
2020-12-16T22:58:04.525+0800: 1878.190: [CMS-concurrent-preclean: 0.001/0.001 secs] [Times: user=0.00 sys=0.00, real=0.00 secs] 
2020-12-16T22:58:04.525+0800: 1878.190: [CMS-concurrent-abortable-preclean-start]
 CMS: abort preclean due to time 2020-12-16T22:58:09.612+0800: 1883.276: [CMS-concurrent-abortable-preclean: 0.067/5.086 secs] [Times: user=0.17 sys=0.09, real=5.09 secs] 
2020-12-16T22:58:09.612+0800: 1883.276: [GC (CMS Final Remark) [YG occupancy: 431268 K (943680 K)]2020-12-16T22:58:09.612+0800: 1883.276: [Rescan (parallel) , 0.0756306 secs]2020-12-16T22:58:09.688+0800: 1883.352: [weak refs processing, 0.0006949 secs][1 CMS-remark: 63K(64K)] 431332K(943744K), 0.0764132 secs] [Times: user=0.69 sys=0.00, real=0.08 secs] 
2020-12-16T22:58:09.689+0800: 1883.353: [CMS-concurrent-sweep-start]
2020-12-16T22:58:09.689+0800: 1883.353: [CMS-concurrent-sweep: 0.000/0.000 secs] [Times: user=0.00 sys=0.00, real=0.00 secs] 
2020-12-16T22:58:09.689+0800: 1883.353: [CMS-concurrent-reset-start]
2020-12-16T22:58:09.689+0800: 1883.353: [CMS-concurrent-reset: 0.000/0.000 secs] [Times: user=0.00 sys=0.00, real=0.00 secs] 
2020-12-16T22:58:11.690+0800: 1885.354: [GC (CMS Initial Mark) [1 CMS-initial-mark: 63K(64K)] 435488K(943744K), 0.0545938 secs] [Times: user=0.14 sys=0.00, real=0.05 secs] 
2020-12-16T22:58:11.745+0800: 1885.409: [CMS-concurrent-mark-start]
2020-12-16T22:58:11.745+0800: 1885.409: [CMS-concurrent-mark: 0.000/0.000 secs] [Times: user=0.00 sys=0.00, real=0.00 secs] 
2020-12-16T22:58:11.745+0800: 1885.409: [CMS-concurrent-preclean-start]
2020-12-16T22:58:11.746+0800: 1885.410: [CMS-concurrent-preclean: 0.001/0.001 secs] [Times: user=0.00 sys=0.00, real=0.00 secs] 
2020-12-16T22:58:11.746+0800: 1885.410: [CMS-concurrent-abortable-preclean-start]
 CMS: abort preclean due to time 2020-12-16T22:58:16.834+0800: 1890.498: [CMS-concurrent-abortable-preclean: 0.070/5.088 secs] [Times: user=0.09 sys=0.16, real=5.09 secs] 
2020-12-16T22:58:16.834+0800: 1890.498: [GC (CMS Final Remark) [YG occupancy: 435425 K (943680 K)]2020-12-16T22:58:16.834+0800: 1890.498: [Rescan (parallel) , 0.0837523 secs]2020-12-16T22:58:16.918+0800: 1890.582: [weak refs processing, 0.0006454 secs][1 CMS-remark: 63K(64K)] 435488K(943744K), 0.0844912 secs] [Times: user=0.73 sys=0.00, real=0.08 secs] 
2020-12-16T22:58:16.919+0800: 1890.583: [CMS-concurrent-sweep-start]
2020-12-16T22:58:16.919+0800: 1890.583: [CMS-concurrent-sweep: 0.000/0.000 secs] [Times: user=0.00 sys=0.00, real=0.00 secs] 
2020-12-16T22:58:16.919+0800: 1890.583: [CMS-concurrent-reset-start]
2020-12-16T22:58:16.919+0800: 1890.583: [CMS-concurrent-reset: 0.000/0.000 secs] [Times: user=0.00 sys=0.00, real=0.00 secs] 
2020-12-16T22:58:18.920+0800: 1892.584: [GC (CMS Initial Mark) [1 CMS-initial-mark: 63K(64K)] 435488K(943744K), 0.0546562 secs] [Times: user=0.13 sys=0.00, real=0.05 secs] 
2020-12-16T22:58:18.975+0800: 1892.639: [CMS-concurrent-mark-start]
2020-12-16T22:58:18.975+0800: 1892.639: [CMS-concurrent-mark: 0.000/0.000 secs] [Times: user=0.00 sys=0.00, real=0.00 secs] 
2020-12-16T22:58:18.975+0800: 1892.639: [CMS-concurrent-preclean-start]
2020-12-16T22:58:18.976+0800: 1892.640: [CMS-concurrent-preclean: 0.001/0.001 secs] [Times: user=0.00 sys=0.00, real=0.00 secs] 
2020-12-16T22:58:18.976+0800: 1892.640: [CMS-concurrent-abortable-preclean-start]
 CMS: abort preclean due to time 2020-12-16T22:58:24.055+0800: 1897.719: [CMS-concurrent-abortable-preclean: 0.064/5.079 secs] [Times: user=0.02 sys=0.14, real=5.08 secs] 
2020-12-16T22:58:24.055+0800: 1897.719: [GC (CMS Final Remark) [YG occupancy: 439581 K (943680 K)]2020-12-16T22:58:24.055+0800: 1897.719: [Rescan (parallel) , 0.0861717 secs]2020-12-16T22:58:24.141+0800: 1897.805: [weak refs processing, 0.0008954 secs][1 CMS-remark: 63K(64K)] 439645K(943744K), 0.0871808 secs] [Times: user=0.72 sys=0.00, real=0.09 secs] 
2020-12-16T22:58:24.142+0800: 1897.807: [CMS-concurrent-sweep-start]
2020-12-16T22:58:24.142+0800: 1897.807: [CMS-concurrent-sweep: 0.000/0.000 secs] [Times: user=0.00 sys=0.00, real=0.00 secs] 
2020-12-16T22:58:24.142+0800: 1897.807: [CMS-concurrent-reset-start]
2020-12-16T22:58:24.142+0800: 1897.807: [CMS-concurrent-reset: 0.000/0.000 secs] [Times: user=0.00 sys=0.00, real=0.00 secs] 
2020-12-16T22:58:26.143+0800: 1899.807: [GC (CMS Initial Mark) [1 CMS-initial-mark: 63K(64K)] 463467K(943744K), 0.0556054 secs] [Times: user=0.16 sys=0.00, real=0.06 secs] 
2020-12-16T22:58:26.198+0800: 1899.863: [CMS-concurrent-mark-start]
2020-12-16T22:58:26.199+0800: 1899.863: [CMS-concurrent-mark: 0.000/0.000 secs] [Times: user=0.00 sys=0.00, real=0.00 secs] 
2020-12-16T22:58:26.199+0800: 1899.863: [CMS-concurrent-preclean-start]
2020-12-16T22:58:26.200+0800: 1899.864: [CMS-concurrent-preclean: 0.001/0.001 secs] [Times: user=0.00 sys=0.00, real=0.00 secs] 
2020-12-16T22:58:26.200+0800: 1899.864: [CMS-concurrent-abortable-preclean-start]
 CMS: abort preclean due to time 2020-12-16T22:58:31.282+0800: 1904.946: [CMS-concurrent-abortable-preclean: 0.067/5.082 secs] [Times: user=0.03 sys=0.11, real=5.08 secs] 
2020-12-16T22:58:31.282+0800: 1904.946: [GC (CMS Final Remark) [YG occupancy: 467559 K (943680 K)]2020-12-16T22:58:31.282+0800: 1904.946: [Rescan (parallel) , 0.0812568 secs]2020-12-16T22:58:31.363+0800: 1905.028: [weak refs processing, 0.0006125 secs][1 CMS-remark: 63K(64K)] 467623K(943744K), 0.0819589 secs] [Times: user=0.64 sys=0.02, real=0.08 secs] 
2020-12-16T22:58:31.364+0800: 1905.028: [CMS-concurrent-sweep-start]
2020-12-16T22:58:31.364+0800: 1905.028: [CMS-concurrent-sweep: 0.000/0.000 secs] [Times: user=0.00 sys=0.00, real=0.00 secs] 
2020-12-16T22:58:31.364+0800: 1905.029: [CMS-concurrent-reset-start]
2020-12-16T22:58:31.364+0800: 1905.029: [CMS-concurrent-reset: 0.000/0.000 secs] [Times: user=0.00 sys=0.00, real=0.00 secs] 
2020-12-16T22:58:33.365+0800: 1907.029: [GC (CMS Initial Mark) [1 CMS-initial-mark: 63K(64K)] 467623K(943744K), 0.0604793 secs] [Times: user=0.23 sys=0.02, real=0.06 secs] 
2020-12-16T22:58:33.426+0800: 1907.090: [CMS-concurrent-mark-start]
2020-12-16T22:58:33.426+0800: 1907.090: [CMS-concurrent-mark: 0.000/0.000 secs] [Times: user=0.00 sys=0.00, real=0.00 secs] 
2020-12-16T22:58:33.426+0800: 1907.090: [CMS-concurrent-preclean-start]
2020-12-16T22:58:33.427+0800: 1907.092: [CMS-concurrent-preclean: 0.001/0.001 secs] [Times: user=0.00 sys=0.00, real=0.00 secs] 
2020-12-16T22:58:33.427+0800: 1907.092: [CMS-concurrent-abortable-preclean-start]
 CMS: abort preclean due to time 2020-12-16T22:58:38.512+0800: 1912.176: [CMS-concurrent-abortable-preclean: 0.071/5.085 secs] [Times: user=0.05 sys=0.17, real=5.09 secs] 
2020-12-16T22:58:38.512+0800: 1912.177: [GC (CMS Final Remark) [YG occupancy: 467559 K (943680 K)]2020-12-16T22:58:38.512+0800: 1912.177: [Rescan (parallel) , 0.0907851 secs]2020-12-16T22:58:38.603+0800: 1912.267: [weak refs processing, 0.0006121 secs][1 CMS-remark: 63K(64K)] 467623K(943744K), 0.0914744 secs] [Times: user=0.75 sys=0.00, real=0.09 secs] 
2020-12-16T22:58:38.604+0800: 1912.268: [CMS-concurrent-sweep-start]
2020-12-16T22:58:38.604+0800: 1912.268: [CMS-concurrent-sweep: 0.000/0.000 secs] [Times: user=0.00 sys=0.00, real=0.00 secs] 
2020-12-16T22:58:38.604+0800: 1912.268: [CMS-concurrent-reset-start]
2020-12-16T22:58:38.604+0800: 1912.268: [CMS-concurrent-reset: 0.000/0.000 secs] [Times: user=0.00 sys=0.00, real=0.00 secs] 
2020-12-16T22:58:40.604+0800: 1914.268: [GC (CMS Initial Mark) [1 CMS-initial-mark: 63K(64K)] 467623K(943744K), 0.0572113 secs] [Times: user=0.11 sys=0.00, real=0.06 secs] 
2020-12-16T22:58:40.661+0800: 1914.325: [CMS-concurrent-mark-start]
2020-12-16T22:58:40.661+0800: 1914.326: [CMS-concurrent-mark: 0.000/0.000 secs] [Times: user=0.00 sys=0.00, real=0.00 secs] 
2020-12-16T22:58:40.662+0800: 1914.326: [CMS-concurrent-preclean-start]
2020-12-16T22:58:40.663+0800: 1914.327: [CMS-concurrent-preclean: 0.001/0.001 secs] [Times: user=0.00 sys=0.00, real=0.00 secs] 
2020-12-16T22:58:40.663+0800: 1914.327: [CMS-concurrent-abortable-preclean-start]
 CMS: abort preclean due to time 2020-12-16T22:58:45.723+0800: 1919.387: [CMS-concurrent-abortable-preclean: 0.076/5.060 secs] [Times: user=0.16 sys=0.16, real=5.06 secs] 
2020-12-16T22:58:45.723+0800: 1919.387: [GC (CMS Final Remark) [YG occupancy: 480721 K (943680 K)]2020-12-16T22:58:45.723+0800: 1919.387: [Rescan (parallel) , 0.0783332 secs]2020-12-16T22:58:45.800+0800: 1919.465: [weak refs processing, 0.0006196 secs][1 CMS-remark: 63K(64K)] 480785K(943744K), 0.0790413 secs] [Times: user=0.70 sys=0.00, real=0.08 secs] 
2020-12-16T22:58:45.801+0800: 1919.466: [CMS-concurrent-sweep-start]
2020-12-16T22:58:45.801+0800: 1919.466: [CMS-concurrent-sweep: 0.000/0.000 secs] [Times: user=0.00 sys=0.00, real=0.00 secs] 
2020-12-16T22:58:45.801+0800: 1919.466: [CMS-concurrent-reset-start]
2020-12-16T22:58:45.801+0800: 1919.466: [CMS-concurrent-reset: 0.000/0.000 secs] [Times: user=0.00 sys=0.00, real=0.00 secs] 
2020-12-16T22:58:47.802+0800: 1921.466: [GC (CMS Initial Mark) [1 CMS-initial-mark: 63K(64K)] 526576K(943744K), 0.0635585 secs] [Times: user=0.25 sys=0.00, real=0.06 secs] 
2020-12-16T22:58:47.866+0800: 1921.530: [CMS-concurrent-mark-start]
2020-12-16T22:58:47.866+0800: 1921.530: [CMS-concurrent-mark: 0.000/0.000 secs] [Times: user=0.00 sys=0.00, real=0.00 secs] 
2020-12-16T22:58:47.866+0800: 1921.530: [CMS-concurrent-preclean-start]
2020-12-16T22:58:47.867+0800: 1921.531: [CMS-concurrent-preclean: 0.001/0.001 secs] [Times: user=0.00 sys=0.00, real=0.00 secs] 
2020-12-16T22:58:47.867+0800: 1921.531: [CMS-concurrent-abortable-preclean-start]
 CMS: abort preclean due to time 2020-12-16T22:58:52.951+0800: 1926.615: [CMS-concurrent-abortable-preclean: 0.067/5.084 secs] [Times: user=0.19 sys=0.13, real=5.08 secs] 
2020-12-16T22:58:52.951+0800: 1926.615: [GC (CMS Final Remark) [YG occupancy: 530668 K (943680 K)]2020-12-16T22:58:52.951+0800: 1926.615: [Rescan (parallel) , 0.0813097 secs]2020-12-16T22:58:53.032+0800: 1926.696: [weak refs processing, 0.0007116 secs][1 CMS-remark: 63K(64K)] 530732K(943744K), 0.0821039 secs] [Times: user=0.70 sys=0.02, real=0.08 secs] 
2020-12-16T22:58:53.032+0800: 1926.697: [CMS-concurrent-sweep-start]
2020-12-16T22:58:53.033+0800: 1926.697: [CMS-concurrent-sweep: 0.000/0.000 secs] [Times: user=0.00 sys=0.00, real=0.00 secs] 
2020-12-16T22:58:53.033+0800: 1926.697: [CMS-concurrent-reset-start]
2020-12-16T22:58:53.033+0800: 1926.697: [CMS-concurrent-reset: 0.000/0.000 secs] [Times: user=0.00 sys=0.00, real=0.00 secs] 
2020-12-16T22:58:55.033+0800: 1928.697: [GC (CMS Initial Mark) [1 CMS-initial-mark: 63K(64K)] 530732K(943744K), 0.0563570 secs] [Times: user=0.20 sys=0.00, real=0.06 secs] 
2020-12-16T22:58:55.089+0800: 1928.754: [CMS-concurrent-mark-start]
2020-12-16T22:58:55.089+0800: 1928.754: [CMS-concurrent-mark: 0.000/0.000 secs] [Times: user=0.00 sys=0.00, real=0.00 secs] 
2020-12-16T22:58:55.090+0800: 1928.754: [CMS-concurrent-preclean-start]
2020-12-16T22:58:55.091+0800: 1928.755: [CMS-concurrent-preclean: 0.001/0.001 secs] [Times: user=0.00 sys=0.00, real=0.00 secs] 
2020-12-16T22:58:55.091+0800: 1928.755: [CMS-concurrent-abortable-preclean-start]
 CMS: abort preclean due to time 2020-12-16T22:59:00.180+0800: 1933.844: [CMS-concurrent-abortable-preclean: 0.072/5.089 secs] [Times: user=0.01 sys=0.17, real=5.09 secs] 
2020-12-16T22:59:00.181+0800: 1933.845: [GC (CMS Final Remark) [YG occupancy: 530668 K (943680 K)]2020-12-16T22:59:00.181+0800: 1933.845: [Rescan (parallel) , 0.1205937 secs]2020-12-16T22:59:00.301+0800: 1933.965: [weak refs processing, 0.0006174 secs][1 CMS-remark: 63K(64K)] 530732K(943744K), 0.1213632 secs] [Times: user=1.17 sys=0.02, real=0.12 secs] 
2020-12-16T22:59:00.301+0800: 1933.966: [CMS-concurrent-sweep-start]
2020-12-16T22:59:00.302+0800: 1933.966: [CMS-concurrent-sweep: 0.000/0.000 secs] [Times: user=0.00 sys=0.00, real=0.00 secs] 
2020-12-16T22:59:00.302+0800: 1933.966: [CMS-concurrent-reset-start]
2020-12-16T22:59:00.302+0800: 1933.966: [CMS-concurrent-reset: 0.000/0.000 secs] [Times: user=0.00 sys=0.00, real=0.00 secs] 
2020-12-16T22:59:02.301+0800: 1935.966: [GC (CMS Initial Mark) [1 CMS-initial-mark: 63K(64K)] 534888K(943744K), 0.0532207 secs] [Times: user=0.25 sys=0.00, real=0.05 secs] 
2020-12-16T22:59:02.354+0800: 1936.019: [CMS-concurrent-mark-start]
2020-12-16T22:59:02.354+0800: 1936.019: [CMS-concurrent-mark: 0.000/0.000 secs] [Times: user=0.00 sys=0.00, real=0.00 secs] 
2020-12-16T22:59:02.355+0800: 1936.019: [CMS-concurrent-preclean-start]
2020-12-16T22:59:02.356+0800: 1936.020: [CMS-concurrent-preclean: 0.001/0.001 secs] [Times: user=0.00 sys=0.00, real=0.00 secs] 
2020-12-16T22:59:02.356+0800: 1936.020: [CMS-concurrent-abortable-preclean-start]
 CMS: abort preclean due to time 2020-12-16T22:59:07.439+0800: 1941.103: [CMS-concurrent-abortable-preclean: 0.063/5.083 secs] [Times: user=0.01 sys=0.14, real=5.08 secs] 
2020-12-16T22:59:07.439+0800: 1941.103: [GC (CMS Final Remark) [YG occupancy: 534824 K (943680 K)]2020-12-16T22:59:07.439+0800: 1941.103: [Rescan (parallel) , 0.0927466 secs]2020-12-16T22:59:07.532+0800: 1941.196: [weak refs processing, 0.0006254 secs][1 CMS-remark: 63K(64K)] 534888K(943744K), 0.0934535 secs] [Times: user=0.88 sys=0.00, real=0.09 secs] 
2020-12-16T22:59:07.533+0800: 1941.197: [CMS-concurrent-sweep-start]
2020-12-16T22:59:07.533+0800: 1941.197: [CMS-concurrent-sweep: 0.000/0.000 secs] [Times: user=0.00 sys=0.00, real=0.00 secs] 
2020-12-16T22:59:07.533+0800: 1941.197: [CMS-concurrent-reset-start]
2020-12-16T22:59:07.533+0800: 1941.197: [CMS-concurrent-reset: 0.000/0.000 secs] [Times: user=0.00 sys=0.00, real=0.00 secs] 
2020-12-16T22:59:09.533+0800: 1943.197: [GC (CMS Initial Mark) [1 CMS-initial-mark: 63K(64K)] 534888K(943744K), 0.0585299 secs] [Times: user=0.19 sys=0.00, real=0.06 secs] 
2020-12-16T22:59:09.590+0800: 1943.255: [CMS-concurrent-mark-start]
2020-12-16T22:59:09.591+0800: 1943.255: [CMS-concurrent-mark: 0.000/0.000 secs] [Times: user=0.00 sys=0.00, real=0.00 secs] 
2020-12-16T22:59:09.591+0800: 1943.255: [CMS-concurrent-preclean-start]
2020-12-16T22:59:09.592+0800: 1943.257: [CMS-concurrent-preclean: 0.001/0.001 secs] [Times: user=0.00 sys=0.00, real=0.00 secs] 
2020-12-16T22:59:09.592+0800: 1943.257: [CMS-concurrent-abortable-preclean-start]
 CMS: abort preclean due to time 2020-12-16T22:59:14.656+0800: 1948.321: [CMS-concurrent-abortable-preclean: 0.074/5.064 secs] [Times: user=0.45 sys=0.20, real=5.06 secs] 
2020-12-16T22:59:14.657+0800: 1948.321: [GC (CMS Final Remark) [YG occupancy: 574496 K (943680 K)]2020-12-16T22:59:14.657+0800: 1948.321: [Rescan (parallel) , 0.1409961 secs]2020-12-16T22:59:14.799+0800: 1948.462: [weak refs processing, 0.0006148 secs][1 CMS-remark: 63K(64K)] 574560K(943744K), 0.1417598 secs] [Times: user=1.31 sys=0.02, real=0.14 secs] 
2020-12-16T22:59:14.799+0800: 1948.463: [CMS-concurrent-sweep-start]
2020-12-16T22:59:14.799+0800: 1948.463: [CMS-concurrent-sweep: 0.000/0.000 secs] [Times: user=0.00 sys=0.00, real=0.00 secs] 
2020-12-16T22:59:14.799+0800: 1948.463: [CMS-concurrent-reset-start]
2020-12-16T22:59:14.799+0800: 1948.463: [CMS-concurrent-reset: 0.000/0.000 secs] [Times: user=0.00 sys=0.00, real=0.00 secs] 
2020-12-16T22:59:16.799+0800: 1950.463: [GC (CMS Initial Mark) [1 CMS-initial-mark: 63K(64K)] 574560K(943744K), 0.0614287 secs] [Times: user=0.25 sys=0.00, real=0.06 secs] 
2020-12-16T22:59:16.860+0800: 1950.525: [CMS-concurrent-mark-start]
2020-12-16T22:59:16.861+0800: 1950.525: [CMS-concurrent-mark: 0.000/0.000 secs] [Times: user=0.00 sys=0.00, real=0.00 secs] 
2020-12-16T22:59:16.861+0800: 1950.525: [CMS-concurrent-preclean-start]
2020-12-16T22:59:16.862+0800: 1950.526: [CMS-concurrent-preclean: 0.001/0.001 secs] [Times: user=0.00 sys=0.00, real=0.00 secs] 
2020-12-16T22:59:16.862+0800: 1950.526: [CMS-concurrent-abortable-preclean-start]
 CMS: abort preclean due to time 2020-12-16T22:59:21.906+0800: 1955.571: [CMS-concurrent-abortable-preclean: 0.070/5.045 secs] [Times: user=0.30 sys=0.09, real=5.04 secs] 
2020-12-16T22:59:21.907+0800: 1955.571: [GC (CMS Final Remark) [YG occupancy: 591785 K (943680 K)]2020-12-16T22:59:21.907+0800: 1955.571: [Rescan (parallel) , 0.0838943 secs]2020-12-16T22:59:21.991+0800: 1955.655: [weak refs processing, 0.0007596 secs][1 CMS-remark: 63K(64K)] 591849K(943744K), 0.0847474 secs] [Times: user=0.73 sys=0.01, real=0.09 secs] 
2020-12-16T22:59:21.992+0800: 1955.656: [CMS-concurrent-sweep-start]
2020-12-16T22:59:21.992+0800: 1955.656: [CMS-concurrent-sweep: 0.000/0.000 secs] [Times: user=0.00 sys=0.00, real=0.00 secs] 
2020-12-16T22:59:21.992+0800: 1955.656: [CMS-concurrent-reset-start]
2020-12-16T22:59:21.992+0800: 1955.656: [CMS-concurrent-reset: 0.000/0.000 secs] [Times: user=0.00 sys=0.00, real=0.00 secs] 
2020-12-16T22:59:23.992+0800: 1957.656: [GC (CMS Initial Mark) [1 CMS-initial-mark: 63K(64K)] 591849K(943744K), 0.0917631 secs] [Times: user=0.59 sys=0.00, real=0.09 secs] 
2020-12-16T22:59:24.083+0800: 1957.748: [CMS-concurrent-mark-start]
2020-12-16T22:59:24.084+0800: 1957.748: [CMS-concurrent-mark: 0.000/0.000 secs] [Times: user=0.00 sys=0.00, real=0.00 secs] 
2020-12-16T22:59:24.084+0800: 1957.748: [CMS-concurrent-preclean-start]
2020-12-16T22:59:24.085+0800: 1957.749: [CMS-concurrent-preclean: 0.001/0.001 secs] [Times: user=0.00 sys=0.00, real=0.00 secs] 
2020-12-16T22:59:24.085+0800: 1957.749: [CMS-concurrent-abortable-preclean-start]
 CMS: abort preclean due to time 2020-12-16T22:59:29.169+0800: 1962.833: [CMS-concurrent-abortable-preclean: 0.070/5.084 secs] [Times: user=0.17 sys=0.08, real=5.08 secs] 
2020-12-16T22:59:29.169+0800: 1962.834: [GC (CMS Final Remark) [YG occupancy: 591785 K (943680 K)]2020-12-16T22:59:29.170+0800: 1962.834: [Rescan (parallel) , 0.0966790 secs]2020-12-16T22:59:29.266+0800: 1962.930: [weak refs processing, 0.0006423 secs][1 CMS-remark: 63K(64K)] 591849K(943744K), 0.0974773 secs] [Times: user=0.86 sys=0.03, real=0.10 secs] 
2020-12-16T22:59:29.267+0800: 1962.931: [CMS-concurrent-sweep-start]
2020-12-16T22:59:29.267+0800: 1962.931: [CMS-concurrent-sweep: 0.000/0.000 secs] [Times: user=0.00 sys=0.00, real=0.00 secs] 
2020-12-16T22:59:29.268+0800: 1962.931: [CMS-concurrent-reset-start]
2020-12-16T22:59:29.268+0800: 1962.931: [CMS-concurrent-reset: 0.000/0.000 secs] [Times: user=0.00 sys=0.00, real=0.00 secs] 
2020-12-16T22:59:31.267+0800: 1964.931: [GC (CMS Initial Mark) [1 CMS-initial-mark: 63K(64K)] 591849K(943744K), 0.0875182 secs] [Times: user=0.52 sys=0.00, real=0.09 secs] 
2020-12-16T22:59:31.354+0800: 1965.019: [CMS-concurrent-mark-start]
2020-12-16T22:59:31.354+0800: 1965.019: [CMS-concurrent-mark: 0.000/0.000 secs] [Times: user=0.00 sys=0.00, real=0.00 secs] 
2020-12-16T22:59:31.354+0800: 1965.019: [CMS-concurrent-preclean-start]
2020-12-16T22:59:31.355+0800: 1965.020: [CMS-concurrent-preclean: 0.001/0.001 secs] [Times: user=0.00 sys=0.00, real=0.00 secs] 
2020-12-16T22:59:31.355+0800: 1965.020: [CMS-concurrent-abortable-preclean-start]
 CMS: abort preclean due to time 2020-12-16T22:59:36.439+0800: 1970.103: [CMS-concurrent-abortable-preclean: 0.071/5.083 secs] [Times: user=0.13 sys=0.13, real=5.08 secs] 
2020-12-16T22:59:36.439+0800: 1970.103: [GC (CMS Final Remark) [YG occupancy: 595942 K (943680 K)]2020-12-16T22:59:36.439+0800: 1970.103: [Rescan (parallel) , 0.0908549 secs]2020-12-16T22:59:36.530+0800: 1970.194: [weak refs processing, 0.0007299 secs][1 CMS-remark: 63K(64K)] 596006K(943744K), 0.0916759 secs] [Times: user=0.84 sys=0.02, real=0.09 secs] 
2020-12-16T22:59:36.531+0800: 1970.195: [CMS-concurrent-sweep-start]
2020-12-16T22:59:36.531+0800: 1970.195: [CMS-concurrent-sweep: 0.000/0.000 secs] [Times: user=0.00 sys=0.00, real=0.00 secs] 
2020-12-16T22:59:36.531+0800: 1970.195: [CMS-concurrent-reset-start]
2020-12-16T22:59:36.531+0800: 1970.195: [CMS-concurrent-reset: 0.000/0.000 secs] [Times: user=0.00 sys=0.00, real=0.00 secs] 
2020-12-16T22:59:38.532+0800: 1972.196: [GC (CMS Initial Mark) [1 CMS-initial-mark: 63K(64K)] 596006K(943744K), 0.0608898 secs] [Times: user=0.23 sys=0.00, real=0.06 secs] 
2020-12-16T22:59:38.593+0800: 1972.257: [CMS-concurrent-mark-start]
2020-12-16T22:59:38.593+0800: 1972.257: [CMS-concurrent-mark: 0.000/0.000 secs] [Times: user=0.00 sys=0.00, real=0.00 secs] 
2020-12-16T22:59:38.593+0800: 1972.258: [CMS-concurrent-preclean-start]
2020-12-16T22:59:38.594+0800: 1972.259: [CMS-concurrent-preclean: 0.001/0.001 secs] [Times: user=0.00 sys=0.00, real=0.00 secs] 
2020-12-16T22:59:38.594+0800: 1972.259: [CMS-concurrent-abortable-preclean-start]
 CMS: abort preclean due to time 2020-12-16T22:59:43.674+0800: 1977.338: [CMS-concurrent-abortable-preclean: 0.068/5.080 secs] [Times: user=0.11 sys=0.13, real=5.08 secs] 
2020-12-16T22:59:43.674+0800: 1977.339: [GC (CMS Final Remark) [YG occupancy: 600098 K (943680 K)]2020-12-16T22:59:43.674+0800: 1977.339: [Rescan (parallel) , 0.1092378 secs]2020-12-16T22:59:43.784+0800: 1977.448: [weak refs processing, 0.0007246 secs][1 CMS-remark: 63K(64K)] 600162K(943744K), 0.1101102 secs] [Times: user=1.05 sys=0.00, real=0.11 secs] 
2020-12-16T22:59:43.785+0800: 1977.449: [CMS-concurrent-sweep-start]
2020-12-16T22:59:43.785+0800: 1977.449: [CMS-concurrent-sweep: 0.000/0.000 secs] [Times: user=0.00 sys=0.00, real=0.00 secs] 
2020-12-16T22:59:43.785+0800: 1977.449: [CMS-concurrent-reset-start]
2020-12-16T22:59:43.785+0800: 1977.449: [CMS-concurrent-reset: 0.000/0.000 secs] [Times: user=0.00 sys=0.00, real=0.00 secs] 
2020-12-16T22:59:45.787+0800: 1979.451: [GC (CMS Initial Mark) [1 CMS-initial-mark: 63K(64K)] 600162K(943744K), 0.0981912 secs] [Times: user=0.59 sys=0.00, real=0.10 secs] 
2020-12-16T22:59:45.884+0800: 1979.549: [CMS-concurrent-mark-start]
2020-12-16T22:59:45.885+0800: 1979.549: [CMS-concurrent-mark: 0.000/0.000 secs] [Times: user=0.03 sys=0.01, real=0.00 secs] 
2020-12-16T22:59:45.885+0800: 1979.549: [CMS-concurrent-preclean-start]
2020-12-16T22:59:45.886+0800: 1979.551: [CMS-concurrent-preclean: 0.001/0.001 secs] [Times: user=0.00 sys=0.00, real=0.00 secs] 
2020-12-16T22:59:45.886+0800: 1979.551: [CMS-concurrent-abortable-preclean-start]
 CMS: abort preclean due to time 2020-12-16T22:59:50.965+0800: 1984.630: [CMS-concurrent-abortable-preclean: 0.067/5.079 secs] [Times: user=0.03 sys=0.08, real=5.08 secs] 
2020-12-16T22:59:50.966+0800: 1984.630: [GC (CMS Final Remark) [YG occupancy: 600098 K (943680 K)]2020-12-16T22:59:50.966+0800: 1984.630: [Rescan (parallel) , 0.1194353 secs]2020-12-16T22:59:51.085+0800: 1984.750: [weak refs processing, 0.0006167 secs][1 CMS-remark: 63K(64K)] 600162K(943744K), 0.1202001 secs] [Times: user=1.06 sys=0.02, real=0.12 secs] 
2020-12-16T22:59:51.086+0800: 1984.751: [CMS-concurrent-sweep-start]
2020-12-16T22:59:51.086+0800: 1984.751: [CMS-concurrent-sweep: 0.000/0.000 secs] [Times: user=0.00 sys=0.00, real=0.00 secs] 
2020-12-16T22:59:51.086+0800: 1984.751: [CMS-concurrent-reset-start]
2020-12-16T22:59:51.086+0800: 1984.751: [CMS-concurrent-reset: 0.000/0.000 secs] [Times: user=0.00 sys=0.00, real=0.00 secs] 
2020-12-16T22:59:53.087+0800: 1986.751: [GC (CMS Initial Mark) [1 CMS-initial-mark: 63K(64K)] 604318K(943744K), 0.0606765 secs] [Times: user=0.34 sys=0.00, real=0.06 secs] 
2020-12-16T22:59:53.148+0800: 1986.812: [CMS-concurrent-mark-start]
2020-12-16T22:59:53.148+0800: 1986.812: [CMS-concurrent-mark: 0.000/0.000 secs] [Times: user=0.00 sys=0.00, real=0.00 secs] 
2020-12-16T22:59:53.148+0800: 1986.812: [CMS-concurrent-preclean-start]
2020-12-16T22:59:53.148+0800: 1986.813: [CMS-concurrent-preclean: 0.001/0.001 secs] [Times: user=0.00 sys=0.00, real=0.00 secs] 
2020-12-16T22:59:53.148+0800: 1986.813: [CMS-concurrent-abortable-preclean-start]
 CMS: abort preclean due to time 2020-12-16T22:59:58.227+0800: 1991.891: [CMS-concurrent-abortable-preclean: 0.069/5.078 secs] [Times: user=0.14 sys=0.11, real=5.08 secs] 
2020-12-16T22:59:58.227+0800: 1991.892: [GC (CMS Final Remark) [YG occupancy: 604254 K (943680 K)]2020-12-16T22:59:58.227+0800: 1991.892: [Rescan (parallel) , 0.0832231 secs]2020-12-16T22:59:58.310+0800: 1991.975: [weak refs processing, 0.0006202 secs][1 CMS-remark: 63K(64K)] 604318K(943744K), 0.0839251 secs] [Times: user=0.84 sys=0.00, real=0.08 secs] 
2020-12-16T22:59:58.311+0800: 1991.976: [CMS-concurrent-sweep-start]
2020-12-16T22:59:58.311+0800: 1991.976: [CMS-concurrent-sweep: 0.000/0.000 secs] [Times: user=0.00 sys=0.00, real=0.00 secs] 
2020-12-16T22:59:58.311+0800: 1991.976: [CMS-concurrent-reset-start]
2020-12-16T22:59:58.311+0800: 1991.976: [CMS-concurrent-reset: 0.000/0.000 secs] [Times: user=0.00 sys=0.00, real=0.00 secs] 
2020-12-16T23:00:00.311+0800: 1993.975: [GC (CMS Initial Mark) [1 CMS-initial-mark: 63K(64K)] 604318K(943744K), 0.0554514 secs] [Times: user=0.20 sys=0.00, real=0.05 secs] 
2020-12-16T23:00:00.366+0800: 1994.031: [CMS-concurrent-mark-start]
2020-12-16T23:00:00.367+0800: 1994.031: [CMS-concurrent-mark: 0.000/0.000 secs] [Times: user=0.00 sys=0.00, real=0.00 secs] 
2020-12-16T23:00:00.367+0800: 1994.031: [CMS-concurrent-preclean-start]
2020-12-16T23:00:00.368+0800: 1994.032: [CMS-concurrent-preclean: 0.001/0.001 secs] [Times: user=0.00 sys=0.00, real=0.00 secs] 
2020-12-16T23:00:00.368+0800: 1994.032: [CMS-concurrent-abortable-preclean-start]
 CMS: abort preclean due to time 2020-12-16T23:00:05.456+0800: 1999.120: [CMS-concurrent-abortable-preclean: 0.073/5.088 secs] [Times: user=0.09 sys=0.11, real=5.09 secs] 
2020-12-16T23:00:05.457+0800: 1999.121: [GC (CMS Final Remark) [YG occupancy: 608411 K (943680 K)]2020-12-16T23:00:05.457+0800: 1999.121: [Rescan (parallel) , 0.1221048 secs]2020-12-16T23:00:05.579+0800: 1999.243: [weak refs processing, 0.0007009 secs][1 CMS-remark: 63K(64K)] 608475K(943744K), 0.1229651 secs] [Times: user=1.16 sys=0.02, real=0.12 secs] 
2020-12-16T23:00:05.580+0800: 1999.244: [CMS-concurrent-sweep-start]
2020-12-16T23:00:05.580+0800: 1999.244: [CMS-concurrent-sweep: 0.000/0.000 secs] [Times: user=0.00 sys=0.00, real=0.00 secs] 
2020-12-16T23:00:05.580+0800: 1999.244: [CMS-concurrent-reset-start]
2020-12-16T23:00:05.580+0800: 1999.244: [CMS-concurrent-reset: 0.000/0.000 secs] [Times: user=0.00 sys=0.00, real=0.00 secs] 
2020-12-16T23:00:07.579+0800: 2001.243: [GC (CMS Initial Mark) [1 CMS-initial-mark: 63K(64K)] 608475K(943744K), 0.0570516 secs] [Times: user=0.22 sys=0.00, real=0.06 secs] 
2020-12-16T23:00:07.636+0800: 2001.301: [CMS-concurrent-mark-start]
2020-12-16T23:00:07.636+0800: 2001.301: [CMS-concurrent-mark: 0.000/0.000 secs] [Times: user=0.00 sys=0.00, real=0.00 secs] 
2020-12-16T23:00:07.636+0800: 2001.301: [CMS-concurrent-preclean-start]
2020-12-16T23:00:07.637+0800: 2001.302: [CMS-concurrent-preclean: 0.001/0.001 secs] [Times: user=0.00 sys=0.00, real=0.00 secs] 
2020-12-16T23:00:07.637+0800: 2001.302: [CMS-concurrent-abortable-preclean-start]
 CMS: abort preclean due to time 2020-12-16T23:00:12.719+0800: 2006.383: [CMS-concurrent-abortable-preclean: 0.068/5.081 secs] [Times: user=0.17 sys=0.13, real=5.08 secs] 
2020-12-16T23:00:12.719+0800: 2006.383: [GC (CMS Final Remark) [YG occupancy: 608774 K (943680 K)]2020-12-16T23:00:12.719+0800: 2006.383: [Rescan (parallel) , 0.0788175 secs]2020-12-16T23:00:12.798+0800: 2006.462: [weak refs processing, 0.0007334 secs][1 CMS-remark: 63K(64K)] 608838K(943744K), 0.0796373 secs] [Times: user=0.72 sys=0.00, real=0.08 secs] 
2020-12-16T23:00:12.799+0800: 2006.463: [CMS-concurrent-sweep-start]
2020-12-16T23:00:12.799+0800: 2006.463: [CMS-concurrent-sweep: 0.000/0.000 secs] [Times: user=0.00 sys=0.00, real=0.00 secs] 
2020-12-16T23:00:12.799+0800: 2006.463: [CMS-concurrent-reset-start]
2020-12-16T23:00:12.799+0800: 2006.463: [CMS-concurrent-reset: 0.000/0.000 secs] [Times: user=0.00 sys=0.00, real=0.00 secs] 
2020-12-16T23:00:14.798+0800: 2008.463: [GC (CMS Initial Mark) [1 CMS-initial-mark: 63K(64K)] 612994K(943744K), 0.0632950 secs] [Times: user=0.30 sys=0.00, real=0.06 secs] 
2020-12-16T23:00:14.862+0800: 2008.526: [CMS-concurrent-mark-start]
2020-12-16T23:00:14.862+0800: 2008.526: [CMS-concurrent-mark: 0.000/0.000 secs] [Times: user=0.00 sys=0.00, real=0.00 secs] 
2020-12-16T23:00:14.862+0800: 2008.526: [CMS-concurrent-preclean-start]
2020-12-16T23:00:14.863+0800: 2008.527: [CMS-concurrent-preclean: 0.001/0.001 secs] [Times: user=0.00 sys=0.00, real=0.00 secs] 
2020-12-16T23:00:14.863+0800: 2008.527: [CMS-concurrent-abortable-preclean-start]
 CMS: abort preclean due to time 2020-12-16T23:00:19.866+0800: 2013.531: [CMS-concurrent-abortable-preclean: 0.067/5.003 secs] [Times: user=0.08 sys=0.09, real=5.00 secs] 
2020-12-16T23:00:19.866+0800: 2013.531: [GC (CMS Final Remark) [YG occupancy: 612930 K (943680 K)]2020-12-16T23:00:19.866+0800: 2013.531: [Rescan (parallel) , 0.0852674 secs]2020-12-16T23:00:19.952+0800: 2013.616: [weak refs processing, 0.0007182 secs][1 CMS-remark: 63K(64K)] 612994K(943744K), 0.0860685 secs] [Times: user=0.83 sys=0.02, real=0.09 secs] 
2020-12-16T23:00:19.953+0800: 2013.617: [CMS-concurrent-sweep-start]
2020-12-16T23:00:19.953+0800: 2013.617: [CMS-concurrent-sweep: 0.000/0.000 secs] [Times: user=0.00 sys=0.00, real=0.00 secs] 
2020-12-16T23:00:19.953+0800: 2013.617: [CMS-concurrent-reset-start]
2020-12-16T23:00:19.953+0800: 2013.617: [CMS-concurrent-reset: 0.000/0.000 secs] [Times: user=0.00 sys=0.00, real=0.00 secs] 
2020-12-16T23:00:21.953+0800: 2015.617: [GC (CMS Initial Mark) [1 CMS-initial-mark: 63K(64K)] 612994K(943744K), 0.0954464 secs] [Times: user=0.59 sys=0.00, real=0.10 secs] 
2020-12-16T23:00:22.049+0800: 2015.713: [CMS-concurrent-mark-start]
2020-12-16T23:00:22.049+0800: 2015.713: [CMS-concurrent-mark: 0.000/0.000 secs] [Times: user=0.00 sys=0.00, real=0.00 secs] 
2020-12-16T23:00:22.049+0800: 2015.713: [CMS-concurrent-preclean-start]
2020-12-16T23:00:22.050+0800: 2015.714: [CMS-concurrent-preclean: 0.001/0.001 secs] [Times: user=0.00 sys=0.00, real=0.00 secs] 
2020-12-16T23:00:22.050+0800: 2015.714: [CMS-concurrent-abortable-preclean-start]
 CMS: abort preclean due to time 2020-12-16T23:00:27.132+0800: 2020.796: [CMS-concurrent-abortable-preclean: 0.069/5.082 secs] [Times: user=0.02 sys=0.09, real=5.08 secs] 
2020-12-16T23:00:27.132+0800: 2020.796: [GC (CMS Final Remark) [YG occupancy: 617087 K (943680 K)]2020-12-16T23:00:27.132+0800: 2020.796: [Rescan (parallel) , 0.0820216 secs]2020-12-16T23:00:27.214+0800: 2020.878: [weak refs processing, 0.0007086 secs][1 CMS-remark: 63K(64K)] 617151K(943744K), 0.0828139 secs] [Times: user=0.72 sys=0.00, real=0.08 secs] 
2020-12-16T23:00:27.215+0800: 2020.879: [CMS-concurrent-sweep-start]
2020-12-16T23:00:27.215+0800: 2020.879: [CMS-concurrent-sweep: 0.000/0.000 secs] [Times: user=0.00 sys=0.00, real=0.00 secs] 
2020-12-16T23:00:27.215+0800: 2020.879: [CMS-concurrent-reset-start]
2020-12-16T23:00:27.215+0800: 2020.879: [CMS-concurrent-reset: 0.000/0.000 secs] [Times: user=0.00 sys=0.00, real=0.00 secs] 
2020-12-16T23:00:29.216+0800: 2022.880: [GC (CMS Initial Mark) [1 CMS-initial-mark: 63K(64K)] 617151K(943744K), 0.0551546 secs] [Times: user=0.20 sys=0.00, real=0.05 secs] 
2020-12-16T23:00:29.271+0800: 2022.935: [CMS-concurrent-mark-start]
2020-12-16T23:00:29.271+0800: 2022.936: [CMS-concurrent-mark: 0.000/0.000 secs] [Times: user=0.00 sys=0.00, real=0.00 secs] 
2020-12-16T23:00:29.271+0800: 2022.936: [CMS-concurrent-preclean-start]
2020-12-16T23:00:29.272+0800: 2022.937: [CMS-concurrent-preclean: 0.001/0.001 secs] [Times: user=0.00 sys=0.00, real=0.00 secs] 
2020-12-16T23:00:29.272+0800: 2022.937: [CMS-concurrent-abortable-preclean-start]
 CMS: abort preclean due to time 2020-12-16T23:00:34.354+0800: 2028.018: [CMS-concurrent-abortable-preclean: 0.068/5.081 secs] [Times: user=0.25 sys=0.08, real=5.08 secs] 
2020-12-16T23:00:34.354+0800: 2028.018: [GC (CMS Final Remark) [YG occupancy: 621243 K (943680 K)]2020-12-16T23:00:34.354+0800: 2028.018: [Rescan (parallel) , 0.0823447 secs]2020-12-16T23:00:34.436+0800: 2028.100: [weak refs processing, 0.0006646 secs][1 CMS-remark: 63K(64K)] 621307K(943744K), 0.0831010 secs] [Times: user=0.67 sys=0.02, real=0.08 secs] 
2020-12-16T23:00:34.437+0800: 2028.101: [CMS-concurrent-sweep-start]
2020-12-16T23:00:34.437+0800: 2028.101: [CMS-concurrent-sweep: 0.000/0.000 secs] [Times: user=0.00 sys=0.00, real=0.00 secs] 
2020-12-16T23:00:34.437+0800: 2028.101: [CMS-concurrent-reset-start]
2020-12-16T23:00:34.437+0800: 2028.101: [CMS-concurrent-reset: 0.000/0.000 secs] [Times: user=0.00 sys=0.00, real=0.00 secs] 
2020-12-16T23:00:36.438+0800: 2030.102: [GC (CMS Initial Mark) [1 CMS-initial-mark: 63K(64K)] 621307K(943744K), 0.0549224 secs] [Times: user=0.20 sys=0.00, real=0.06 secs] 
2020-12-16T23:00:36.493+0800: 2030.158: [CMS-concurrent-mark-start]
2020-12-16T23:00:36.493+0800: 2030.158: [CMS-concurrent-mark: 0.000/0.000 secs] [Times: user=0.00 sys=0.00, real=0.00 secs] 
2020-12-16T23:00:36.493+0800: 2030.158: [CMS-concurrent-preclean-start]
2020-12-16T23:00:36.494+0800: 2030.159: [CMS-concurrent-preclean: 0.001/0.001 secs] [Times: user=0.02 sys=0.02, real=0.00 secs] 
2020-12-16T23:00:36.494+0800: 2030.159: [CMS-concurrent-abortable-preclean-start]
 CMS: abort preclean due to time 2020-12-16T23:00:41.585+0800: 2035.249: [CMS-concurrent-abortable-preclean: 0.075/5.091 secs] [Times: user=0.11 sys=0.16, real=5.09 secs] 
2020-12-16T23:00:41.585+0800: 2035.250: [GC (CMS Final Remark) [YG occupancy: 621243 K (943680 K)]2020-12-16T23:00:41.585+0800: 2035.250: [Rescan (parallel) , 0.0902613 secs]2020-12-16T23:00:41.676+0800: 2035.340: [weak refs processing, 0.0007262 secs][1 CMS-remark: 63K(64K)] 621307K(943744K), 0.0910745 secs] [Times: user=0.84 sys=0.00, real=0.09 secs] 
2020-12-16T23:00:41.677+0800: 2035.341: [CMS-concurrent-sweep-start]
2020-12-16T23:00:41.677+0800: 2035.341: [CMS-concurrent-sweep: 0.000/0.000 secs] [Times: user=0.00 sys=0.00, real=0.00 secs] 
2020-12-16T23:00:41.677+0800: 2035.341: [CMS-concurrent-reset-start]
2020-12-16T23:00:41.677+0800: 2035.341: [CMS-concurrent-reset: 0.000/0.000 secs] [Times: user=0.00 sys=0.00, real=0.00 secs] 
2020-12-16T23:00:43.678+0800: 2037.342: [GC (CMS Initial Mark) [1 CMS-initial-mark: 63K(64K)] 621307K(943744K), 0.0555247 secs] [Times: user=0.31 sys=0.00, real=0.06 secs] 
2020-12-16T23:00:43.734+0800: 2037.398: [CMS-concurrent-mark-start]
2020-12-16T23:00:43.734+0800: 2037.398: [CMS-concurrent-mark: 0.000/0.000 secs] [Times: user=0.00 sys=0.00, real=0.00 secs] 
2020-12-16T23:00:43.734+0800: 2037.398: [CMS-concurrent-preclean-start]
2020-12-16T23:00:43.735+0800: 2037.399: [CMS-concurrent-preclean: 0.001/0.001 secs] [Times: user=0.00 sys=0.00, real=0.00 secs] 
2020-12-16T23:00:43.735+0800: 2037.399: [CMS-concurrent-abortable-preclean-start]
 CMS: abort preclean due to time 2020-12-16T23:00:48.816+0800: 2042.480: [CMS-concurrent-abortable-preclean: 0.069/5.081 secs] [Times: user=0.22 sys=0.16, real=5.08 secs] 
2020-12-16T23:00:48.816+0800: 2042.480: [GC (CMS Final Remark) [YG occupancy: 625399 K (943680 K)]2020-12-16T23:00:48.816+0800: 2042.480: [Rescan (parallel) , 0.0832545 secs]2020-12-16T23:00:48.899+0800: 2042.563: [weak refs processing, 0.0007398 secs][1 CMS-remark: 63K(64K)] 625463K(943744K), 0.0840841 secs] [Times: user=0.72 sys=0.00, real=0.08 secs] 
2020-12-16T23:00:48.900+0800: 2042.564: [CMS-concurrent-sweep-start]
2020-12-16T23:00:48.900+0800: 2042.564: [CMS-concurrent-sweep: 0.000/0.000 secs] [Times: user=0.00 sys=0.00, real=0.00 secs] 
2020-12-16T23:00:48.900+0800: 2042.564: [CMS-concurrent-reset-start]
2020-12-16T23:00:48.900+0800: 2042.564: [CMS-concurrent-reset: 0.000/0.000 secs] [Times: user=0.00 sys=0.00, real=0.00 secs] 
2020-12-16T23:00:50.900+0800: 2044.565: [GC (CMS Initial Mark) [1 CMS-initial-mark: 63K(64K)] 625463K(943744K), 0.0922176 secs] [Times: user=0.45 sys=0.00, real=0.09 secs] 
2020-12-16T23:00:50.993+0800: 2044.657: [CMS-concurrent-mark-start]
2020-12-16T23:00:50.993+0800: 2044.657: [CMS-concurrent-mark: 0.000/0.000 secs] [Times: user=0.00 sys=0.00, real=0.00 secs] 
2020-12-16T23:00:50.993+0800: 2044.657: [CMS-concurrent-preclean-start]
2020-12-16T23:00:50.994+0800: 2044.658: [CMS-concurrent-preclean: 0.001/0.001 secs] [Times: user=0.00 sys=0.00, real=0.00 secs] 
2020-12-16T23:00:50.994+0800: 2044.658: [CMS-concurrent-abortable-preclean-start]
 CMS: abort preclean due to time 2020-12-16T23:00:56.078+0800: 2049.742: [CMS-concurrent-abortable-preclean: 0.070/5.084 secs] [Times: user=0.03 sys=0.11, real=5.08 secs] 
2020-12-16T23:00:56.078+0800: 2049.743: [GC (CMS Final Remark) [YG occupancy: 629556 K (943680 K)]2020-12-16T23:00:56.078+0800: 2049.743: [Rescan (parallel) , 0.0850375 secs]2020-12-16T23:00:56.163+0800: 2049.828: [weak refs processing, 0.0007555 secs][1 CMS-remark: 63K(64K)] 629620K(943744K), 0.0858813 secs] [Times: user=0.69 sys=0.00, real=0.09 secs] 
2020-12-16T23:00:56.164+0800: 2049.829: [CMS-concurrent-sweep-start]
2020-12-16T23:00:56.164+0800: 2049.829: [CMS-concurrent-sweep: 0.000/0.000 secs] [Times: user=0.00 sys=0.00, real=0.00 secs] 
2020-12-16T23:00:56.164+0800: 2049.829: [CMS-concurrent-reset-start]
2020-12-16T23:00:56.164+0800: 2049.829: [CMS-concurrent-reset: 0.000/0.000 secs] [Times: user=0.00 sys=0.00, real=0.00 secs] 
2020-12-16T23:00:58.165+0800: 2051.829: [GC (CMS Initial Mark) [1 CMS-initial-mark: 63K(64K)] 629620K(943744K), 0.0614234 secs] [Times: user=0.30 sys=0.00, real=0.06 secs] 
2020-12-16T23:00:58.226+0800: 2051.890: [CMS-concurrent-mark-start]
2020-12-16T23:00:58.227+0800: 2051.891: [CMS-concurrent-mark: 0.000/0.000 secs] [Times: user=0.00 sys=0.00, real=0.00 secs] 
2020-12-16T23:00:58.227+0800: 2051.891: [CMS-concurrent-preclean-start]
2020-12-16T23:00:58.228+0800: 2051.892: [CMS-concurrent-preclean: 0.001/0.001 secs] [Times: user=0.00 sys=0.00, real=0.00 secs] 
2020-12-16T23:00:58.228+0800: 2051.892: [CMS-concurrent-abortable-preclean-start]
 CMS: abort preclean due to time 2020-12-16T23:01:03.311+0800: 2056.975: [CMS-concurrent-abortable-preclean: 0.069/5.084 secs] [Times: user=0.13 sys=0.05, real=5.08 secs] 
2020-12-16T23:01:03.311+0800: 2056.976: [GC (CMS Final Remark) [YG occupancy: 630922 K (943680 K)]2020-12-16T23:01:03.311+0800: 2056.976: [Rescan (parallel) , 0.0788603 secs]2020-12-16T23:01:03.390+0800: 2057.055: [weak refs processing, 0.0007989 secs][1 CMS-remark: 63K(64K)] 630986K(943744K), 0.0797520 secs] [Times: user=0.70 sys=0.00, real=0.08 secs] 
2020-12-16T23:01:03.391+0800: 2057.056: [CMS-concurrent-sweep-start]
2020-12-16T23:01:03.391+0800: 2057.056: [CMS-concurrent-sweep: 0.000/0.000 secs] [Times: user=0.00 sys=0.00, real=0.00 secs] 
2020-12-16T23:01:03.391+0800: 2057.056: [CMS-concurrent-reset-start]
2020-12-16T23:01:03.391+0800: 2057.056: [CMS-concurrent-reset: 0.000/0.000 secs] [Times: user=0.00 sys=0.00, real=0.00 secs] 
2020-12-16T23:01:05.392+0800: 2059.056: [GC (CMS Initial Mark) [1 CMS-initial-mark: 63K(64K)] 635143K(943744K), 0.1368474 secs] [Times: user=0.73 sys=0.00, real=0.14 secs] 
2020-12-16T23:01:05.528+0800: 2059.193: [CMS-concurrent-mark-start]
2020-12-16T23:01:05.529+0800: 2059.193: [CMS-concurrent-mark: 0.000/0.000 secs] [Times: user=0.00 sys=0.00, real=0.00 secs] 
2020-12-16T23:01:05.529+0800: 2059.193: [CMS-concurrent-preclean-start]
2020-12-16T23:01:05.530+0800: 2059.194: [CMS-concurrent-preclean: 0.001/0.001 secs] [Times: user=0.00 sys=0.00, real=0.00 secs] 
2020-12-16T23:01:05.530+0800: 2059.194: [CMS-concurrent-abortable-preclean-start]
 CMS: abort preclean due to time 2020-12-16T23:01:10.618+0800: 2064.282: [CMS-concurrent-abortable-preclean: 0.074/5.087 secs] [Times: user=0.05 sys=0.14, real=5.09 secs] 
2020-12-16T23:01:10.618+0800: 2064.282: [GC (CMS Final Remark) [YG occupancy: 635079 K (943680 K)]2020-12-16T23:01:10.618+0800: 2064.282: [Rescan (parallel) , 0.0794559 secs]2020-12-16T23:01:10.697+0800: 2064.362: [weak refs processing, 0.0006288 secs][1 CMS-remark: 63K(64K)] 635143K(943744K), 0.0801712 secs] [Times: user=0.72 sys=0.00, real=0.08 secs] 
2020-12-16T23:01:10.698+0800: 2064.362: [CMS-concurrent-sweep-start]
2020-12-16T23:01:10.698+0800: 2064.362: [CMS-concurrent-sweep: 0.000/0.000 secs] [Times: user=0.00 sys=0.00, real=0.00 secs] 
2020-12-16T23:01:10.698+0800: 2064.362: [CMS-concurrent-reset-start]
2020-12-16T23:01:10.698+0800: 2064.362: [CMS-concurrent-reset: 0.000/0.000 secs] [Times: user=0.00 sys=0.00, real=0.00 secs] 
2020-12-16T23:01:12.699+0800: 2066.363: [GC (CMS Initial Mark) [1 CMS-initial-mark: 63K(64K)] 635143K(943744K), 0.0691023 secs] [Times: user=0.25 sys=0.00, real=0.07 secs] 
2020-12-16T23:01:12.767+0800: 2066.432: [CMS-concurrent-mark-start]
2020-12-16T23:01:12.768+0800: 2066.432: [CMS-concurrent-mark: 0.000/0.000 secs] [Times: user=0.00 sys=0.00, real=0.00 secs] 
2020-12-16T23:01:12.768+0800: 2066.432: [CMS-concurrent-preclean-start]
2020-12-16T23:01:12.769+0800: 2066.433: [CMS-concurrent-preclean: 0.001/0.001 secs] [Times: user=0.00 sys=0.00, real=0.00 secs] 
2020-12-16T23:01:12.769+0800: 2066.433: [CMS-concurrent-abortable-preclean-start]
 CMS: abort preclean due to time 2020-12-16T23:01:17.851+0800: 2071.515: [CMS-concurrent-abortable-preclean: 0.064/5.081 secs] [Times: user=0.03 sys=0.08, real=5.08 secs] 
2020-12-16T23:01:17.851+0800: 2071.515: [GC (CMS Final Remark) [YG occupancy: 639235 K (943680 K)]2020-12-16T23:01:17.851+0800: 2071.515: [Rescan (parallel) , 0.0777259 secs]2020-12-16T23:01:17.929+0800: 2071.593: [weak refs processing, 0.0006130 secs][1 CMS-remark: 63K(64K)] 639299K(943744K), 0.0784296 secs] [Times: user=0.73 sys=0.00, real=0.08 secs] 
2020-12-16T23:01:17.930+0800: 2071.594: [CMS-concurrent-sweep-start]
2020-12-16T23:01:17.930+0800: 2071.594: [CMS-concurrent-sweep: 0.000/0.000 secs] [Times: user=0.00 sys=0.00, real=0.00 secs] 
2020-12-16T23:01:17.930+0800: 2071.594: [CMS-concurrent-reset-start]
2020-12-16T23:01:17.930+0800: 2071.594: [CMS-concurrent-reset: 0.000/0.000 secs] [Times: user=0.00 sys=0.00, real=0.00 secs] 
2020-12-16T23:01:19.931+0800: 2073.595: [GC (CMS Initial Mark) [1 CMS-initial-mark: 63K(64K)] 639299K(943744K), 0.0735085 secs] [Times: user=0.31 sys=0.00, real=0.07 secs] 
2020-12-16T23:01:20.004+0800: 2073.668: [CMS-concurrent-mark-start]
2020-12-16T23:01:20.004+0800: 2073.669: [CMS-concurrent-mark: 0.000/0.000 secs] [Times: user=0.00 sys=0.00, real=0.00 secs] 
2020-12-16T23:01:20.004+0800: 2073.669: [CMS-concurrent-preclean-start]
2020-12-16T23:01:20.005+0800: 2073.670: [CMS-concurrent-preclean: 0.001/0.001 secs] [Times: user=0.00 sys=0.00, real=0.00 secs] 
2020-12-16T23:01:20.005+0800: 2073.670: [CMS-concurrent-abortable-preclean-start]
 CMS: abort preclean due to time 2020-12-16T23:01:25.094+0800: 2078.758: [CMS-concurrent-abortable-preclean: 0.072/5.088 secs] [Times: user=0.06 sys=0.11, real=5.09 secs] 
2020-12-16T23:01:25.094+0800: 2078.758: [GC (CMS Final Remark) [YG occupancy: 639235 K (943680 K)]2020-12-16T23:01:25.094+0800: 2078.758: [Rescan (parallel) , 0.0810182 secs]2020-12-16T23:01:25.175+0800: 2078.839: [weak refs processing, 0.0006950 secs][1 CMS-remark: 63K(64K)] 639299K(943744K), 0.0818033 secs] [Times: user=0.70 sys=0.01, real=0.08 secs] 
2020-12-16T23:01:25.176+0800: 2078.840: [CMS-concurrent-sweep-start]
2020-12-16T23:01:25.176+0800: 2078.840: [CMS-concurrent-sweep: 0.000/0.000 secs] [Times: user=0.00 sys=0.00, real=0.00 secs] 
2020-12-16T23:01:25.176+0800: 2078.840: [CMS-concurrent-reset-start]
2020-12-16T23:01:25.176+0800: 2078.840: [CMS-concurrent-reset: 0.000/0.000 secs] [Times: user=0.00 sys=0.00, real=0.00 secs] 
2020-12-16T23:01:27.176+0800: 2080.840: [GC (CMS Initial Mark) [1 CMS-initial-mark: 63K(64K)] 643455K(943744K), 0.0551115 secs] [Times: user=0.30 sys=0.00, real=0.05 secs] 
2020-12-16T23:01:27.231+0800: 2080.896: [CMS-concurrent-mark-start]
2020-12-16T23:01:27.231+0800: 2080.896: [CMS-concurrent-mark: 0.000/0.000 secs] [Times: user=0.00 sys=0.00, real=0.00 secs] 
2020-12-16T23:01:27.232+0800: 2080.896: [CMS-concurrent-preclean-start]
2020-12-16T23:01:27.233+0800: 2080.897: [CMS-concurrent-preclean: 0.001/0.001 secs] [Times: user=0.00 sys=0.00, real=0.00 secs] 
2020-12-16T23:01:27.233+0800: 2080.897: [CMS-concurrent-abortable-preclean-start]
 CMS: abort preclean due to time 2020-12-16T23:01:32.317+0800: 2085.981: [CMS-concurrent-abortable-preclean: 0.067/5.084 secs] [Times: user=0.11 sys=0.09, real=5.08 secs] 
2020-12-16T23:01:32.317+0800: 2085.981: [GC (CMS Final Remark) [YG occupancy: 643391 K (943680 K)]2020-12-16T23:01:32.317+0800: 2085.981: [Rescan (parallel) , 0.0794880 secs]2020-12-16T23:01:32.397+0800: 2086.061: [weak refs processing, 0.0007200 secs][1 CMS-remark: 63K(64K)] 643455K(943744K), 0.0802940 secs] [Times: user=0.72 sys=0.00, real=0.08 secs] 
2020-12-16T23:01:32.397+0800: 2086.062: [CMS-concurrent-sweep-start]
2020-12-16T23:01:32.398+0800: 2086.062: [CMS-concurrent-sweep: 0.000/0.000 secs] [Times: user=0.00 sys=0.00, real=0.00 secs] 
2020-12-16T23:01:32.398+0800: 2086.062: [CMS-concurrent-reset-start]
2020-12-16T23:01:32.398+0800: 2086.062: [CMS-concurrent-reset: 0.000/0.000 secs] [Times: user=0.00 sys=0.00, real=0.00 secs] 
2020-12-16T23:01:34.398+0800: 2088.062: [GC (CMS Initial Mark) [1 CMS-initial-mark: 63K(64K)] 643455K(943744K), 0.0683449 secs] [Times: user=0.31 sys=0.00, real=0.07 secs] 
2020-12-16T23:01:34.466+0800: 2088.131: [CMS-concurrent-mark-start]
2020-12-16T23:01:34.467+0800: 2088.131: [CMS-concurrent-mark: 0.000/0.000 secs] [Times: user=0.00 sys=0.00, real=0.00 secs] 
2020-12-16T23:01:34.467+0800: 2088.131: [CMS-concurrent-preclean-start]
2020-12-16T23:01:34.468+0800: 2088.132: [CMS-concurrent-preclean: 0.001/0.001 secs] [Times: user=0.00 sys=0.00, real=0.00 secs] 
2020-12-16T23:01:34.468+0800: 2088.132: [CMS-concurrent-abortable-preclean-start]
 CMS: abort preclean due to time 2020-12-16T23:01:39.550+0800: 2093.214: [CMS-concurrent-abortable-preclean: 0.065/5.081 secs] [Times: user=0.14 sys=0.13, real=5.08 secs] 
2020-12-16T23:01:39.550+0800: 2093.214: [GC (CMS Final Remark) [YG occupancy: 647548 K (943680 K)]2020-12-16T23:01:39.550+0800: 2093.214: [Rescan (parallel) , 0.0916177 secs]2020-12-16T23:01:39.642+0800: 2093.306: [weak refs processing, 0.0007058 secs][1 CMS-remark: 63K(64K)] 647612K(943744K), 0.0924138 secs] [Times: user=0.88 sys=0.00, real=0.09 secs] 
2020-12-16T23:01:39.642+0800: 2093.307: [CMS-concurrent-sweep-start]
2020-12-16T23:01:39.642+0800: 2093.307: [CMS-concurrent-sweep: 0.000/0.000 secs] [Times: user=0.00 sys=0.00, real=0.00 secs] 
2020-12-16T23:01:39.642+0800: 2093.307: [CMS-concurrent-reset-start]
2020-12-16T23:01:39.642+0800: 2093.307: [CMS-concurrent-reset: 0.000/0.000 secs] [Times: user=0.00 sys=0.00, real=0.00 secs] 
2020-12-16T23:01:41.642+0800: 2095.306: [GC (CMS Initial Mark) [1 CMS-initial-mark: 63K(64K)] 647612K(943744K), 0.0543263 secs] [Times: user=0.20 sys=0.00, real=0.05 secs] 
2020-12-16T23:01:41.696+0800: 2095.361: [CMS-concurrent-mark-start]
2020-12-16T23:01:41.697+0800: 2095.361: [CMS-concurrent-mark: 0.000/0.000 secs] [Times: user=0.00 sys=0.01, real=0.00 secs] 
2020-12-16T23:01:41.697+0800: 2095.361: [CMS-concurrent-preclean-start]
2020-12-16T23:01:41.698+0800: 2095.362: [CMS-concurrent-preclean: 0.001/0.001 secs] [Times: user=0.00 sys=0.00, real=0.00 secs] 
2020-12-16T23:01:41.698+0800: 2095.362: [CMS-concurrent-abortable-preclean-start]
 CMS: abort preclean due to time 2020-12-16T23:01:46.784+0800: 2100.448: [CMS-concurrent-abortable-preclean: 0.070/5.085 secs] [Times: user=0.11 sys=0.11, real=5.09 secs] 
2020-12-16T23:01:46.784+0800: 2100.448: [GC (CMS Final Remark) [YG occupancy: 651704 K (943680 K)]2020-12-16T23:01:46.784+0800: 2100.448: [Rescan (parallel) , 0.0853707 secs]2020-12-16T23:01:46.869+0800: 2100.533: [weak refs processing, 0.0006283 secs][1 CMS-remark: 63K(64K)] 651768K(943744K), 0.0860795 secs] [Times: user=0.75 sys=0.00, real=0.09 secs] 
2020-12-16T23:01:46.870+0800: 2100.534: [CMS-concurrent-sweep-start]
2020-12-16T23:01:46.870+0800: 2100.534: [CMS-concurrent-sweep: 0.000/0.000 secs] [Times: user=0.00 sys=0.00, real=0.00 secs] 
2020-12-16T23:01:46.870+0800: 2100.534: [CMS-concurrent-reset-start]
2020-12-16T23:01:46.870+0800: 2100.534: [CMS-concurrent-reset: 0.000/0.000 secs] [Times: user=0.00 sys=0.00, real=0.00 secs] 
2020-12-16T23:01:48.870+0800: 2102.534: [GC (CMS Initial Mark) [1 CMS-initial-mark: 63K(64K)] 651768K(943744K), 0.0721652 secs] [Times: user=0.23 sys=0.00, real=0.07 secs] 
2020-12-16T23:01:48.941+0800: 2102.606: [CMS-concurrent-mark-start]
2020-12-16T23:01:48.942+0800: 2102.606: [CMS-concurrent-mark: 0.000/0.000 secs] [Times: user=0.00 sys=0.00, real=0.00 secs] 
2020-12-16T23:01:48.942+0800: 2102.606: [CMS-concurrent-preclean-start]
2020-12-16T23:01:48.943+0800: 2102.607: [CMS-concurrent-preclean: 0.001/0.001 secs] [Times: user=0.00 sys=0.00, real=0.00 secs] 
2020-12-16T23:01:48.943+0800: 2102.607: [CMS-concurrent-abortable-preclean-start]
 CMS: abort preclean due to time 2020-12-16T23:01:54.030+0800: 2107.694: [CMS-concurrent-abortable-preclean: 0.066/5.087 secs] [Times: user=0.11 sys=0.11, real=5.09 secs] 
2020-12-16T23:01:54.030+0800: 2107.695: [GC (CMS Final Remark) [YG occupancy: 651704 K (943680 K)]2020-12-16T23:01:54.030+0800: 2107.695: [Rescan (parallel) , 0.0827380 secs]2020-12-16T23:01:54.113+0800: 2107.777: [weak refs processing, 0.0006494 secs][1 CMS-remark: 63K(64K)] 651768K(943744K), 0.0834802 secs] [Times: user=0.70 sys=0.03, real=0.08 secs] 
2020-12-16T23:01:54.114+0800: 2107.778: [CMS-concurrent-sweep-start]
2020-12-16T23:01:54.114+0800: 2107.778: [CMS-concurrent-sweep: 0.000/0.000 secs] [Times: user=0.00 sys=0.00, real=0.00 secs] 
2020-12-16T23:01:54.114+0800: 2107.778: [CMS-concurrent-reset-start]
2020-12-16T23:01:54.114+0800: 2107.778: [CMS-concurrent-reset: 0.000/0.000 secs] [Times: user=0.00 sys=0.00, real=0.00 secs] 
2020-12-16T23:01:56.114+0800: 2109.779: [GC (CMS Initial Mark) [1 CMS-initial-mark: 63K(64K)] 651768K(943744K), 0.0969459 secs] [Times: user=0.64 sys=0.00, real=0.10 secs] 
2020-12-16T23:01:56.211+0800: 2109.876: [CMS-concurrent-mark-start]
2020-12-16T23:01:56.211+0800: 2109.876: [CMS-concurrent-mark: 0.000/0.000 secs] [Times: user=0.00 sys=0.00, real=0.00 secs] 
2020-12-16T23:01:56.212+0800: 2109.876: [CMS-concurrent-preclean-start]
2020-12-16T23:01:56.213+0800: 2109.877: [CMS-concurrent-preclean: 0.001/0.001 secs] [Times: user=0.02 sys=0.01, real=0.00 secs] 
2020-12-16T23:01:56.213+0800: 2109.877: [CMS-concurrent-abortable-preclean-start]
 CMS: abort preclean due to time 2020-12-16T23:02:01.294+0800: 2114.958: [CMS-concurrent-abortable-preclean: 0.068/5.081 secs] [Times: user=0.02 sys=0.13, real=5.08 secs] 
2020-12-16T23:02:01.294+0800: 2114.958: [GC (CMS Final Remark) [YG occupancy: 655860 K (943680 K)]2020-12-16T23:02:01.294+0800: 2114.958: [Rescan (parallel) , 0.0914163 secs]2020-12-16T23:02:01.386+0800: 2115.050: [weak refs processing, 0.0007141 secs][1 CMS-remark: 63K(64K)] 655924K(943744K), 0.0922150 secs] [Times: user=0.75 sys=0.00, real=0.09 secs] 
2020-12-16T23:02:01.387+0800: 2115.051: [CMS-concurrent-sweep-start]
2020-12-16T23:02:01.387+0800: 2115.051: [CMS-concurrent-sweep: 0.000/0.000 secs] [Times: user=0.00 sys=0.00, real=0.00 secs] 
2020-12-16T23:02:01.387+0800: 2115.051: [CMS-concurrent-reset-start]
2020-12-16T23:02:01.387+0800: 2115.051: [CMS-concurrent-reset: 0.000/0.000 secs] [Times: user=0.00 sys=0.00, real=0.00 secs] 
2020-12-16T23:02:03.388+0800: 2117.052: [GC (CMS Initial Mark) [1 CMS-initial-mark: 63K(64K)] 655924K(943744K), 0.0668868 secs] [Times: user=0.22 sys=0.00, real=0.07 secs] 
2020-12-16T23:02:03.454+0800: 2117.119: [CMS-concurrent-mark-start]
2020-12-16T23:02:03.455+0800: 2117.119: [CMS-concurrent-mark: 0.000/0.000 secs] [Times: user=0.00 sys=0.00, real=0.00 secs] 
2020-12-16T23:02:03.455+0800: 2117.119: [CMS-concurrent-preclean-start]
2020-12-16T23:02:03.456+0800: 2117.120: [CMS-concurrent-preclean: 0.001/0.001 secs] [Times: user=0.00 sys=0.00, real=0.00 secs] 
2020-12-16T23:02:03.456+0800: 2117.120: [CMS-concurrent-abortable-preclean-start]
 CMS: abort preclean due to time 2020-12-16T23:02:08.542+0800: 2122.206: [CMS-concurrent-abortable-preclean: 0.068/5.086 secs] [Times: user=0.08 sys=0.11, real=5.09 secs] 
2020-12-16T23:02:08.542+0800: 2122.206: [GC (CMS Final Remark) [YG occupancy: 660017 K (943680 K)]2020-12-16T23:02:08.542+0800: 2122.206: [Rescan (parallel) , 0.0861126 secs]2020-12-16T23:02:08.628+0800: 2122.293: [weak refs processing, 0.0007175 secs][1 CMS-remark: 63K(64K)] 660080K(943744K), 0.0869183 secs] [Times: user=0.70 sys=0.01, real=0.09 secs] 
2020-12-16T23:02:08.629+0800: 2122.293: [CMS-concurrent-sweep-start]
2020-12-16T23:02:08.629+0800: 2122.294: [CMS-concurrent-sweep: 0.000/0.000 secs] [Times: user=0.00 sys=0.00, real=0.00 secs] 
2020-12-16T23:02:08.629+0800: 2122.294: [CMS-concurrent-reset-start]
2020-12-16T23:02:08.629+0800: 2122.294: [CMS-concurrent-reset: 0.000/0.000 secs] [Times: user=0.00 sys=0.00, real=0.00 secs] 
2020-12-16T23:02:10.630+0800: 2124.294: [GC (CMS Initial Mark) [1 CMS-initial-mark: 63K(64K)] 660080K(943744K), 0.0771824 secs] [Times: user=0.38 sys=0.00, real=0.08 secs] 
2020-12-16T23:02:10.707+0800: 2124.371: [CMS-concurrent-mark-start]
2020-12-16T23:02:10.707+0800: 2124.371: [CMS-concurrent-mark: 0.000/0.000 secs] [Times: user=0.00 sys=0.00, real=0.00 secs] 
2020-12-16T23:02:10.707+0800: 2124.372: [CMS-concurrent-preclean-start]
2020-12-16T23:02:10.708+0800: 2124.373: [CMS-concurrent-preclean: 0.001/0.001 secs] [Times: user=0.00 sys=0.00, real=0.00 secs] 
2020-12-16T23:02:10.709+0800: 2124.373: [CMS-concurrent-abortable-preclean-start]
 CMS: abort preclean due to time 2020-12-16T23:02:15.792+0800: 2129.456: [CMS-concurrent-abortable-preclean: 0.070/5.083 secs] [Times: user=0.03 sys=0.14, real=5.08 secs] 
2020-12-16T23:02:15.792+0800: 2129.456: [GC (CMS Final Remark) [YG occupancy: 661568 K (943680 K)]2020-12-16T23:02:15.792+0800: 2129.456: [Rescan (parallel) , 0.0933507 secs]2020-12-16T23:02:15.886+0800: 2129.550: [weak refs processing, 0.0008643 secs][1 CMS-remark: 63K(64K)] 661632K(943744K), 0.0943136 secs] [Times: user=0.77 sys=0.02, real=0.10 secs] 
2020-12-16T23:02:15.887+0800: 2129.551: [CMS-concurrent-sweep-start]
2020-12-16T23:02:15.887+0800: 2129.551: [CMS-concurrent-sweep: 0.000/0.000 secs] [Times: user=0.00 sys=0.00, real=0.00 secs] 
2020-12-16T23:02:15.887+0800: 2129.551: [CMS-concurrent-reset-start]
2020-12-16T23:02:15.887+0800: 2129.551: [CMS-concurrent-reset: 0.000/0.000 secs] [Times: user=0.00 sys=0.00, real=0.00 secs] 
2020-12-16T23:02:17.886+0800: 2131.550: [GC (CMS Initial Mark) [1 CMS-initial-mark: 63K(64K)] 665789K(943744K), 0.0609056 secs] [Times: user=0.20 sys=0.00, real=0.06 secs] 
2020-12-16T23:02:17.947+0800: 2131.611: [CMS-concurrent-mark-start]
2020-12-16T23:02:17.947+0800: 2131.612: [CMS-concurrent-mark: 0.000/0.000 secs] [Times: user=0.00 sys=0.00, real=0.00 secs] 
2020-12-16T23:02:17.948+0800: 2131.612: [CMS-concurrent-preclean-start]
2020-12-16T23:02:17.949+0800: 2131.613: [CMS-concurrent-preclean: 0.001/0.001 secs] [Times: user=0.00 sys=0.00, real=0.00 secs] 
2020-12-16T23:02:17.949+0800: 2131.613: [CMS-concurrent-abortable-preclean-start]
 CMS: abort preclean due to time 2020-12-16T23:02:23.033+0800: 2136.697: [CMS-concurrent-abortable-preclean: 0.067/5.084 secs] [Times: user=0.06 sys=0.09, real=5.08 secs] 
2020-12-16T23:02:23.033+0800: 2136.698: [GC (CMS Final Remark) [YG occupancy: 665725 K (943680 K)]2020-12-16T23:02:23.033+0800: 2136.698: [Rescan (parallel) , 0.1225734 secs]2020-12-16T23:02:23.156+0800: 2136.820: [weak refs processing, 0.0007277 secs][1 CMS-remark: 63K(64K)] 665789K(943744K), 0.1234505 secs] [Times: user=1.19 sys=0.00, real=0.12 secs] 
2020-12-16T23:02:23.157+0800: 2136.821: [CMS-concurrent-sweep-start]
2020-12-16T23:02:23.157+0800: 2136.821: [CMS-concurrent-sweep: 0.000/0.000 secs] [Times: user=0.00 sys=0.00, real=0.00 secs] 
2020-12-16T23:02:23.157+0800: 2136.821: [CMS-concurrent-reset-start]
2020-12-16T23:02:23.157+0800: 2136.821: [CMS-concurrent-reset: 0.000/0.000 secs] [Times: user=0.00 sys=0.00, real=0.00 secs] 
2020-12-16T23:02:25.158+0800: 2138.822: [GC (CMS Initial Mark) [1 CMS-initial-mark: 63K(64K)] 665789K(943744K), 0.0606831 secs] [Times: user=0.26 sys=0.00, real=0.06 secs] 
2020-12-16T23:02:25.219+0800: 2138.883: [CMS-concurrent-mark-start]
2020-12-16T23:02:25.219+0800: 2138.883: [CMS-concurrent-mark: 0.000/0.000 secs] [Times: user=0.00 sys=0.00, real=0.00 secs] 
2020-12-16T23:02:25.219+0800: 2138.883: [CMS-concurrent-preclean-start]
2020-12-16T23:02:25.220+0800: 2138.884: [CMS-concurrent-preclean: 0.001/0.001 secs] [Times: user=0.00 sys=0.00, real=0.00 secs] 
2020-12-16T23:02:25.220+0800: 2138.884: [CMS-concurrent-abortable-preclean-start]
 CMS: abort preclean due to time 2020-12-16T23:02:30.304+0800: 2143.968: [CMS-concurrent-abortable-preclean: 0.069/5.083 secs] [Times: user=0.06 sys=0.08, real=5.08 secs] 
2020-12-16T23:02:30.304+0800: 2143.968: [GC (CMS Final Remark) [YG occupancy: 669881 K (943680 K)]2020-12-16T23:02:30.304+0800: 2143.968: [Rescan (parallel) , 0.0806057 secs]2020-12-16T23:02:30.384+0800: 2144.049: [weak refs processing, 0.0006215 secs][1 CMS-remark: 63K(64K)] 669945K(943744K), 0.0813110 secs] [Times: user=0.69 sys=0.00, real=0.08 secs] 
2020-12-16T23:02:30.385+0800: 2144.050: [CMS-concurrent-sweep-start]
2020-12-16T23:02:30.385+0800: 2144.050: [CMS-concurrent-sweep: 0.000/0.000 secs] [Times: user=0.00 sys=0.00, real=0.00 secs] 
2020-12-16T23:02:30.385+0800: 2144.050: [CMS-concurrent-reset-start]
2020-12-16T23:02:30.385+0800: 2144.050: [CMS-concurrent-reset: 0.000/0.000 secs] [Times: user=0.00 sys=0.00, real=0.00 secs] 
2020-12-16T23:02:32.386+0800: 2146.050: [GC (CMS Initial Mark) [1 CMS-initial-mark: 63K(64K)] 669945K(943744K), 0.0647706 secs] [Times: user=0.22 sys=0.00, real=0.06 secs] 
2020-12-16T23:02:32.450+0800: 2146.114: [CMS-concurrent-mark-start]
2020-12-16T23:02:32.450+0800: 2146.115: [CMS-concurrent-mark: 0.000/0.000 secs] [Times: user=0.00 sys=0.00, real=0.00 secs] 
2020-12-16T23:02:32.450+0800: 2146.115: [CMS-concurrent-preclean-start]
2020-12-16T23:02:32.451+0800: 2146.116: [CMS-concurrent-preclean: 0.001/0.001 secs] [Times: user=0.00 sys=0.00, real=0.00 secs] 
2020-12-16T23:02:32.451+0800: 2146.116: [CMS-concurrent-abortable-preclean-start]
 CMS: abort preclean due to time 2020-12-16T23:02:37.536+0800: 2151.200: [CMS-concurrent-abortable-preclean: 0.071/5.084 secs] [Times: user=0.11 sys=0.11, real=5.09 secs] 
2020-12-16T23:02:37.536+0800: 2151.200: [GC (CMS Final Remark) [YG occupancy: 674037 K (943680 K)]2020-12-16T23:02:37.536+0800: 2151.200: [Rescan (parallel) , 0.0867673 secs]2020-12-16T23:02:37.622+0800: 2151.287: [weak refs processing, 0.0006235 secs][1 CMS-remark: 63K(64K)] 674101K(943744K), 0.0874828 secs] [Times: user=0.86 sys=0.02, real=0.09 secs] 
2020-12-16T23:02:37.623+0800: 2151.288: [CMS-concurrent-sweep-start]
2020-12-16T23:02:37.623+0800: 2151.288: [CMS-concurrent-sweep: 0.000/0.000 secs] [Times: user=0.00 sys=0.00, real=0.00 secs] 
2020-12-16T23:02:37.623+0800: 2151.288: [CMS-concurrent-reset-start]
2020-12-16T23:02:37.623+0800: 2151.288: [CMS-concurrent-reset: 0.000/0.000 secs] [Times: user=0.00 sys=0.00, real=0.00 secs] 
2020-12-16T23:02:39.625+0800: 2153.289: [GC (CMS Initial Mark) [1 CMS-initial-mark: 63K(64K)] 674101K(943744K), 0.0560819 secs] [Times: user=0.20 sys=0.00, real=0.06 secs] 
2020-12-16T23:02:39.681+0800: 2153.345: [CMS-concurrent-mark-start]
2020-12-16T23:02:39.681+0800: 2153.345: [CMS-concurrent-mark: 0.000/0.000 secs] [Times: user=0.00 sys=0.00, real=0.00 secs] 
2020-12-16T23:02:39.681+0800: 2153.345: [CMS-concurrent-preclean-start]
2020-12-16T23:02:39.682+0800: 2153.347: [CMS-concurrent-preclean: 0.001/0.001 secs] [Times: user=0.02 sys=0.00, real=0.00 secs] 
2020-12-16T23:02:39.682+0800: 2153.347: [CMS-concurrent-abortable-preclean-start]
 CMS: abort preclean due to time 2020-12-16T23:02:44.771+0800: 2158.435: [CMS-concurrent-abortable-preclean: 0.073/5.088 secs] [Times: user=0.09 sys=0.13, real=5.09 secs] 
2020-12-16T23:02:44.771+0800: 2158.436: [GC (CMS Final Remark) [YG occupancy: 674037 K (943680 K)]2020-12-16T23:02:44.772+0800: 2158.436: [Rescan (parallel) , 0.1197191 secs]2020-12-16T23:02:44.892+0800: 2158.556: [weak refs processing, 0.0007301 secs][1 CMS-remark: 63K(64K)] 674101K(943744K), 0.1205931 secs] [Times: user=1.16 sys=0.02, real=0.12 secs] 
2020-12-16T23:02:44.893+0800: 2158.557: [CMS-concurrent-sweep-start]
2020-12-16T23:02:44.893+0800: 2158.557: [CMS-concurrent-sweep: 0.000/0.000 secs] [Times: user=0.00 sys=0.00, real=0.00 secs] 
2020-12-16T23:02:44.893+0800: 2158.557: [CMS-concurrent-reset-start]
2020-12-16T23:02:44.893+0800: 2158.557: [CMS-concurrent-reset: 0.000/0.000 secs] [Times: user=0.00 sys=0.00, real=0.00 secs] 
2020-12-16T23:02:46.893+0800: 2160.557: [GC (CMS Initial Mark) [1 CMS-initial-mark: 63K(64K)] 674543K(943744K), 0.0640643 secs] [Times: user=0.30 sys=0.00, real=0.06 secs] 
2020-12-16T23:02:46.957+0800: 2160.621: [CMS-concurrent-mark-start]
2020-12-16T23:02:46.957+0800: 2160.621: [CMS-concurrent-mark: 0.000/0.000 secs] [Times: user=0.00 sys=0.00, real=0.00 secs] 
2020-12-16T23:02:46.957+0800: 2160.621: [CMS-concurrent-preclean-start]
2020-12-16T23:02:46.958+0800: 2160.622: [CMS-concurrent-preclean: 0.001/0.001 secs] [Times: user=0.00 sys=0.00, real=0.00 secs] 
2020-12-16T23:02:46.958+0800: 2160.623: [CMS-concurrent-abortable-preclean-start]
 CMS: abort preclean due to time 2020-12-16T23:02:52.044+0800: 2165.708: [CMS-concurrent-abortable-preclean: 0.070/5.086 secs] [Times: user=0.08 sys=0.08, real=5.09 secs] 
2020-12-16T23:02:52.044+0800: 2165.708: [GC (CMS Final Remark) [YG occupancy: 678635 K (943680 K)]2020-12-16T23:02:52.044+0800: 2165.708: [Rescan (parallel) , 0.0723188 secs]2020-12-16T23:02:52.117+0800: 2165.781: [weak refs processing, 0.0007173 secs][1 CMS-remark: 63K(64K)] 678699K(943744K), 0.0731243 secs] [Times: user=0.53 sys=0.02, real=0.07 secs] 
2020-12-16T23:02:52.117+0800: 2165.782: [CMS-concurrent-sweep-start]
2020-12-16T23:02:52.118+0800: 2165.782: [CMS-concurrent-sweep: 0.000/0.000 secs] [Times: user=0.00 sys=0.00, real=0.00 secs] 
2020-12-16T23:02:52.118+0800: 2165.782: [CMS-concurrent-reset-start]
2020-12-16T23:02:52.118+0800: 2165.782: [CMS-concurrent-reset: 0.000/0.000 secs] [Times: user=0.00 sys=0.00, real=0.00 secs] 
2020-12-16T23:02:54.118+0800: 2167.782: [GC (CMS Initial Mark) [1 CMS-initial-mark: 63K(64K)] 678699K(943744K), 0.0638175 secs] [Times: user=0.36 sys=0.00, real=0.06 secs] 
2020-12-16T23:02:54.181+0800: 2167.846: [CMS-concurrent-mark-start]
2020-12-16T23:02:54.182+0800: 2167.846: [CMS-concurrent-mark: 0.000/0.000 secs] [Times: user=0.02 sys=0.02, real=0.00 secs] 
2020-12-16T23:02:54.182+0800: 2167.846: [CMS-concurrent-preclean-start]
2020-12-16T23:02:54.183+0800: 2167.847: [CMS-concurrent-preclean: 0.001/0.001 secs] [Times: user=0.00 sys=0.00, real=0.00 secs] 
2020-12-16T23:02:54.183+0800: 2167.847: [CMS-concurrent-abortable-preclean-start]
 CMS: abort preclean due to time 2020-12-16T23:02:59.265+0800: 2172.929: [CMS-concurrent-abortable-preclean: 0.068/5.082 secs] [Times: user=0.02 sys=0.11, real=5.08 secs] 
2020-12-16T23:02:59.266+0800: 2172.930: [GC (CMS Final Remark) [YG occupancy: 682791 K (943680 K)]2020-12-16T23:02:59.266+0800: 2172.930: [Rescan (parallel) , 0.0963926 secs]2020-12-16T23:02:59.362+0800: 2173.026: [weak refs processing, 0.0007215 secs][1 CMS-remark: 63K(64K)] 682855K(943744K), 0.0972075 secs] [Times: user=0.88 sys=0.00, real=0.10 secs] 
2020-12-16T23:02:59.363+0800: 2173.027: [CMS-concurrent-sweep-start]
2020-12-16T23:02:59.363+0800: 2173.027: [CMS-concurrent-sweep: 0.000/0.000 secs] [Times: user=0.00 sys=0.00, real=0.00 secs] 
2020-12-16T23:02:59.363+0800: 2173.027: [CMS-concurrent-reset-start]
2020-12-16T23:02:59.363+0800: 2173.027: [CMS-concurrent-reset: 0.000/0.000 secs] [Times: user=0.00 sys=0.00, real=0.00 secs] 
2020-12-16T23:03:01.363+0800: 2175.027: [GC (CMS Initial Mark) [1 CMS-initial-mark: 63K(64K)] 682855K(943744K), 0.0700081 secs] [Times: user=0.31 sys=0.00, real=0.07 secs] 
2020-12-16T23:03:01.433+0800: 2175.097: [CMS-concurrent-mark-start]
2020-12-16T23:03:01.434+0800: 2175.097: [CMS-concurrent-mark: 0.000/0.000 secs] [Times: user=0.00 sys=0.00, real=0.00 secs] 
2020-12-16T23:03:01.434+0800: 2175.097: [CMS-concurrent-preclean-start]
2020-12-16T23:03:01.435+0800: 2175.099: [CMS-concurrent-preclean: 0.001/0.001 secs] [Times: user=0.00 sys=0.00, real=0.00 secs] 
2020-12-16T23:03:01.435+0800: 2175.099: [CMS-concurrent-abortable-preclean-start]
 CMS: abort preclean due to time 2020-12-16T23:03:06.506+0800: 2180.170: [CMS-concurrent-abortable-preclean: 0.071/5.071 secs] [Times: user=0.16 sys=0.09, real=5.07 secs] 
2020-12-16T23:03:06.506+0800: 2180.170: [GC (CMS Final Remark) [YG occupancy: 682791 K (943680 K)]2020-12-16T23:03:06.506+0800: 2180.170: [Rescan (parallel) , 0.0814144 secs]2020-12-16T23:03:06.588+0800: 2180.252: [weak refs processing, 0.0006169 secs][1 CMS-remark: 63K(64K)] 682855K(943744K), 0.0821148 secs] [Times: user=0.69 sys=0.00, real=0.08 secs] 
2020-12-16T23:03:06.589+0800: 2180.252: [CMS-concurrent-sweep-start]
2020-12-16T23:03:06.589+0800: 2180.253: [CMS-concurrent-sweep: 0.000/0.000 secs] [Times: user=0.00 sys=0.00, real=0.00 secs] 
2020-12-16T23:03:06.589+0800: 2180.253: [CMS-concurrent-reset-start]
2020-12-16T23:03:06.589+0800: 2180.253: [CMS-concurrent-reset: 0.000/0.000 secs] [Times: user=0.00 sys=0.00, real=0.00 secs] 
2020-12-16T23:03:08.589+0800: 2182.253: [GC (CMS Initial Mark) [1 CMS-initial-mark: 63K(64K)] 687012K(943744K), 0.0613557 secs] [Times: user=0.22 sys=0.00, real=0.06 secs] 
2020-12-16T23:03:08.651+0800: 2182.315: [CMS-concurrent-mark-start]
2020-12-16T23:03:08.651+0800: 2182.315: [CMS-concurrent-mark: 0.000/0.000 secs] [Times: user=0.00 sys=0.00, real=0.00 secs] 
2020-12-16T23:03:08.651+0800: 2182.315: [CMS-concurrent-preclean-start]
2020-12-16T23:03:08.652+0800: 2182.316: [CMS-concurrent-preclean: 0.001/0.001 secs] [Times: user=0.00 sys=0.00, real=0.00 secs] 
2020-12-16T23:03:08.652+0800: 2182.316: [CMS-concurrent-abortable-preclean-start]
 CMS: abort preclean due to time 2020-12-16T23:03:13.729+0800: 2187.394: [CMS-concurrent-abortable-preclean: 0.069/5.078 secs] [Times: user=0.23 sys=0.09, real=5.08 secs] 
2020-12-16T23:03:13.729+0800: 2187.394: [GC (CMS Final Remark) [YG occupancy: 686948 K (943680 K)]2020-12-16T23:03:13.729+0800: 2187.394: [Rescan (parallel) , 0.0882052 secs]2020-12-16T23:03:13.818+0800: 2187.482: [weak refs processing, 0.0007538 secs][1 CMS-remark: 63K(64K)] 687012K(943744K), 0.0890465 secs] [Times: user=0.70 sys=0.02, real=0.09 secs] 
2020-12-16T23:03:13.819+0800: 2187.483: [CMS-concurrent-sweep-start]
2020-12-16T23:03:13.819+0800: 2187.483: [CMS-concurrent-sweep: 0.000/0.000 secs] [Times: user=0.00 sys=0.00, real=0.00 secs] 
2020-12-16T23:03:13.819+0800: 2187.483: [CMS-concurrent-reset-start]
2020-12-16T23:03:13.819+0800: 2187.483: [CMS-concurrent-reset: 0.000/0.000 secs] [Times: user=0.00 sys=0.00, real=0.00 secs] 
2020-12-16T23:03:15.820+0800: 2189.484: [GC (CMS Initial Mark) [1 CMS-initial-mark: 63K(64K)] 687012K(943744K), 0.0593929 secs] [Times: user=0.31 sys=0.00, real=0.06 secs] 
2020-12-16T23:03:15.879+0800: 2189.544: [CMS-concurrent-mark-start]
2020-12-16T23:03:15.879+0800: 2189.544: [CMS-concurrent-mark: 0.000/0.000 secs] [Times: user=0.00 sys=0.00, real=0.00 secs] 
2020-12-16T23:03:15.879+0800: 2189.544: [CMS-concurrent-preclean-start]
2020-12-16T23:03:15.880+0800: 2189.545: [CMS-concurrent-preclean: 0.001/0.001 secs] [Times: user=0.00 sys=0.00, real=0.00 secs] 
2020-12-16T23:03:15.880+0800: 2189.545: [CMS-concurrent-abortable-preclean-start]
 CMS: abort preclean due to time 2020-12-16T23:03:20.965+0800: 2194.629: [CMS-concurrent-abortable-preclean: 0.070/5.084 secs] [Times: user=0.13 sys=0.11, real=5.08 secs] 
2020-12-16T23:03:20.965+0800: 2194.630: [GC (CMS Final Remark) [YG occupancy: 691104 K (943680 K)]2020-12-16T23:03:20.965+0800: 2194.630: [Rescan (parallel) , 0.0807808 secs]2020-12-16T23:03:21.046+0800: 2194.710: [weak refs processing, 0.0006239 secs][1 CMS-remark: 63K(64K)] 691168K(943744K), 0.0814860 secs] [Times: user=0.66 sys=0.00, real=0.08 secs] 
2020-12-16T23:03:21.047+0800: 2194.711: [CMS-concurrent-sweep-start]
2020-12-16T23:03:21.047+0800: 2194.711: [CMS-concurrent-sweep: 0.000/0.000 secs] [Times: user=0.00 sys=0.00, real=0.00 secs] 
2020-12-16T23:03:21.047+0800: 2194.711: [CMS-concurrent-reset-start]
2020-12-16T23:03:21.047+0800: 2194.711: [CMS-concurrent-reset: 0.000/0.000 secs] [Times: user=0.00 sys=0.00, real=0.00 secs] 
2020-12-16T23:03:23.047+0800: 2196.711: [GC (CMS Initial Mark) [1 CMS-initial-mark: 63K(64K)] 691168K(943744K), 0.0810263 secs] [Times: user=0.34 sys=0.00, real=0.08 secs] 
2020-12-16T23:03:23.128+0800: 2196.792: [CMS-concurrent-mark-start]
2020-12-16T23:03:23.128+0800: 2196.792: [CMS-concurrent-mark: 0.000/0.000 secs] [Times: user=0.00 sys=0.00, real=0.00 secs] 
2020-12-16T23:03:23.128+0800: 2196.792: [CMS-concurrent-preclean-start]
2020-12-16T23:03:23.129+0800: 2196.793: [CMS-concurrent-preclean: 0.001/0.001 secs] [Times: user=0.00 sys=0.00, real=0.00 secs] 
2020-12-16T23:03:23.129+0800: 2196.793: [CMS-concurrent-abortable-preclean-start]
 CMS: abort preclean due to time 2020-12-16T23:03:28.214+0800: 2201.878: [CMS-concurrent-abortable-preclean: 0.069/5.085 secs] [Times: user=0.13 sys=0.11, real=5.09 secs] 
2020-12-16T23:03:28.214+0800: 2201.879: [GC (CMS Final Remark) [YG occupancy: 691104 K (943680 K)]2020-12-16T23:03:28.214+0800: 2201.879: [Rescan (parallel) , 0.0851431 secs]2020-12-16T23:03:28.300+0800: 2201.964: [weak refs processing, 0.0007505 secs][1 CMS-remark: 63K(64K)] 691168K(943744K), 0.0859808 secs] [Times: user=0.69 sys=0.00, real=0.09 secs] 
2020-12-16T23:03:28.301+0800: 2201.965: [CMS-concurrent-sweep-start]
2020-12-16T23:03:28.301+0800: 2201.965: [CMS-concurrent-sweep: 0.000/0.000 secs] [Times: user=0.00 sys=0.00, real=0.00 secs] 
2020-12-16T23:03:28.301+0800: 2201.965: [CMS-concurrent-reset-start]
2020-12-16T23:03:28.301+0800: 2201.965: [CMS-concurrent-reset: 0.000/0.000 secs] [Times: user=0.00 sys=0.00, real=0.00 secs] 
2020-12-16T23:03:30.300+0800: 2203.964: [GC (CMS Initial Mark) [1 CMS-initial-mark: 63K(64K)] 695324K(943744K), 0.0720741 secs] [Times: user=0.39 sys=0.00, real=0.07 secs] 
2020-12-16T23:03:30.372+0800: 2204.036: [CMS-concurrent-mark-start]
2020-12-16T23:03:30.373+0800: 2204.037: [CMS-concurrent-mark: 0.000/0.000 secs] [Times: user=0.00 sys=0.00, real=0.00 secs] 
2020-12-16T23:03:30.373+0800: 2204.037: [CMS-concurrent-preclean-start]
2020-12-16T23:03:30.374+0800: 2204.038: [CMS-concurrent-preclean: 0.001/0.001 secs] [Times: user=0.00 sys=0.00, real=0.00 secs] 
2020-12-16T23:03:30.374+0800: 2204.038: [CMS-concurrent-abortable-preclean-start]
 CMS: abort preclean due to time 2020-12-16T23:03:35.460+0800: 2209.124: [CMS-concurrent-abortable-preclean: 0.070/5.086 secs] [Times: user=0.13 sys=0.09, real=5.09 secs] 
2020-12-16T23:03:35.460+0800: 2209.124: [GC (CMS Final Remark) [YG occupancy: 695260 K (943680 K)]2020-12-16T23:03:35.460+0800: 2209.124: [Rescan (parallel) , 0.0834213 secs]2020-12-16T23:03:35.543+0800: 2209.208: [weak refs processing, 0.0006273 secs][1 CMS-remark: 63K(64K)] 695324K(943744K), 0.0841377 secs] [Times: user=0.77 sys=0.00, real=0.08 secs] 
2020-12-16T23:03:35.544+0800: 2209.209: [CMS-concurrent-sweep-start]
2020-12-16T23:03:35.544+0800: 2209.209: [CMS-concurrent-sweep: 0.000/0.000 secs] [Times: user=0.00 sys=0.00, real=0.00 secs] 
2020-12-16T23:03:35.544+0800: 2209.209: [CMS-concurrent-reset-start]
2020-12-16T23:03:35.544+0800: 2209.209: [CMS-concurrent-reset: 0.000/0.000 secs] [Times: user=0.00 sys=0.00, real=0.00 secs] 
2020-12-16T23:03:37.544+0800: 2211.209: [GC (CMS Initial Mark) [1 CMS-initial-mark: 63K(64K)] 695324K(943744K), 0.0577485 secs] [Times: user=0.22 sys=0.00, real=0.06 secs] 
2020-12-16T23:03:37.602+0800: 2211.266: [CMS-concurrent-mark-start]
2020-12-16T23:03:37.602+0800: 2211.267: [CMS-concurrent-mark: 0.000/0.000 secs] [Times: user=0.00 sys=0.00, real=0.00 secs] 
2020-12-16T23:03:37.602+0800: 2211.267: [CMS-concurrent-preclean-start]
2020-12-16T23:03:37.603+0800: 2211.268: [CMS-concurrent-preclean: 0.001/0.001 secs] [Times: user=0.00 sys=0.00, real=0.00 secs] 
2020-12-16T23:03:37.603+0800: 2211.268: [CMS-concurrent-abortable-preclean-start]
 CMS: abort preclean due to time 2020-12-16T23:03:42.685+0800: 2216.350: [CMS-concurrent-abortable-preclean: 0.068/5.082 secs] [Times: user=0.13 sys=0.13, real=5.08 secs] 
2020-12-16T23:03:42.685+0800: 2216.350: [GC (CMS Final Remark) [YG occupancy: 699417 K (943680 K)]2020-12-16T23:03:42.685+0800: 2216.350: [Rescan (parallel) , 0.0904639 secs]2020-12-16T23:03:42.776+0800: 2216.440: [weak refs processing, 0.0007427 secs][1 CMS-remark: 63K(64K)] 699480K(943744K), 0.0912922 secs] [Times: user=0.66 sys=0.00, real=0.09 secs] 
2020-12-16T23:03:42.777+0800: 2216.441: [CMS-concurrent-sweep-start]
2020-12-16T23:03:42.777+0800: 2216.441: [CMS-concurrent-sweep: 0.000/0.000 secs] [Times: user=0.00 sys=0.00, real=0.00 secs] 
2020-12-16T23:03:42.777+0800: 2216.441: [CMS-concurrent-reset-start]
2020-12-16T23:03:42.777+0800: 2216.441: [CMS-concurrent-reset: 0.000/0.000 secs] [Times: user=0.00 sys=0.00, real=0.00 secs] 
2020-12-16T23:03:44.777+0800: 2218.441: [GC (CMS Initial Mark) [1 CMS-initial-mark: 63K(64K)] 699480K(943744K), 0.0640915 secs] [Times: user=0.27 sys=0.00, real=0.06 secs] 
2020-12-16T23:03:44.841+0800: 2218.505: [CMS-concurrent-mark-start]
2020-12-16T23:03:44.841+0800: 2218.505: [CMS-concurrent-mark: 0.000/0.000 secs] [Times: user=0.00 sys=0.00, real=0.00 secs] 
2020-12-16T23:03:44.841+0800: 2218.505: [CMS-concurrent-preclean-start]
2020-12-16T23:03:44.841+0800: 2218.506: [CMS-concurrent-preclean: 0.001/0.001 secs] [Times: user=0.00 sys=0.00, real=0.00 secs] 
2020-12-16T23:03:44.841+0800: 2218.506: [CMS-concurrent-abortable-preclean-start]
 CMS: abort preclean due to time 2020-12-16T23:03:49.922+0800: 2223.586: [CMS-concurrent-abortable-preclean: 0.064/5.080 secs] [Times: user=0.02 sys=0.11, real=5.08 secs] 
2020-12-16T23:03:49.923+0800: 2223.587: [GC (CMS Final Remark) [YG occupancy: 703573 K (943680 K)]2020-12-16T23:03:49.923+0800: 2223.587: [Rescan (parallel) , 0.1114819 secs]2020-12-16T23:03:50.034+0800: 2223.698: [weak refs processing, 0.0007156 secs][1 CMS-remark: 63K(64K)] 703637K(943744K), 0.1123520 secs] [Times: user=1.05 sys=0.00, real=0.11 secs] 
2020-12-16T23:03:50.035+0800: 2223.699: [CMS-concurrent-sweep-start]
2020-12-16T23:03:50.035+0800: 2223.699: [CMS-concurrent-sweep: 0.000/0.000 secs] [Times: user=0.00 sys=0.00, real=0.00 secs] 
2020-12-16T23:03:50.035+0800: 2223.699: [CMS-concurrent-reset-start]
2020-12-16T23:03:50.035+0800: 2223.699: [CMS-concurrent-reset: 0.000/0.000 secs] [Times: user=0.00 sys=0.00, real=0.00 secs] 
2020-12-16T23:03:52.037+0800: 2225.701: [GC (CMS Initial Mark) [1 CMS-initial-mark: 63K(64K)] 703637K(943744K), 0.0657449 secs] [Times: user=0.31 sys=0.00, real=0.07 secs] 
2020-12-16T23:03:52.102+0800: 2225.767: [CMS-concurrent-mark-start]
2020-12-16T23:03:52.102+0800: 2225.767: [CMS-concurrent-mark: 0.000/0.000 secs] [Times: user=0.00 sys=0.00, real=0.00 secs] 
2020-12-16T23:03:52.102+0800: 2225.767: [CMS-concurrent-preclean-start]
2020-12-16T23:03:52.103+0800: 2225.768: [CMS-concurrent-preclean: 0.001/0.001 secs] [Times: user=0.02 sys=0.02, real=0.00 secs] 
2020-12-16T23:03:52.103+0800: 2225.768: [CMS-concurrent-abortable-preclean-start]
 CMS: abort preclean due to time 2020-12-16T23:03:57.182+0800: 2230.846: [CMS-concurrent-abortable-preclean: 0.064/5.078 secs] [Times: user=0.08 sys=0.08, real=5.08 secs] 
2020-12-16T23:03:57.182+0800: 2230.846: [GC (CMS Final Remark) [YG occupancy: 703573 K (943680 K)]2020-12-16T23:03:57.182+0800: 2230.846: [Rescan (parallel) , 0.0850096 secs]2020-12-16T23:03:57.268+0800: 2230.931: [weak refs processing, 0.0007385 secs][1 CMS-remark: 63K(64K)] 703637K(943744K), 0.0858363 secs] [Times: user=0.72 sys=0.02, real=0.09 secs] 
2020-12-16T23:03:57.268+0800: 2230.932: [CMS-concurrent-sweep-start]
2020-12-16T23:03:57.269+0800: 2230.932: [CMS-concurrent-sweep: 0.000/0.000 secs] [Times: user=0.00 sys=0.00, real=0.00 secs] 
2020-12-16T23:03:57.269+0800: 2230.932: [CMS-concurrent-reset-start]
2020-12-16T23:03:57.269+0800: 2230.932: [CMS-concurrent-reset: 0.000/0.000 secs] [Times: user=0.00 sys=0.00, real=0.00 secs] 
2020-12-16T23:03:59.269+0800: 2232.933: [GC (CMS Initial Mark) [1 CMS-initial-mark: 63K(64K)] 703637K(943744K), 0.0538111 secs] [Times: user=0.25 sys=0.00, real=0.05 secs] 
2020-12-16T23:03:59.323+0800: 2232.987: [CMS-concurrent-mark-start]
2020-12-16T23:03:59.323+0800: 2232.987: [CMS-concurrent-mark: 0.000/0.000 secs] [Times: user=0.00 sys=0.00, real=0.00 secs] 
2020-12-16T23:03:59.323+0800: 2232.987: [CMS-concurrent-preclean-start]
2020-12-16T23:03:59.324+0800: 2232.989: [CMS-concurrent-preclean: 0.001/0.001 secs] [Times: user=0.00 sys=0.00, real=0.00 secs] 
2020-12-16T23:03:59.324+0800: 2232.989: [CMS-concurrent-abortable-preclean-start]
 CMS: abort preclean due to time 2020-12-16T23:04:04.411+0800: 2238.075: [CMS-concurrent-abortable-preclean: 0.070/5.087 secs] [Times: user=0.03 sys=0.13, real=5.09 secs] 
2020-12-16T23:04:04.411+0800: 2238.076: [GC (CMS Final Remark) [YG occupancy: 707729 K (943680 K)]2020-12-16T23:04:04.411+0800: 2238.076: [Rescan (parallel) , 0.0877216 secs]2020-12-16T23:04:04.499+0800: 2238.163: [weak refs processing, 0.0006132 secs][1 CMS-remark: 63K(64K)] 707793K(943744K), 0.0884181 secs] [Times: user=0.89 sys=0.00, real=0.09 secs] 
2020-12-16T23:04:04.500+0800: 2238.164: [CMS-concurrent-sweep-start]
2020-12-16T23:04:04.500+0800: 2238.164: [CMS-concurrent-sweep: 0.000/0.000 secs] [Times: user=0.00 sys=0.00, real=0.00 secs] 
2020-12-16T23:04:04.500+0800: 2238.164: [CMS-concurrent-reset-start]
2020-12-16T23:04:04.500+0800: 2238.164: [CMS-concurrent-reset: 0.000/0.000 secs] [Times: user=0.00 sys=0.00, real=0.00 secs] 
2020-12-16T23:04:06.501+0800: 2240.165: [GC (CMS Initial Mark) [1 CMS-initial-mark: 63K(64K)] 707793K(943744K), 0.0560622 secs] [Times: user=0.27 sys=0.00, real=0.06 secs] 
2020-12-16T23:04:06.557+0800: 2240.221: [CMS-concurrent-mark-start]
2020-12-16T23:04:06.557+0800: 2240.221: [CMS-concurrent-mark: 0.000/0.000 secs] [Times: user=0.00 sys=0.00, real=0.00 secs] 
2020-12-16T23:04:06.557+0800: 2240.221: [CMS-concurrent-preclean-start]
2020-12-16T23:04:06.558+0800: 2240.223: [CMS-concurrent-preclean: 0.001/0.001 secs] [Times: user=0.00 sys=0.00, real=0.00 secs] 
2020-12-16T23:04:06.558+0800: 2240.223: [CMS-concurrent-abortable-preclean-start]
 CMS: abort preclean due to time 2020-12-16T23:04:11.638+0800: 2245.302: [CMS-concurrent-abortable-preclean: 0.070/5.079 secs] [Times: user=0.00 sys=0.14, real=5.08 secs] 
2020-12-16T23:04:11.638+0800: 2245.302: [GC (CMS Final Remark) [YG occupancy: 711885 K (943680 K)]2020-12-16T23:04:11.638+0800: 2245.302: [Rescan (parallel) , 0.0922086 secs]2020-12-16T23:04:11.730+0800: 2245.394: [weak refs processing, 0.0006366 secs][1 CMS-remark: 63K(64K)] 711949K(943744K), 0.0929325 secs] [Times: user=0.70 sys=0.00, real=0.09 secs] 
2020-12-16T23:04:11.731+0800: 2245.395: [CMS-concurrent-sweep-start]
2020-12-16T23:04:11.731+0800: 2245.395: [CMS-concurrent-sweep: 0.000/0.000 secs] [Times: user=0.00 sys=0.00, real=0.00 secs] 
2020-12-16T23:04:11.731+0800: 2245.395: [CMS-concurrent-reset-start]
2020-12-16T23:04:11.731+0800: 2245.395: [CMS-concurrent-reset: 0.000/0.000 secs] [Times: user=0.00 sys=0.00, real=0.00 secs] 
2020-12-16T23:04:13.732+0800: 2247.396: [GC (CMS Initial Mark) [1 CMS-initial-mark: 63K(64K)] 711949K(943744K), 0.1121901 secs] [Times: user=0.64 sys=0.00, real=0.11 secs] 
2020-12-16T23:04:13.845+0800: 2247.509: [CMS-concurrent-mark-start]
2020-12-16T23:04:13.845+0800: 2247.509: [CMS-concurrent-mark: 0.000/0.000 secs] [Times: user=0.00 sys=0.00, real=0.00 secs] 
2020-12-16T23:04:13.845+0800: 2247.509: [CMS-concurrent-preclean-start]
2020-12-16T23:04:13.846+0800: 2247.510: [CMS-concurrent-preclean: 0.001/0.001 secs] [Times: user=0.00 sys=0.00, real=0.00 secs] 
2020-12-16T23:04:13.846+0800: 2247.510: [CMS-concurrent-abortable-preclean-start]
 CMS: abort preclean due to time 2020-12-16T23:04:18.930+0800: 2252.594: [CMS-concurrent-abortable-preclean: 0.067/5.084 secs] [Times: user=0.01 sys=0.09, real=5.08 secs] 
2020-12-16T23:04:18.930+0800: 2252.594: [GC (CMS Final Remark) [YG occupancy: 711885 K (943680 K)]2020-12-16T23:04:18.930+0800: 2252.594: [Rescan (parallel) , 0.0885496 secs]2020-12-16T23:04:19.019+0800: 2252.683: [weak refs processing, 0.0007813 secs][1 CMS-remark: 63K(64K)] 711949K(943744K), 0.0894205 secs] [Times: user=0.88 sys=0.00, real=0.09 secs] 
2020-12-16T23:04:19.020+0800: 2252.684: [CMS-concurrent-sweep-start]
2020-12-16T23:04:19.020+0800: 2252.684: [CMS-concurrent-sweep: 0.000/0.000 secs] [Times: user=0.00 sys=0.00, real=0.00 secs] 
2020-12-16T23:04:19.020+0800: 2252.684: [CMS-concurrent-reset-start]
2020-12-16T23:04:19.020+0800: 2252.684: [CMS-concurrent-reset: 0.000/0.000 secs] [Times: user=0.00 sys=0.00, real=0.00 secs] 
2020-12-16T23:04:21.020+0800: 2254.684: [GC (CMS Initial Mark) [1 CMS-initial-mark: 63K(64K)] 716106K(943744K), 0.0668096 secs] [Times: user=0.31 sys=0.00, real=0.07 secs] 
2020-12-16T23:04:21.087+0800: 2254.751: [CMS-concurrent-mark-start]
2020-12-16T23:04:21.088+0800: 2254.751: [CMS-concurrent-mark: 0.000/0.000 secs] [Times: user=0.00 sys=0.00, real=0.00 secs] 
2020-12-16T23:04:21.088+0800: 2254.752: [CMS-concurrent-preclean-start]
2020-12-16T23:04:21.089+0800: 2254.753: [CMS-concurrent-preclean: 0.001/0.001 secs] [Times: user=0.02 sys=0.02, real=0.00 secs] 
2020-12-16T23:04:21.089+0800: 2254.753: [CMS-concurrent-abortable-preclean-start]
 CMS: abort preclean due to time 2020-12-16T23:04:26.105+0800: 2259.769: [CMS-concurrent-abortable-preclean: 0.063/5.017 secs] [Times: user=0.27 sys=0.23, real=5.02 secs] 
2020-12-16T23:04:26.105+0800: 2259.770: [GC (CMS Final Remark) [YG occupancy: 721057 K (943680 K)]2020-12-16T23:04:26.105+0800: 2259.770: [Rescan (parallel) , 0.0761638 secs]2020-12-16T23:04:26.182+0800: 2259.846: [weak refs processing, 0.0007205 secs][1 CMS-remark: 63K(64K)] 721120K(943744K), 0.0769644 secs] [Times: user=0.53 sys=0.00, real=0.08 secs] 
2020-12-16T23:04:26.183+0800: 2259.847: [CMS-concurrent-sweep-start]
2020-12-16T23:04:26.183+0800: 2259.847: [CMS-concurrent-sweep: 0.000/0.000 secs] [Times: user=0.00 sys=0.00, real=0.00 secs] 
2020-12-16T23:04:26.183+0800: 2259.847: [CMS-concurrent-reset-start]
2020-12-16T23:04:26.183+0800: 2259.847: [CMS-concurrent-reset: 0.000/0.000 secs] [Times: user=0.00 sys=0.00, real=0.00 secs] 
2020-12-16T23:04:28.183+0800: 2261.847: [GC (CMS Initial Mark) [1 CMS-initial-mark: 63K(64K)] 721120K(943744K), 0.0634355 secs] [Times: user=0.27 sys=0.00, real=0.06 secs] 
2020-12-16T23:04:28.246+0800: 2261.910: [CMS-concurrent-mark-start]
2020-12-16T23:04:28.246+0800: 2261.911: [CMS-concurrent-mark: 0.000/0.000 secs] [Times: user=0.00 sys=0.00, real=0.00 secs] 
2020-12-16T23:04:28.246+0800: 2261.911: [CMS-concurrent-preclean-start]
2020-12-16T23:04:28.247+0800: 2261.912: [CMS-concurrent-preclean: 0.001/0.001 secs] [Times: user=0.00 sys=0.00, real=0.00 secs] 
2020-12-16T23:04:28.247+0800: 2261.912: [CMS-concurrent-abortable-preclean-start]
 CMS: abort preclean due to time 2020-12-16T23:04:33.348+0800: 2267.012: [CMS-concurrent-abortable-preclean: 0.075/5.100 secs] [Times: user=0.30 sys=0.22, real=5.10 secs] 
2020-12-16T23:04:33.348+0800: 2267.012: [GC (CMS Final Remark) [YG occupancy: 759568 K (943680 K)]2020-12-16T23:04:33.348+0800: 2267.012: [Rescan (parallel) , 0.0832877 secs]2020-12-16T23:04:33.432+0800: 2267.096: [weak refs processing, 0.0006367 secs][1 CMS-remark: 63K(64K)] 759632K(943744K), 0.0840161 secs] [Times: user=0.73 sys=0.00, real=0.08 secs] 
2020-12-16T23:04:33.432+0800: 2267.097: [CMS-concurrent-sweep-start]
2020-12-16T23:04:33.432+0800: 2267.097: [CMS-concurrent-sweep: 0.000/0.000 secs] [Times: user=0.00 sys=0.00, real=0.00 secs] 
2020-12-16T23:04:33.432+0800: 2267.097: [CMS-concurrent-reset-start]
2020-12-16T23:04:33.432+0800: 2267.097: [CMS-concurrent-reset: 0.000/0.000 secs] [Times: user=0.00 sys=0.00, real=0.00 secs] 
2020-12-16T23:04:35.432+0800: 2269.096: [GC (CMS Initial Mark) [1 CMS-initial-mark: 63K(64K)] 759632K(943744K), 0.0670863 secs] [Times: user=0.26 sys=0.00, real=0.07 secs] 
2020-12-16T23:04:35.499+0800: 2269.163: [CMS-concurrent-mark-start]
2020-12-16T23:04:35.499+0800: 2269.163: [CMS-concurrent-mark: 0.000/0.000 secs] [Times: user=0.00 sys=0.00, real=0.00 secs] 
2020-12-16T23:04:35.499+0800: 2269.163: [CMS-concurrent-preclean-start]
2020-12-16T23:04:35.500+0800: 2269.165: [CMS-concurrent-preclean: 0.001/0.001 secs] [Times: user=0.00 sys=0.00, real=0.00 secs] 
2020-12-16T23:04:35.500+0800: 2269.165: [CMS-concurrent-abortable-preclean-start]
 CMS: abort preclean due to time 2020-12-16T23:04:40.584+0800: 2274.248: [CMS-concurrent-abortable-preclean: 0.063/5.083 secs] [Times: user=0.19 sys=0.11, real=5.08 secs] 
2020-12-16T23:04:40.584+0800: 2274.248: [GC (CMS Final Remark) [YG occupancy: 763724 K (943680 K)]2020-12-16T23:04:40.584+0800: 2274.248: [Rescan (parallel) , 0.0768425 secs]2020-12-16T23:04:40.660+0800: 2274.325: [weak refs processing, 0.0006194 secs][1 CMS-remark: 63K(64K)] 763788K(943744K), 0.0775493 secs] [Times: user=0.64 sys=0.02, real=0.08 secs] 
2020-12-16T23:04:40.661+0800: 2274.326: [CMS-concurrent-sweep-start]
2020-12-16T23:04:40.661+0800: 2274.326: [CMS-concurrent-sweep: 0.000/0.000 secs] [Times: user=0.00 sys=0.00, real=0.00 secs] 
2020-12-16T23:04:40.661+0800: 2274.326: [CMS-concurrent-reset-start]
2020-12-16T23:04:40.661+0800: 2274.326: [CMS-concurrent-reset: 0.000/0.000 secs] [Times: user=0.00 sys=0.00, real=0.00 secs] 
2020-12-16T23:04:42.661+0800: 2276.325: [GC (CMS Initial Mark) [1 CMS-initial-mark: 63K(64K)] 763788K(943744K), 0.0614735 secs] [Times: user=0.33 sys=0.00, real=0.06 secs] 
2020-12-16T23:04:42.722+0800: 2276.387: [CMS-concurrent-mark-start]
2020-12-16T23:04:42.723+0800: 2276.387: [CMS-concurrent-mark: 0.000/0.000 secs] [Times: user=0.00 sys=0.00, real=0.00 secs] 
2020-12-16T23:04:42.723+0800: 2276.387: [CMS-concurrent-preclean-start]
2020-12-16T23:04:42.724+0800: 2276.388: [CMS-concurrent-preclean: 0.001/0.001 secs] [Times: user=0.00 sys=0.00, real=0.00 secs] 
2020-12-16T23:04:42.724+0800: 2276.388: [CMS-concurrent-abortable-preclean-start]
 CMS: abort preclean due to time 2020-12-16T23:04:47.813+0800: 2281.476: [CMS-concurrent-abortable-preclean: 0.068/5.088 secs] [Times: user=0.06 sys=0.11, real=5.09 secs] 
2020-12-16T23:04:47.813+0800: 2281.477: [GC (CMS Final Remark) [YG occupancy: 763724 K (943680 K)]2020-12-16T23:04:47.813+0800: 2281.477: [Rescan (parallel) , 0.0838600 secs]2020-12-16T23:04:47.896+0800: 2281.561: [weak refs processing, 0.0008372 secs][1 CMS-remark: 63K(64K)] 763788K(943744K), 0.0847949 secs] [Times: user=0.76 sys=0.00, real=0.08 secs] 
2020-12-16T23:04:47.897+0800: 2281.562: [CMS-concurrent-sweep-start]
2020-12-16T23:04:47.897+0800: 2281.562: [CMS-concurrent-sweep: 0.000/0.000 secs] [Times: user=0.00 sys=0.00, real=0.00 secs] 
2020-12-16T23:04:47.897+0800: 2281.562: [CMS-concurrent-reset-start]
2020-12-16T23:04:47.897+0800: 2281.562: [CMS-concurrent-reset: 0.000/0.000 secs] [Times: user=0.00 sys=0.00, real=0.00 secs] 
2020-12-16T23:04:49.899+0800: 2283.563: [GC (CMS Initial Mark) [1 CMS-initial-mark: 63K(64K)] 763788K(943744K), 0.0587071 secs] [Times: user=0.36 sys=0.00, real=0.06 secs] 
2020-12-16T23:04:49.958+0800: 2283.622: [CMS-concurrent-mark-start]
2020-12-16T23:04:49.958+0800: 2283.622: [CMS-concurrent-mark: 0.000/0.000 secs] [Times: user=0.00 sys=0.00, real=0.00 secs] 
2020-12-16T23:04:49.958+0800: 2283.622: [CMS-concurrent-preclean-start]
2020-12-16T23:04:49.959+0800: 2283.623: [CMS-concurrent-preclean: 0.001/0.001 secs] [Times: user=0.00 sys=0.00, real=0.00 secs] 
2020-12-16T23:04:49.959+0800: 2283.623: [CMS-concurrent-abortable-preclean-start]
 CMS: abort preclean due to time 2020-12-16T23:04:55.048+0800: 2288.712: [CMS-concurrent-abortable-preclean: 0.070/5.089 secs] [Times: user=0.05 sys=0.09, real=5.09 secs] 
2020-12-16T23:04:55.048+0800: 2288.712: [GC (CMS Final Remark) [YG occupancy: 767880 K (943680 K)]2020-12-16T23:04:55.048+0800: 2288.712: [Rescan (parallel) , 0.0804424 secs]2020-12-16T23:04:55.128+0800: 2288.792: [weak refs processing, 0.0007304 secs][1 CMS-remark: 63K(64K)] 767944K(943744K), 0.0812772 secs] [Times: user=0.67 sys=0.00, real=0.08 secs] 
2020-12-16T23:04:55.129+0800: 2288.793: [CMS-concurrent-sweep-start]
2020-12-16T23:04:55.129+0800: 2288.793: [CMS-concurrent-sweep: 0.000/0.000 secs] [Times: user=0.00 sys=0.00, real=0.00 secs] 
2020-12-16T23:04:55.129+0800: 2288.793: [CMS-concurrent-reset-start]
2020-12-16T23:04:55.129+0800: 2288.793: [CMS-concurrent-reset: 0.000/0.000 secs] [Times: user=0.00 sys=0.00, real=0.00 secs] 
2020-12-16T23:04:57.129+0800: 2290.793: [GC (CMS Initial Mark) [1 CMS-initial-mark: 63K(64K)] 767944K(943744K), 0.0589420 secs] [Times: user=0.31 sys=0.00, real=0.06 secs] 
2020-12-16T23:04:57.188+0800: 2290.852: [CMS-concurrent-mark-start]
2020-12-16T23:04:57.188+0800: 2290.852: [CMS-concurrent-mark: 0.000/0.000 secs] [Times: user=0.00 sys=0.00, real=0.00 secs] 
2020-12-16T23:04:57.188+0800: 2290.852: [CMS-concurrent-preclean-start]
2020-12-16T23:04:57.189+0800: 2290.853: [CMS-concurrent-preclean: 0.001/0.001 secs] [Times: user=0.00 sys=0.00, real=0.00 secs] 
2020-12-16T23:04:57.189+0800: 2290.853: [CMS-concurrent-abortable-preclean-start]
 CMS: abort preclean due to time 2020-12-16T23:05:02.273+0800: 2295.937: [CMS-concurrent-abortable-preclean: 0.072/5.084 secs] [Times: user=0.09 sys=0.09, real=5.08 secs] 
2020-12-16T23:05:02.273+0800: 2295.937: [GC (CMS Final Remark) [YG occupancy: 772037 K (943680 K)]2020-12-16T23:05:02.273+0800: 2295.937: [Rescan (parallel) , 0.0855024 secs]2020-12-16T23:05:02.359+0800: 2296.023: [weak refs processing, 0.0006225 secs][1 CMS-remark: 63K(64K)] 772101K(943744K), 0.0862097 secs] [Times: user=0.89 sys=0.00, real=0.09 secs] 
2020-12-16T23:05:02.359+0800: 2296.023: [CMS-concurrent-sweep-start]
2020-12-16T23:05:02.359+0800: 2296.023: [CMS-concurrent-sweep: 0.000/0.000 secs] [Times: user=0.00 sys=0.00, real=0.00 secs] 
2020-12-16T23:05:02.359+0800: 2296.023: [CMS-concurrent-reset-start]
2020-12-16T23:05:02.360+0800: 2296.023: [CMS-concurrent-reset: 0.000/0.000 secs] [Times: user=0.00 sys=0.00, real=0.00 secs] 
2020-12-16T23:05:04.359+0800: 2298.023: [GC (CMS Initial Mark) [1 CMS-initial-mark: 63K(64K)] 772101K(943744K), 0.0585060 secs] [Times: user=0.30 sys=0.00, real=0.06 secs] 
2020-12-16T23:05:04.418+0800: 2298.082: [CMS-concurrent-mark-start]
2020-12-16T23:05:04.418+0800: 2298.082: [CMS-concurrent-mark: 0.000/0.000 secs] [Times: user=0.00 sys=0.00, real=0.00 secs] 
2020-12-16T23:05:04.418+0800: 2298.082: [CMS-concurrent-preclean-start]
2020-12-16T23:05:04.419+0800: 2298.083: [CMS-concurrent-preclean: 0.001/0.001 secs] [Times: user=0.00 sys=0.00, real=0.00 secs] 
2020-12-16T23:05:04.419+0800: 2298.083: [CMS-concurrent-abortable-preclean-start]
 CMS: abort preclean due to time 2020-12-16T23:05:09.498+0800: 2303.162: [CMS-concurrent-abortable-preclean: 0.064/5.079 secs] [Times: user=0.02 sys=0.11, real=5.08 secs] 
2020-12-16T23:05:09.498+0800: 2303.163: [GC (CMS Final Remark) [YG occupancy: 772037 K (943680 K)]2020-12-16T23:05:09.498+0800: 2303.163: [Rescan (parallel) , 0.0803805 secs]2020-12-16T23:05:09.579+0800: 2303.243: [weak refs processing, 0.0006174 secs][1 CMS-remark: 63K(64K)] 772101K(943744K), 0.0810821 secs] [Times: user=0.69 sys=0.00, real=0.08 secs] 
2020-12-16T23:05:09.579+0800: 2303.244: [CMS-concurrent-sweep-start]
2020-12-16T23:05:09.579+0800: 2303.244: [CMS-concurrent-sweep: 0.000/0.000 secs] [Times: user=0.00 sys=0.00, real=0.00 secs] 
2020-12-16T23:05:09.579+0800: 2303.244: [CMS-concurrent-reset-start]
2020-12-16T23:05:09.579+0800: 2303.244: [CMS-concurrent-reset: 0.000/0.000 secs] [Times: user=0.00 sys=0.00, real=0.00 secs] 
2020-12-16T23:05:11.579+0800: 2305.243: [GC (CMS Initial Mark) [1 CMS-initial-mark: 63K(64K)] 776257K(943744K), 0.0710838 secs] [Times: user=0.33 sys=0.00, real=0.07 secs] 
2020-12-16T23:05:11.650+0800: 2305.315: [CMS-concurrent-mark-start]
2020-12-16T23:05:11.650+0800: 2305.315: [CMS-concurrent-mark: 0.000/0.000 secs] [Times: user=0.00 sys=0.00, real=0.00 secs] 
2020-12-16T23:05:11.650+0800: 2305.315: [CMS-concurrent-preclean-start]
2020-12-16T23:05:11.652+0800: 2305.316: [CMS-concurrent-preclean: 0.001/0.001 secs] [Times: user=0.01 sys=0.00, real=0.00 secs] 
2020-12-16T23:05:11.652+0800: 2305.316: [CMS-concurrent-abortable-preclean-start]
 CMS: abort preclean due to time 2020-12-16T23:05:16.734+0800: 2310.399: [CMS-concurrent-abortable-preclean: 0.064/5.083 secs] [Times: user=0.06 sys=0.08, real=5.08 secs] 
2020-12-16T23:05:16.735+0800: 2310.399: [GC (CMS Final Remark) [YG occupancy: 776556 K (943680 K)]2020-12-16T23:05:16.735+0800: 2310.399: [Rescan (parallel) , 0.0916904 secs]2020-12-16T23:05:16.827+0800: 2310.491: [weak refs processing, 0.0007045 secs][1 CMS-remark: 63K(64K)] 776620K(943744K), 0.0925067 secs] [Times: user=0.59 sys=0.03, real=0.09 secs] 
2020-12-16T23:05:16.828+0800: 2310.492: [CMS-concurrent-sweep-start]
2020-12-16T23:05:16.828+0800: 2310.492: [CMS-concurrent-sweep: 0.000/0.000 secs] [Times: user=0.00 sys=0.00, real=0.00 secs] 
2020-12-16T23:05:16.828+0800: 2310.492: [CMS-concurrent-reset-start]
2020-12-16T23:05:16.828+0800: 2310.492: [CMS-concurrent-reset: 0.000/0.000 secs] [Times: user=0.00 sys=0.00, real=0.00 secs] 
2020-12-16T23:05:18.829+0800: 2312.493: [GC (CMS Initial Mark) [1 CMS-initial-mark: 63K(64K)] 776620K(943744K), 0.0589890 secs] [Times: user=0.33 sys=0.00, real=0.06 secs] 
2020-12-16T23:05:18.888+0800: 2312.552: [CMS-concurrent-mark-start]
2020-12-16T23:05:18.888+0800: 2312.552: [CMS-concurrent-mark: 0.000/0.000 secs] [Times: user=0.00 sys=0.00, real=0.00 secs] 
2020-12-16T23:05:18.888+0800: 2312.552: [CMS-concurrent-preclean-start]
2020-12-16T23:05:18.889+0800: 2312.553: [CMS-concurrent-preclean: 0.001/0.001 secs] [Times: user=0.00 sys=0.00, real=0.00 secs] 
2020-12-16T23:05:18.889+0800: 2312.554: [CMS-concurrent-abortable-preclean-start]
 CMS: abort preclean due to time 2020-12-16T23:05:23.974+0800: 2317.638: [CMS-concurrent-abortable-preclean: 0.067/5.085 secs] [Times: user=0.13 sys=0.08, real=5.09 secs] 
2020-12-16T23:05:23.974+0800: 2317.639: [GC (CMS Final Remark) [YG occupancy: 780713 K (943680 K)]2020-12-16T23:05:23.974+0800: 2317.639: [Rescan (parallel) , 0.0854210 secs]2020-12-16T23:05:24.060+0800: 2317.724: [weak refs processing, 0.0006244 secs][1 CMS-remark: 63K(64K)] 780777K(943744K), 0.0861325 secs] [Times: user=0.86 sys=0.00, real=0.09 secs] 
2020-12-16T23:05:24.060+0800: 2317.725: [CMS-concurrent-sweep-start]
2020-12-16T23:05:24.060+0800: 2317.725: [CMS-concurrent-sweep: 0.000/0.000 secs] [Times: user=0.00 sys=0.00, real=0.00 secs] 
2020-12-16T23:05:24.061+0800: 2317.725: [CMS-concurrent-reset-start]
2020-12-16T23:05:24.061+0800: 2317.725: [CMS-concurrent-reset: 0.000/0.000 secs] [Times: user=0.00 sys=0.00, real=0.00 secs] 
2020-12-16T23:05:26.060+0800: 2319.724: [GC (CMS Initial Mark) [1 CMS-initial-mark: 63K(64K)] 780777K(943744K), 0.0633709 secs] [Times: user=0.25 sys=0.00, real=0.06 secs] 
2020-12-16T23:05:26.124+0800: 2319.788: [CMS-concurrent-mark-start]
2020-12-16T23:05:26.124+0800: 2319.788: [CMS-concurrent-mark: 0.000/0.000 secs] [Times: user=0.00 sys=0.00, real=0.00 secs] 
2020-12-16T23:05:26.124+0800: 2319.788: [CMS-concurrent-preclean-start]
2020-12-16T23:05:26.125+0800: 2319.789: [CMS-concurrent-preclean: 0.001/0.001 secs] [Times: user=0.00 sys=0.00, real=0.00 secs] 
2020-12-16T23:05:26.125+0800: 2319.789: [CMS-concurrent-abortable-preclean-start]
 CMS: abort preclean due to time 2020-12-16T23:05:31.206+0800: 2324.870: [CMS-concurrent-abortable-preclean: 0.064/5.081 secs] [Times: user=0.05 sys=0.09, real=5.08 secs] 
2020-12-16T23:05:31.206+0800: 2324.871: [GC (CMS Final Remark) [YG occupancy: 780713 K (943680 K)]2020-12-16T23:05:31.206+0800: 2324.871: [Rescan (parallel) , 0.0834217 secs]2020-12-16T23:05:31.290+0800: 2324.954: [weak refs processing, 0.0007214 secs][1 CMS-remark: 63K(64K)] 780777K(943744K), 0.0842313 secs] [Times: user=0.70 sys=0.00, real=0.08 secs] 
2020-12-16T23:05:31.291+0800: 2324.955: [CMS-concurrent-sweep-start]
2020-12-16T23:05:31.291+0800: 2324.955: [CMS-concurrent-sweep: 0.000/0.000 secs] [Times: user=0.00 sys=0.00, real=0.00 secs] 
2020-12-16T23:05:31.291+0800: 2324.955: [CMS-concurrent-reset-start]
2020-12-16T23:05:31.291+0800: 2324.955: [CMS-concurrent-reset: 0.000/0.000 secs] [Times: user=0.00 sys=0.00, real=0.00 secs] 
2020-12-16T23:05:33.290+0800: 2326.954: [GC (CMS Initial Mark) [1 CMS-initial-mark: 63K(64K)] 784933K(943744K), 0.0602976 secs] [Times: user=0.38 sys=0.00, real=0.06 secs] 
2020-12-16T23:05:33.351+0800: 2327.015: [CMS-concurrent-mark-start]
2020-12-16T23:05:33.351+0800: 2327.015: [CMS-concurrent-mark: 0.000/0.000 secs] [Times: user=0.00 sys=0.00, real=0.00 secs] 
2020-12-16T23:05:33.351+0800: 2327.015: [CMS-concurrent-preclean-start]
2020-12-16T23:05:33.352+0800: 2327.016: [CMS-concurrent-preclean: 0.001/0.001 secs] [Times: user=0.00 sys=0.00, real=0.00 secs] 
2020-12-16T23:05:33.352+0800: 2327.016: [CMS-concurrent-abortable-preclean-start]
 CMS: abort preclean due to time 2020-12-16T23:05:38.432+0800: 2332.096: [CMS-concurrent-abortable-preclean: 0.066/5.080 secs] [Times: user=0.08 sys=0.08, real=5.08 secs] 
2020-12-16T23:05:38.432+0800: 2332.097: [GC (CMS Final Remark) [YG occupancy: 784869 K (943680 K)]2020-12-16T23:05:38.432+0800: 2332.097: [Rescan (parallel) , 0.0847118 secs]2020-12-16T23:05:38.517+0800: 2332.181: [weak refs processing, 0.0006144 secs][1 CMS-remark: 63K(64K)] 784933K(943744K), 0.0854102 secs] [Times: user=0.70 sys=0.00, real=0.09 secs] 
2020-12-16T23:05:38.518+0800: 2332.182: [CMS-concurrent-sweep-start]
2020-12-16T23:05:38.518+0800: 2332.182: [CMS-concurrent-sweep: 0.000/0.000 secs] [Times: user=0.00 sys=0.00, real=0.00 secs] 
2020-12-16T23:05:38.518+0800: 2332.182: [CMS-concurrent-reset-start]
2020-12-16T23:05:38.518+0800: 2332.182: [CMS-concurrent-reset: 0.000/0.000 secs] [Times: user=0.00 sys=0.00, real=0.00 secs] 
2020-12-16T23:05:40.519+0800: 2334.183: [GC (CMS Initial Mark) [1 CMS-initial-mark: 63K(64K)] 784933K(943744K), 0.0568639 secs] [Times: user=0.33 sys=0.00, real=0.06 secs] 
2020-12-16T23:05:40.576+0800: 2334.240: [CMS-concurrent-mark-start]
2020-12-16T23:05:40.576+0800: 2334.240: [CMS-concurrent-mark: 0.000/0.000 secs] [Times: user=0.00 sys=0.00, real=0.00 secs] 
2020-12-16T23:05:40.576+0800: 2334.240: [CMS-concurrent-preclean-start]
2020-12-16T23:05:40.577+0800: 2334.241: [CMS-concurrent-preclean: 0.001/0.001 secs] [Times: user=0.00 sys=0.00, real=0.00 secs] 
2020-12-16T23:05:40.577+0800: 2334.242: [CMS-concurrent-abortable-preclean-start]
 CMS: abort preclean due to time 2020-12-16T23:05:45.663+0800: 2339.327: [CMS-concurrent-abortable-preclean: 0.069/5.085 secs] [Times: user=0.06 sys=0.16, real=5.09 secs] 
2020-12-16T23:05:45.663+0800: 2339.327: [GC (CMS Final Remark) [YG occupancy: 789025 K (943680 K)]2020-12-16T23:05:45.663+0800: 2339.327: [Rescan (parallel) , 0.0904058 secs]2020-12-16T23:05:45.753+0800: 2339.418: [weak refs processing, 0.0006228 secs][1 CMS-remark: 63K(64K)] 789089K(943744K), 0.0911175 secs] [Times: user=0.88 sys=0.02, real=0.09 secs] 
2020-12-16T23:05:45.754+0800: 2339.419: [CMS-concurrent-sweep-start]
2020-12-16T23:05:45.754+0800: 2339.419: [CMS-concurrent-sweep: 0.000/0.000 secs] [Times: user=0.00 sys=0.00, real=0.00 secs] 
2020-12-16T23:05:45.754+0800: 2339.419: [CMS-concurrent-reset-start]
2020-12-16T23:05:45.755+0800: 2339.419: [CMS-concurrent-reset: 0.000/0.000 secs] [Times: user=0.00 sys=0.00, real=0.00 secs] 
2020-12-16T23:05:47.754+0800: 2341.418: [GC (CMS Initial Mark) [1 CMS-initial-mark: 63K(64K)] 789089K(943744K), 0.0630502 secs] [Times: user=0.36 sys=0.00, real=0.06 secs] 
2020-12-16T23:05:47.817+0800: 2341.481: [CMS-concurrent-mark-start]
2020-12-16T23:05:47.817+0800: 2341.481: [CMS-concurrent-mark: 0.000/0.000 secs] [Times: user=0.00 sys=0.00, real=0.00 secs] 
2020-12-16T23:05:47.817+0800: 2341.481: [CMS-concurrent-preclean-start]
2020-12-16T23:05:47.818+0800: 2341.483: [CMS-concurrent-preclean: 0.001/0.001 secs] [Times: user=0.00 sys=0.00, real=0.00 secs] 
2020-12-16T23:05:47.819+0800: 2341.483: [CMS-concurrent-abortable-preclean-start]
 CMS: abort preclean due to time 2020-12-16T23:05:52.908+0800: 2346.572: [CMS-concurrent-abortable-preclean: 0.073/5.089 secs] [Times: user=0.08 sys=0.09, real=5.09 secs] 
2020-12-16T23:05:52.908+0800: 2346.572: [GC (CMS Final Remark) [YG occupancy: 793182 K (943680 K)]2020-12-16T23:05:52.908+0800: 2346.572: [Rescan (parallel) , 0.0814117 secs]2020-12-16T23:05:52.990+0800: 2346.654: [weak refs processing, 0.0006142 secs][1 CMS-remark: 63K(64K)] 793246K(943744K), 0.0821124 secs] [Times: user=0.73 sys=0.02, real=0.08 secs] 
2020-12-16T23:05:52.990+0800: 2346.654: [CMS-concurrent-sweep-start]
2020-12-16T23:05:52.990+0800: 2346.654: [CMS-concurrent-sweep: 0.000/0.000 secs] [Times: user=0.00 sys=0.00, real=0.00 secs] 
2020-12-16T23:05:52.990+0800: 2346.654: [CMS-concurrent-reset-start]
2020-12-16T23:05:52.991+0800: 2346.654: [CMS-concurrent-reset: 0.000/0.000 secs] [Times: user=0.00 sys=0.00, real=0.00 secs] 
2020-12-16T23:05:54.991+0800: 2348.656: [GC (CMS Initial Mark) [1 CMS-initial-mark: 63K(64K)] 793246K(943744K), 0.0592666 secs] [Times: user=0.38 sys=0.00, real=0.06 secs] 
2020-12-16T23:05:55.050+0800: 2348.715: [CMS-concurrent-mark-start]
2020-12-16T23:05:55.051+0800: 2348.715: [CMS-concurrent-mark: 0.000/0.000 secs] [Times: user=0.00 sys=0.00, real=0.00 secs] 
2020-12-16T23:05:55.051+0800: 2348.715: [CMS-concurrent-preclean-start]
2020-12-16T23:05:55.052+0800: 2348.716: [CMS-concurrent-preclean: 0.001/0.001 secs] [Times: user=0.00 sys=0.00, real=0.00 secs] 
2020-12-16T23:05:55.052+0800: 2348.716: [CMS-concurrent-abortable-preclean-start]
 CMS: abort preclean due to time 2020-12-16T23:06:00.133+0800: 2353.797: [CMS-concurrent-abortable-preclean: 0.065/5.081 secs] [Times: user=0.16 sys=0.11, real=5.08 secs] 
2020-12-16T23:06:00.133+0800: 2353.798: [GC (CMS Final Remark) [YG occupancy: 793182 K (943680 K)]2020-12-16T23:06:00.133+0800: 2353.798: [Rescan (parallel) , 0.0759507 secs]2020-12-16T23:06:00.210+0800: 2353.874: [weak refs processing, 0.0007663 secs][1 CMS-remark: 63K(64K)] 793246K(943744K), 0.0768002 secs] [Times: user=0.70 sys=0.00, real=0.08 secs] 
2020-12-16T23:06:00.211+0800: 2353.875: [CMS-concurrent-sweep-start]
2020-12-16T23:06:00.211+0800: 2353.875: [CMS-concurrent-sweep: 0.000/0.000 secs] [Times: user=0.00 sys=0.00, real=0.00 secs] 
2020-12-16T23:06:00.211+0800: 2353.875: [CMS-concurrent-reset-start]
2020-12-16T23:06:00.211+0800: 2353.875: [CMS-concurrent-reset: 0.000/0.000 secs] [Times: user=0.00 sys=0.00, real=0.00 secs] 
2020-12-16T23:06:02.212+0800: 2355.876: [GC (CMS Initial Mark) [1 CMS-initial-mark: 63K(64K)] 797402K(943744K), 0.0688129 secs] [Times: user=0.34 sys=0.02, real=0.07 secs] 
2020-12-16T23:06:02.281+0800: 2355.945: [CMS-concurrent-mark-start]
2020-12-16T23:06:02.281+0800: 2355.945: [CMS-concurrent-mark: 0.000/0.000 secs] [Times: user=0.00 sys=0.00, real=0.00 secs] 
2020-12-16T23:06:02.281+0800: 2355.945: [CMS-concurrent-preclean-start]
2020-12-16T23:06:02.282+0800: 2355.946: [CMS-concurrent-preclean: 0.001/0.001 secs] [Times: user=0.00 sys=0.00, real=0.00 secs] 
2020-12-16T23:06:02.282+0800: 2355.946: [CMS-concurrent-abortable-preclean-start]
 CMS: abort preclean due to time 2020-12-16T23:06:07.360+0800: 2361.024: [CMS-concurrent-abortable-preclean: 0.063/5.078 secs] [Times: user=0.24 sys=0.09, real=5.08 secs] 
2020-12-16T23:06:07.360+0800: 2361.024: [GC (CMS Final Remark) [YG occupancy: 797338 K (943680 K)]2020-12-16T23:06:07.360+0800: 2361.024: [Rescan (parallel) , 0.0802304 secs]2020-12-16T23:06:07.440+0800: 2361.105: [weak refs processing, 0.0007368 secs][1 CMS-remark: 63K(64K)] 797402K(943744K), 0.0810488 secs] [Times: user=0.70 sys=0.00, real=0.08 secs] 
2020-12-16T23:06:07.441+0800: 2361.106: [CMS-concurrent-sweep-start]
2020-12-16T23:06:07.441+0800: 2361.106: [CMS-concurrent-sweep: 0.000/0.000 secs] [Times: user=0.00 sys=0.00, real=0.00 secs] 
2020-12-16T23:06:07.441+0800: 2361.106: [CMS-concurrent-reset-start]
2020-12-16T23:06:07.441+0800: 2361.106: [CMS-concurrent-reset: 0.000/0.000 secs] [Times: user=0.00 sys=0.00, real=0.00 secs] 
2020-12-16T23:06:09.441+0800: 2363.105: [GC (CMS Initial Mark) [1 CMS-initial-mark: 63K(64K)] 797402K(943744K), 0.0713760 secs] [Times: user=0.34 sys=0.00, real=0.07 secs] 
2020-12-16T23:06:09.512+0800: 2363.177: [CMS-concurrent-mark-start]
2020-12-16T23:06:09.512+0800: 2363.177: [CMS-concurrent-mark: 0.000/0.000 secs] [Times: user=0.00 sys=0.00, real=0.00 secs] 
2020-12-16T23:06:09.512+0800: 2363.177: [CMS-concurrent-preclean-start]
2020-12-16T23:06:09.513+0800: 2363.178: [CMS-concurrent-preclean: 0.001/0.001 secs] [Times: user=0.00 sys=0.00, real=0.00 secs] 
2020-12-16T23:06:09.513+0800: 2363.178: [CMS-concurrent-abortable-preclean-start]
 CMS: abort preclean due to time 2020-12-16T23:06:14.596+0800: 2368.260: [CMS-concurrent-abortable-preclean: 0.065/5.082 secs] [Times: user=0.06 sys=0.14, real=5.08 secs] 
2020-12-16T23:06:14.596+0800: 2368.260: [GC (CMS Final Remark) [YG occupancy: 801494 K (943680 K)]2020-12-16T23:06:14.596+0800: 2368.260: [Rescan (parallel) , 0.0910830 secs]2020-12-16T23:06:14.687+0800: 2368.351: [weak refs processing, 0.0009229 secs][1 CMS-remark: 63K(64K)] 801558K(943744K), 0.0921463 secs] [Times: user=0.67 sys=0.00, real=0.09 secs] 
2020-12-16T23:06:14.699+0800: 2368.363: [CMS-concurrent-sweep-start]
2020-12-16T23:06:14.699+0800: 2368.363: [CMS-concurrent-sweep: 0.000/0.000 secs] [Times: user=0.00 sys=0.00, real=0.00 secs] 
2020-12-16T23:06:14.699+0800: 2368.363: [CMS-concurrent-reset-start]
2020-12-16T23:06:14.699+0800: 2368.363: [CMS-concurrent-reset: 0.000/0.000 secs] [Times: user=0.00 sys=0.00, real=0.00 secs] 
2020-12-16T23:06:16.698+0800: 2370.362: [GC (CMS Initial Mark) [1 CMS-initial-mark: 63K(64K)] 801558K(943744K), 0.1150376 secs] [Times: user=0.30 sys=0.00, real=0.12 secs] 
2020-12-16T23:06:16.813+0800: 2370.477: [CMS-concurrent-mark-start]
2020-12-16T23:06:16.814+0800: 2370.477: [CMS-concurrent-mark: 0.000/0.000 secs] [Times: user=0.00 sys=0.00, real=0.00 secs] 
2020-12-16T23:06:16.814+0800: 2370.477: [CMS-concurrent-preclean-start]
2020-12-16T23:06:16.815+0800: 2370.479: [CMS-concurrent-preclean: 0.001/0.001 secs] [Times: user=0.00 sys=0.00, real=0.00 secs] 
2020-12-16T23:06:16.815+0800: 2370.479: [CMS-concurrent-abortable-preclean-start]
 CMS: abort preclean due to time 2020-12-16T23:06:21.897+0800: 2375.561: [CMS-concurrent-abortable-preclean: 0.068/5.083 secs] [Times: user=0.08 sys=0.14, real=5.08 secs] 
2020-12-16T23:06:21.898+0800: 2375.562: [GC (CMS Final Remark) [YG occupancy: 801494 K (943680 K)]2020-12-16T23:06:21.898+0800: 2375.562: [Rescan (parallel) , 0.1276224 secs]2020-12-16T23:06:22.026+0800: 2375.690: [weak refs processing, 0.0006547 secs][1 CMS-remark: 63K(64K)] 801558K(943744K), 0.1284264 secs] [Times: user=1.22 sys=0.00, real=0.13 secs] 
2020-12-16T23:06:22.026+0800: 2375.691: [CMS-concurrent-sweep-start]
2020-12-16T23:06:22.027+0800: 2375.691: [CMS-concurrent-sweep: 0.000/0.000 secs] [Times: user=0.00 sys=0.00, real=0.00 secs] 
2020-12-16T23:06:22.027+0800: 2375.691: [CMS-concurrent-reset-start]
2020-12-16T23:06:22.027+0800: 2375.691: [CMS-concurrent-reset: 0.000/0.000 secs] [Times: user=0.00 sys=0.00, real=0.00 secs] 
2020-12-16T23:06:24.027+0800: 2377.692: [GC (CMS Initial Mark) [1 CMS-initial-mark: 63K(64K)] 805714K(943744K), 0.0619522 secs] [Times: user=0.28 sys=0.00, real=0.06 secs] 
2020-12-16T23:06:24.089+0800: 2377.754: [CMS-concurrent-mark-start]
2020-12-16T23:06:24.089+0800: 2377.754: [CMS-concurrent-mark: 0.000/0.000 secs] [Times: user=0.00 sys=0.00, real=0.00 secs] 
2020-12-16T23:06:24.089+0800: 2377.754: [CMS-concurrent-preclean-start]
2020-12-16T23:06:24.090+0800: 2377.755: [CMS-concurrent-preclean: 0.001/0.001 secs] [Times: user=0.00 sys=0.00, real=0.00 secs] 
2020-12-16T23:06:24.090+0800: 2377.755: [CMS-concurrent-abortable-preclean-start]
 CMS: abort preclean due to time 2020-12-16T23:06:29.170+0800: 2382.834: [CMS-concurrent-abortable-preclean: 0.063/5.079 secs] [Times: user=0.05 sys=0.09, real=5.08 secs] 
2020-12-16T23:06:29.170+0800: 2382.834: [GC (CMS Final Remark) [YG occupancy: 805650 K (943680 K)]2020-12-16T23:06:29.170+0800: 2382.835: [Rescan (parallel) , 0.1162885 secs]2020-12-16T23:06:29.286+0800: 2382.951: [weak refs processing, 0.0007314 secs][1 CMS-remark: 63K(64K)] 805714K(943744K), 0.1171628 secs] [Times: user=1.00 sys=0.00, real=0.12 secs] 
2020-12-16T23:06:29.287+0800: 2382.952: [CMS-concurrent-sweep-start]
2020-12-16T23:06:29.287+0800: 2382.952: [CMS-concurrent-sweep: 0.000/0.000 secs] [Times: user=0.00 sys=0.00, real=0.00 secs] 
2020-12-16T23:06:29.287+0800: 2382.952: [CMS-concurrent-reset-start]
2020-12-16T23:06:29.287+0800: 2382.952: [CMS-concurrent-reset: 0.000/0.000 secs] [Times: user=0.00 sys=0.00, real=0.00 secs] 
2020-12-16T23:06:31.289+0800: 2384.953: [GC (CMS Initial Mark) [1 CMS-initial-mark: 63K(64K)] 805714K(943744K), 0.0605608 secs] [Times: user=0.39 sys=0.00, real=0.06 secs] 
2020-12-16T23:06:31.349+0800: 2385.013: [CMS-concurrent-mark-start]
2020-12-16T23:06:31.349+0800: 2385.014: [CMS-concurrent-mark: 0.000/0.000 secs] [Times: user=0.00 sys=0.00, real=0.00 secs] 
2020-12-16T23:06:31.349+0800: 2385.014: [CMS-concurrent-preclean-start]
2020-12-16T23:06:31.350+0800: 2385.015: [CMS-concurrent-preclean: 0.001/0.001 secs] [Times: user=0.00 sys=0.00, real=0.00 secs] 
2020-12-16T23:06:31.350+0800: 2385.015: [CMS-concurrent-abortable-preclean-start]
 CMS: abort preclean due to time 2020-12-16T23:06:36.444+0800: 2390.108: [CMS-concurrent-abortable-preclean: 0.075/5.093 secs] [Times: user=0.11 sys=0.14, real=5.09 secs] 
2020-12-16T23:06:36.444+0800: 2390.108: [GC (CMS Final Remark) [YG occupancy: 810248 K (943680 K)]2020-12-16T23:06:36.444+0800: 2390.108: [Rescan (parallel) , 0.0759794 secs]2020-12-16T23:06:36.520+0800: 2390.184: [weak refs processing, 0.0007421 secs][1 CMS-remark: 63K(64K)] 810312K(943744K), 0.0768048 secs] [Times: user=0.69 sys=0.00, real=0.08 secs] 
2020-12-16T23:06:36.521+0800: 2390.185: [CMS-concurrent-sweep-start]
2020-12-16T23:06:36.521+0800: 2390.185: [CMS-concurrent-sweep: 0.000/0.000 secs] [Times: user=0.00 sys=0.00, real=0.00 secs] 
2020-12-16T23:06:36.521+0800: 2390.185: [CMS-concurrent-reset-start]
2020-12-16T23:06:36.521+0800: 2390.185: [CMS-concurrent-reset: 0.000/0.000 secs] [Times: user=0.00 sys=0.00, real=0.00 secs] 
2020-12-16T23:06:38.521+0800: 2392.185: [GC (CMS Initial Mark) [1 CMS-initial-mark: 63K(64K)] 810312K(943744K), 0.0639978 secs] [Times: user=0.34 sys=0.00, real=0.06 secs] 
2020-12-16T23:06:38.584+0800: 2392.249: [CMS-concurrent-mark-start]
2020-12-16T23:06:38.584+0800: 2392.249: [CMS-concurrent-mark: 0.000/0.000 secs] [Times: user=0.00 sys=0.00, real=0.00 secs] 
2020-12-16T23:06:38.584+0800: 2392.249: [CMS-concurrent-preclean-start]
2020-12-16T23:06:38.585+0800: 2392.250: [CMS-concurrent-preclean: 0.001/0.001 secs] [Times: user=0.00 sys=0.00, real=0.00 secs] 
2020-12-16T23:06:38.585+0800: 2392.250: [CMS-concurrent-abortable-preclean-start]
 CMS: abort preclean due to time 2020-12-16T23:06:43.671+0800: 2397.336: [CMS-concurrent-abortable-preclean: 0.067/5.085 secs] [Times: user=0.03 sys=0.14, real=5.09 secs] 
2020-12-16T23:06:43.671+0800: 2397.336: [GC (CMS Final Remark) [YG occupancy: 814405 K (943680 K)]2020-12-16T23:06:43.671+0800: 2397.336: [Rescan (parallel) , 0.0892338 secs]2020-12-16T23:06:43.761+0800: 2397.425: [weak refs processing, 0.0007320 secs][1 CMS-remark: 63K(64K)] 814469K(943744K), 0.0900566 secs] [Times: user=0.73 sys=0.00, real=0.09 secs] 
2020-12-16T23:06:43.761+0800: 2397.426: [CMS-concurrent-sweep-start]
2020-12-16T23:06:43.762+0800: 2397.426: [CMS-concurrent-sweep: 0.000/0.000 secs] [Times: user=0.00 sys=0.00, real=0.00 secs] 
2020-12-16T23:06:43.762+0800: 2397.426: [CMS-concurrent-reset-start]
2020-12-16T23:06:43.762+0800: 2397.426: [CMS-concurrent-reset: 0.000/0.000 secs] [Times: user=0.00 sys=0.00, real=0.00 secs] 
2020-12-16T23:06:45.763+0800: 2399.427: [GC (CMS Initial Mark) [1 CMS-initial-mark: 63K(64K)] 814469K(943744K), 0.0591061 secs] [Times: user=0.25 sys=0.00, real=0.06 secs] 
2020-12-16T23:06:45.822+0800: 2399.486: [CMS-concurrent-mark-start]
2020-12-16T23:06:45.822+0800: 2399.486: [CMS-concurrent-mark: 0.000/0.000 secs] [Times: user=0.00 sys=0.00, real=0.00 secs] 
2020-12-16T23:06:45.822+0800: 2399.486: [CMS-concurrent-preclean-start]
2020-12-16T23:06:45.823+0800: 2399.487: [CMS-concurrent-preclean: 0.001/0.001 secs] [Times: user=0.02 sys=0.00, real=0.00 secs] 
2020-12-16T23:06:45.823+0800: 2399.487: [CMS-concurrent-abortable-preclean-start]
 CMS: abort preclean due to time 2020-12-16T23:06:50.908+0800: 2404.572: [CMS-concurrent-abortable-preclean: 0.066/5.084 secs] [Times: user=0.08 sys=0.09, real=5.09 secs] 
2020-12-16T23:06:50.908+0800: 2404.572: [GC (CMS Final Remark) [YG occupancy: 814405 K (943680 K)]2020-12-16T23:06:50.908+0800: 2404.572: [Rescan (parallel) , 0.0854368 secs]2020-12-16T23:06:50.993+0800: 2404.657: [weak refs processing, 0.0007537 secs][1 CMS-remark: 63K(64K)] 814469K(943744K), 0.0862815 secs] [Times: user=0.74 sys=0.01, real=0.09 secs] 
2020-12-16T23:06:50.994+0800: 2404.658: [CMS-concurrent-sweep-start]
2020-12-16T23:06:50.994+0800: 2404.658: [CMS-concurrent-sweep: 0.000/0.000 secs] [Times: user=0.00 sys=0.00, real=0.00 secs] 
2020-12-16T23:06:50.994+0800: 2404.658: [CMS-concurrent-reset-start]
2020-12-16T23:06:50.994+0800: 2404.658: [CMS-concurrent-reset: 0.000/0.000 secs] [Times: user=0.00 sys=0.00, real=0.00 secs] 
2020-12-16T23:06:52.994+0800: 2406.658: [GC (CMS Initial Mark) [1 CMS-initial-mark: 63K(64K)] 814469K(943744K), 0.1273310 secs] [Times: user=0.86 sys=0.02, real=0.13 secs] 
2020-12-16T23:06:53.122+0800: 2406.786: [CMS-concurrent-mark-start]
2020-12-16T23:06:53.122+0800: 2406.786: [CMS-concurrent-mark: 0.000/0.000 secs] [Times: user=0.00 sys=0.00, real=0.00 secs] 
2020-12-16T23:06:53.122+0800: 2406.786: [CMS-concurrent-preclean-start]
2020-12-16T23:06:53.123+0800: 2406.787: [CMS-concurrent-preclean: 0.001/0.001 secs] [Times: user=0.00 sys=0.00, real=0.00 secs] 
2020-12-16T23:06:53.123+0800: 2406.787: [CMS-concurrent-abortable-preclean-start]
 CMS: abort preclean due to time 2020-12-16T23:06:58.212+0800: 2411.876: [CMS-concurrent-abortable-preclean: 0.072/5.089 secs] [Times: user=0.16 sys=0.11, real=5.09 secs] 
2020-12-16T23:06:58.212+0800: 2411.876: [GC (CMS Final Remark) [YG occupancy: 818561 K (943680 K)]2020-12-16T23:06:58.212+0800: 2411.876: [Rescan (parallel) , 0.0858105 secs]2020-12-16T23:06:58.298+0800: 2411.962: [weak refs processing, 0.0006448 secs][1 CMS-remark: 63K(64K)] 818625K(943744K), 0.0865447 secs] [Times: user=0.80 sys=0.02, real=0.09 secs] 
2020-12-16T23:06:58.298+0800: 2411.963: [CMS-concurrent-sweep-start]
2020-12-16T23:06:58.298+0800: 2411.963: [CMS-concurrent-sweep: 0.000/0.000 secs] [Times: user=0.00 sys=0.00, real=0.00 secs] 
2020-12-16T23:06:58.298+0800: 2411.963: [CMS-concurrent-reset-start]
2020-12-16T23:06:58.298+0800: 2411.963: [CMS-concurrent-reset: 0.000/0.000 secs] [Times: user=0.00 sys=0.00, real=0.00 secs] 
2020-12-16T23:07:00.298+0800: 2413.962: [GC (CMS Initial Mark) [1 CMS-initial-mark: 63K(64K)] 818625K(943744K), 0.0643339 secs] [Times: user=0.33 sys=0.00, real=0.06 secs] 
2020-12-16T23:07:00.362+0800: 2414.027: [CMS-concurrent-mark-start]
2020-12-16T23:07:00.362+0800: 2414.027: [CMS-concurrent-mark: 0.000/0.000 secs] [Times: user=0.00 sys=0.00, real=0.00 secs] 
2020-12-16T23:07:00.362+0800: 2414.027: [CMS-concurrent-preclean-start]
2020-12-16T23:07:00.364+0800: 2414.028: [CMS-concurrent-preclean: 0.001/0.001 secs] [Times: user=0.00 sys=0.00, real=0.00 secs] 
2020-12-16T23:07:00.364+0800: 2414.028: [CMS-concurrent-abortable-preclean-start]
 CMS: abort preclean due to time 2020-12-16T23:07:05.453+0800: 2419.117: [CMS-concurrent-abortable-preclean: 0.072/5.089 secs] [Times: user=0.08 sys=0.13, real=5.09 secs] 
2020-12-16T23:07:05.453+0800: 2419.118: [GC (CMS Final Remark) [YG occupancy: 822717 K (943680 K)]2020-12-16T23:07:05.454+0800: 2419.118: [Rescan (parallel) , 0.1030249 secs]2020-12-16T23:07:05.557+0800: 2419.221: [weak refs processing, 0.0007300 secs][1 CMS-remark: 63K(64K)] 822781K(943744K), 0.1039583 secs] [Times: user=0.83 sys=0.00, real=0.11 secs] 
2020-12-16T23:07:05.558+0800: 2419.222: [CMS-concurrent-sweep-start]
2020-12-16T23:07:05.558+0800: 2419.222: [CMS-concurrent-sweep: 0.000/0.000 secs] [Times: user=0.00 sys=0.00, real=0.00 secs] 
2020-12-16T23:07:05.558+0800: 2419.222: [CMS-concurrent-reset-start]
2020-12-16T23:07:05.558+0800: 2419.222: [CMS-concurrent-reset: 0.000/0.000 secs] [Times: user=0.00 sys=0.00, real=0.00 secs] 
2020-12-16T23:07:07.557+0800: 2421.221: [GC (CMS Initial Mark) [1 CMS-initial-mark: 63K(64K)] 822781K(943744K), 0.0665608 secs] [Times: user=0.30 sys=0.00, real=0.07 secs] 
2020-12-16T23:07:07.623+0800: 2421.288: [CMS-concurrent-mark-start]
2020-12-16T23:07:07.624+0800: 2421.288: [CMS-concurrent-mark: 0.000/0.000 secs] [Times: user=0.00 sys=0.00, real=0.00 secs] 
2020-12-16T23:07:07.624+0800: 2421.288: [CMS-concurrent-preclean-start]
2020-12-16T23:07:07.625+0800: 2421.289: [CMS-concurrent-preclean: 0.001/0.001 secs] [Times: user=0.00 sys=0.00, real=0.00 secs] 
2020-12-16T23:07:07.625+0800: 2421.289: [CMS-concurrent-abortable-preclean-start]
 CMS: abort preclean due to time 2020-12-16T23:07:12.712+0800: 2426.376: [CMS-concurrent-abortable-preclean: 0.071/5.086 secs] [Times: user=0.11 sys=0.13, real=5.09 secs] 
2020-12-16T23:07:12.712+0800: 2426.376: [GC (CMS Final Remark) [YG occupancy: 822717 K (943680 K)]2020-12-16T23:07:12.712+0800: 2426.376: [Rescan (parallel) , 0.0836303 secs]2020-12-16T23:07:12.795+0800: 2426.460: [weak refs processing, 0.0007207 secs][1 CMS-remark: 63K(64K)] 822781K(943744K), 0.0844376 secs] [Times: user=0.89 sys=0.00, real=0.08 secs] 
2020-12-16T23:07:12.796+0800: 2426.461: [CMS-concurrent-sweep-start]
2020-12-16T23:07:12.796+0800: 2426.461: [CMS-concurrent-sweep: 0.000/0.000 secs] [Times: user=0.00 sys=0.00, real=0.00 secs] 
2020-12-16T23:07:12.796+0800: 2426.461: [CMS-concurrent-reset-start]
2020-12-16T23:07:12.796+0800: 2426.461: [CMS-concurrent-reset: 0.000/0.000 secs] [Times: user=0.00 sys=0.00, real=0.00 secs] 
2020-12-16T23:07:14.797+0800: 2428.461: [GC (CMS Initial Mark) [1 CMS-initial-mark: 63K(64K)] 826938K(943744K), 0.0588897 secs] [Times: user=0.30 sys=0.00, real=0.06 secs] 
2020-12-16T23:07:14.855+0800: 2428.520: [CMS-concurrent-mark-start]
2020-12-16T23:07:14.855+0800: 2428.520: [CMS-concurrent-mark: 0.000/0.000 secs] [Times: user=0.00 sys=0.00, real=0.00 secs] 
2020-12-16T23:07:14.855+0800: 2428.520: [CMS-concurrent-preclean-start]
2020-12-16T23:07:14.856+0800: 2428.521: [CMS-concurrent-preclean: 0.001/0.001 secs] [Times: user=0.00 sys=0.00, real=0.00 secs] 
2020-12-16T23:07:14.856+0800: 2428.521: [CMS-concurrent-abortable-preclean-start]
 CMS: abort preclean due to time 2020-12-16T23:07:19.941+0800: 2433.605: [CMS-concurrent-abortable-preclean: 0.068/5.084 secs] [Times: user=0.19 sys=0.09, real=5.09 secs] 
2020-12-16T23:07:19.941+0800: 2433.605: [GC (CMS Final Remark) [YG occupancy: 826874 K (943680 K)]2020-12-16T23:07:19.941+0800: 2433.605: [Rescan (parallel) , 0.1196478 secs]2020-12-16T23:07:20.061+0800: 2433.725: [weak refs processing, 0.0007276 secs][1 CMS-remark: 63K(64K)] 826938K(943744K), 0.1205275 secs] [Times: user=1.16 sys=0.00, real=0.12 secs] 
2020-12-16T23:07:20.062+0800: 2433.726: [CMS-concurrent-sweep-start]
2020-12-16T23:07:20.062+0800: 2433.726: [CMS-concurrent-sweep: 0.000/0.000 secs] [Times: user=0.00 sys=0.00, real=0.00 secs] 
2020-12-16T23:07:20.062+0800: 2433.726: [CMS-concurrent-reset-start]
2020-12-16T23:07:20.062+0800: 2433.726: [CMS-concurrent-reset: 0.000/0.000 secs] [Times: user=0.00 sys=0.00, real=0.00 secs] 
2020-12-16T23:07:22.062+0800: 2435.726: [GC (CMS Initial Mark) [1 CMS-initial-mark: 63K(64K)] 826938K(943744K), 0.0628402 secs] [Times: user=0.31 sys=0.00, real=0.06 secs] 
2020-12-16T23:07:22.125+0800: 2435.788: [CMS-concurrent-mark-start]
2020-12-16T23:07:22.125+0800: 2435.789: [CMS-concurrent-mark: 0.000/0.000 secs] [Times: user=0.00 sys=0.00, real=0.00 secs] 
2020-12-16T23:07:22.125+0800: 2435.789: [CMS-concurrent-preclean-start]
2020-12-16T23:07:22.126+0800: 2435.790: [CMS-concurrent-preclean: 0.001/0.001 secs] [Times: user=0.00 sys=0.00, real=0.00 secs] 
2020-12-16T23:07:22.126+0800: 2435.790: [CMS-concurrent-abortable-preclean-start]
 CMS: abort preclean due to time 2020-12-16T23:07:27.205+0800: 2440.869: [CMS-concurrent-abortable-preclean: 0.066/5.080 secs] [Times: user=0.25 sys=0.08, real=5.08 secs] 
2020-12-16T23:07:27.205+0800: 2440.870: [GC (CMS Final Remark) [YG occupancy: 831030 K (943680 K)]2020-12-16T23:07:27.205+0800: 2440.870: [Rescan (parallel) , 0.0764906 secs]2020-12-16T23:07:27.282+0800: 2440.946: [weak refs processing, 0.0006208 secs][1 CMS-remark: 63K(64K)] 831094K(943744K), 0.0771993 secs] [Times: user=0.73 sys=0.00, real=0.08 secs] 
2020-12-16T23:07:27.282+0800: 2440.947: [CMS-concurrent-sweep-start]
2020-12-16T23:07:27.282+0800: 2440.947: [CMS-concurrent-sweep: 0.000/0.000 secs] [Times: user=0.00 sys=0.00, real=0.00 secs] 
2020-12-16T23:07:27.283+0800: 2440.947: [CMS-concurrent-reset-start]
2020-12-16T23:07:27.283+0800: 2440.947: [CMS-concurrent-reset: 0.000/0.000 secs] [Times: user=0.00 sys=0.00, real=0.00 secs] 
2020-12-16T23:07:29.284+0800: 2442.948: [GC (CMS Initial Mark) [1 CMS-initial-mark: 63K(64K)] 831094K(943744K), 0.0572813 secs] [Times: user=0.34 sys=0.00, real=0.06 secs] 
2020-12-16T23:07:29.341+0800: 2443.006: [CMS-concurrent-mark-start]
2020-12-16T23:07:29.342+0800: 2443.006: [CMS-concurrent-mark: 0.000/0.000 secs] [Times: user=0.00 sys=0.00, real=0.00 secs] 
2020-12-16T23:07:29.342+0800: 2443.006: [CMS-concurrent-preclean-start]
2020-12-16T23:07:29.343+0800: 2443.007: [CMS-concurrent-preclean: 0.001/0.001 secs] [Times: user=0.00 sys=0.00, real=0.00 secs] 
2020-12-16T23:07:29.343+0800: 2443.007: [CMS-concurrent-abortable-preclean-start]
{Heap before GC invocations=6 (full 344):
 par new generation   total 943680K, used 838848K [0x00000000c0000000, 0x00000000ffff0000, 0x00000000ffff0000)
  eden space 838848K, 100% used [0x00000000c0000000, 0x00000000f3330000, 0x00000000f3330000)
  from space 104832K,   0% used [0x00000000f9990000, 0x00000000f9990000, 0x00000000ffff0000)
  to   space 104832K,   0% used [0x00000000f3330000, 0x00000000f3330000, 0x00000000f9990000)
 concurrent mark-sweep generation total 64K, used 63K [0x00000000ffff0000, 0x0000000100000000, 0x0000000100000000)
 Metaspace       used 93616K, capacity 101910K, committed 102104K, reserved 1138688K
  class space    used 11346K, capacity 12680K, committed 12800K, reserved 1048576K
2020-12-16T23:07:30.009+0800: 2443.673: [GC (Allocation Failure) 2020-12-16T23:07:30.009+0800: 2443.673: [ParNew2020-12-16T23:07:30.066+0800: 2443.730: [CMS-concurrent-abortable-preclean: 0.012/0.722 secs] [Times: user=0.55 sys=0.02, real=0.72 secs] 
 (promotion failed): 838848K->943680K(943680K), 0.1746367 secs]2020-12-16T23:07:30.184+0800: 2443.848: [CMS (concurrent mode failure): 63K->63K(64K), 0.3910946 secs] 838911K->106170K(943744K), [Metaspace: 93616K->93616K(1138688K)], 0.5658748 secs] [Times: user=0.95 sys=0.00, real=0.56 secs] 
Heap after GC invocations=7 (full 345):
 par new generation   total 943680K, used 106106K [0x00000000c0000000, 0x00000000ffff0000, 0x00000000ffff0000)
  eden space 838848K,  12% used [0x00000000c0000000, 0x00000000c679e9f0, 0x00000000f3330000)
  from space 104832K,   0% used [0x00000000f3330000, 0x00000000f3330000, 0x00000000f9990000)
  to   space 104832K,   0% used [0x00000000f9990000, 0x00000000f9990000, 0x00000000ffff0000)
 concurrent mark-sweep generation total 64K, used 63K [0x00000000ffff0000, 0x0000000100000000, 0x0000000100000000)
 Metaspace       used 93616K, capacity 101910K, committed 102104K, reserved 1138688K
  class space    used 11346K, capacity 12680K, committed 12800K, reserved 1048576K
}
2020-12-16T23:07:32.574+0800: 2446.238: [GC (CMS Initial Mark) [1 CMS-initial-mark: 63K(64K)] 130923K(943744K), 0.0532942 secs] [Times: user=0.05 sys=0.00, real=0.05 secs] 
2020-12-16T23:07:32.627+0800: 2446.292: [CMS-concurrent-mark-start]
2020-12-16T23:07:32.628+0800: 2446.292: [CMS-concurrent-mark: 0.000/0.000 secs] [Times: user=0.00 sys=0.00, real=0.00 secs] 
2020-12-16T23:07:32.628+0800: 2446.292: [CMS-concurrent-preclean-start]
2020-12-16T23:07:32.629+0800: 2446.293: [CMS-concurrent-preclean: 0.001/0.001 secs] [Times: user=0.00 sys=0.00, real=0.00 secs] 
2020-12-16T23:07:32.629+0800: 2446.293: [CMS-concurrent-abortable-preclean-start]
 CMS: abort preclean due to time 2020-12-16T23:07:37.630+0800: 2451.294: [CMS-concurrent-abortable-preclean: 0.066/5.001 secs] [Times: user=0.05 sys=0.14, real=5.00 secs] 
2020-12-16T23:07:37.630+0800: 2451.295: [GC (CMS Final Remark) [YG occupancy: 134713 K (943680 K)]2020-12-16T23:07:37.630+0800: 2451.295: [Rescan (parallel) , 0.0991088 secs]2020-12-16T23:07:37.730+0800: 2451.394: [weak refs processing, 0.0006291 secs][1 CMS-remark: 63K(64K)] 134777K(943744K), 0.0998288 secs] [Times: user=0.73 sys=0.00, real=0.10 secs] 
2020-12-16T23:07:37.730+0800: 2451.395: [CMS-concurrent-sweep-start]
2020-12-16T23:07:37.730+0800: 2451.395: [CMS-concurrent-sweep: 0.000/0.000 secs] [Times: user=0.00 sys=0.00, real=0.00 secs] 
2020-12-16T23:07:37.730+0800: 2451.395: [CMS-concurrent-reset-start]
2020-12-16T23:07:37.730+0800: 2451.395: [CMS-concurrent-reset: 0.000/0.000 secs] [Times: user=0.00 sys=0.00, real=0.00 secs] 
2020-12-16T23:07:39.731+0800: 2453.395: [GC (CMS Initial Mark) [1 CMS-initial-mark: 63K(64K)] 143725K(943744K), 0.0544772 secs] [Times: user=0.05 sys=0.00, real=0.05 secs] 
2020-12-16T23:07:39.786+0800: 2453.450: [CMS-concurrent-mark-start]
2020-12-16T23:07:39.786+0800: 2453.450: [CMS-concurrent-mark: 0.000/0.000 secs] [Times: user=0.00 sys=0.00, real=0.00 secs] 
2020-12-16T23:07:39.786+0800: 2453.450: [CMS-concurrent-preclean-start]
2020-12-16T23:07:39.787+0800: 2453.451: [CMS-concurrent-preclean: 0.001/0.001 secs] [Times: user=0.00 sys=0.00, real=0.00 secs] 
2020-12-16T23:07:39.787+0800: 2453.451: [CMS-concurrent-abortable-preclean-start]
 CMS: abort preclean due to time 2020-12-16T23:07:44.825+0800: 2458.489: [CMS-concurrent-abortable-preclean: 0.089/5.038 secs] [Times: user=0.55 sys=0.23, real=5.04 secs] 
2020-12-16T23:07:44.825+0800: 2458.489: [GC (CMS Final Remark) [YG occupancy: 215060 K (943680 K)]2020-12-16T23:07:44.825+0800: 2458.489: [Rescan (parallel) , 0.0821230 secs]2020-12-16T23:07:44.907+0800: 2458.572: [weak refs processing, 0.0008150 secs][1 CMS-remark: 63K(64K)] 215124K(943744K), 0.0830371 secs] [Times: user=0.67 sys=0.00, real=0.08 secs] 
2020-12-16T23:07:44.908+0800: 2458.573: [CMS-concurrent-sweep-start]
2020-12-16T23:07:44.908+0800: 2458.573: [CMS-concurrent-sweep: 0.000/0.000 secs] [Times: user=0.00 sys=0.00, real=0.00 secs] 
2020-12-16T23:07:44.908+0800: 2458.573: [CMS-concurrent-reset-start]
2020-12-16T23:07:44.908+0800: 2458.573: [CMS-concurrent-reset: 0.000/0.000 secs] [Times: user=0.00 sys=0.00, real=0.00 secs] 
2020-12-16T23:07:46.908+0800: 2460.572: [GC (CMS Initial Mark) [1 CMS-initial-mark: 63K(64K)] 215124K(943744K), 0.0850940 secs] [Times: user=0.22 sys=0.00, real=0.09 secs] 
2020-12-16T23:07:46.993+0800: 2460.657: [CMS-concurrent-mark-start]
2020-12-16T23:07:46.994+0800: 2460.658: [CMS-concurrent-mark: 0.000/0.000 secs] [Times: user=0.00 sys=0.00, real=0.00 secs] 
2020-12-16T23:07:46.994+0800: 2460.658: [CMS-concurrent-preclean-start]
2020-12-16T23:07:46.995+0800: 2460.659: [CMS-concurrent-preclean: 0.001/0.001 secs] [Times: user=0.02 sys=0.00, real=0.00 secs] 
2020-12-16T23:07:46.995+0800: 2460.659: [CMS-concurrent-abortable-preclean-start]
 CMS: abort preclean due to time 2020-12-16T23:07:52.019+0800: 2465.683: [CMS-concurrent-abortable-preclean: 0.155/5.025 secs] [Times: user=0.44 sys=0.13, real=5.02 secs] 
2020-12-16T23:07:52.019+0800: 2465.684: [GC (CMS Final Remark) [YG occupancy: 227896 K (943680 K)]2020-12-16T23:07:52.019+0800: 2465.684: [Rescan (parallel) , 0.0862270 secs]2020-12-16T23:07:52.106+0800: 2465.770: [weak refs processing, 0.0007416 secs][1 CMS-remark: 63K(64K)] 227960K(943744K), 0.0870576 secs] [Times: user=0.81 sys=0.00, real=0.09 secs] 
2020-12-16T23:07:52.107+0800: 2465.771: [CMS-concurrent-sweep-start]
2020-12-16T23:07:52.107+0800: 2465.771: [CMS-concurrent-sweep: 0.000/0.000 secs] [Times: user=0.00 sys=0.00, real=0.00 secs] 
2020-12-16T23:07:52.107+0800: 2465.771: [CMS-concurrent-reset-start]
2020-12-16T23:07:52.107+0800: 2465.771: [CMS-concurrent-reset: 0.000/0.000 secs] [Times: user=0.00 sys=0.00, real=0.00 secs] 
2020-12-16T23:07:54.108+0800: 2467.772: [GC (CMS Initial Mark) [1 CMS-initial-mark: 63K(64K)] 227960K(943744K), 0.0543188 secs] [Times: user=0.05 sys=0.00, real=0.05 secs] 
2020-12-16T23:07:54.162+0800: 2467.826: [CMS-concurrent-mark-start]
2020-12-16T23:07:54.162+0800: 2467.826: [CMS-concurrent-mark: 0.000/0.000 secs] [Times: user=0.00 sys=0.00, real=0.00 secs] 
2020-12-16T23:07:54.162+0800: 2467.826: [CMS-concurrent-preclean-start]
2020-12-16T23:07:54.164+0800: 2467.827: [CMS-concurrent-preclean: 0.001/0.001 secs] [Times: user=0.00 sys=0.00, real=0.00 secs] 
2020-12-16T23:07:54.164+0800: 2467.828: [CMS-concurrent-abortable-preclean-start]
 CMS: abort preclean due to time 2020-12-16T23:07:59.214+0800: 2472.878: [CMS-concurrent-abortable-preclean: 0.167/5.051 secs] [Times: user=0.59 sys=0.02, real=5.05 secs] 
2020-12-16T23:07:59.214+0800: 2472.878: [GC (CMS Final Remark) [YG occupancy: 229570 K (943680 K)]2020-12-16T23:07:59.214+0800: 2472.878: [Rescan (parallel) , 0.0824948 secs]2020-12-16T23:07:59.297+0800: 2472.961: [weak refs processing, 0.0007487 secs][1 CMS-remark: 63K(64K)] 229634K(943744K), 0.0833289 secs] [Times: user=0.72 sys=0.00, real=0.08 secs] 
2020-12-16T23:07:59.298+0800: 2472.962: [CMS-concurrent-sweep-start]
2020-12-16T23:07:59.298+0800: 2472.962: [CMS-concurrent-sweep: 0.000/0.000 secs] [Times: user=0.00 sys=0.00, real=0.00 secs] 
2020-12-16T23:07:59.298+0800: 2472.962: [CMS-concurrent-reset-start]
2020-12-16T23:07:59.298+0800: 2472.962: [CMS-concurrent-reset: 0.000/0.000 secs] [Times: user=0.00 sys=0.00, real=0.00 secs] 
2020-12-16T23:08:01.298+0800: 2474.962: [GC (CMS Initial Mark) [1 CMS-initial-mark: 63K(64K)] 234097K(943744K), 0.0938857 secs] [Times: user=0.30 sys=0.00, real=0.09 secs] 
2020-12-16T23:08:01.392+0800: 2475.056: [CMS-concurrent-mark-start]
2020-12-16T23:08:01.393+0800: 2475.057: [CMS-concurrent-mark: 0.000/0.000 secs] [Times: user=0.00 sys=0.00, real=0.00 secs] 
2020-12-16T23:08:01.393+0800: 2475.057: [CMS-concurrent-preclean-start]
2020-12-16T23:08:01.394+0800: 2475.058: [CMS-concurrent-preclean: 0.001/0.001 secs] [Times: user=0.00 sys=0.00, real=0.00 secs] 
2020-12-16T23:08:01.394+0800: 2475.058: [CMS-concurrent-abortable-preclean-start]
 CMS: abort preclean due to time 2020-12-16T23:08:06.476+0800: 2480.140: [CMS-concurrent-abortable-preclean: 0.069/5.082 secs] [Times: user=0.03 sys=0.09, real=5.08 secs] 
2020-12-16T23:08:06.476+0800: 2480.140: [GC (CMS Final Remark) [YG occupancy: 239674 K (943680 K)]2020-12-16T23:08:06.476+0800: 2480.140: [Rescan (parallel) , 0.0788087 secs]2020-12-16T23:08:06.554+0800: 2480.219: [weak refs processing, 0.0006342 secs][1 CMS-remark: 63K(64K)] 239738K(943744K), 0.0795284 secs] [Times: user=0.66 sys=0.00, real=0.08 secs] 
2020-12-16T23:08:06.555+0800: 2480.220: [CMS-concurrent-sweep-start]
2020-12-16T23:08:06.555+0800: 2480.220: [CMS-concurrent-sweep: 0.000/0.000 secs] [Times: user=0.00 sys=0.00, real=0.00 secs] 
2020-12-16T23:08:06.555+0800: 2480.220: [CMS-concurrent-reset-start]
2020-12-16T23:08:06.555+0800: 2480.220: [CMS-concurrent-reset: 0.000/0.000 secs] [Times: user=0.00 sys=0.00, real=0.00 secs] 
2020-12-16T23:08:08.556+0800: 2482.220: [GC (CMS Initial Mark) [1 CMS-initial-mark: 63K(64K)] 239738K(943744K), 0.0514429 secs] [Times: user=0.19 sys=0.00, real=0.05 secs] 
2020-12-16T23:08:08.607+0800: 2482.272: [CMS-concurrent-mark-start]
2020-12-16T23:08:08.608+0800: 2482.272: [CMS-concurrent-mark: 0.000/0.000 secs] [Times: user=0.00 sys=0.00, real=0.00 secs] 
2020-12-16T23:08:08.608+0800: 2482.272: [CMS-concurrent-preclean-start]
2020-12-16T23:08:08.609+0800: 2482.273: [CMS-concurrent-preclean: 0.001/0.001 secs] [Times: user=0.00 sys=0.00, real=0.00 secs] 
2020-12-16T23:08:08.609+0800: 2482.273: [CMS-concurrent-abortable-preclean-start]
 CMS: abort preclean due to time 2020-12-16T23:08:13.695+0800: 2487.359: [CMS-concurrent-abortable-preclean: 0.072/5.087 secs] [Times: user=0.11 sys=0.20, real=5.09 secs] 
2020-12-16T23:08:13.695+0800: 2487.360: [GC (CMS Final Remark) [YG occupancy: 239674 K (943680 K)]2020-12-16T23:08:13.695+0800: 2487.360: [Rescan (parallel) , 0.0822838 secs]2020-12-16T23:08:13.778+0800: 2487.442: [weak refs processing, 0.0006329 secs][1 CMS-remark: 63K(64K)] 239738K(943744K), 0.0829983 secs] [Times: user=0.78 sys=0.00, real=0.08 secs] 
2020-12-16T23:08:13.778+0800: 2487.443: [CMS-concurrent-sweep-start]
2020-12-16T23:08:13.778+0800: 2487.443: [CMS-concurrent-sweep: 0.000/0.000 secs] [Times: user=0.00 sys=0.00, real=0.00 secs] 
2020-12-16T23:08:13.778+0800: 2487.443: [CMS-concurrent-reset-start]
2020-12-16T23:08:13.778+0800: 2487.443: [CMS-concurrent-reset: 0.000/0.000 secs] [Times: user=0.00 sys=0.00, real=0.00 secs] 
2020-12-16T23:08:15.780+0800: 2489.444: [GC (CMS Initial Mark) [1 CMS-initial-mark: 63K(64K)] 239738K(943744K), 0.0524855 secs] [Times: user=0.06 sys=0.00, real=0.05 secs] 
2020-12-16T23:08:15.832+0800: 2489.496: [CMS-concurrent-mark-start]
2020-12-16T23:08:15.832+0800: 2489.496: [CMS-concurrent-mark: 0.000/0.000 secs] [Times: user=0.00 sys=0.00, real=0.00 secs] 
2020-12-16T23:08:15.832+0800: 2489.496: [CMS-concurrent-preclean-start]
2020-12-16T23:08:15.833+0800: 2489.498: [CMS-concurrent-preclean: 0.001/0.001 secs] [Times: user=0.00 sys=0.00, real=0.00 secs] 
2020-12-16T23:08:15.833+0800: 2489.498: [CMS-concurrent-abortable-preclean-start]
 CMS: abort preclean due to time 2020-12-16T23:08:20.913+0800: 2494.578: [CMS-concurrent-abortable-preclean: 0.068/5.080 secs] [Times: user=0.05 sys=0.13, real=5.08 secs] 
2020-12-16T23:08:20.913+0800: 2494.578: [GC (CMS Final Remark) [YG occupancy: 245315 K (943680 K)]2020-12-16T23:08:20.913+0800: 2494.578: [Rescan (parallel) , 0.0862733 secs]2020-12-16T23:08:21.000+0800: 2494.664: [weak refs processing, 0.0007848 secs][1 CMS-remark: 63K(64K)] 245379K(943744K), 0.0871505 secs] [Times: user=0.88 sys=0.00, real=0.09 secs] 
2020-12-16T23:08:21.001+0800: 2494.665: [CMS-concurrent-sweep-start]
2020-12-16T23:08:21.001+0800: 2494.665: [CMS-concurrent-sweep: 0.000/0.000 secs] [Times: user=0.00 sys=0.00, real=0.00 secs] 
2020-12-16T23:08:21.001+0800: 2494.665: [CMS-concurrent-reset-start]
2020-12-16T23:08:21.001+0800: 2494.665: [CMS-concurrent-reset: 0.000/0.000 secs] [Times: user=0.00 sys=0.00, real=0.00 secs] 
2020-12-16T23:08:23.002+0800: 2496.666: [GC (CMS Initial Mark) [1 CMS-initial-mark: 63K(64K)] 245379K(943744K), 0.0532742 secs] [Times: user=0.11 sys=0.00, real=0.05 secs] 
2020-12-16T23:08:23.055+0800: 2496.719: [CMS-concurrent-mark-start]
2020-12-16T23:08:23.055+0800: 2496.720: [CMS-concurrent-mark: 0.000/0.000 secs] [Times: user=0.00 sys=0.00, real=0.00 secs] 
2020-12-16T23:08:23.055+0800: 2496.720: [CMS-concurrent-preclean-start]
2020-12-16T23:08:23.056+0800: 2496.721: [CMS-concurrent-preclean: 0.001/0.001 secs] [Times: user=0.00 sys=0.00, real=0.00 secs] 
2020-12-16T23:08:23.056+0800: 2496.721: [CMS-concurrent-abortable-preclean-start]
 CMS: abort preclean due to time 2020-12-16T23:08:28.146+0800: 2501.810: [CMS-concurrent-abortable-preclean: 0.067/5.090 secs] [Times: user=0.09 sys=0.17, real=5.09 secs] 
2020-12-16T23:08:28.146+0800: 2501.811: [GC (CMS Final Remark) [YG occupancy: 245315 K (943680 K)]2020-12-16T23:08:28.146+0800: 2501.811: [Rescan (parallel) , 0.0695208 secs]2020-12-16T23:08:28.216+0800: 2501.880: [weak refs processing, 0.0006516 secs][1 CMS-remark: 63K(64K)] 245379K(943744K), 0.0702603 secs] [Times: user=0.67 sys=0.02, real=0.07 secs] 
2020-12-16T23:08:28.216+0800: 2501.881: [CMS-concurrent-sweep-start]
2020-12-16T23:08:28.216+0800: 2501.881: [CMS-concurrent-sweep: 0.000/0.000 secs] [Times: user=0.00 sys=0.00, real=0.00 secs] 
2020-12-16T23:08:28.216+0800: 2501.881: [CMS-concurrent-reset-start]
2020-12-16T23:08:28.216+0800: 2501.881: [CMS-concurrent-reset: 0.000/0.000 secs] [Times: user=0.00 sys=0.00, real=0.00 secs] 
2020-12-16T23:08:30.217+0800: 2503.881: [GC (CMS Initial Mark) [1 CMS-initial-mark: 63K(64K)] 245379K(943744K), 0.0909073 secs] [Times: user=0.28 sys=0.00, real=0.09 secs] 
2020-12-16T23:08:30.307+0800: 2503.972: [CMS-concurrent-mark-start]
2020-12-16T23:08:30.308+0800: 2503.972: [CMS-concurrent-mark: 0.000/0.000 secs] [Times: user=0.00 sys=0.00, real=0.00 secs] 
2020-12-16T23:08:30.308+0800: 2503.972: [CMS-concurrent-preclean-start]
2020-12-16T23:08:30.309+0800: 2503.974: [CMS-concurrent-preclean: 0.001/0.001 secs] [Times: user=0.00 sys=0.00, real=0.00 secs] 
2020-12-16T23:08:30.309+0800: 2503.974: [CMS-concurrent-abortable-preclean-start]
 CMS: abort preclean due to time 2020-12-16T23:08:35.388+0800: 2509.052: [CMS-concurrent-abortable-preclean: 0.065/5.079 secs] [Times: user=0.02 sys=0.09, real=5.08 secs] 
2020-12-16T23:08:35.388+0800: 2509.053: [GC (CMS Final Remark) [YG occupancy: 250956 K (943680 K)]2020-12-16T23:08:35.388+0800: 2509.053: [Rescan (parallel) , 0.0811836 secs]2020-12-16T23:08:35.470+0800: 2509.134: [weak refs processing, 0.0007510 secs][1 CMS-remark: 63K(64K)] 251019K(943744K), 0.0820198 secs] [Times: user=0.67 sys=0.00, real=0.08 secs] 
2020-12-16T23:08:35.471+0800: 2509.135: [CMS-concurrent-sweep-start]
2020-12-16T23:08:35.471+0800: 2509.135: [CMS-concurrent-sweep: 0.000/0.000 secs] [Times: user=0.00 sys=0.00, real=0.00 secs] 
2020-12-16T23:08:35.471+0800: 2509.135: [CMS-concurrent-reset-start]
2020-12-16T23:08:35.471+0800: 2509.135: [CMS-concurrent-reset: 0.000/0.000 secs] [Times: user=0.00 sys=0.00, real=0.00 secs] 
2020-12-16T23:08:37.472+0800: 2511.136: [GC (CMS Initial Mark) [1 CMS-initial-mark: 63K(64K)] 251019K(943744K), 0.0510674 secs] [Times: user=0.13 sys=0.00, real=0.05 secs] 
2020-12-16T23:08:37.523+0800: 2511.187: [CMS-concurrent-mark-start]
2020-12-16T23:08:37.523+0800: 2511.187: [CMS-concurrent-mark: 0.000/0.000 secs] [Times: user=0.00 sys=0.00, real=0.00 secs] 
2020-12-16T23:08:37.523+0800: 2511.187: [CMS-concurrent-preclean-start]
2020-12-16T23:08:37.524+0800: 2511.189: [CMS-concurrent-preclean: 0.001/0.001 secs] [Times: user=0.00 sys=0.00, real=0.00 secs] 
2020-12-16T23:08:37.525+0800: 2511.189: [CMS-concurrent-abortable-preclean-start]
 CMS: abort preclean due to time 2020-12-16T23:08:42.612+0800: 2516.276: [CMS-concurrent-abortable-preclean: 0.071/5.088 secs] [Times: user=0.05 sys=0.16, real=5.09 secs] 
2020-12-16T23:08:42.612+0800: 2516.276: [GC (CMS Final Remark) [YG occupancy: 250956 K (943680 K)]2020-12-16T23:08:42.612+0800: 2516.276: [Rescan (parallel) , 0.0780442 secs]2020-12-16T23:08:42.690+0800: 2516.355: [weak refs processing, 0.0007403 secs][1 CMS-remark: 63K(64K)] 251019K(943744K), 0.0788734 secs] [Times: user=0.63 sys=0.00, real=0.08 secs] 
2020-12-16T23:08:42.691+0800: 2516.356: [CMS-concurrent-sweep-start]
2020-12-16T23:08:42.691+0800: 2516.356: [CMS-concurrent-sweep: 0.000/0.000 secs] [Times: user=0.00 sys=0.00, real=0.00 secs] 
2020-12-16T23:08:42.691+0800: 2516.356: [CMS-concurrent-reset-start]
2020-12-16T23:08:42.691+0800: 2516.356: [CMS-concurrent-reset: 0.000/0.000 secs] [Times: user=0.00 sys=0.00, real=0.00 secs] 
2020-12-16T23:08:44.692+0800: 2518.356: [GC (CMS Initial Mark) [1 CMS-initial-mark: 63K(64K)] 251019K(943744K), 0.0534697 secs] [Times: user=0.17 sys=0.00, real=0.05 secs] 
2020-12-16T23:08:44.745+0800: 2518.410: [CMS-concurrent-mark-start]
2020-12-16T23:08:44.746+0800: 2518.410: [CMS-concurrent-mark: 0.000/0.000 secs] [Times: user=0.00 sys=0.00, real=0.00 secs] 
2020-12-16T23:08:44.746+0800: 2518.410: [CMS-concurrent-preclean-start]
2020-12-16T23:08:44.747+0800: 2518.411: [CMS-concurrent-preclean: 0.001/0.001 secs] [Times: user=0.00 sys=0.00, real=0.00 secs] 
2020-12-16T23:08:44.747+0800: 2518.411: [CMS-concurrent-abortable-preclean-start]
 CMS: abort preclean due to time 2020-12-16T23:08:49.828+0800: 2523.492: [CMS-concurrent-abortable-preclean: 0.063/5.080 secs] [Times: user=0.01 sys=0.11, real=5.08 secs] 
2020-12-16T23:08:49.828+0800: 2523.492: [GC (CMS Final Remark) [YG occupancy: 256596 K (943680 K)]2020-12-16T23:08:49.828+0800: 2523.492: [Rescan (parallel) , 0.0747100 secs]2020-12-16T23:08:49.903+0800: 2523.567: [weak refs processing, 0.0006294 secs][1 CMS-remark: 63K(64K)] 256660K(943744K), 0.0754262 secs] [Times: user=0.70 sys=0.00, real=0.08 secs] 
2020-12-16T23:08:49.904+0800: 2523.568: [CMS-concurrent-sweep-start]
2020-12-16T23:08:49.904+0800: 2523.568: [CMS-concurrent-sweep: 0.000/0.000 secs] [Times: user=0.00 sys=0.00, real=0.00 secs] 
2020-12-16T23:08:49.904+0800: 2523.568: [CMS-concurrent-reset-start]
2020-12-16T23:08:49.904+0800: 2523.568: [CMS-concurrent-reset: 0.000/0.000 secs] [Times: user=0.00 sys=0.00, real=0.00 secs] 
2020-12-16T23:08:51.904+0800: 2525.568: [GC (CMS Initial Mark) [1 CMS-initial-mark: 63K(64K)] 256660K(943744K), 0.0522035 secs] [Times: user=0.06 sys=0.00, real=0.05 secs] 
2020-12-16T23:08:51.956+0800: 2525.620: [CMS-concurrent-mark-start]
2020-12-16T23:08:51.957+0800: 2525.621: [CMS-concurrent-mark: 0.000/0.000 secs] [Times: user=0.00 sys=0.00, real=0.00 secs] 
2020-12-16T23:08:51.957+0800: 2525.621: [CMS-concurrent-preclean-start]
2020-12-16T23:08:51.958+0800: 2525.622: [CMS-concurrent-preclean: 0.001/0.001 secs] [Times: user=0.00 sys=0.00, real=0.00 secs] 
2020-12-16T23:08:51.958+0800: 2525.622: [CMS-concurrent-abortable-preclean-start]
 CMS: abort preclean due to time 2020-12-16T23:08:57.042+0800: 2530.706: [CMS-concurrent-abortable-preclean: 0.069/5.084 secs] [Times: user=0.03 sys=0.11, real=5.08 secs] 
2020-12-16T23:08:57.042+0800: 2530.707: [GC (CMS Final Remark) [YG occupancy: 256596 K (943680 K)]2020-12-16T23:08:57.042+0800: 2530.707: [Rescan (parallel) , 0.0919471 secs]2020-12-16T23:08:57.135+0800: 2530.799: [weak refs processing, 0.0006312 secs][1 CMS-remark: 63K(64K)] 256660K(943744K), 0.0926730 secs] [Times: user=0.72 sys=0.00, real=0.09 secs] 
2020-12-16T23:08:57.135+0800: 2530.799: [CMS-concurrent-sweep-start]
2020-12-16T23:08:57.135+0800: 2530.799: [CMS-concurrent-sweep: 0.000/0.000 secs] [Times: user=0.00 sys=0.00, real=0.00 secs] 
2020-12-16T23:08:57.135+0800: 2530.799: [CMS-concurrent-reset-start]
2020-12-16T23:08:57.136+0800: 2530.799: [CMS-concurrent-reset: 0.000/0.000 secs] [Times: user=0.00 sys=0.00, real=0.00 secs] 
2020-12-16T23:08:59.137+0800: 2532.801: [GC (CMS Initial Mark) [1 CMS-initial-mark: 63K(64K)] 256660K(943744K), 0.0537980 secs] [Times: user=0.05 sys=0.00, real=0.05 secs] 
2020-12-16T23:08:59.190+0800: 2532.854: [CMS-concurrent-mark-start]
2020-12-16T23:08:59.190+0800: 2532.855: [CMS-concurrent-mark: 0.000/0.000 secs] [Times: user=0.00 sys=0.00, real=0.00 secs] 
2020-12-16T23:08:59.190+0800: 2532.855: [CMS-concurrent-preclean-start]
2020-12-16T23:08:59.191+0800: 2532.856: [CMS-concurrent-preclean: 0.001/0.001 secs] [Times: user=0.00 sys=0.00, real=0.00 secs] 
2020-12-16T23:08:59.191+0800: 2532.856: [CMS-concurrent-abortable-preclean-start]
 CMS: abort preclean due to time 2020-12-16T23:09:04.273+0800: 2537.937: [CMS-concurrent-abortable-preclean: 0.071/5.081 secs] [Times: user=0.03 sys=0.19, real=5.08 secs] 
2020-12-16T23:09:04.273+0800: 2537.937: [GC (CMS Final Remark) [YG occupancy: 262237 K (943680 K)]2020-12-16T23:09:04.273+0800: 2537.937: [Rescan (parallel) , 0.0833556 secs]2020-12-16T23:09:04.357+0800: 2538.021: [weak refs processing, 0.0007460 secs][1 CMS-remark: 63K(64K)] 262301K(943744K), 0.0841837 secs] [Times: user=0.88 sys=0.00, real=0.08 secs] 
2020-12-16T23:09:04.358+0800: 2538.022: [CMS-concurrent-sweep-start]
2020-12-16T23:09:04.358+0800: 2538.022: [CMS-concurrent-sweep: 0.000/0.000 secs] [Times: user=0.00 sys=0.00, real=0.00 secs] 
2020-12-16T23:09:04.358+0800: 2538.022: [CMS-concurrent-reset-start]
2020-12-16T23:09:04.358+0800: 2538.022: [CMS-concurrent-reset: 0.000/0.000 secs] [Times: user=0.00 sys=0.00, real=0.00 secs] 
2020-12-16T23:09:06.358+0800: 2540.022: [GC (CMS Initial Mark) [1 CMS-initial-mark: 63K(64K)] 264076K(943744K), 0.0600919 secs] [Times: user=0.11 sys=0.00, real=0.06 secs] 
2020-12-16T23:09:06.417+0800: 2540.082: [CMS-concurrent-mark-start]
2020-12-16T23:09:06.418+0800: 2540.082: [CMS-concurrent-mark: 0.000/0.000 secs] [Times: user=0.00 sys=0.00, real=0.00 secs] 
2020-12-16T23:09:06.418+0800: 2540.082: [CMS-concurrent-preclean-start]
2020-12-16T23:09:06.419+0800: 2540.083: [CMS-concurrent-preclean: 0.001/0.001 secs] [Times: user=0.00 sys=0.00, real=0.00 secs] 
2020-12-16T23:09:06.419+0800: 2540.084: [CMS-concurrent-abortable-preclean-start]
 CMS: abort preclean due to time 2020-12-16T23:09:11.498+0800: 2545.162: [CMS-concurrent-abortable-preclean: 0.063/5.078 secs] [Times: user=0.08 sys=0.11, real=5.08 secs] 
2020-12-16T23:09:11.498+0800: 2545.162: [GC (CMS Final Remark) [YG occupancy: 265555 K (943680 K)]2020-12-16T23:09:11.498+0800: 2545.162: [Rescan (parallel) , 0.0917784 secs]2020-12-16T23:09:11.629+0800: 2545.293: [weak refs processing, 0.0008031 secs][1 CMS-remark: 63K(64K)] 265619K(943744K), 0.1318838 secs] [Times: user=0.81 sys=0.02, real=0.13 secs] 
2020-12-16T23:09:11.630+0800: 2545.294: [CMS-concurrent-sweep-start]
2020-12-16T23:09:11.630+0800: 2545.294: [CMS-concurrent-sweep: 0.000/0.000 secs] [Times: user=0.00 sys=0.00, real=0.00 secs] 
2020-12-16T23:09:11.630+0800: 2545.294: [CMS-concurrent-reset-start]
2020-12-16T23:09:11.630+0800: 2545.294: [CMS-concurrent-reset: 0.000/0.000 secs] [Times: user=0.00 sys=0.00, real=0.00 secs] 
2020-12-16T23:09:13.631+0800: 2547.295: [GC (CMS Initial Mark) [1 CMS-initial-mark: 63K(64K)] 265619K(943744K), 0.0929817 secs] [Times: user=0.36 sys=0.00, real=0.09 secs] 
2020-12-16T23:09:13.724+0800: 2547.388: [CMS-concurrent-mark-start]
2020-12-16T23:09:13.724+0800: 2547.388: [CMS-concurrent-mark: 0.000/0.000 secs] [Times: user=0.00 sys=0.00, real=0.00 secs] 
2020-12-16T23:09:13.725+0800: 2547.388: [CMS-concurrent-preclean-start]
2020-12-16T23:09:13.726+0800: 2547.390: [CMS-concurrent-preclean: 0.001/0.001 secs] [Times: user=0.00 sys=0.00, real=0.00 secs] 
2020-12-16T23:09:13.726+0800: 2547.390: [CMS-concurrent-abortable-preclean-start]
 CMS: abort preclean due to time 2020-12-16T23:09:18.808+0800: 2552.472: [CMS-concurrent-abortable-preclean: 0.069/5.083 secs] [Times: user=0.09 sys=0.14, real=5.08 secs] 
2020-12-16T23:09:18.808+0800: 2552.472: [GC (CMS Final Remark) [YG occupancy: 271196 K (943680 K)]2020-12-16T23:09:18.808+0800: 2552.472: [Rescan (parallel) , 0.0814758 secs]2020-12-16T23:09:18.890+0800: 2552.554: [weak refs processing, 0.0006328 secs][1 CMS-remark: 63K(64K)] 271260K(943744K), 0.0821964 secs] [Times: user=0.72 sys=0.00, real=0.08 secs] 
2020-12-16T23:09:18.891+0800: 2552.555: [CMS-concurrent-sweep-start]
2020-12-16T23:09:18.891+0800: 2552.555: [CMS-concurrent-sweep: 0.000/0.000 secs] [Times: user=0.00 sys=0.00, real=0.00 secs] 
2020-12-16T23:09:18.891+0800: 2552.555: [CMS-concurrent-reset-start]
2020-12-16T23:09:18.891+0800: 2552.555: [CMS-concurrent-reset: 0.000/0.000 secs] [Times: user=0.00 sys=0.00, real=0.00 secs] 
2020-12-16T23:09:20.891+0800: 2554.555: [GC (CMS Initial Mark) [1 CMS-initial-mark: 63K(64K)] 330103K(943744K), 0.0672720 secs] [Times: user=0.19 sys=0.00, real=0.07 secs] 
2020-12-16T23:09:20.958+0800: 2554.622: [CMS-concurrent-mark-start]
2020-12-16T23:09:20.958+0800: 2554.622: [CMS-concurrent-mark: 0.000/0.000 secs] [Times: user=0.00 sys=0.00, real=0.00 secs] 
2020-12-16T23:09:20.958+0800: 2554.622: [CMS-concurrent-preclean-start]
2020-12-16T23:09:20.959+0800: 2554.624: [CMS-concurrent-preclean: 0.001/0.001 secs] [Times: user=0.00 sys=0.00, real=0.00 secs] 
2020-12-16T23:09:20.959+0800: 2554.624: [CMS-concurrent-abortable-preclean-start]
 CMS: abort preclean due to time 2020-12-16T23:09:26.043+0800: 2559.707: [CMS-concurrent-abortable-preclean: 0.068/5.084 secs] [Times: user=0.06 sys=0.09, real=5.08 secs] 
2020-12-16T23:09:26.043+0800: 2559.708: [GC (CMS Final Remark) [YG occupancy: 330039 K (943680 K)]2020-12-16T23:09:26.043+0800: 2559.708: [Rescan (parallel) , 0.0960576 secs]2020-12-16T23:09:26.139+0800: 2559.804: [weak refs processing, 0.0007640 secs][1 CMS-remark: 63K(64K)] 330103K(943744K), 0.0969060 secs] [Times: user=0.88 sys=0.00, real=0.10 secs] 
2020-12-16T23:09:26.140+0800: 2559.805: [CMS-concurrent-sweep-start]
2020-12-16T23:09:26.140+0800: 2559.805: [CMS-concurrent-sweep: 0.000/0.000 secs] [Times: user=0.00 sys=0.00, real=0.00 secs] 
2020-12-16T23:09:26.140+0800: 2559.805: [CMS-concurrent-reset-start]
2020-12-16T23:09:26.140+0800: 2559.805: [CMS-concurrent-reset: 0.000/0.000 secs] [Times: user=0.00 sys=0.00, real=0.00 secs] 
2020-12-16T23:09:28.141+0800: 2561.805: [GC (CMS Initial Mark) [1 CMS-initial-mark: 63K(64K)] 330103K(943744K), 0.0530814 secs] [Times: user=0.16 sys=0.00, real=0.05 secs] 
2020-12-16T23:09:28.193+0800: 2561.858: [CMS-concurrent-mark-start]
2020-12-16T23:09:28.193+0800: 2561.858: [CMS-concurrent-mark: 0.000/0.000 secs] [Times: user=0.00 sys=0.00, real=0.00 secs] 
2020-12-16T23:09:28.193+0800: 2561.858: [CMS-concurrent-preclean-start]
2020-12-16T23:09:28.195+0800: 2561.859: [CMS-concurrent-preclean: 0.001/0.001 secs] [Times: user=0.00 sys=0.00, real=0.00 secs] 
2020-12-16T23:09:28.195+0800: 2561.859: [CMS-concurrent-abortable-preclean-start]
 CMS: abort preclean due to time 2020-12-16T23:09:33.279+0800: 2566.943: [CMS-concurrent-abortable-preclean: 0.070/5.084 secs] [Times: user=0.06 sys=0.19, real=5.08 secs] 
2020-12-16T23:09:33.281+0800: 2566.946: [GC (CMS Final Remark) [YG occupancy: 335679 K (943680 K)]2020-12-16T23:09:33.281+0800: 2566.946: [Rescan (parallel) , 0.0934823 secs]2020-12-16T23:09:33.376+0800: 2567.040: [weak refs processing, 0.0010554 secs][1 CMS-remark: 63K(64K)] 335743K(943744K), 0.0946817 secs] [Times: user=0.31 sys=0.00, real=0.10 secs] 
2020-12-16T23:09:33.377+0800: 2567.042: [CMS-concurrent-sweep-start]
2020-12-16T23:09:33.377+0800: 2567.042: [CMS-concurrent-sweep: 0.000/0.000 secs] [Times: user=0.00 sys=0.00, real=0.00 secs] 
2020-12-16T23:09:33.377+0800: 2567.042: [CMS-concurrent-reset-start]
2020-12-16T23:09:33.377+0800: 2567.042: [CMS-concurrent-reset: 0.000/0.000 secs] [Times: user=0.00 sys=0.00, real=0.00 secs] 
2020-12-16T23:09:35.379+0800: 2569.043: [GC (CMS Initial Mark) [1 CMS-initial-mark: 63K(64K)] 335743K(943744K), 0.0899108 secs] [Times: user=0.45 sys=0.00, real=0.09 secs] 
2020-12-16T23:09:35.468+0800: 2569.133: [CMS-concurrent-mark-start]
2020-12-16T23:09:35.468+0800: 2569.133: [CMS-concurrent-mark: 0.000/0.000 secs] [Times: user=0.00 sys=0.00, real=0.00 secs] 
2020-12-16T23:09:35.469+0800: 2569.133: [CMS-concurrent-preclean-start]
2020-12-16T23:09:35.470+0800: 2569.134: [CMS-concurrent-preclean: 0.001/0.001 secs] [Times: user=0.00 sys=0.00, real=0.00 secs] 
2020-12-16T23:09:35.470+0800: 2569.134: [CMS-concurrent-abortable-preclean-start]
 CMS: abort preclean due to time 2020-12-16T23:09:40.554+0800: 2574.217: [CMS-concurrent-abortable-preclean: 0.067/5.083 secs] [Times: user=0.23 sys=0.11, real=5.08 secs] 
2020-12-16T23:09:40.554+0800: 2574.218: [GC (CMS Final Remark) [YG occupancy: 335679 K (943680 K)]2020-12-16T23:09:40.554+0800: 2574.218: [Rescan (parallel) , 0.0814160 secs]2020-12-16T23:09:40.635+0800: 2574.299: [weak refs processing, 0.0007491 secs][1 CMS-remark: 63K(64K)] 335743K(943744K), 0.0822534 secs] [Times: user=0.69 sys=0.00, real=0.08 secs] 
2020-12-16T23:09:40.636+0800: 2574.300: [CMS-concurrent-sweep-start]
2020-12-16T23:09:40.636+0800: 2574.300: [CMS-concurrent-sweep: 0.000/0.000 secs] [Times: user=0.00 sys=0.00, real=0.00 secs] 
2020-12-16T23:09:40.636+0800: 2574.300: [CMS-concurrent-reset-start]
2020-12-16T23:09:40.636+0800: 2574.300: [CMS-concurrent-reset: 0.000/0.000 secs] [Times: user=0.00 sys=0.00, real=0.00 secs] 
2020-12-16T23:09:42.637+0800: 2576.301: [GC (CMS Initial Mark) [1 CMS-initial-mark: 63K(64K)] 335743K(943744K), 0.0948457 secs] [Times: user=0.41 sys=0.00, real=0.10 secs] 
2020-12-16T23:09:42.732+0800: 2576.396: [CMS-concurrent-mark-start]
2020-12-16T23:09:42.732+0800: 2576.396: [CMS-concurrent-mark: 0.000/0.000 secs] [Times: user=0.00 sys=0.00, real=0.00 secs] 
2020-12-16T23:09:42.732+0800: 2576.396: [CMS-concurrent-preclean-start]
2020-12-16T23:09:42.734+0800: 2576.398: [CMS-concurrent-preclean: 0.001/0.001 secs] [Times: user=0.00 sys=0.00, real=0.00 secs] 
2020-12-16T23:09:42.734+0800: 2576.398: [CMS-concurrent-abortable-preclean-start]
 CMS: abort preclean due to time 2020-12-16T23:09:47.819+0800: 2581.483: [CMS-concurrent-abortable-preclean: 0.069/5.086 secs] [Times: user=0.06 sys=0.14, real=5.09 secs] 
2020-12-16T23:09:47.819+0800: 2581.484: [GC (CMS Final Remark) [YG occupancy: 341320 K (943680 K)]2020-12-16T23:09:47.819+0800: 2581.484: [Rescan (parallel) , 0.0795325 secs]2020-12-16T23:09:47.899+0800: 2581.563: [weak refs processing, 0.0007302 secs][1 CMS-remark: 63K(64K)] 341384K(943744K), 0.0803514 secs] [Times: user=0.64 sys=0.01, real=0.08 secs] 
2020-12-16T23:09:47.900+0800: 2581.564: [CMS-concurrent-sweep-start]
2020-12-16T23:09:47.900+0800: 2581.564: [CMS-concurrent-sweep: 0.000/0.000 secs] [Times: user=0.00 sys=0.00, real=0.00 secs] 
2020-12-16T23:09:47.900+0800: 2581.564: [CMS-concurrent-reset-start]
2020-12-16T23:09:47.900+0800: 2581.564: [CMS-concurrent-reset: 0.000/0.000 secs] [Times: user=0.00 sys=0.00, real=0.00 secs] 
2020-12-16T23:09:49.901+0800: 2583.565: [GC (CMS Initial Mark) [1 CMS-initial-mark: 63K(64K)] 341384K(943744K), 0.0563920 secs] [Times: user=0.11 sys=0.00, real=0.06 secs] 
2020-12-16T23:09:49.957+0800: 2583.622: [CMS-concurrent-mark-start]
2020-12-16T23:09:49.958+0800: 2583.622: [CMS-concurrent-mark: 0.000/0.000 secs] [Times: user=0.00 sys=0.00, real=0.00 secs] 
2020-12-16T23:09:49.958+0800: 2583.622: [CMS-concurrent-preclean-start]
2020-12-16T23:09:49.959+0800: 2583.623: [CMS-concurrent-preclean: 0.001/0.001 secs] [Times: user=0.00 sys=0.00, real=0.00 secs] 
2020-12-16T23:09:49.959+0800: 2583.623: [CMS-concurrent-abortable-preclean-start]
 CMS: abort preclean due to time 2020-12-16T23:09:55.043+0800: 2588.708: [CMS-concurrent-abortable-preclean: 0.070/5.084 secs] [Times: user=0.09 sys=0.09, real=5.08 secs] 
2020-12-16T23:09:55.043+0800: 2588.708: [GC (CMS Final Remark) [YG occupancy: 341320 K (943680 K)]2020-12-16T23:09:55.043+0800: 2588.708: [Rescan (parallel) , 0.0811598 secs]2020-12-16T23:09:55.125+0800: 2588.789: [weak refs processing, 0.0006630 secs][1 CMS-remark: 63K(64K)] 341384K(943744K), 0.0819411 secs] [Times: user=0.44 sys=0.02, real=0.08 secs] 
2020-12-16T23:09:55.126+0800: 2588.790: [CMS-concurrent-sweep-start]
2020-12-16T23:09:55.126+0800: 2588.790: [CMS-concurrent-sweep: 0.000/0.000 secs] [Times: user=0.00 sys=0.00, real=0.00 secs] 
2020-12-16T23:09:55.126+0800: 2588.790: [CMS-concurrent-reset-start]
2020-12-16T23:09:55.126+0800: 2588.790: [CMS-concurrent-reset: 0.000/0.000 secs] [Times: user=0.00 sys=0.00, real=0.00 secs] 
2020-12-16T23:09:57.126+0800: 2590.790: [GC (CMS Initial Mark) [1 CMS-initial-mark: 63K(64K)] 347330K(943744K), 0.0713343 secs] [Times: user=0.20 sys=0.00, real=0.07 secs] 
2020-12-16T23:09:57.197+0800: 2590.861: [CMS-concurrent-mark-start]
2020-12-16T23:09:57.197+0800: 2590.861: [CMS-concurrent-mark: 0.000/0.000 secs] [Times: user=0.00 sys=0.00, real=0.00 secs] 
2020-12-16T23:09:57.197+0800: 2590.861: [CMS-concurrent-preclean-start]
2020-12-16T23:09:57.198+0800: 2590.862: [CMS-concurrent-preclean: 0.001/0.001 secs] [Times: user=0.03 sys=0.01, real=0.00 secs] 
2020-12-16T23:09:57.198+0800: 2590.863: [CMS-concurrent-abortable-preclean-start]
 CMS: abort preclean due to time 2020-12-16T23:10:02.282+0800: 2595.946: [CMS-concurrent-abortable-preclean: 0.073/5.084 secs] [Times: user=0.03 sys=0.08, real=5.08 secs] 
2020-12-16T23:10:02.282+0800: 2595.947: [GC (CMS Final Remark) [YG occupancy: 347266 K (943680 K)]2020-12-16T23:10:02.282+0800: 2595.947: [Rescan (parallel) , 0.0883716 secs]2020-12-16T23:10:02.371+0800: 2596.035: [weak refs processing, 0.0006421 secs][1 CMS-remark: 63K(64K)] 347330K(943744K), 0.0890981 secs] [Times: user=0.78 sys=0.00, real=0.09 secs] 
2020-12-16T23:10:02.371+0800: 2596.036: [CMS-concurrent-sweep-start]
2020-12-16T23:10:02.371+0800: 2596.036: [CMS-concurrent-sweep: 0.000/0.000 secs] [Times: user=0.00 sys=0.00, real=0.00 secs] 
2020-12-16T23:10:02.371+0800: 2596.036: [CMS-concurrent-reset-start]
2020-12-16T23:10:02.371+0800: 2596.036: [CMS-concurrent-reset: 0.000/0.000 secs] [Times: user=0.00 sys=0.00, real=0.00 secs] 
2020-12-16T23:10:04.371+0800: 2598.035: [GC (CMS Initial Mark) [1 CMS-initial-mark: 63K(64K)] 347330K(943744K), 0.0950560 secs] [Times: user=0.41 sys=0.00, real=0.10 secs] 
2020-12-16T23:10:04.466+0800: 2598.131: [CMS-concurrent-mark-start]
2020-12-16T23:10:04.466+0800: 2598.131: [CMS-concurrent-mark: 0.000/0.000 secs] [Times: user=0.00 sys=0.00, real=0.00 secs] 
2020-12-16T23:10:04.466+0800: 2598.131: [CMS-concurrent-preclean-start]
2020-12-16T23:10:04.468+0800: 2598.132: [CMS-concurrent-preclean: 0.001/0.001 secs] [Times: user=0.00 sys=0.00, real=0.00 secs] 
2020-12-16T23:10:04.468+0800: 2598.132: [CMS-concurrent-abortable-preclean-start]
 CMS: abort preclean due to time 2020-12-16T23:10:09.537+0800: 2603.202: [CMS-concurrent-abortable-preclean: 0.070/5.069 secs] [Times: user=0.08 sys=0.09, real=5.07 secs] 
2020-12-16T23:10:09.538+0800: 2603.202: [GC (CMS Final Remark) [YG occupancy: 347266 K (943680 K)]2020-12-16T23:10:09.538+0800: 2603.202: [Rescan (parallel) , 0.0960413 secs]2020-12-16T23:10:09.634+0800: 2603.298: [weak refs processing, 0.0007473 secs][1 CMS-remark: 63K(64K)] 347330K(943744K), 0.0969473 secs] [Times: user=0.81 sys=0.00, real=0.10 secs] 
2020-12-16T23:10:09.635+0800: 2603.299: [CMS-concurrent-sweep-start]
2020-12-16T23:10:09.635+0800: 2603.299: [CMS-concurrent-sweep: 0.000/0.000 secs] [Times: user=0.00 sys=0.00, real=0.00 secs] 
2020-12-16T23:10:09.635+0800: 2603.299: [CMS-concurrent-reset-start]
2020-12-16T23:10:09.635+0800: 2603.299: [CMS-concurrent-reset: 0.000/0.000 secs] [Times: user=0.00 sys=0.00, real=0.00 secs] 
2020-12-16T23:10:11.635+0800: 2605.299: [GC (CMS Initial Mark) [1 CMS-initial-mark: 63K(64K)] 352971K(943744K), 0.0565932 secs] [Times: user=0.09 sys=0.00, real=0.06 secs] 
2020-12-16T23:10:11.692+0800: 2605.356: [CMS-concurrent-mark-start]
2020-12-16T23:10:11.692+0800: 2605.356: [CMS-concurrent-mark: 0.000/0.000 secs] [Times: user=0.00 sys=0.00, real=0.00 secs] 
2020-12-16T23:10:11.692+0800: 2605.356: [CMS-concurrent-preclean-start]
2020-12-16T23:10:11.693+0800: 2605.357: [CMS-concurrent-preclean: 0.001/0.001 secs] [Times: user=0.00 sys=0.00, real=0.00 secs] 
2020-12-16T23:10:11.693+0800: 2605.357: [CMS-concurrent-abortable-preclean-start]
 CMS: abort preclean due to time 2020-12-16T23:10:16.774+0800: 2610.438: [CMS-concurrent-abortable-preclean: 0.069/5.081 secs] [Times: user=0.01 sys=0.14, real=5.08 secs] 
2020-12-16T23:10:16.774+0800: 2610.439: [GC (CMS Final Remark) [YG occupancy: 352907 K (943680 K)]2020-12-16T23:10:16.774+0800: 2610.439: [Rescan (parallel) , 0.0935363 secs]2020-12-16T23:10:16.868+0800: 2610.532: [weak refs processing, 0.0007511 secs][1 CMS-remark: 63K(64K)] 352971K(943744K), 0.0943753 secs] [Times: user=0.89 sys=0.00, real=0.09 secs] 
2020-12-16T23:10:16.869+0800: 2610.533: [CMS-concurrent-sweep-start]
2020-12-16T23:10:16.869+0800: 2610.533: [CMS-concurrent-sweep: 0.000/0.000 secs] [Times: user=0.00 sys=0.00, real=0.00 secs] 
2020-12-16T23:10:16.869+0800: 2610.533: [CMS-concurrent-reset-start]
2020-12-16T23:10:16.869+0800: 2610.533: [CMS-concurrent-reset: 0.000/0.000 secs] [Times: user=0.00 sys=0.00, real=0.00 secs] 
2020-12-16T23:10:18.869+0800: 2612.533: [GC (CMS Initial Mark) [1 CMS-initial-mark: 63K(64K)] 352971K(943744K), 0.0797074 secs] [Times: user=0.36 sys=0.00, real=0.08 secs] 
2020-12-16T23:10:18.948+0800: 2612.613: [CMS-concurrent-mark-start]
2020-12-16T23:10:18.949+0800: 2612.613: [CMS-concurrent-mark: 0.000/0.000 secs] [Times: user=0.00 sys=0.00, real=0.00 secs] 
2020-12-16T23:10:18.949+0800: 2612.613: [CMS-concurrent-preclean-start]
2020-12-16T23:10:18.950+0800: 2612.615: [CMS-concurrent-preclean: 0.001/0.001 secs] [Times: user=0.00 sys=0.00, real=0.00 secs] 
2020-12-16T23:10:18.950+0800: 2612.615: [CMS-concurrent-abortable-preclean-start]
 CMS: abort preclean due to time 2020-12-16T23:10:23.970+0800: 2617.634: [CMS-concurrent-abortable-preclean: 0.074/5.019 secs] [Times: user=0.11 sys=0.09, real=5.02 secs] 
2020-12-16T23:10:23.970+0800: 2617.634: [GC (CMS Final Remark) [YG occupancy: 352907 K (943680 K)]2020-12-16T23:10:23.970+0800: 2617.634: [Rescan (parallel) , 0.0845425 secs]2020-12-16T23:10:24.055+0800: 2617.719: [weak refs processing, 0.0006340 secs][1 CMS-remark: 63K(64K)] 352971K(943744K), 0.0852567 secs] [Times: user=0.64 sys=0.02, real=0.09 secs] 
2020-12-16T23:10:24.055+0800: 2617.720: [CMS-concurrent-sweep-start]
2020-12-16T23:10:24.056+0800: 2617.720: [CMS-concurrent-sweep: 0.000/0.000 secs] [Times: user=0.00 sys=0.00, real=0.00 secs] 
2020-12-16T23:10:24.056+0800: 2617.720: [CMS-concurrent-reset-start]
2020-12-16T23:10:24.056+0800: 2617.720: [CMS-concurrent-reset: 0.000/0.000 secs] [Times: user=0.00 sys=0.00, real=0.00 secs] 
2020-12-16T23:10:26.057+0800: 2619.721: [GC (CMS Initial Mark) [1 CMS-initial-mark: 63K(64K)] 358611K(943744K), 0.0540619 secs] [Times: user=0.06 sys=0.00, real=0.05 secs] 
2020-12-16T23:10:26.111+0800: 2619.775: [CMS-concurrent-mark-start]
2020-12-16T23:10:26.112+0800: 2619.775: [CMS-concurrent-mark: 0.000/0.000 secs] [Times: user=0.00 sys=0.00, real=0.00 secs] 
2020-12-16T23:10:26.112+0800: 2619.775: [CMS-concurrent-preclean-start]
2020-12-16T23:10:26.113+0800: 2619.777: [CMS-concurrent-preclean: 0.001/0.001 secs] [Times: user=0.00 sys=0.00, real=0.00 secs] 
2020-12-16T23:10:26.113+0800: 2619.777: [CMS-concurrent-abortable-preclean-start]
 CMS: abort preclean due to time 2020-12-16T23:10:31.197+0800: 2624.861: [CMS-concurrent-abortable-preclean: 0.068/5.084 secs] [Times: user=0.03 sys=0.11, real=5.08 secs] 
2020-12-16T23:10:31.197+0800: 2624.861: [GC (CMS Final Remark) [YG occupancy: 358547 K (943680 K)]2020-12-16T23:10:31.197+0800: 2624.861: [Rescan (parallel) , 0.0770938 secs]2020-12-16T23:10:31.275+0800: 2624.938: [weak refs processing, 0.0006734 secs][1 CMS-remark: 63K(64K)] 358611K(943744K), 0.0778536 secs] [Times: user=0.73 sys=0.02, real=0.08 secs] 
2020-12-16T23:10:31.275+0800: 2624.939: [CMS-concurrent-sweep-start]
2020-12-16T23:10:31.275+0800: 2624.939: [CMS-concurrent-sweep: 0.000/0.000 secs] [Times: user=0.00 sys=0.00, real=0.00 secs] 
2020-12-16T23:10:31.275+0800: 2624.939: [CMS-concurrent-reset-start]
2020-12-16T23:10:31.275+0800: 2624.939: [CMS-concurrent-reset: 0.000/0.000 secs] [Times: user=0.00 sys=0.00, real=0.00 secs] 
2020-12-16T23:10:33.275+0800: 2626.939: [GC (CMS Initial Mark) [1 CMS-initial-mark: 63K(64K)] 358611K(943744K), 0.0549893 secs] [Times: user=0.22 sys=0.00, real=0.05 secs] 
2020-12-16T23:10:33.330+0800: 2626.994: [CMS-concurrent-mark-start]
2020-12-16T23:10:33.330+0800: 2626.994: [CMS-concurrent-mark: 0.000/0.000 secs] [Times: user=0.00 sys=0.00, real=0.00 secs] 
2020-12-16T23:10:33.330+0800: 2626.994: [CMS-concurrent-preclean-start]
2020-12-16T23:10:33.331+0800: 2626.995: [CMS-concurrent-preclean: 0.001/0.001 secs] [Times: user=0.00 sys=0.00, real=0.00 secs] 
2020-12-16T23:10:33.331+0800: 2626.995: [CMS-concurrent-abortable-preclean-start]
 CMS: abort preclean due to time 2020-12-16T23:10:38.403+0800: 2632.067: [CMS-concurrent-abortable-preclean: 0.065/5.072 secs] [Times: user=0.59 sys=0.28, real=5.07 secs] 
2020-12-16T23:10:38.403+0800: 2632.067: [GC (CMS Final Remark) [YG occupancy: 392046 K (943680 K)]2020-12-16T23:10:38.403+0800: 2632.067: [Rescan (parallel) , 0.0793687 secs]2020-12-16T23:10:38.483+0800: 2632.147: [weak refs processing, 0.0006338 secs][1 CMS-remark: 63K(64K)] 392110K(943744K), 0.0800938 secs] [Times: user=0.61 sys=0.02, real=0.08 secs] 
2020-12-16T23:10:38.483+0800: 2632.148: [CMS-concurrent-sweep-start]
2020-12-16T23:10:38.484+0800: 2632.148: [CMS-concurrent-sweep: 0.000/0.000 secs] [Times: user=0.00 sys=0.00, real=0.00 secs] 
2020-12-16T23:10:38.484+0800: 2632.148: [CMS-concurrent-reset-start]
2020-12-16T23:10:38.484+0800: 2632.148: [CMS-concurrent-reset: 0.000/0.000 secs] [Times: user=0.00 sys=0.00, real=0.00 secs] 
2020-12-16T23:10:40.483+0800: 2634.147: [GC (CMS Initial Mark) [1 CMS-initial-mark: 63K(64K)] 392110K(943744K), 0.0596496 secs] [Times: user=0.20 sys=0.00, real=0.06 secs] 
2020-12-16T23:10:40.543+0800: 2634.207: [CMS-concurrent-mark-start]
2020-12-16T23:10:40.543+0800: 2634.207: [CMS-concurrent-mark: 0.000/0.000 secs] [Times: user=0.00 sys=0.00, real=0.00 secs] 
2020-12-16T23:10:40.543+0800: 2634.207: [CMS-concurrent-preclean-start]
2020-12-16T23:10:40.544+0800: 2634.208: [CMS-concurrent-preclean: 0.001/0.001 secs] [Times: user=0.00 sys=0.00, real=0.00 secs] 
2020-12-16T23:10:40.544+0800: 2634.208: [CMS-concurrent-abortable-preclean-start]
 CMS: abort preclean due to time 2020-12-16T23:10:45.629+0800: 2639.293: [CMS-concurrent-abortable-preclean: 0.073/5.085 secs] [Times: user=0.11 sys=0.13, real=5.09 secs] 
2020-12-16T23:10:45.629+0800: 2639.293: [GC (CMS Final Remark) [YG occupancy: 393589 K (943680 K)]2020-12-16T23:10:45.629+0800: 2639.293: [Rescan (parallel) , 0.0841320 secs]2020-12-16T23:10:45.713+0800: 2639.378: [weak refs processing, 0.0006369 secs][1 CMS-remark: 63K(64K)] 393653K(943744K), 0.0848498 secs] [Times: user=0.70 sys=0.01, real=0.09 secs] 
2020-12-16T23:10:45.714+0800: 2639.378: [CMS-concurrent-sweep-start]
2020-12-16T23:10:45.714+0800: 2639.379: [CMS-concurrent-sweep: 0.000/0.000 secs] [Times: user=0.00 sys=0.00, real=0.00 secs] 
2020-12-16T23:10:45.714+0800: 2639.379: [CMS-concurrent-reset-start]
2020-12-16T23:10:45.714+0800: 2639.379: [CMS-concurrent-reset: 0.000/0.000 secs] [Times: user=0.00 sys=0.00, real=0.00 secs] 
2020-12-16T23:10:47.715+0800: 2641.379: [GC (CMS Initial Mark) [1 CMS-initial-mark: 63K(64K)] 393653K(943744K), 0.0561788 secs] [Times: user=0.19 sys=0.00, real=0.06 secs] 
2020-12-16T23:10:47.770+0800: 2641.435: [CMS-concurrent-mark-start]
2020-12-16T23:10:47.770+0800: 2641.435: [CMS-concurrent-mark: 0.000/0.000 secs] [Times: user=0.00 sys=0.00, real=0.00 secs] 
2020-12-16T23:10:47.770+0800: 2641.435: [CMS-concurrent-preclean-start]
2020-12-16T23:10:47.772+0800: 2641.436: [CMS-concurrent-preclean: 0.001/0.001 secs] [Times: user=0.00 sys=0.00, real=0.00 secs] 
2020-12-16T23:10:47.772+0800: 2641.436: [CMS-concurrent-abortable-preclean-start]
 CMS: abort preclean due to time 2020-12-16T23:10:52.795+0800: 2646.459: [CMS-concurrent-abortable-preclean: 0.079/5.023 secs] [Times: user=0.19 sys=0.25, real=5.02 secs] 
2020-12-16T23:10:52.795+0800: 2646.460: [GC (CMS Final Remark) [YG occupancy: 416763 K (943680 K)]2020-12-16T23:10:52.795+0800: 2646.460: [Rescan (parallel) , 0.0897309 secs]2020-12-16T23:10:52.885+0800: 2646.549: [weak refs processing, 0.0006433 secs][1 CMS-remark: 63K(64K)] 416827K(943744K), 0.0904680 secs] [Times: user=0.75 sys=0.00, real=0.09 secs] 
2020-12-16T23:10:52.886+0800: 2646.550: [CMS-concurrent-sweep-start]
2020-12-16T23:10:52.886+0800: 2646.550: [CMS-concurrent-sweep: 0.000/0.000 secs] [Times: user=0.00 sys=0.00, real=0.00 secs] 
2020-12-16T23:10:52.886+0800: 2646.550: [CMS-concurrent-reset-start]
2020-12-16T23:10:52.886+0800: 2646.550: [CMS-concurrent-reset: 0.000/0.000 secs] [Times: user=0.00 sys=0.00, real=0.00 secs] 
2020-12-16T23:10:54.886+0800: 2648.551: [GC (CMS Initial Mark) [1 CMS-initial-mark: 63K(64K)] 416827K(943744K), 0.0973287 secs] [Times: user=0.53 sys=0.00, real=0.10 secs] 
2020-12-16T23:10:54.984+0800: 2648.648: [CMS-concurrent-mark-start]
2020-12-16T23:10:54.984+0800: 2648.648: [CMS-concurrent-mark: 0.000/0.000 secs] [Times: user=0.00 sys=0.00, real=0.00 secs] 
2020-12-16T23:10:54.984+0800: 2648.648: [CMS-concurrent-preclean-start]
2020-12-16T23:10:54.985+0800: 2648.649: [CMS-concurrent-preclean: 0.001/0.001 secs] [Times: user=0.00 sys=0.00, real=0.00 secs] 
2020-12-16T23:10:54.985+0800: 2648.649: [CMS-concurrent-abortable-preclean-start]
 CMS: abort preclean due to time 2020-12-16T23:11:00.072+0800: 2653.737: [CMS-concurrent-abortable-preclean: 0.075/5.087 secs] [Times: user=0.09 sys=0.16, real=5.09 secs] 
2020-12-16T23:11:00.072+0800: 2653.737: [GC (CMS Final Remark) [YG occupancy: 416763 K (943680 K)]2020-12-16T23:11:00.072+0800: 2653.737: [Rescan (parallel) , 0.0827669 secs]2020-12-16T23:11:00.155+0800: 2653.820: [weak refs processing, 0.0007455 secs][1 CMS-remark: 63K(64K)] 416827K(943744K), 0.0835978 secs] [Times: user=0.72 sys=0.00, real=0.08 secs] 
2020-12-16T23:11:00.156+0800: 2653.821: [CMS-concurrent-sweep-start]
2020-12-16T23:11:00.156+0800: 2653.821: [CMS-concurrent-sweep: 0.000/0.000 secs] [Times: user=0.00 sys=0.00, real=0.00 secs] 
2020-12-16T23:11:00.156+0800: 2653.821: [CMS-concurrent-reset-start]
2020-12-16T23:11:00.156+0800: 2653.821: [CMS-concurrent-reset: 0.000/0.000 secs] [Times: user=0.00 sys=0.00, real=0.00 secs] 
2020-12-16T23:11:02.158+0800: 2655.822: [GC (CMS Initial Mark) [1 CMS-initial-mark: 63K(64K)] 417073K(943744K), 0.0552512 secs] [Times: user=0.19 sys=0.00, real=0.06 secs] 
2020-12-16T23:11:02.213+0800: 2655.877: [CMS-concurrent-mark-start]
2020-12-16T23:11:02.213+0800: 2655.877: [CMS-concurrent-mark: 0.000/0.000 secs] [Times: user=0.00 sys=0.00, real=0.00 secs] 
2020-12-16T23:11:02.214+0800: 2655.877: [CMS-concurrent-preclean-start]
2020-12-16T23:11:02.215+0800: 2655.878: [CMS-concurrent-preclean: 0.001/0.001 secs] [Times: user=0.00 sys=0.00, real=0.00 secs] 
2020-12-16T23:11:02.215+0800: 2655.879: [CMS-concurrent-abortable-preclean-start]
 CMS: abort preclean due to time 2020-12-16T23:11:07.300+0800: 2660.963: [CMS-concurrent-abortable-preclean: 0.072/5.085 secs] [Times: user=0.11 sys=0.17, real=5.09 secs] 
2020-12-16T23:11:07.300+0800: 2660.964: [GC (CMS Final Remark) [YG occupancy: 422650 K (943680 K)]2020-12-16T23:11:07.300+0800: 2660.964: [Rescan (parallel) , 0.0935215 secs]2020-12-16T23:11:07.393+0800: 2661.057: [weak refs processing, 0.0007422 secs][1 CMS-remark: 63K(64K)] 422714K(943744K), 0.0943565 secs] [Times: user=0.92 sys=0.00, real=0.09 secs] 
2020-12-16T23:11:07.394+0800: 2661.058: [CMS-concurrent-sweep-start]
2020-12-16T23:11:07.394+0800: 2661.058: [CMS-concurrent-sweep: 0.000/0.000 secs] [Times: user=0.00 sys=0.00, real=0.00 secs] 
2020-12-16T23:11:07.394+0800: 2661.058: [CMS-concurrent-reset-start]
2020-12-16T23:11:07.394+0800: 2661.058: [CMS-concurrent-reset: 0.000/0.000 secs] [Times: user=0.00 sys=0.00, real=0.00 secs] 
2020-12-16T23:11:09.393+0800: 2663.058: [GC (CMS Initial Mark) [1 CMS-initial-mark: 63K(64K)] 422714K(943744K), 0.1033792 secs] [Times: user=0.56 sys=0.00, real=0.10 secs] 
2020-12-16T23:11:09.497+0800: 2663.161: [CMS-concurrent-mark-start]
2020-12-16T23:11:09.497+0800: 2663.162: [CMS-concurrent-mark: 0.000/0.000 secs] [Times: user=0.00 sys=0.00, real=0.00 secs] 
2020-12-16T23:11:09.497+0800: 2663.162: [CMS-concurrent-preclean-start]
2020-12-16T23:11:09.499+0800: 2663.163: [CMS-concurrent-preclean: 0.001/0.001 secs] [Times: user=0.00 sys=0.00, real=0.00 secs] 
2020-12-16T23:11:09.499+0800: 2663.163: [CMS-concurrent-abortable-preclean-start]
 CMS: abort preclean due to time 2020-12-16T23:11:14.581+0800: 2668.245: [CMS-concurrent-abortable-preclean: 0.072/5.082 secs] [Times: user=0.25 sys=0.14, real=5.08 secs] 
2020-12-16T23:11:14.581+0800: 2668.246: [GC (CMS Final Remark) [YG occupancy: 422650 K (943680 K)]2020-12-16T23:11:14.581+0800: 2668.246: [Rescan (parallel) , 0.0796162 secs]2020-12-16T23:11:14.661+0800: 2668.325: [weak refs processing, 0.0007943 secs][1 CMS-remark: 63K(64K)] 422714K(943744K), 0.0804988 secs] [Times: user=0.70 sys=0.00, real=0.08 secs] 
2020-12-16T23:11:14.662+0800: 2668.326: [CMS-concurrent-sweep-start]
2020-12-16T23:11:14.662+0800: 2668.326: [CMS-concurrent-sweep: 0.000/0.000 secs] [Times: user=0.00 sys=0.00, real=0.00 secs] 
2020-12-16T23:11:14.662+0800: 2668.326: [CMS-concurrent-reset-start]
2020-12-16T23:11:14.662+0800: 2668.326: [CMS-concurrent-reset: 0.000/0.000 secs] [Times: user=0.00 sys=0.00, real=0.00 secs] 
2020-12-16T23:11:16.663+0800: 2670.327: [GC (CMS Initial Mark) [1 CMS-initial-mark: 63K(64K)] 422714K(943744K), 0.0607340 secs] [Times: user=0.25 sys=0.00, real=0.06 secs] 
2020-12-16T23:11:16.724+0800: 2670.388: [CMS-concurrent-mark-start]
2020-12-16T23:11:16.724+0800: 2670.388: [CMS-concurrent-mark: 0.000/0.000 secs] [Times: user=0.00 sys=0.00, real=0.00 secs] 
2020-12-16T23:11:16.724+0800: 2670.388: [CMS-concurrent-preclean-start]
2020-12-16T23:11:16.725+0800: 2670.389: [CMS-concurrent-preclean: 0.001/0.001 secs] [Times: user=0.00 sys=0.00, real=0.00 secs] 
2020-12-16T23:11:16.725+0800: 2670.389: [CMS-concurrent-abortable-preclean-start]
 CMS: abort preclean due to time 2020-12-16T23:11:21.808+0800: 2675.472: [CMS-concurrent-abortable-preclean: 0.071/5.083 secs] [Times: user=0.05 sys=0.14, real=5.08 secs] 
2020-12-16T23:11:21.808+0800: 2675.473: [GC (CMS Final Remark) [YG occupancy: 428290 K (943680 K)]2020-12-16T23:11:21.808+0800: 2675.473: [Rescan (parallel) , 0.0876441 secs]2020-12-16T23:11:21.896+0800: 2675.560: [weak refs processing, 0.0007476 secs][1 CMS-remark: 63K(64K)] 428354K(943744K), 0.0884767 secs] [Times: user=0.72 sys=0.00, real=0.09 secs] 
2020-12-16T23:11:21.897+0800: 2675.561: [CMS-concurrent-sweep-start]
2020-12-16T23:11:21.897+0800: 2675.561: [CMS-concurrent-sweep: 0.000/0.000 secs] [Times: user=0.00 sys=0.00, real=0.00 secs] 
2020-12-16T23:11:21.897+0800: 2675.561: [CMS-concurrent-reset-start]
2020-12-16T23:11:21.897+0800: 2675.561: [CMS-concurrent-reset: 0.000/0.000 secs] [Times: user=0.00 sys=0.00, real=0.00 secs] 
2020-12-16T23:11:23.897+0800: 2677.561: [GC (CMS Initial Mark) [1 CMS-initial-mark: 63K(64K)] 428354K(943744K), 0.0560570 secs] [Times: user=0.23 sys=0.00, real=0.06 secs] 
2020-12-16T23:11:23.953+0800: 2677.617: [CMS-concurrent-mark-start]
2020-12-16T23:11:23.953+0800: 2677.617: [CMS-concurrent-mark: 0.000/0.000 secs] [Times: user=0.00 sys=0.00, real=0.00 secs] 
2020-12-16T23:11:23.953+0800: 2677.617: [CMS-concurrent-preclean-start]
2020-12-16T23:11:23.954+0800: 2677.618: [CMS-concurrent-preclean: 0.001/0.001 secs] [Times: user=0.00 sys=0.00, real=0.00 secs] 
2020-12-16T23:11:23.954+0800: 2677.618: [CMS-concurrent-abortable-preclean-start]
 CMS: abort preclean due to time 2020-12-16T23:11:29.044+0800: 2682.708: [CMS-concurrent-abortable-preclean: 0.073/5.090 secs] [Times: user=0.09 sys=0.11, real=5.09 secs] 
2020-12-16T23:11:29.044+0800: 2682.708: [GC (CMS Final Remark) [YG occupancy: 428290 K (943680 K)]2020-12-16T23:11:29.044+0800: 2682.708: [Rescan (parallel) , 0.0870551 secs]2020-12-16T23:11:29.131+0800: 2682.795: [weak refs processing, 0.0007741 secs][1 CMS-remark: 63K(64K)] 428354K(943744K), 0.0879136 secs] [Times: user=0.78 sys=0.00, real=0.09 secs] 
2020-12-16T23:11:29.132+0800: 2682.796: [CMS-concurrent-sweep-start]
2020-12-16T23:11:29.132+0800: 2682.796: [CMS-concurrent-sweep: 0.000/0.000 secs] [Times: user=0.00 sys=0.00, real=0.00 secs] 
2020-12-16T23:11:29.133+0800: 2682.797: [CMS-concurrent-reset-start]
2020-12-16T23:11:29.133+0800: 2682.797: [CMS-concurrent-reset: 0.000/0.000 secs] [Times: user=0.00 sys=0.00, real=0.00 secs] 
2020-12-16T23:11:31.132+0800: 2684.797: [GC (CMS Initial Mark) [1 CMS-initial-mark: 63K(64K)] 428354K(943744K), 0.0610733 secs] [Times: user=0.28 sys=0.00, real=0.06 secs] 
2020-12-16T23:11:31.193+0800: 2684.858: [CMS-concurrent-mark-start]
2020-12-16T23:11:31.193+0800: 2684.858: [CMS-concurrent-mark: 0.000/0.000 secs] [Times: user=0.00 sys=0.00, real=0.00 secs] 
2020-12-16T23:11:31.193+0800: 2684.858: [CMS-concurrent-preclean-start]
2020-12-16T23:11:31.195+0800: 2684.859: [CMS-concurrent-preclean: 0.001/0.001 secs] [Times: user=0.00 sys=0.00, real=0.00 secs] 
2020-12-16T23:11:31.195+0800: 2684.859: [CMS-concurrent-abortable-preclean-start]
 CMS: abort preclean due to time 2020-12-16T23:11:36.278+0800: 2689.943: [CMS-concurrent-abortable-preclean: 0.068/5.083 secs] [Times: user=0.06 sys=0.11, real=5.08 secs] 
2020-12-16T23:11:36.278+0800: 2689.943: [GC (CMS Final Remark) [YG occupancy: 433931 K (943680 K)]2020-12-16T23:11:36.279+0800: 2689.943: [Rescan (parallel) , 0.0959903 secs]2020-12-16T23:11:36.375+0800: 2690.039: [weak refs processing, 0.0008124 secs][1 CMS-remark: 63K(64K)] 433995K(943744K), 0.0968982 secs] [Times: user=0.83 sys=0.02, real=0.10 secs] 
2020-12-16T23:11:36.376+0800: 2690.040: [CMS-concurrent-sweep-start]
2020-12-16T23:11:36.376+0800: 2690.040: [CMS-concurrent-sweep: 0.000/0.000 secs] [Times: user=0.00 sys=0.00, real=0.00 secs] 
2020-12-16T23:11:36.376+0800: 2690.040: [CMS-concurrent-reset-start]
2020-12-16T23:11:36.376+0800: 2690.040: [CMS-concurrent-reset: 0.000/0.000 secs] [Times: user=0.00 sys=0.00, real=0.00 secs] 
2020-12-16T23:11:38.376+0800: 2692.041: [GC (CMS Initial Mark) [1 CMS-initial-mark: 63K(64K)] 433995K(943744K), 0.1408786 secs] [Times: user=0.63 sys=0.02, real=0.14 secs] 
2020-12-16T23:11:38.517+0800: 2692.182: [CMS-concurrent-mark-start]
2020-12-16T23:11:38.517+0800: 2692.182: [CMS-concurrent-mark: 0.000/0.000 secs] [Times: user=0.00 sys=0.00, real=0.00 secs] 
2020-12-16T23:11:38.517+0800: 2692.182: [CMS-concurrent-preclean-start]
2020-12-16T23:11:38.518+0800: 2692.183: [CMS-concurrent-preclean: 0.001/0.001 secs] [Times: user=0.00 sys=0.00, real=0.00 secs] 
2020-12-16T23:11:38.519+0800: 2692.183: [CMS-concurrent-abortable-preclean-start]
Heap
 par new generation   total 943680K, used 508172K [0x00000000c0000000, 0x00000000ffff0000, 0x00000000ffff0000)
  eden space 838848K,  60% used [0x00000000c0000000, 0x00000000df043328, 0x00000000f3330000)
  from space 104832K,   0% used [0x00000000f3330000, 0x00000000f3330000, 0x00000000f9990000)
  to   space 104832K,   0% used [0x00000000f9990000, 0x00000000f9990000, 0x00000000ffff0000)
 concurrent mark-sweep generation total 64K, used 63K [0x00000000ffff0000, 0x0000000100000000, 0x0000000100000000)
 Metaspace       used 95422K, capacity 104752K, committed 105048K, reserved 1140736K
  class space    used 11600K, capacity 13068K, committed 13184K, reserved 1048576K
